  0.00000000E+00  0.00000000E+00 -3.89000000E+01  0.00000000E+00  1.18014244E+00  1.27678566E-05 -7.11905810E-02
  2.50000000E-03  2.95035610E-03 -3.89000000E+01  0.00000000E+00  1.12935515E+00  1.28706212E-05 -6.81472293E-02
  5.00000000E-03  5.71025985E-03 -3.88999999E+01  0.00000000E+00  1.08199085E+00  2.09968564E-05 -6.53251770E-02
  7.50000000E-03  8.35603161E-03 -3.88999999E+01  0.00000000E+00  1.03752733E+00  4.48507215E-05 -6.26769724E-02
  1.00000000E-02  1.08942705E-02 -3.88999997E+01  0.00000000E+00  9.95967988E-01  7.75855764E-05 -6.02008489E-02
  1.25000000E-02  1.33322413E-02 -3.88999995E+01  0.00000000E+00  9.57183865E-01  1.15852622E-04 -5.78888725E-02
  1.50000000E-02  1.56767208E-02 -3.88999992E+01  0.00000000E+00  9.21010100E-01  1.57678690E-04 -5.57313610E-02
  1.75000000E-02  1.79340289E-02 -3.88999987E+01  0.00000000E+00  8.87277904E-01  2.01711594E-04 -5.37184508E-02
  2.00000000E-02  2.01100584E-02 -3.88999982E+01  0.00000000E+00  8.55824806E-01  2.46938326E-04 -5.18406345E-02
  2.25000000E-02  2.22103040E-02 -3.88999975E+01  0.00000000E+00  8.26497594E-01  2.92569063E-04 -5.00889272E-02
  2.50000000E-02  2.42398890E-02 -3.88999967E+01  0.00000000E+00  7.99152835E-01  3.37980655E-04 -4.84549000E-02
  2.75000000E-02  2.62035901E-02 -3.88999958E+01  0.00000000E+00  7.73656597E-01  3.82682882E-04 -4.69306693E-02
  3.00000000E-02  2.81058613E-02 -3.88999948E+01  0.00000000E+00  7.49883938E-01  4.26294571E-04 -4.55088702E-02
  3.25000000E-02  2.99508554E-02 -3.88999937E+01  0.00000000E+00  7.27718342E-01  4.68524898E-04 -4.41826263E-02
  3.50000000E-02  3.17424442E-02 -3.88999924E+01  0.00000000E+00  7.07051165E-01  5.09158023E-04 -4.29455196E-02
  3.75000000E-02  3.34842382E-02 -3.88999911E+01  0.00000000E+00  6.87781104E-01  5.48040166E-04 -4.17915604E-02
  4.00000000E-02  3.51796033E-02 -3.88999897E+01  0.00000000E+00  6.69813709E-01  5.85068712E-04 -4.07151600E-02
  4.25000000E-02  3.68316784E-02 -3.88999882E+01  0.00000000E+00  6.53060914E-01  6.20182963E-04 -3.97111044E-02
  4.50000000E-02  3.84433897E-02 -3.88999866E+01  0.00000000E+00  6.37440609E-01  6.53356318E-04 -3.87745290E-02
  4.75000000E-02  4.00174658E-02 -3.88999849E+01  0.00000000E+00  6.22876235E-01  6.84589665E-04 -3.79008961E-02
  5.00000000E-02  4.15564509E-02 -3.88999832E+01  0.00000000E+00  6.09296410E-01  7.13905801E-04 -3.70859728E-02
  5.25000000E-02  4.30627172E-02 -3.88999813E+01  0.00000000E+00  5.96634578E-01  7.41344746E-04 -3.63258108E-02
  5.50000000E-02  4.45384763E-02 -3.88999795E+01  0.00000000E+00  5.84828683E-01  7.66959814E-04 -3.56167272E-02
  5.75000000E-02  4.59857907E-02 -3.88999775E+01  0.00000000E+00  5.73820866E-01  7.90814331E-04 -3.49552869E-02
  6.00000000E-02  4.74065831E-02 -3.88999755E+01  0.00000000E+00  5.63557179E-01  8.12978913E-04 -3.43382862E-02
  6.25000000E-02  4.88026464E-02 -3.88999734E+01  0.00000000E+00  5.53987320E-01  8.33529205E-04 -3.37627366E-02
  6.50000000E-02  5.01756524E-02 -3.88999713E+01  0.00000000E+00  5.45064391E-01  8.52544025E-04 -3.32258510E-02
  6.75000000E-02  5.15271597E-02 -3.88999692E+01  0.00000000E+00  5.36744661E-01  8.70103847E-04 -3.27250298E-02
  7.00000000E-02  5.28586217E-02 -3.88999670E+01  0.00000000E+00  5.28987357E-01  8.86289571E-04 -3.22578485E-02
  7.25000000E-02  5.41713934E-02 -3.88999647E+01  0.00000000E+00  5.21754464E-01  9.01181539E-04 -3.18220455E-02
  7.50000000E-02  5.54667385E-02 -3.88999625E+01  0.00000000E+00  5.15010534E-01  9.14858755E-04 -3.14155117E-02
  7.75000000E-02  5.67458349E-02 -3.88999602E+01  0.00000000E+00  5.08722518E-01  9.27398268E-04 -3.10362797E-02
  8.00000000E-02  5.80097812E-02 -3.88999578E+01  0.00000000E+00  5.02859598E-01  9.38874714E-04 -3.06825146E-02
  8.25000000E-02  5.92596015E-02 -3.88999555E+01  0.00000000E+00  4.97393043E-01  9.49359975E-04 -3.03525048E-02
  8.50000000E-02  6.04962509E-02 -3.88999531E+01  0.00000000E+00  4.92296061E-01  9.58922929E-04 -3.00446540E-02
  8.75000000E-02  6.17206199E-02 -3.88999507E+01  0.00000000E+00  4.87543673E-01  9.67629282E-04 -2.97574731E-02
  9.00000000E-02  6.29335386E-02 -3.88999482E+01  0.00000000E+00  4.83112588E-01  9.75541478E-04 -2.94895733E-02
  9.25000000E-02  6.41357812E-02 -3.88999458E+01  0.00000000E+00  4.78981088E-01  9.82718648E-04 -2.92396589E-02
  9.50000000E-02  6.53280695E-02 -3.88999433E+01  0.00000000E+00  4.75128926E-01  9.89216623E-04 -2.90065215E-02
  9.75000000E-02  6.65110766E-02 -3.88999408E+01  0.00000000E+00  4.71537220E-01  9.95087964E-04 -2.87890340E-02
  1.00000000E-01  6.76854300E-02 -3.88999383E+01  0.00000000E+00  4.68188367E-01  1.00038204E-03 -2.85861448E-02
  1.02500000E-01  6.88517149E-02 -3.88999358E+01  0.00000000E+00  4.65065953E-01  1.00514511E-03 -2.83968732E-02
  1.05000000E-01  7.00104768E-02 -3.88999333E+01  0.00000000E+00  4.62154672E-01  1.00942043E-03 -2.82203041E-02
  1.07500000E-01  7.11622243E-02 -3.88999308E+01  0.00000000E+00  4.59440256E-01  1.01324838E-03 -2.80555842E-02
  1.10000000E-01  7.23074320E-02 -3.88999283E+01  0.00000000E+00  4.56909397E-01  1.01666655E-03 -2.79019172E-02
  1.12500000E-01  7.34465419E-02 -3.88999257E+01  0.00000000E+00  4.54549690E-01  1.01970993E-03 -2.77585604E-02
  1.15000000E-01  7.45799665E-02 -3.88999232E+01  0.00000000E+00  4.52349567E-01  1.02241097E-03 -2.76248210E-02
  1.17500000E-01  7.57080902E-02 -3.88999206E+01  0.00000000E+00  4.50298242E-01  1.02479978E-03 -2.75000526E-02
  1.20000000E-01  7.68312717E-02 -3.88999180E+01  0.00000000E+00  4.48385658E-01  1.02690422E-03 -2.73836524E-02
  1.22500000E-01  7.79498451E-02 -3.88999155E+01  0.00000000E+00  4.46602437E-01  1.02875006E-03 -2.72750578E-02
  1.25000000E-01  7.90641222E-02 -3.88999129E+01  0.00000000E+00  4.44939836E-01  1.03036107E-03 -2.71737442E-02
  1.27500000E-01  8.01743935E-02 -3.88999103E+01  0.00000000E+00  4.43389703E-01  1.03175919E-03 -2.70792219E-02
  1.30000000E-01  8.12809301E-02 -3.88999077E+01  0.00000000E+00  4.41944435E-01  1.03296463E-03 -2.69910342E-02
  1.32500000E-01  8.23839846E-02 -3.88999051E+01  0.00000000E+00  4.40596946E-01  1.03399598E-03 -2.69087553E-02
  1.35000000E-01  8.34837926E-02 -3.88999026E+01  0.00000000E+00  4.39340625E-01  1.03487030E-03 -2.68319875E-02
  1.37500000E-01  8.45805738E-02 -3.88999000E+01  0.00000000E+00  4.38169312E-01  1.03560327E-03 -2.67603600E-02
  1.40000000E-01  8.56745329E-02 -3.88998974E+01  0.00000000E+00  4.37077260E-01  1.03620928E-03 -2.66935270E-02
  1.42500000E-01  8.67658610E-02 -3.88998948E+01  0.00000000E+00  4.36059113E-01  1.03670147E-03 -2.66311657E-02
  1.45000000E-01  8.78547361E-02 -3.88998922E+01  0.00000000E+00  4.35109874E-01  1.03709189E-03 -2.65729750E-02
  1.47500000E-01  8.89413242E-02 -3.88998896E+01  0.00000000E+00  4.34224885E-01  1.03739154E-03 -2.65186739E-02
  1.50000000E-01  9.00257802E-02 -3.88998870E+01  0.00000000E+00  4.33796715E-01  1.01316312E-03 -2.66805548E-02
  1.52500000E-01  9.11097368E-02 -3.88998845E+01  0.00000000E+00  4.33007554E-01  1.01447367E-03 -2.66276537E-02
  1.55000000E-01  9.21912692E-02 -3.88998820E+01  0.00000000E+00  4.32274577E-01  1.01598424E-03 -2.65708711E-02
  1.57500000E-01  9.32710394E-02 -3.88998794E+01  0.00000000E+00  4.31585278E-01  1.01746685E-03 -2.65188882E-02
  1.60000000E-01  9.43491410E-02 -3.88998769E+01  0.00000000E+00  4.30942044E-01  1.01884575E-03 -2.64700588E-02
  1.62500000E-01  9.54256921E-02 -3.88998743E+01  0.00000000E+00  4.30342206E-01  1.02010207E-03 -2.64244100E-02
  1.65000000E-01  9.65007978E-02 -3.88998718E+01  0.00000000E+00  4.29782978E-01  1.02123705E-03 -2.63818099E-02
  1.67500000E-01  9.75745562E-02 -3.88998692E+01  0.00000000E+00  4.29261668E-01  1.02225812E-03 -2.63420810E-02
  1.70000000E-01  9.86470587E-02 -3.88998667E+01  0.00000000E+00  4.28775730E-01  1.02317431E-03 -2.63050388E-02
  1.72500000E-01  9.97183906E-02 -3.88998641E+01  0.00000000E+00  4.28322778E-01  1.02399465E-03 -2.62705051E-02
  1.75000000E-01  1.00788631E-01 -3.88998616E+01  0.00000000E+00  4.27900585E-01  1.02472767E-03 -2.62383114E-02
  1.77500000E-01  1.01857855E-01 -3.88998590E+01  0.00000000E+00  4.27507071E-01  1.02538130E-03 -2.62082998E-02
  1.80000000E-01  1.02926131E-01 -3.88998564E+01  0.00000000E+00  4.27140299E-01  1.02596281E-03 -2.61803228E-02
  1.82500000E-01  1.03993523E-01 -3.88998539E+01  0.00000000E+00  4.26798461E-01  1.02647889E-03 -2.61542428E-02
  1.85000000E-01  1.05060092E-01 -3.88998513E+01  0.00000000E+00  4.26479870E-01  1.02693565E-03 -2.61299312E-02
  1.87500000E-01  1.06125893E-01 -3.88998487E+01  0.00000000E+00  4.26182956E-01  1.02733869E-03 -2.61072684E-02
  1.90000000E-01  1.07190980E-01 -3.88998462E+01  0.00000000E+00  4.25906253E-01  1.02769313E-03 -2.60861424E-02
  1.92500000E-01  1.08255399E-01 -3.88998436E+01  0.00000000E+00  4.25648394E-01  1.02800364E-03 -2.60664492E-02
  1.95000000E-01  1.09319198E-01 -3.88998410E+01  0.00000000E+00  4.25408106E-01  1.02827449E-03 -2.60480915E-02
  1.97500000E-01  1.10382418E-01 -3.88998384E+01  0.00000000E+00  4.25184200E-01  1.02850956E-03 -2.60309786E-02
  2.00000000E-01  1.11445099E-01 -3.88998359E+01  0.00000000E+00  4.24975569E-01  1.02871242E-03 -2.60150260E-02
  2.02500000E-01  1.12507277E-01 -3.88998333E+01  0.00000000E+00  4.24781181E-01  1.02888629E-03 -2.60001548E-02
  2.05000000E-01  1.13568987E-01 -3.88998307E+01  0.00000000E+00  4.24600071E-01  1.02903413E-03 -2.59862914E-02
  2.07500000E-01  1.14630261E-01 -3.88998282E+01  0.00000000E+00  4.24431343E-01  1.02915862E-03 -2.59733672E-02
  2.10000000E-01  1.15691128E-01 -3.88998256E+01  0.00000000E+00  4.24274159E-01  1.02926222E-03 -2.59613182E-02
  2.12500000E-01  1.16751617E-01 -3.88998230E+01  0.00000000E+00  4.24127738E-01  1.02934716E-03 -2.59500848E-02
  2.15000000E-01  1.17811753E-01 -3.88998204E+01  0.00000000E+00  4.23991352E-01  1.02941545E-03 -2.59396113E-02
  2.17500000E-01  1.18871561E-01 -3.88998179E+01  0.00000000E+00  4.23864324E-01  1.02946894E-03 -2.59298458E-02
  2.20000000E-01  1.19931063E-01 -3.88998153E+01  0.00000000E+00  4.23746019E-01  1.02950929E-03 -2.59207398E-02
  2.22500000E-01  1.20990280E-01 -3.88998127E+01  0.00000000E+00  4.23635848E-01  1.02953802E-03 -2.59122484E-02
  2.25000000E-01  1.22049232E-01 -3.88998101E+01  0.00000000E+00  4.23533261E-01  1.02955649E-03 -2.59043292E-02
  2.27500000E-01  1.23107937E-01 -3.88998076E+01  0.00000000E+00  4.23437745E-01  1.02956594E-03 -2.58969432E-02
  2.30000000E-01  1.24166412E-01 -3.88998050E+01  0.00000000E+00  4.23348822E-01  1.02956748E-03 -2.58900537E-02
  2.32500000E-01  1.25224673E-01 -3.88998024E+01  0.00000000E+00  4.23266045E-01  1.02956213E-03 -2.58836265E-02
  2.35000000E-01  1.26282735E-01 -3.88997998E+01  0.00000000E+00  4.23188998E-01  1.02955080E-03 -2.58776298E-02
  2.37500000E-01  1.27340611E-01 -3.88997973E+01  0.00000000E+00  4.23117294E-01  1.02953431E-03 -2.58720340E-02
  2.40000000E-01  1.28398314E-01 -3.88997947E+01  0.00000000E+00  4.23050572E-01  1.02951340E-03 -2.58668112E-02
  2.42500000E-01  1.29455857E-01 -3.88997921E+01  0.00000000E+00  4.22988494E-01  1.02948873E-03 -2.58619358E-02
  2.45000000E-01  1.30513251E-01 -3.88997895E+01  0.00000000E+00  4.22930746E-01  1.02946090E-03 -2.58573836E-02
  2.47500000E-01  1.31570506E-01 -3.88997870E+01  0.00000000E+00  4.22877035E-01  1.02943046E-03 -2.58531322E-02
  2.50000000E-01  1.32627631E-01 -3.88997844E+01  0.00000000E+00  4.22827087E-01  1.02939787E-03 -2.58491606E-02
  2.52500000E-01  1.33684637E-01 -3.88997818E+01  0.00000000E+00  4.22780648E-01  1.02936357E-03 -2.58454494E-02
  2.55000000E-01  1.34741530E-01 -3.88997793E+01  0.00000000E+00  4.22737480E-01  1.02932795E-03 -2.58419803E-02
  2.57500000E-01  1.35798320E-01 -3.88997767E+01  0.00000000E+00  4.22697362E-01  1.02929134E-03 -2.58387364E-02
  2.60000000E-01  1.36855013E-01 -3.88997741E+01  0.00000000E+00  4.22660087E-01  1.02925406E-03 -2.58357018E-02
  2.62500000E-01  1.37911617E-01 -3.88997715E+01  0.00000000E+00  4.22625462E-01  1.02921639E-03 -2.58328619E-02
  2.65000000E-01  1.38968137E-01 -3.88997690E+01  0.00000000E+00  4.22593309E-01  1.02917856E-03 -2.58302027E-02
  2.67500000E-01  1.40024580E-01 -3.88997664E+01  0.00000000E+00  4.22563458E-01  1.02914079E-03 -2.58277116E-02
  2.70000000E-01  1.41080951E-01 -3.88997638E+01  0.00000000E+00  4.22535755E-01  1.02910327E-03 -2.58253765E-02
  2.72500000E-01  1.42137256E-01 -3.88997612E+01  0.00000000E+00  4.22510054E-01  1.02906617E-03 -2.58231863E-02
  2.75000000E-01  1.43193499E-01 -3.88997587E+01  0.00000000E+00  4.22486218E-01  1.02902965E-03 -2.58211306E-02
  2.77500000E-01  1.44249685E-01 -3.88997561E+01  0.00000000E+00  4.22464122E-01  1.02899381E-03 -2.58191998E-02
  2.80000000E-01  1.45305818E-01 -3.88997535E+01  0.00000000E+00  4.22443647E-01  1.02895878E-03 -2.58173847E-02
  2.82500000E-01  1.46361901E-01 -3.88997510E+01  0.00000000E+00  4.22424683E-01  1.02892464E-03 -2.58156769E-02
  2.85000000E-01  1.47417939E-01 -3.88997484E+01  0.00000000E+00  4.22407129E-01  1.02889148E-03 -2.58140686E-02
  2.87500000E-01  1.48473935E-01 -3.88997458E+01  0.00000000E+00  4.22390887E-01  1.02885939E-03 -2.58125525E-02
  2.90000000E-01  1.49529892E-01 -3.88997432E+01  0.00000000E+00  4.22375868E-01  1.02882842E-03 -2.58111217E-02
  2.92500000E-01  1.50585813E-01 -3.88997407E+01  0.00000000E+00  4.22361991E-01  1.02879862E-03 -2.58097699E-02
  2.95000000E-01  1.51641701E-01 -3.88997381E+01  0.00000000E+00  4.22349176E-01  1.02877004E-03 -2.58084911E-02
  2.97500000E-01  1.52697557E-01 -3.88997355E+01  0.00000000E+00  4.22337352E-01  1.02874271E-03 -2.58072798E-02
  3.00000000E-01  1.53753386E-01 -3.88997329E+01  0.00000000E+00  4.22326451E-01  1.02871665E-03 -2.58061309E-02
  3.02500000E-01  1.54809189E-01 -3.88997304E+01  0.00000000E+00  4.22316411E-01  1.02869189E-03 -2.58050395E-02
  3.05000000E-01  1.55864967E-01 -3.88997278E+01  0.00000000E+00  4.22307172E-01  1.02866846E-03 -2.58040011E-02
  3.07500000E-01  1.56920723E-01 -3.88997252E+01  0.00000000E+00  4.22298680E-01  1.02864637E-03 -2.58030116E-02
  3.10000000E-01  1.57976460E-01 -3.88997227E+01  0.00000000E+00  4.22290884E-01  1.02862563E-03 -2.58020670E-02
  3.12500000E-01  1.59032177E-01 -3.88997201E+01  0.00000000E+00  4.22283736E-01  1.02860626E-03 -2.58011637E-02
  3.15000000E-01  1.60087877E-01 -3.88997175E+01  0.00000000E+00  4.22277193E-01  1.02858826E-03 -2.58002984E-02
  3.17500000E-01  1.61143562E-01 -3.88997149E+01  0.00000000E+00  4.22271212E-01  1.02857165E-03 -2.57994678E-02
  3.20000000E-01  1.62199233E-01 -3.88997124E+01  0.00000000E+00  4.22265756E-01  1.02855643E-03 -2.57986691E-02
  3.22500000E-01  1.63254890E-01 -3.88997098E+01  0.00000000E+00  4.22260787E-01  1.02854260E-03 -2.57978994E-02
  3.25000000E-01  1.64310536E-01 -3.88997072E+01  0.00000000E+00  4.22256274E-01  1.02853017E-03 -2.57971562E-02
  3.27500000E-01  1.65366171E-01 -3.88997047E+01  0.00000000E+00  4.22252183E-01  1.02851913E-03 -2.57964371E-02
  3.30000000E-01  1.66421796E-01 -3.88997021E+01  0.00000000E+00  4.22248488E-01  1.02850949E-03 -2.57957399E-02
  3.32500000E-01  1.67477413E-01 -3.88996995E+01  0.00000000E+00  4.22245159E-01  1.02850125E-03 -2.57950625E-02
  3.35000000E-01  1.68533022E-01 -3.88996969E+01  0.00000000E+00  4.22242171E-01  1.02849440E-03 -2.57944029E-02
  3.37500000E-01  1.69588623E-01 -3.88996944E+01  0.00000000E+00  4.22239502E-01  1.02848895E-03 -2.57937593E-02
  3.40000000E-01  1.70644219E-01 -3.88996918E+01  0.00000000E+00  4.22237129E-01  1.02848489E-03 -2.57931301E-02
  3.42500000E-01  1.71699809E-01 -3.88996892E+01  0.00000000E+00  4.22235031E-01  1.02848223E-03 -2.57925136E-02
  3.45000000E-01  1.72755394E-01 -3.88996867E+01  0.00000000E+00  4.22233190E-01  1.02848097E-03 -2.57919084E-02
  3.47500000E-01  1.73810974E-01 -3.88996841E+01  0.00000000E+00  4.22231587E-01  1.02848110E-03 -2.57913131E-02
  3.50000000E-01  1.74866551E-01 -3.88996815E+01  0.00000000E+00  4.22230206E-01  1.02848263E-03 -2.57907265E-02
  3.52500000E-01  1.75922125E-01 -3.88996790E+01  0.00000000E+00  4.22229030E-01  1.02848556E-03 -2.57901472E-02
  3.55000000E-01  1.76977696E-01 -3.88996764E+01  0.00000000E+00  4.22228047E-01  1.02848990E-03 -2.57895743E-02
  3.57500000E-01  1.78033265E-01 -3.88996738E+01  0.00000000E+00  4.22227241E-01  1.02849564E-03 -2.57890066E-02
  3.60000000E-01  1.79088832E-01 -3.88996712E+01  0.00000000E+00  4.22525887E-01  1.00824082E-03 -2.60003607E-02
  3.62500000E-01  1.80145520E-01 -3.88996687E+01  0.00000000E+00  4.22510682E-01  1.00919152E-03 -2.59919509E-02
  3.65000000E-01  1.81201778E-01 -3.88996662E+01  0.00000000E+00  4.22497362E-01  1.00977699E-03 -2.59795207E-02
  3.67500000E-01  1.82258005E-01 -3.88996637E+01  0.00000000E+00  4.22481173E-01  1.01066809E-03 -2.59674743E-02
  3.70000000E-01  1.83314187E-01 -3.88996612E+01  0.00000000E+00  4.22465711E-01  1.01153128E-03 -2.59558619E-02
  3.72500000E-01  1.84370332E-01 -3.88996586E+01  0.00000000E+00  4.22451260E-01  1.01234865E-03 -2.59448945E-02
  3.75000000E-01  1.85426442E-01 -3.88996561E+01  0.00000000E+00  4.22437867E-01  1.01311669E-03 -2.59346126E-02
  3.77500000E-01  1.86482520E-01 -3.88996536E+01  0.00000000E+00  4.22425497E-01  1.01383650E-03 -2.59249976E-02
  3.80000000E-01  1.87538569E-01 -3.88996510E+01  0.00000000E+00  4.22414095E-01  1.01451064E-03 -2.59160140E-02
  3.82500000E-01  1.88594590E-01 -3.88996485E+01  0.00000000E+00  4.22403599E-01  1.01514200E-03 -2.59076218E-02
  3.85000000E-01  1.89650586E-01 -3.88996460E+01  0.00000000E+00  4.22393949E-01  1.01573345E-03 -2.58997819E-02
  3.87500000E-01  1.90706558E-01 -3.88996434E+01  0.00000000E+00  4.22385088E-01  1.01628773E-03 -2.58924568E-02
  3.90000000E-01  1.91762510E-01 -3.88996409E+01  0.00000000E+00  4.22376962E-01  1.01680738E-03 -2.58856115E-02
  3.92500000E-01  1.92818442E-01 -3.88996383E+01  0.00000000E+00  4.22369521E-01  1.01729479E-03 -2.58792131E-02
  3.95000000E-01  1.93874357E-01 -3.88996358E+01  0.00000000E+00  4.22362719E-01  1.01775218E-03 -2.58732312E-02
  3.97500000E-01  1.94930255E-01 -3.88996332E+01  0.00000000E+00  4.22356512E-01  1.01818160E-03 -2.58676371E-02
  4.00000000E-01  1.95986139E-01 -3.88996307E+01  0.00000000E+00 -7.07909052E-01  8.59203638E-04  4.22348999E-02
  4.02500000E-01  1.92803534E-01 -3.88996287E+01  0.00000000E+00 -6.76301072E-01  7.36740999E-04  4.03968214E-02
  4.05000000E-01  1.91152291E-01 -3.88996271E+01  0.00000000E+00 -6.36123237E-01  6.06758810E-04  3.80077184E-02
  4.07500000E-01  1.89612205E-01 -3.88996257E+01  0.00000000E+00 -5.95000992E-01  4.93341614E-04  3.55795275E-02
  4.10000000E-01  1.88176106E-01 -3.88996246E+01  0.00000000E+00 -5.55426140E-01  3.92582433E-04  3.32402634E-02
  4.12500000E-01  1.86837009E-01 -3.88996238E+01  0.00000000E+00 -5.18106189E-01  3.06308776E-04  3.10325660E-02
  4.15000000E-01  1.85588393E-01 -3.88996231E+01  0.00000000E+00 -4.83165831E-01  2.33278668E-04  2.89635973E-02
  4.17500000E-01  1.84424154E-01 -3.88996226E+01  0.00000000E+00 -4.50538366E-01  1.71884297E-04  2.70295956E-02
  4.20000000E-01  1.83338593E-01 -3.88996223E+01  0.00000000E+00 -4.20099458E-01  1.20553233E-04  2.52234814E-02
  4.22500000E-01  1.82326393E-01 -3.88996220E+01  0.00000000E+00 -3.91712064E-01  7.78646090E-05  2.35374247E-02
  4.25000000E-01  1.81382597E-01 -3.88996219E+01  0.00000000E+00 -3.65241233E-01  4.25703868E-05  2.19636919E-02
  4.27500000E-01  1.80502582E-01 -3.88996218E+01  0.00000000E+00 -3.40558696E-01  1.35865382E-05  2.04949121E-02
  4.30000000E-01  1.79682039E-01 -3.88996218E+01  0.00000000E+00 -3.17544024E-01 -1.00239778E-05  1.91241472E-02
  4.32500000E-01  1.78916947E-01 -3.88996219E+01  0.00000000E+00 -2.96084644E-01 -2.90692128E-05  1.78448963E-02
  4.35000000E-01  1.78203560E-01 -3.88996220E+01  0.00000000E+00 -2.76075496E-01 -4.42449575E-05  1.66510791E-02
  4.37500000E-01  1.77538382E-01 -3.88996221E+01  0.00000000E+00 -2.57418586E-01 -5.61496431E-05  1.55370128E-02
  4.40000000E-01  1.76918157E-01 -3.88996223E+01  0.00000000E+00 -2.40022533E-01 -6.52974029E-05  1.44973885E-02
  4.42500000E-01  1.76339846E-01 -3.88996224E+01  0.00000000E+00 -2.23802125E-01 -7.21294517E-05  1.35272470E-02
  4.45000000E-01  1.75800616E-01 -3.88996226E+01  0.00000000E+00 -2.08677910E-01 -7.70239718E-05  1.26219573E-02
  4.47500000E-01  1.75297826E-01 -3.88996228E+01  0.00000000E+00 -1.94575803E-01 -8.03046925E-05  1.17771945E-02
  4.50000000E-01  1.74829015E-01 -3.88996230E+01  0.00000000E+00 -1.81426728E-01 -8.22483302E-05  1.09889207E-02
  4.52500000E-01  1.74391884E-01 -3.88996232E+01  0.00000000E+00 -1.69166275E-01 -8.30910375E-05  1.02533659E-02
  4.55000000E-01  1.73984294E-01 -3.88996234E+01  0.00000000E+00 -1.57734390E-01 -8.30339916E-05  9.56701047E-03
  4.57500000E-01  1.73604248E-01 -3.88996236E+01  0.00000000E+00 -1.47075074E-01 -8.22482348E-05  8.92656880E-03
  4.60000000E-01  1.73249884E-01 -3.88996239E+01  0.00000000E+00 -1.37136116E-01 -8.08788661E-05  8.32897393E-03
  4.62500000E-01  1.72919468E-01 -3.88996241E+01  0.00000000E+00 -1.27868833E-01 -7.90486682E-05  7.77136311E-03
  4.65000000E-01  1.72611380E-01 -3.88996242E+01  0.00000000E+00 -1.19227829E-01 -7.68612469E-05  7.25106428E-03
  4.67500000E-01  1.72324111E-01 -3.88996244E+01  0.00000000E+00 -1.11170781E-01 -7.44037444E-05  6.76558351E-03
  4.70000000E-01  1.72056256E-01 -3.88996246E+01  0.00000000E+00 -1.03658224E-01 -7.17491865E-05  6.31259316E-03
  4.72500000E-01  1.71806501E-01 -3.88996248E+01  0.00000000E+00 -9.66533591E-02 -6.89585085E-05  5.88992087E-03
  4.75000000E-01  1.71573624E-01 -3.88996250E+01  0.00000000E+00 -9.01218763E-02 -6.60823062E-05  5.49553926E-03
  4.77500000E-01  1.71356483E-01 -3.88996251E+01  0.00000000E+00 -8.40317836E-02 -6.31623460E-05  5.12755627E-03
  4.80000000E-01  1.71154016E-01 -3.88996253E+01  0.00000000E+00 -7.83532515E-02 -6.02328674E-05  4.78420620E-03
  4.82500000E-01  1.70965231E-01 -3.88996254E+01  0.00000000E+00 -7.30584662E-02 -5.73217054E-05  4.46384125E-03
  4.85000000E-01  1.70789204E-01 -3.88996256E+01  0.00000000E+00 -6.81214938E-02 -5.44512573E-05  4.16492374E-03
  4.87500000E-01  1.70625071E-01 -3.88996257E+01  0.00000000E+00 -6.35181531E-02 -5.16393148E-05  3.88601869E-03
  4.90000000E-01  1.70472030E-01 -3.88996258E+01  0.00000000E+00 -5.92258971E-02 -4.88997784E-05  3.62578705E-03
  4.92500000E-01  1.70329331E-01 -3.88996259E+01  0.00000000E+00 -5.52237025E-02 -4.62432716E-05  3.38297926E-03
  4.95000000E-01  1.70196274E-01 -3.88996261E+01  0.00000000E+00 -5.14919671E-02 -4.36776678E-05  3.15642929E-03
  4.97500000E-01  1.70072209E-01 -3.88996262E+01  0.00000000E+00 -4.80124133E-02 -4.12085418E-05  2.94504908E-03
  5.00000000E-01  1.69956527E-01 -3.88996263E+01  0.00000000E+00 -4.47679986E-02 -3.88395554E-05  2.74782333E-03
  5.02500000E-01  1.69848663E-01 -3.88996264E+01  0.00000000E+00 -4.17428324E-02 -3.65727880E-05  2.56380460E-03
  5.05000000E-01  1.69748087E-01 -3.88996264E+01  0.00000000E+00 -3.89220982E-02 -3.44090178E-05  2.39210886E-03
  5.07500000E-01  1.69654308E-01 -3.88996265E+01  0.00000000E+00 -3.62919805E-02 -3.23479613E-05  2.23191120E-03
  5.10000000E-01  1.69566865E-01 -3.88996266E+01  0.00000000E+00 -3.38395976E-02 -3.03884773E-05  2.08244188E-03
  5.12500000E-01  1.69485332E-01 -3.88996267E+01  0.00000000E+00 -3.15529385E-02 -2.85287397E-05  1.94298265E-03
  5.15000000E-01  1.69409308E-01 -3.88996267E+01  0.00000000E+00 -2.94208037E-02 -2.67663830E-05  1.81286335E-03
  5.17500000E-01  1.69338421E-01 -3.88996268E+01  0.00000000E+00 -2.74327507E-02 -2.50986258E-05  1.69145862E-03
  5.20000000E-01  1.69272324E-01 -3.88996269E+01  0.00000000E+00 -2.55790427E-02 -2.35223744E-05  1.57818497E-03
  5.22500000E-01  1.69210694E-01 -3.88996269E+01  0.00000000E+00 -2.38506008E-02 -2.20343092E-05  1.47249795E-03
  5.25000000E-01  1.69153228E-01 -3.88996270E+01  0.00000000E+00 -2.22389598E-02 -2.06309570E-05  1.37388954E-03
  5.27500000E-01  1.69099645E-01 -3.88996270E+01  0.00000000E+00 -2.07362265E-02 -1.93087509E-05  1.28188575E-03
  5.30000000E-01  1.69049683E-01 -3.88996271E+01  0.00000000E+00 -1.93350412E-02 -1.80640800E-05  1.19604427E-03
  5.32500000E-01  1.69003097E-01 -3.88996271E+01  0.00000000E+00 -1.80285415E-02 -1.68933291E-05  1.11595242E-03
  5.35000000E-01  1.68959659E-01 -3.88996272E+01  0.00000000E+00 -1.68103287E-02 -1.57929122E-05  1.04122516E-03
  5.37500000E-01  1.68919155E-01 -3.88996272E+01  0.00000000E+00 -1.56744367E-02 -1.47592985E-05  9.71503203E-04
  5.40000000E-01  1.68881389E-01 -3.88996272E+01  0.00000000E+00 -1.46153024E-02 -1.37890333E-05  9.06451319E-04
  5.42500000E-01  1.68846175E-01 -3.88996273E+01  0.00000000E+00 -1.36277388E-02 -1.28787541E-05  8.45756725E-04
  5.45000000E-01  1.68813340E-01 -3.88996273E+01  0.00000000E+00 -1.27069093E-02 -1.20252032E-05  7.89127580E-04
  5.47500000E-01  1.68782724E-01 -3.88996273E+01  0.00000000E+00 -1.18483042E-02 -1.12252364E-05  7.36291582E-04
  5.50000000E-01  1.68754176E-01 -3.88996274E+01  0.00000000E+00 -1.10477187E-02 -1.04758297E-05  6.86994661E-04
  5.52500000E-01  1.68727558E-01 -3.88996274E+01  0.00000000E+00 -1.03012318E-02 -9.77408295E-06  6.40999762E-04
  5.55000000E-01  1.68702738E-01 -3.88996274E+01  0.00000000E+00 -9.60518793E-03 -9.11722257E-06  5.98085701E-04
  5.57500000E-01  1.68679595E-01 -3.88996274E+01  0.00000000E+00 -8.95617821E-03 -8.50260178E-06  5.58046110E-04
  5.60000000E-01  1.68658016E-01 -3.88996274E+01  0.00000000E+00 -8.35102427E-03 -7.92770022E-06  5.20688437E-04
  5.62500000E-01  1.68637895E-01 -3.88996275E+01  0.00000000E+00 -7.78676250E-03 -7.39012230E-06  4.85833029E-04
  5.65000000E-01  1.68619133E-01 -3.88996275E+01  0.00000000E+00 -7.26062958E-03 -6.88759477E-06  4.53312262E-04
  5.67500000E-01  1.68601639E-01 -3.88996275E+01  0.00000000E+00 -6.77004892E-03 -6.41796378E-06  4.22969740E-04
  5.70000000E-01  1.68585327E-01 -3.88996275E+01  0.00000000E+00 -6.31261804E-03 -5.97919124E-06  3.94659542E-04
  5.72500000E-01  1.68570117E-01 -3.88996275E+01  0.00000000E+00 -5.88609684E-03 -5.56935108E-06  3.68245522E-04
  5.75000000E-01  1.68555935E-01 -3.88996275E+01  0.00000000E+00 -5.48839657E-03 -5.18662500E-06  3.43600650E-04
  5.77500000E-01  1.68542711E-01 -3.88996276E+01  0.00000000E+00 -5.11756965E-03 -4.82929824E-06  3.20606409E-04
  5.80000000E-01  1.68530381E-01 -3.88996276E+01  0.00000000E+00 -4.77180011E-03 -4.49575515E-06  2.99152218E-04
  5.82500000E-01  1.68518884E-01 -3.88996276E+01  0.00000000E+00 -4.44939469E-03 -4.18447472E-06  2.79134903E-04
  5.85000000E-01  1.68508163E-01 -3.88996276E+01  0.00000000E+00 -4.14877458E-03 -3.89402619E-06  2.60458205E-04
  5.87500000E-01  1.68498167E-01 -3.88996276E+01  0.00000000E+00 -3.86846763E-03 -3.62306456E-06  2.43032309E-04
  5.90000000E-01  1.68488846E-01 -3.88996276E+01  0.00000000E+00 -3.60710120E-03 -3.37032636E-06  2.26773420E-04
  5.92500000E-01  1.68480155E-01 -3.88996276E+01  0.00000000E+00 -3.36339538E-03 -3.13462533E-06  2.11603357E-04
  5.95000000E-01  1.68472051E-01 -3.88996276E+01  0.00000000E+00 -3.13615678E-03 -2.91484838E-06  1.97449173E-04
  5.97500000E-01  1.68464495E-01 -3.88996276E+01  0.00000000E+00 -2.92427264E-03 -2.70995154E-06  1.84242811E-04
  6.00000000E-01  1.68457449E-01 -3.88996276E+01  0.00000000E+00 -2.72670540E-03 -2.51895619E-06  1.71920774E-04
  6.02500000E-01  1.68450879E-01 -3.88996276E+01  0.00000000E+00 -2.54248762E-03 -2.34094530E-06  1.60423818E-04
  6.05000000E-01  1.68444753E-01 -3.88996277E+01  0.00000000E+00 -2.37071722E-03 -2.17505994E-06  1.49696667E-04
  6.07500000E-01  1.68439041E-01 -3.88996277E+01  0.00000000E+00 -2.21055309E-03 -2.02049589E-06  1.39687752E-04
  6.10000000E-01  1.68433715E-01 -3.88996277E+01  0.00000000E+00 -2.06121096E-03 -1.87650037E-06  1.30348955E-04
  6.12500000E-01  1.68428749E-01 -3.88996277E+01  0.00000000E+00 -1.92195956E-03 -1.74236904E-06  1.21635386E-04
  6.15000000E-01  1.68424118E-01 -3.88996277E+01  0.00000000E+00 -1.79211703E-03 -1.61744304E-06  1.13505159E-04
  6.17500000E-01  1.68419800E-01 -3.88996277E+01  0.00000000E+00 -1.67104759E-03 -1.50110619E-06  1.05919196E-04
  6.20000000E-01  1.68415774E-01 -3.88996277E+01  0.00000000E+00 -1.55815842E-03 -1.39278246E-06  9.88410392E-05
  6.22500000E-01  1.68412019E-01 -3.88996277E+01  0.00000000E+00 -1.45289676E-03 -1.29193338E-06  9.22366706E-05
  6.25000000E-01  1.68408519E-01 -3.88996277E+01  0.00000000E+00 -1.35474720E-03 -1.19805580E-06  8.60743530E-05
  6.27500000E-01  1.68405255E-01 -3.88996277E+01  0.00000000E+00 -1.26322918E-03 -1.11067957E-06  8.03244756E-05
  6.30000000E-01  1.68402211E-01 -3.88996277E+01  0.00000000E+00 -1.17789458E-03 -1.02936557E-06  7.49594116E-05
  6.32500000E-01  1.68399373E-01 -3.88996277E+01  0.00000000E+00 -1.09832559E-03 -9.53703629E-07  6.99533851E-05
  6.35000000E-01  1.68396727E-01 -3.88996277E+01  0.00000000E+00 -1.02413262E-03 -8.83310768E-07  6.52823475E-05
  6.37500000E-01  1.68394259E-01 -3.88996277E+01  0.00000000E+00 -9.54952405E-04 -8.17829404E-07  6.09238616E-05
  6.40000000E-01  1.68391958E-01 -3.88996277E+01  0.00000000E+00 -8.90446234E-04 -7.56925738E-07  5.68569934E-05
  6.42500000E-01  1.68389813E-01 -3.88996277E+01  0.00000000E+00 -8.30298281E-04 -7.00288206E-07  5.30622117E-05
  6.45000000E-01  1.68387812E-01 -3.88996277E+01  0.00000000E+00 -7.74214062E-04 -6.47626048E-07  4.95212940E-05
  6.47500000E-01  1.68385947E-01 -3.88996277E+01  0.00000000E+00 -7.21918992E-04 -5.98667942E-07  4.62172385E-05
  6.50000000E-01  1.68384207E-01 -3.88996277E+01  0.00000000E+00 -6.73157040E-04 -5.53160744E-07  4.31341828E-05
  6.52500000E-01  1.68382585E-01 -3.88996277E+01  0.00000000E+00 -6.27689477E-04 -5.10868292E-07  4.02573274E-05
  6.55000000E-01  1.68381073E-01 -3.88996277E+01  0.00000000E+00 -5.85293706E-04 -4.71570291E-07  3.75728641E-05
  6.57500000E-01  1.68379663E-01 -3.88996277E+01  0.00000000E+00 -5.45762170E-04 -4.35061272E-07  3.50679100E-05
  6.60000000E-01  1.68378348E-01 -3.88996277E+01  0.00000000E+00 -5.08901340E-04 -4.01149608E-07  3.27304455E-05
  6.62500000E-01  1.68377121E-01 -3.88996277E+01  0.00000000E+00 -4.74530761E-04 -3.69656602E-07  3.05492561E-05
  6.65000000E-01  1.68375978E-01 -3.88996277E+01  0.00000000E+00 -4.42482174E-04 -3.40415629E-07  2.85138788E-05
  6.67500000E-01  1.68374912E-01 -3.88996277E+01  0.00000000E+00 -4.12598689E-04 -3.13271334E-07  2.66145514E-05
  6.70000000E-01  1.68373918E-01 -3.88996277E+01  0.00000000E+00 -3.84734017E-04 -2.88078881E-07  2.48421659E-05
  6.72500000E-01  1.68372991E-01 -3.88996277E+01  0.00000000E+00 -3.58751754E-04 -2.64703254E-07  2.31882244E-05
  6.75000000E-01  1.68372126E-01 -3.88996277E+01  0.00000000E+00 -3.34524715E-04 -2.43018599E-07  2.16447985E-05
  6.77500000E-01  1.68371320E-01 -3.88996277E+01  0.00000000E+00 -3.11934306E-04 -2.22907614E-07  2.02044906E-05
  6.80000000E-01  1.68370569E-01 -3.88996277E+01  0.00000000E+00 -2.90869948E-04 -2.04260975E-07  1.88603989E-05
  6.82500000E-01  1.68369868E-01 -3.88996277E+01  0.00000000E+00 -2.71228535E-04 -1.86976798E-07  1.76060839E-05
  6.85000000E-01  1.68369214E-01 -3.88996277E+01  0.00000000E+00 -2.52913926E-04 -1.70960147E-07  1.64355375E-05
  6.87500000E-01  1.68368605E-01 -3.88996277E+01  0.00000000E+00 -2.35836478E-04 -1.56122560E-07  1.53431540E-05
  6.90000000E-01  1.68368037E-01 -3.88996277E+01  0.00000000E+00 -2.19912604E-04 -1.42381618E-07  1.43237031E-05
  6.92500000E-01  1.68367507E-01 -3.88996277E+01  0.00000000E+00 -2.05064365E-04 -1.29660538E-07  1.33723051E-05
  6.95000000E-01  1.68367013E-01 -3.88996277E+01  0.00000000E+00 -1.91219089E-04 -1.17887786E-07  1.24844068E-05
  6.97500000E-01  1.68366552E-01 -3.88996277E+01  0.00000000E+00 -1.78309014E-04 -1.06996729E-07  1.16557602E-05
  7.00000000E-01  1.68366122E-01 -3.88996277E+01  0.00000000E+00 -1.66270957E-04 -9.69253006E-08  1.08824018E-05
  7.02500000E-01  1.68365722E-01 -3.88996277E+01  0.00000000E+00 -1.55046004E-04 -8.76156946E-08  1.01606334E-05
  7.05000000E-01  1.68365348E-01 -3.88996277E+01  0.00000000E+00 -1.44579221E-04 -7.90140770E-08  9.48700462E-06
  7.07500000E-01  1.68365000E-01 -3.88996277E+01  0.00000000E+00 -1.34819387E-04 -7.10703109E-08  8.85829599E-06
  7.10000000E-01  1.68364675E-01 -3.88996277E+01  0.00000000E+00 -1.25718741E-04 -6.37377083E-08  8.27150374E-06
  7.12500000E-01  1.68364372E-01 -3.88996277E+01  0.00000000E+00 -1.17232749E-04 -5.69728010E-08  7.72382519E-06
  7.15000000E-01  1.68364090E-01 -3.88996277E+01  0.00000000E+00 -1.09319887E-04 -5.07351222E-08  7.21264534E-06
  7.17500000E-01  1.68363826E-01 -3.88996277E+01  0.00000000E+00 -1.01941436E-04 -4.49869996E-08  6.73552426E-06
  7.20000000E-01  1.68363581E-01 -3.88996277E+01  0.00000000E+00 -9.50612935E-05 -3.96933647E-08  6.29018539E-06
  7.22500000E-01  1.68363351E-01 -3.88996277E+01  0.00000000E+00 -8.86457955E-05 -3.48215761E-08  5.87450455E-06
  7.25000000E-01  1.68363138E-01 -3.88996277E+01  0.00000000E+00 -8.26635531E-05 -3.03412576E-08  5.48649980E-06
  7.27500000E-01  1.68362939E-01 -3.88996277E+01  0.00000000E+00 -7.70852982E-05 -2.62241453E-08  5.12432185E-06
  7.30000000E-01  1.68362753E-01 -3.88996277E+01  0.00000000E+00 -7.18837402E-05 -2.24439427E-08  4.78624522E-06
  7.32500000E-01  1.68362580E-01 -3.88996277E+01  0.00000000E+00 -6.70334321E-05 -1.89761831E-08  4.47065990E-06
  7.35000000E-01  1.68362418E-01 -3.88996277E+01  0.00000000E+00 -6.25106466E-05 -1.57981011E-08  4.17606365E-06
  7.37500000E-01  1.68362268E-01 -3.88996277E+01  0.00000000E+00 -5.82932592E-05 -1.28885153E-08  3.90105475E-06
  7.40000000E-01  1.68362127E-01 -3.88996277E+01  0.00000000E+00 -5.43606403E-05 -1.02277201E-08  3.64432528E-06
  7.42500000E-01  1.68361996E-01 -3.88996277E+01  0.00000000E+00 -5.06935541E-05 -7.79738611E-09  3.40465482E-06
  7.45000000E-01  1.68361874E-01 -3.88996277E+01  0.00000000E+00 -4.72740643E-05 -5.58046406E-09  3.18090462E-06
  7.47500000E-01  1.68361760E-01 -3.88996277E+01  0.00000000E+00 -4.40854467E-05 -3.56109537E-09  2.97201212E-06
  7.50000000E-01  1.68361654E-01 -3.88996277E+01  0.00000000E+00 -4.11121067E-05 -1.72453725E-09  2.77698582E-06
  7.52500000E-01  1.68361555E-01 -3.88996277E+01  0.00000000E+00 -3.83395033E-05 -5.70849816E-11  2.59490056E-06
  7.55000000E-01  1.68361462E-01 -3.88996277E+01  0.00000000E+00 -3.57540782E-05  1.45400023E-09  2.42489305E-06
  7.57500000E-01  1.68361376E-01 -3.88996277E+01  0.00000000E+00 -3.33431887E-05  2.82055760E-09  2.26615776E-06
  7.60000000E-01  1.68361296E-01 -3.88996277E+01  0.00000000E+00 -3.10950464E-05  4.05358473E-09  2.11794301E-06
  7.62500000E-01  1.68361221E-01 -3.88996277E+01  0.00000000E+00 -2.89986594E-05  5.16328766E-09  1.97954741E-06
  7.65000000E-01  1.68361151E-01 -3.88996277E+01  0.00000000E+00 -2.70437783E-05  6.15914515E-09  1.85031648E-06
  7.67500000E-01  1.68361086E-01 -3.88996277E+01  0.00000000E+00 -2.52208460E-05  7.04996965E-09  1.72963947E-06
  7.70000000E-01  1.68361025E-01 -3.88996277E+01  0.00000000E+00 -2.35209513E-05  7.84394720E-09  1.61694646E-06
  7.72500000E-01  1.68360968E-01 -3.88996277E+01  0.00000000E+00 -2.19357847E-05  8.54867832E-09  1.51170564E-06
  7.75000000E-01  1.68360916E-01 -3.88996277E+01  0.00000000E+00 -2.04575982E-05  9.17121335E-09  1.41342072E-06
  7.77500000E-01  1.68360866E-01 -3.88996277E+01  0.00000000E+00 -1.90791674E-05  9.71809652E-09  1.32162859E-06
  7.80000000E-01  1.68360820E-01 -3.88996277E+01  0.00000000E+00 -1.77937555E-05  1.01953994E-08  1.23589708E-06
  7.82500000E-01  1.68360777E-01 -3.88996277E+01  0.00000000E+00 -1.65950812E-05  1.06087606E-08  1.15582286E-06
  7.85000000E-01  1.68360737E-01 -3.88996277E+01  0.00000000E+00 -1.54772873E-05  1.09634121E-08  1.08102958E-06
  7.87500000E-01  1.68360700E-01 -3.88996277E+01  0.00000000E+00 -1.44349123E-05  1.12642059E-08  1.01116602E-06
  7.90000000E-01  1.68360665E-01 -3.88996277E+01  0.00000000E+00 -1.34628635E-05  1.15156387E-08  9.45904394E-07
  7.92500000E-01  1.68360633E-01 -3.88996277E+01  0.00000000E+00 -1.25563926E-05  1.17218784E-08  8.84938816E-07
  7.95000000E-01  1.68360603E-01 -3.88996277E+01  0.00000000E+00 -1.17110715E-05  1.18867861E-08  8.27983818E-07
  7.97500000E-01  1.68360574E-01 -3.88996277E+01  0.00000000E+00 -1.09227716E-05  1.20139382E-08  7.74772995E-07
  8.00000000E-01  1.68360548E-01 -3.88996277E+01  0.00000000E+00 -1.01876430E-05  1.21066499E-08  7.25057720E-07
  8.02500000E-01  1.68360524E-01 -3.88996277E+01  0.00000000E+00 -9.50209601E-06  1.21679916E-08  6.78605952E-07
  8.05000000E-01  1.68360501E-01 -3.88996277E+01  0.00000000E+00 -8.86278316E-06  1.22008020E-08  6.35201140E-07
  8.07500000E-01  1.68360479E-01 -3.88996277E+01  0.00000000E+00 -8.26658326E-06  1.22077026E-08  5.94641173E-07
  8.10000000E-01  1.68360459E-01 -3.88996277E+01  0.00000000E+00 -7.71058585E-06  1.21911157E-08  5.56737417E-07
  8.12500000E-01  1.68360441E-01 -3.88996277E+01  0.00000000E+00 -7.19207709E-06  1.21532816E-08  5.21313813E-07
  8.15000000E-01  1.68360424E-01 -3.88996277E+01  0.00000000E+00 -6.70852641E-06  1.20962725E-08  4.88206042E-07
  8.17500000E-01  1.68360407E-01 -3.88996277E+01  0.00000000E+00 -6.25757416E-06  1.20220034E-08  4.57260735E-07
  8.20000000E-01  1.68360392E-01 -3.88996277E+01  0.00000000E+00 -5.83702003E-06  1.19322399E-08  4.28334746E-07
  8.22500000E-01  1.68360378E-01 -3.88996277E+01  0.00000000E+00 -5.44481234E-06  1.18286104E-08  4.01294463E-07
  8.25000000E-01  1.68360365E-01 -3.88996277E+01  0.00000000E+00 -5.07903795E-06  1.17126174E-08  3.76015178E-07
  8.27500000E-01  1.68360353E-01 -3.88996277E+01  0.00000000E+00 -4.73791293E-06  1.15856431E-08  3.52380489E-07
  8.30000000E-01  1.68360341E-01 -3.88996277E+01  0.00000000E+00 -4.41977380E-06  1.14489550E-08  3.30281741E-07
  8.32500000E-01  1.68360331E-01 -3.88996277E+01  0.00000000E+00 -4.12306945E-06  1.13037228E-08  3.09617512E-07
  8.35000000E-01  1.68360321E-01 -3.88996277E+01  0.00000000E+00 -3.84635348E-06  1.11510268E-08  2.90293125E-07
  8.37500000E-01  1.68360312E-01 -3.88996277E+01  0.00000000E+00 -3.58827718E-06  1.09918607E-08  2.72220204E-07
  8.40000000E-01  1.68360303E-01 -3.88996277E+01  0.00000000E+00 -3.34758290E-06  1.08271340E-08  2.55316248E-07
  8.42500000E-01  1.68360295E-01 -3.88996277E+01  0.00000000E+00 -3.12309793E-06  1.06576803E-08  2.39504244E-07
  8.45000000E-01  1.68360287E-01 -3.88996277E+01  0.00000000E+00 -2.91372872E-06  1.04842630E-08  2.24712294E-07
  8.47500000E-01  1.68360280E-01 -3.88996277E+01  0.00000000E+00 -2.71845556E-06  1.03075826E-08  2.10873279E-07
  8.50000000E-01  1.68360274E-01 -3.88996277E+01  0.00000000E+00 -2.53632760E-06  1.01282799E-08  1.97924540E-07
  8.52500000E-01  1.68360268E-01 -3.88996277E+01  0.00000000E+00 -2.36645818E-06  9.94694032E-09  1.85807576E-07
  8.55000000E-01  1.68360262E-01 -3.88996277E+01  0.00000000E+00 -2.20802050E-06  9.76409634E-09  1.74467771E-07
  8.57500000E-01  1.68360257E-01 -3.88996277E+01  0.00000000E+00 -2.06024358E-06  9.58023255E-09  1.63854136E-07
  8.60000000E-01  1.68360252E-01 -3.88996277E+01  0.00000000E+00 -1.92240849E-06  9.39579029E-09  1.53919060E-07
  8.62500000E-01  1.68360247E-01 -3.88996277E+01  0.00000000E+00 -1.79384483E-06  9.21117057E-09  1.44618091E-07
  8.65000000E-01  1.68360243E-01 -3.88996277E+01  0.00000000E+00 -1.67392745E-06  9.02673717E-09  1.35909724E-07
  8.67500000E-01  1.68360239E-01 -3.88996277E+01  0.00000000E+00 -1.56207342E-06  8.84281990E-09  1.27755202E-07
  8.70000000E-01  1.68360235E-01 -3.88996277E+01  0.00000000E+00 -1.45773912E-06  8.65971598E-09  1.20118337E-07
  8.72500000E-01  1.68360231E-01 -3.88996277E+01  0.00000000E+00 -1.36041766E-06  8.47769294E-09  1.12965335E-07
  8.75000000E-01  1.68360228E-01 -3.88996277E+01  0.00000000E+00 -1.26963634E-06  8.29699138E-09  1.06264639E-07
  8.77500000E-01  1.68360225E-01 -3.88996277E+01  0.00000000E+00 -1.18495437E-06  8.11782647E-09  9.99867771E-08
  8.80000000E-01  1.68360222E-01 -3.88996277E+01  0.00000000E+00 -1.10596071E-06  7.94038993E-09  9.41042272E-08
  8.82500000E-01  1.68360220E-01 -3.88996277E+01  0.00000000E+00 -1.03227204E-06  7.76485273E-09  8.85912857E-08
  8.85000000E-01  1.68360217E-01 -3.88996277E+01  0.00000000E+00 -9.63530930E-07  7.59136617E-09  8.34239466E-08
  8.87500000E-01  1.68360215E-01 -3.88996277E+01  0.00000000E+00 -8.99404067E-07  7.42006315E-09  7.85797892E-08
  8.90000000E-01  1.68360213E-01 -3.88996277E+01  0.00000000E+00 -8.39580616E-07  7.25106010E-09  7.40378695E-08
  8.92500000E-01  1.68360211E-01 -3.88996277E+01  0.00000000E+00 -7.83770723E-07  7.08445807E-09  6.97786267E-08
  8.95000000E-01  1.68360209E-01 -3.88996277E+01  0.00000000E+00 -7.31704084E-07  6.92034374E-09  6.57837866E-08
  8.97500000E-01  1.68360207E-01 -3.88996277E+01  0.00000000E+00 -6.83128637E-07  6.75879093E-09  6.20362805E-08
  9.00000000E-01  1.68360205E-01 -3.88996277E+01  0.00000000E+00 -6.37809321E-07  6.59986172E-09  5.85201611E-08
  9.02500000E-01  1.68360204E-01 -3.88996277E+01  0.00000000E+00 -5.95526930E-07  6.44360712E-09  5.52205308E-08
  9.05000000E-01  1.68360202E-01 -3.88996277E+01  0.00000000E+00 -5.56077043E-07  6.29006848E-09  5.21234698E-08
  9.07500000E-01  1.68360201E-01 -3.88996277E+01  0.00000000E+00 -5.19269031E-07  6.13927788E-09  4.92159738E-08
  9.10000000E-01  1.68360200E-01 -3.88996277E+01  0.00000000E+00 -4.84925118E-07  5.99125970E-09  4.64858915E-08
  9.12500000E-01  1.68360198E-01 -3.88996277E+01  0.00000000E+00 -4.52879517E-07  5.84603032E-09  4.39218678E-08
  9.15000000E-01  1.68360197E-01 -3.88996277E+01  0.00000000E+00 -4.22977622E-07  5.70359941E-09  4.15132928E-08
  9.17500000E-01  1.68360196E-01 -3.88996277E+01  0.00000000E+00 -3.95075250E-07  5.56397058E-09  3.92502506E-08
  9.20000000E-01  1.68360195E-01 -3.88996277E+01  0.00000000E+00 -3.69037941E-07  5.42714153E-09  3.71234736E-08
  9.22500000E-01  1.68360195E-01 -3.88996277E+01  0.00000000E+00 -3.44740298E-07  5.29310489E-09  3.51243004E-08
  9.25000000E-01  1.68360194E-01 -3.88996277E+01  0.00000000E+00 -3.22065379E-07  5.16184879E-09  3.32446360E-08
  9.27500000E-01  1.68360193E-01 -3.88996277E+01  0.00000000E+00 -3.00904122E-07  5.03335733E-09  3.14769116E-08
  9.30000000E-01  1.68360192E-01 -3.88996277E+01  0.00000000E+00 -2.81154819E-07  4.90761046E-09  2.98140535E-08
  9.32500000E-01  1.68360192E-01 -3.88996277E+01  0.00000000E+00 -2.62722612E-07  4.78458532E-09  2.82494476E-08
  9.35000000E-01  1.68360191E-01 -3.88996277E+01  0.00000000E+00 -2.45519041E-07  4.66425579E-09  2.67769107E-08
  9.37500000E-01  1.68360190E-01 -3.88996277E+01  0.00000000E+00 -2.29461600E-07  4.54659316E-09  2.53906608E-08
  9.40000000E-01  1.68360190E-01 -3.88996277E+01  0.00000000E+00 -2.14473347E-07  4.43156638E-09  2.40852921E-08
  9.42500000E-01  1.68360189E-01 -3.88996277E+01  0.00000000E+00 -2.00482520E-07  4.31914237E-09  2.28557483E-08
  9.45000000E-01  1.68360189E-01 -3.88996277E+01  0.00000000E+00 -1.87422188E-07  4.20928618E-09  2.16972999E-08
  9.47500000E-01  1.68360188E-01 -3.88996277E+01  0.00000000E+00 -1.75229938E-07  4.10196146E-09  2.06055263E-08
  9.50000000E-01  1.68360188E-01 -3.88996277E+01  0.00000000E+00 -1.63847548E-07  3.99713034E-09  1.95762893E-08
  9.52500000E-01  1.68360187E-01 -3.88996277E+01  0.00000000E+00 -1.53220723E-07  3.89475382E-09  1.86057194E-08
  9.55000000E-01  1.68360187E-01 -3.88996277E+01  0.00000000E+00 -1.43298822E-07  3.79479220E-09  1.76901955E-08
  9.57500000E-01  1.68360187E-01 -3.88996277E+01  0.00000000E+00 -1.34034612E-07  3.69720457E-09  1.68263300E-08
  9.60000000E-01  1.68360186E-01 -3.88996277E+01  0.00000000E+00 -1.25384039E-07  3.60194973E-09  1.60109530E-08
  9.62500000E-01  1.68360186E-01 -3.88996277E+01  0.00000000E+00 -1.17306016E-07  3.50898590E-09  1.52410980E-08
  9.65000000E-01  1.68360186E-01 -3.88996277E+01  0.00000000E+00 -1.09762216E-07  3.41827075E-09  1.45139879E-08
  9.67500000E-01  1.68360186E-01 -3.88996277E+01  0.00000000E+00 -1.02716896E-07  3.32976190E-09  1.38270240E-08
  9.70000000E-01  1.68360185E-01 -3.88996277E+01  0.00000000E+00 -9.61367124E-08  3.24341673E-09  1.31777731E-08
  9.72500000E-01  1.68360185E-01 -3.88996277E+01  0.00000000E+00 -8.99905654E-08  3.15919278E-09  1.25639568E-08
  9.75000000E-01  1.68360185E-01 -3.88996277E+01  0.00000000E+00 -8.42494478E-08  3.07704713E-09  1.19834423E-08
  9.77500000E-01  1.68360185E-01 -3.88996277E+01  0.00000000E+00 -7.88863011E-08  2.99693756E-09  1.14342323E-08
  9.80000000E-01  1.68360184E-01 -3.88996277E+01  0.00000000E+00 -7.38758869E-08  2.91882149E-09  1.09144559E-08
  9.82500000E-01  1.68360184E-01 -3.88996277E+01  0.00000000E+00 -6.91946597E-08  2.84265690E-09  1.04223599E-08
  9.85000000E-01  1.68360184E-01 -3.88996277E+01  0.00000000E+00 -6.48206596E-08  2.76840190E-09  9.95630315E-09
  9.87500000E-01  1.68360184E-01 -3.88996277E+01  0.00000000E+00 -6.07333989E-08  2.69601516E-09  9.51474690E-09
  9.90000000E-01  1.68360184E-01 -3.88996277E+01  0.00000000E+00 -5.69137674E-08  2.62545540E-09  9.09624935E-09
  9.92500000E-01  1.68360184E-01 -3.88996277E+01  0.00000000E+00 -5.33439381E-08  2.55668209E-09  8.69945961E-09
  9.95000000E-01  1.68360184E-01 -3.88996277E+01  0.00000000E+00 -5.00072806E-08  2.48965507E-09  8.32311152E-09
  9.97500000E-01  1.68360183E-01 -3.88996277E+01  0.00000000E+00 -4.68882793E-08  2.42433463E-09  7.96601672E-09
  1.00000000E+00  1.68360183E-01 -3.88996277E+01  0.00000000E+00 -4.39724602E-08  2.36068173E-09  7.62706225E-09
