  0.00000000E+00  0.00000000E+00 -4.89000000E+01  0.00000000E+00  2.35564812E+00  1.10515815E-05 -1.39279588E-01
  1.00000000E-02  2.35564812E-02 -4.88999999E+01  0.00000000E+00  1.99676530E+00  6.52032195E-05 -1.18316104E-01
  2.00000000E-02  4.17297202E-02 -4.88999990E+01  0.00000000E+00  1.72263202E+00  3.72655231E-04 -1.03038856E-01
  3.00000000E-02  5.75853739E-02 -4.88999937E+01  0.00000000E+00  1.50962248E+00  1.14108151E-03 -9.14502791E-02
  4.00000000E-02  7.16165510E-02 -4.88999784E+01  0.00000000E+00  1.34705391E+00  1.92699260E-03 -8.23839347E-02
  5.00000000E-02  8.42742473E-02 -4.88999553E+01  0.00000000E+00  1.22383091E+00  2.58289844E-03 -7.52799959E-02
  6.00000000E-02  9.58964413E-02 -4.88999261E+01  0.00000000E+00  1.13240122E+00  2.90766328E-03 -7.08812320E-02
  7.00000000E-02  1.06763305E-01 -4.88998954E+01  0.00000000E+00  1.06188690E+00  3.30644963E-03 -6.65850963E-02
  8.00000000E-02  1.17029603E-01 -4.88998604E+01  0.00000000E+00  1.00864560E+00  3.58964606E-03 -6.31710602E-02
  9.00000000E-02  1.26849852E-01 -4.88998231E+01  0.00000000E+00  9.68366649E-01  3.78844824E-03 -6.05410988E-02
  1.00000000E-01  1.36332124E-01 -4.88997842E+01  0.00000000E+00  9.37939279E-01  3.92128706E-03 -5.85135995E-02
  1.10000000E-01  1.45559380E-01 -4.88997443E+01  0.00000000E+00  9.14958008E-01  4.00647720E-03 -5.69528821E-02
  1.20000000E-01  1.54594053E-01 -4.88997038E+01  0.00000000E+00  8.97602391E-01  4.05830003E-03 -5.57502167E-02
  1.30000000E-01  1.63483299E-01 -4.88996630E+01  0.00000000E+00  8.84496107E-01  4.08739721E-03 -5.48205259E-02
  1.40000000E-01  1.72262729E-01 -4.88996220E+01  0.00000000E+00  8.74599003E-01  4.10152600E-03 -5.40980953E-02
  1.50000000E-01  1.80959233E-01 -4.88995809E+01  0.00000000E+00  8.67125060E-01  4.10625698E-03 -5.35324906E-02
  1.60000000E-01  1.89593114E-01 -4.88995398E+01  0.00000000E+00  8.63215522E-01  4.11152959E-03 -5.39829202E-02
  1.70000000E-01  1.98205722E-01 -4.88994986E+01  0.00000000E+00  8.58761599E-01  4.11574046E-03 -5.36211352E-02
  1.80000000E-01  2.06771068E-01 -4.88994575E+01  0.00000000E+00  8.55413029E-01  4.10265742E-03 -5.32459894E-02
  1.90000000E-01  2.15308456E-01 -4.88994165E+01  0.00000000E+00  8.52834674E-01  4.09428151E-03 -5.29559529E-02
  2.00000000E-01  2.23823911E-01 -4.88993756E+01  0.00000000E+00 -1.14837395E+00  2.21013214E-03  6.49019541E-02
  2.10000000E-01  2.02334128E-01 -4.88993629E+01  0.00000000E+00 -9.67286324E-01  1.40966750E-03  5.56411096E-02
  2.20000000E-01  1.93566703E-01 -4.88993528E+01  0.00000000E+00 -7.66507747E-01  5.55283001E-04  4.41153240E-02
  2.30000000E-01  1.86905518E-01 -4.88993516E+01  0.00000000E+00 -5.91470373E-01  1.86393080E-04  3.45175440E-02
  2.40000000E-01  1.81866001E-01 -4.88993515E+01  0.00000000E+00 -4.51294632E-01 -3.66785447E-05  2.67065589E-02
  2.50000000E-01  1.78053934E-01 -4.88993530E+01  0.00000000E+00 -3.42577041E-01 -1.41032989E-04  2.05545103E-02
  2.60000000E-01  1.75171751E-01 -4.88993549E+01  0.00000000E+00 -2.59447143E-01 -1.77117511E-04  1.57728070E-02
  2.70000000E-01  1.72992929E-01 -4.88993569E+01  0.00000000E+00 -1.96285376E-01 -1.77435958E-04  1.20826022E-02
  2.80000000E-01  1.71345884E-01 -4.88993587E+01  0.00000000E+00 -1.48432649E-01 -1.61105695E-04  9.24588016E-03
  2.90000000E-01  1.70100822E-01 -4.88993602E+01  0.00000000E+00 -1.12224900E-01 -1.38659013E-04  7.07023833E-03
  3.00000000E-01  1.69159611E-01 -4.88993615E+01  0.00000000E+00 -8.48437472E-02 -1.15526017E-04  5.40397300E-03
  3.10000000E-01  1.68448080E-01 -4.88993625E+01  0.00000000E+00 -6.41423559E-02 -9.42465357E-05  4.12900238E-03
  3.20000000E-01  1.67910163E-01 -4.88993634E+01  0.00000000E+00 -4.84925455E-02 -7.57963249E-05  3.15405993E-03
  3.30000000E-01  1.67503487E-01 -4.88993640E+01  0.00000000E+00 -3.66618830E-02 -6.03512918E-05  2.40888829E-03
  3.40000000E-01  1.67196021E-01 -4.88993645E+01  0.00000000E+00 -2.77182894E-02 -4.77093674E-05  1.83953626E-03
  3.50000000E-01  1.66963556E-01 -4.88993650E+01  0.00000000E+00 -2.09570952E-02 -3.75167627E-05  1.40463936E-03
  3.60000000E-01  1.66787791E-01 -4.88993653E+01  0.00000000E+00 -1.58456308E-02 -2.93844573E-05  1.07251723E-03
  3.70000000E-01  1.66654892E-01 -4.88993655E+01  0.00000000E+00 -1.19812605E-02 -2.29440486E-05  8.18925079E-04
  3.80000000E-01  1.66554401E-01 -4.88993657E+01  0.00000000E+00 -9.05963856E-03 -1.78709641E-05  6.25319473E-04
  3.90000000E-01  1.66478413E-01 -4.88993659E+01  0.00000000E+00 -6.85071098E-03 -1.38907915E-05  4.77524274E-04
  4.00000000E-01  1.66420951E-01 -4.88993660E+01  0.00000000E+00 -5.18057659E-03 -1.07774182E-05  3.64706290E-04
  4.10000000E-01  1.66377496E-01 -4.88993661E+01  0.00000000E+00 -3.91777745E-03 -8.34767266E-06  2.78589676E-04
  4.20000000E-01  1.66344632E-01 -4.88993662E+01  0.00000000E+00 -2.96293739E-03 -6.45489742E-06  2.12853992E-04
  4.30000000E-01  1.66319777E-01 -4.88993662E+01  0.00000000E+00 -2.24093068E-03 -4.98262759E-06  1.62673334E-04
