  0.00000000E+00  0.00000000E+00 -4.89000000E+01  0.00000000E+00  4.71130094E+00  2.21031849E-05 -2.78559453E-01
  1.00000000E-02  4.71130094E-02 -4.88999998E+01  0.00000000E+00  3.99298719E+00  2.73111244E-04 -2.36150752E-01
  2.00000000E-02  8.34513126E-02 -4.88999958E+01  0.00000000E+00  3.43954258E+00  1.62152152E-03 -2.07933965E-01
  3.00000000E-02  1.15079515E-01 -4.88999728E+01  0.00000000E+00  3.01020317E+00  4.47238253E-03 -1.91856120E-01
  4.00000000E-02  1.43034850E-01 -4.88999139E+01  0.00000000E+00  2.68193329E+00  8.07701541E-03 -1.76627688E-01
  5.00000000E-02  1.68212833E-01 -4.88998151E+01  0.00000000E+00  2.43560292E+00  1.09568012E-02 -1.63007169E-01
  6.00000000E-02  1.91337211E-01 -4.88996911E+01  0.00000000E+00  2.25064640E+00  1.30321083E-02 -1.51606286E-01
  7.00000000E-02  2.12918892E-01 -4.88995504E+01  0.00000000E+00  2.11499155E+00  1.39172391E-02 -1.43503990E-01
  8.00000000E-02  2.33390534E-01 -4.88994068E+01  0.00000000E+00  2.01048324E+00  1.49558031E-02 -1.36227074E-01
  9.00000000E-02  2.52972824E-01 -4.88992521E+01  0.00000000E+00  1.93209435E+00  1.55463707E-02 -1.30260371E-01
  1.00000000E-01  2.71901823E-01 -4.88990936E+01  0.00000000E+00  1.87293252E+00  1.59239140E-02 -1.25578391E-01
  1.10000000E-01  2.90335339E-01 -4.88989325E+01  0.00000000E+00  1.82841543E+00  1.61233955E-02 -1.21871544E-01
  1.20000000E-01  3.08396908E-01 -4.88987703E+01  0.00000000E+00  1.79790749E+00  1.66805676E-02 -1.19393214E-01
  1.30000000E-01  3.26223444E-01 -4.88986007E+01  0.00000000E+00  1.77261882E+00  1.66558750E-02 -1.17462665E-01
  1.40000000E-01  3.43823188E-01 -4.88984342E+01  0.00000000E+00  1.75386556E+00  1.64749326E-02 -1.15643281E-01
  1.50000000E-01  3.61268078E-01 -4.88982704E+01  0.00000000E+00  1.73963249E+00  1.63137887E-02 -1.14233590E-01
  1.60000000E-01  3.78593237E-01 -4.88981081E+01  0.00000000E+00  1.72897040E+00  1.61478223E-02 -1.13062025E-01
  1.70000000E-01  3.95829631E-01 -4.88979474E+01  0.00000000E+00  1.72098979E+00  1.59871680E-02 -1.12066041E-01
  1.80000000E-01  4.12999626E-01 -4.88977884E+01  0.00000000E+00  1.71863159E+00  1.64388341E-02 -1.11920128E-01
  1.90000000E-01  4.30174151E-01 -4.88976217E+01  0.00000000E+00  1.71399710E+00  1.63158482E-02 -1.11540803E-01
  2.00000000E-01  4.47290949E-01 -4.88974592E+01  0.00000000E+00 -2.30632008E+00  8.14098862E-03  1.21094696E-01
  2.10000000E-01  4.04126162E-01 -4.88974186E+01  0.00000000E+00 -1.93788059E+00  4.76729075E-03  1.10416230E-01
  2.20000000E-01  3.86589554E-01 -4.88973878E+01  0.00000000E+00 -1.53774622E+00  1.91370143E-03  8.68917524E-02
  2.30000000E-01  3.73212764E-01 -4.88973830E+01  0.00000000E+00 -1.18474668E+00  5.17732007E-04  6.93771199E-02
  2.40000000E-01  3.63130294E-01 -4.88973848E+01  0.00000000E+00 -9.03008341E-01 -3.14129688E-04  5.44742338E-02
  2.50000000E-01  3.55508903E-01 -4.88973921E+01  0.00000000E+00 -6.84809574E-01 -6.77737297E-04  4.24563663E-02
  2.60000000E-01  3.49751801E-01 -4.88974007E+01  0.00000000E+00 -5.18200155E-01 -7.78989068E-04  3.29254931E-02
  2.70000000E-01  3.45402846E-01 -4.88974090E+01  0.00000000E+00 -3.91765198E-01 -7.48411512E-04  2.54483672E-02
  2.80000000E-01  3.42117369E-01 -4.88974163E+01  0.00000000E+00 -2.96074102E-01 -6.61158184E-04  1.96224309E-02
  2.90000000E-01  3.39635084E-01 -4.88974225E+01  0.00000000E+00 -2.23732216E-01 -5.57273663E-04  1.51038046E-02
  3.00000000E-01  3.37759471E-01 -4.88974275E+01  0.00000000E+00 -1.69065723E-01 -4.56382962E-04  1.16102499E-02
  3.10000000E-01  3.36342146E-01 -4.88974316E+01  0.00000000E+00 -1.27761407E-01 -3.66886676E-04  8.91540910E-03
  3.20000000E-01  3.35271054E-01 -4.88974348E+01  0.00000000E+00 -9.65533409E-02 -2.91338140E-04  6.84025908E-03
  3.30000000E-01  3.34461561E-01 -4.88974373E+01  0.00000000E+00 -7.29726400E-02 -2.29452074E-04  5.24445503E-03
