  0.00000000E+00  0.00000000E+00 -4.89000000E+01  0.00000000E+00  5.88909688E-01  2.76288437E-06 -3.48197584E-02
  1.00000000E-02  5.88909688E-03 -4.89000000E+01  0.00000000E+00  4.99217378E-01  4.87659991E-06 -2.96036681E-02
  2.00000000E-02  1.04328091E-02 -4.88999999E+01  0.00000000E+00  4.30885225E-01  2.31715522E-05 -2.56931944E-02
  3.00000000E-02  1.44000006E-02 -4.88999996E+01  0.00000000E+00  3.77893476E-01  6.90690895E-05 -2.26542524E-02
  4.00000000E-02  1.79139766E-02 -4.88999987E+01  0.00000000E+00  3.37369044E-01  1.16003102E-04 -2.03150569E-02
  5.00000000E-02  2.10850449E-02 -4.88999973E+01  0.00000000E+00  3.06572336E-01  1.55528992E-04 -1.85234106E-02
  6.00000000E-02  2.39967847E-02 -4.88999955E+01  0.00000000E+00  2.83234731E-01  1.86228055E-04 -1.71546771E-02
  7.00000000E-02  2.67124440E-02 -4.88999935E+01  0.00000000E+00  2.65572475E-01  2.09012052E-04 -1.61103712E-02
  8.00000000E-02  2.92798575E-02 -4.88999913E+01  0.00000000E+00  2.52213223E-01  2.25409151E-04 -1.53140641E-02
  9.00000000E-02  3.17351934E-02 -4.88999890E+01  0.00000000E+00  2.42111259E-01  2.36925419E-04 -1.47069806E-02
  1.00000000E-01  3.41057962E-02 -4.88999865E+01  0.00000000E+00  2.34473206E-01  2.44837838E-04 -1.42441320E-02
  1.10000000E-01  3.64123380E-02 -4.88999841E+01  0.00000000E+00  2.28698318E-01  2.50156494E-04 -1.38911658E-02
  1.20000000E-01  3.86704467E-02 -4.88999815E+01  0.00000000E+00  2.24332119E-01  2.53648967E-04 -1.36218851E-02
  1.30000000E-01  4.08919369E-02 -4.88999790E+01  0.00000000E+00  2.21030919E-01  2.55882949E-04 -1.34163251E-02
  1.40000000E-01  4.30857401E-02 -4.88999764E+01  0.00000000E+00  2.18534861E-01  2.57269795E-04 -1.32592769E-02
  1.50000000E-01  4.52586084E-02 -4.88999738E+01  0.00000000E+00  2.16647481E-01  2.58102496E-04 -1.31391562E-02
  1.60000000E-01  4.74156464E-02 -4.88999712E+01  0.00000000E+00  2.15220250E-01  2.58586354E-04 -1.30471405E-02
  1.70000000E-01  4.95607127E-02 -4.88999686E+01  0.00000000E+00  2.14140879E-01  2.58862892E-04 -1.29765112E-02
  1.80000000E-01  5.16967246E-02 -4.88999661E+01  0.00000000E+00  2.13324476E-01  2.59027949E-04 -1.29221517E-02
  1.90000000E-01  5.38258874E-02 -4.88999635E+01  0.00000000E+00  2.12706859E-01  2.59145091E-04 -1.28801656E-02
  2.00000000E-01  5.59498679E-02 -4.88999609E+01  0.00000000E+00 -2.86886080E-01  9.63564047E-05  1.66472995E-02
  2.10000000E-01  5.05830424E-02 -4.88999607E+01  0.00000000E+00 -2.41727877E-01  4.87337542E-05  1.40727643E-02
  2.20000000E-01  4.83915546E-02 -4.88999605E+01  0.00000000E+00 -1.91485531E-01  3.30562773E-06  1.12074475E-02
  2.30000000E-01  4.67279111E-02 -4.88999607E+01  0.00000000E+00 -1.47849566E-01 -1.06725308E-05  8.70864959E-03
  2.40000000E-01  4.54675952E-02 -4.88999608E+01  0.00000000E+00 -1.12864308E-01 -1.68694515E-05  6.69643396E-03
  2.50000000E-01  4.45138784E-02 -4.88999610E+01  0.00000000E+00 -8.57118740E-02 -1.77662369E-05  5.12438314E-03
  2.60000000E-01  4.37925219E-02 -4.88999612E+01  0.00000000E+00 -6.49364399E-02 -1.61570036E-05  3.91261957E-03
  2.70000000E-01  4.32470346E-02 -4.88999614E+01  0.00000000E+00 -4.91425074E-02 -1.36126349E-05  2.98428169E-03
  2.80000000E-01  4.28345792E-02 -4.88999615E+01  0.00000000E+00 -3.71711528E-02 -1.09431524E-05  2.27510182E-03
  2.90000000E-01  4.25227245E-02 -4.88999616E+01  0.00000000E+00 -2.81096129E-02 -8.52029476E-06  1.73407098E-03
  3.00000000E-01  4.22869360E-02 -4.88999617E+01  0.00000000E+00 -2.12549423E-02 -6.47888348E-06  1.32158608E-03
  3.10000000E-01  4.21086600E-02 -4.88999617E+01  0.00000000E+00 -1.60711719E-02 -4.83463537E-06  1.00720264E-03
  3.20000000E-01  4.19738671E-02 -4.88999618E+01  0.00000000E+00 -1.21515089E-02 -3.54969187E-06  7.67624198E-04
  3.30000000E-01  4.18719503E-02 -4.88999618E+01  0.00000000E+00 -9.18785238E-03 -2.56725429E-06  5.85063042E-04
  3.40000000E-01  4.17948901E-02 -4.88999618E+01  0.00000000E+00 -6.94707688E-03 -1.82870961E-06  4.45952058E-04
  3.50000000E-01  4.17366232E-02 -4.88999618E+01  0.00000000E+00 -5.25286615E-03 -1.28121428E-06  3.39948852E-04
  3.60000000E-01  4.16925656E-02 -4.88999618E+01  0.00000000E+00 -3.97189699E-03 -8.80328093E-07  2.59171490E-04
  3.70000000E-01  4.16592515E-02 -4.88999618E+01  0.00000000E+00 -3.00336500E-03 -5.90209000E-07  1.97614068E-04
  3.80000000E-01  4.16340605E-02 -4.88999619E+01  0.00000000E+00 -2.27105583E-03 -3.82736184E-07  1.50700581E-04
  3.90000000E-01  4.16150115E-02 -4.88999619E+01  0.00000000E+00 -1.71734758E-03 -2.36273022E-07  1.14944663E-04
  4.00000000E-01  4.16006065E-02 -4.88999619E+01  0.00000000E+00 -1.29867521E-03 -1.34413340E-07  8.76901941E-05
  4.10000000E-01  4.15897131E-02 -4.88999619E+01  0.00000000E+00 -9.82101309E-04 -6.48595031E-08  6.69136060E-05
  4.20000000E-01  4.15814750E-02 -4.88999619E+01  0.00000000E+00 -7.42723317E-04 -1.84813351E-08  5.10732412E-05
  4.30000000E-01  4.15752447E-02 -4.88999619E+01  0.00000000E+00 -5.61713333E-04  1.14430784E-08  3.89945721E-05
  4.40000000E-01  4.15705326E-02 -4.88999619E+01  0.00000000E+00 -4.24836157E-04  2.98242770E-08  2.97827539E-05
  4.50000000E-01  4.15669686E-02 -4.88999619E+01  0.00000000E+00 -3.21328879E-04  4.02222983E-08  2.27560044E-05
  4.60000000E-01  4.15642728E-02 -4.88999619E+01  0.00000000E+00 -2.43053823E-04  4.51978126E-08  1.73948526E-05
  4.70000000E-01  4.15622337E-02 -4.88999619E+01  0.00000000E+00 -1.83858140E-04  4.65769380E-08  1.33034773E-05
  4.80000000E-01  4.15606911E-02 -4.88999619E+01  0.00000000E+00 -1.39089640E-04  4.56493167E-08  1.01802557E-05
  4.90000000E-01  4.15595240E-02 -4.88999619E+01  0.00000000E+00 -1.05230738E-04  4.33152491E-08  7.79532917E-06
  5.00000000E-01  4.15586410E-02 -4.88999619E+01  0.00000000E+00 -7.96216996E-05  4.01943421E-08  5.97351329E-06
  5.10000000E-01  4.15579728E-02 -4.88999619E+01  0.00000000E+00 -6.02513998E-05  3.67052967E-08  4.58127976E-06
