  0.00000000E+00  0.00000000E+00 -4.89000000E+01  0.00000000E+00  1.17782406E+00  5.52579074E-06 -6.96397939E-02
  1.00000000E-02  1.17782406E-02 -4.88999999E+01  0.00000000E+00  9.98424422E-01  1.71264339E-05 -5.91949116E-02
  2.00000000E-02  2.08654866E-02 -4.88999997E+01  0.00000000E+00  8.61679659E-01  9.16433260E-05 -5.14103774E-02
  3.00000000E-02  2.87985594E-02 -4.88999984E+01  0.00000000E+00  7.55593942E-01  2.77425655E-04 -4.53880543E-02
  4.00000000E-02  3.58240702E-02 -4.88999947E+01  0.00000000E+00  6.74499876E-01  4.67316644E-04 -4.07379954E-02
  5.00000000E-02  4.21635987E-02 -4.88999891E+01  0.00000000E+00  6.12903739E-01  6.26958126E-04 -3.71611558E-02
  6.00000000E-02  4.79846554E-02 -4.88999820E+01  0.00000000E+00  5.66247209E-01  7.50673369E-04 -3.44183984E-02
  7.00000000E-02  5.34138448E-02 -4.88999739E+01  0.00000000E+00  5.30949104E-01  8.42319808E-04 -3.23193198E-02
  8.00000000E-02  5.85468453E-02 -4.88999650E+01  0.00000000E+00  5.04257588E-01  9.08225048E-04 -3.07144414E-02
  9.00000000E-02  6.34559636E-02 -4.88999556E+01  0.00000000E+00  4.84078014E-01  9.54571766E-04 -2.94877077E-02
  1.00000000E-01  6.81958459E-02 -4.88999458E+01  0.00000000E+00  4.68822480E-01  9.86568842E-04 -2.85496845E-02
  1.10000000E-01  7.28077930E-02 -4.88999358E+01  0.00000000E+00  4.57289340E-01  1.00831628E-03 -2.78317773E-02
  1.20000000E-01  7.73230208E-02 -4.88999256E+01  0.00000000E+00  4.48569903E-01  1.02291860E-03 -2.72815266E-02
  1.30000000E-01  8.17651226E-02 -4.88999153E+01  0.00000000E+00  4.41977206E-01  1.03266640E-03 -2.68588835E-02
  1.40000000E-01  8.61519312E-02 -4.88999049E+01  0.00000000E+00  4.36991961E-01  1.03921705E-03 -2.65333042E-02
  1.50000000E-01  9.04969246E-02 -4.88998945E+01  0.00000000E+00  4.33221635E-01  1.04375042E-03 -2.62815093E-02
  1.60000000E-01  9.48102893E-02 -4.88998841E+01  0.00000000E+00  4.31334842E-01  1.01119298E-03 -2.67011243E-02
  1.70000000E-01  9.91142037E-02 -4.88998741E+01  0.00000000E+00  4.29059877E-01  1.01570744E-03 -2.64998649E-02
  1.80000000E-01  1.03393428E-01 -4.88998639E+01  0.00000000E+00  4.27320618E-01  1.01854258E-03 -2.63074628E-02
  1.90000000E-01  1.07657938E-01 -4.88998537E+01  0.00000000E+00  4.25983097E-01  1.02120925E-03 -2.61544833E-02
  2.00000000E-01  1.11911081E-01 -4.88998435E+01  0.00000000E+00 -5.73691005E-01  5.14173337E-04  3.30369639E-02
  2.10000000E-01  1.01175800E-01 -4.88998409E+01  0.00000000E+00 -4.83344349E-01  3.07976415E-04  2.79904040E-02
  2.20000000E-01  9.67940902E-02 -4.88998388E+01  0.00000000E+00 -3.82919822E-01  9.74745909E-05  2.22588333E-02
  2.30000000E-01  9.34670146E-02 -4.88998389E+01  0.00000000E+00 -2.95610184E-01  1.51899562E-05  1.73173966E-02
  2.40000000E-01  9.09474609E-02 -4.88998392E+01  0.00000000E+00 -2.25631707E-01 -3.05685994E-05  1.33326313E-02
  2.50000000E-01  8.90410362E-02 -4.88998397E+01  0.00000000E+00 -1.71330832E-01 -4.90592290E-05  1.02152411E-02
  2.60000000E-01  8.75992323E-02 -4.88998403E+01  0.00000000E+00 -1.29790298E-01 -5.27145140E-05  7.80841487E-03
  2.70000000E-01  8.65090320E-02 -4.88998408E+01  0.00000000E+00 -9.82149900E-02 -4.91347514E-05  5.96174405E-03
  2.80000000E-01  8.56847586E-02 -4.88998413E+01  0.00000000E+00 -7.42847173E-02 -4.26235448E-05  4.54912464E-03
  2.90000000E-01  8.50615628E-02 -4.88998417E+01  0.00000000E+00 -5.61728408E-02 -3.54465907E-05  3.47016263E-03
  3.00000000E-01  8.45903938E-02 -4.88998420E+01  0.00000000E+00 -4.24730726E-02 -2.86925341E-05  2.64669247E-03
  3.10000000E-01  8.42341619E-02 -4.88998423E+01  0.00000000E+00 -3.21134500E-02 -2.28052746E-05  2.01848027E-03
  3.20000000E-01  8.39648255E-02 -4.88998425E+01  0.00000000E+00 -2.42805330E-02 -1.78948010E-05  1.53934120E-03
  3.30000000E-01  8.37611848E-02 -4.88998426E+01  0.00000000E+00 -1.83583295E-02 -1.39113842E-05  1.17395122E-03
  3.40000000E-01  8.36072125E-02 -4.88998428E+01  0.00000000E+00 -1.38808063E-02 -1.07395410E-05  8.95328444E-04
  3.50000000E-01  8.34907921E-02 -4.88998429E+01  0.00000000E+00 -1.04955326E-02 -8.24640950E-06  6.82877948E-04
  3.60000000E-01  8.34027631E-02 -4.88998429E+01  0.00000000E+00 -7.93603711E-03 -6.30489826E-06  5.20886555E-04
  3.70000000E-01  8.33362002E-02 -4.88998430E+01  0.00000000E+00 -6.00085788E-03 -4.80329202E-06  3.97368904E-04
  3.80000000E-01  8.32858675E-02 -4.88998430E+01  0.00000000E+00 -4.53768647E-03 -3.64792440E-06  3.03184718E-04
  3.90000000E-01  8.32478065E-02 -4.88998430E+01  0.00000000E+00 -3.43137577E-03 -2.76253170E-06  2.31364352E-04
  4.00000000E-01  8.32190243E-02 -4.88998431E+01  0.00000000E+00 -2.59487270E-03 -2.08621194E-06  1.76593834E-04
  4.10000000E-01  8.31972581E-02 -4.88998431E+01  0.00000000E+00 -1.96236303E-03 -1.57097637E-06  1.34821854E-04
  4.20000000E-01  8.31807970E-02 -4.88998431E+01  0.00000000E+00 -1.48408904E-03 -1.17936849E-06  1.02959914E-04
  4.30000000E-01  8.31683475E-02 -4.88998431E+01  0.00000000E+00 -1.12243176E-03 -8.82353579E-07  7.86536004E-05
  4.40000000E-01  8.31589315E-02 -4.88998431E+01  0.00000000E+00 -8.48949241E-04 -6.57539838E-07  6.01081501E-05
  4.50000000E-01  8.31518094E-02 -4.88998431E+01  0.00000000E+00 -6.42137582E-04 -4.87724631E-07  4.59554293E-05
  4.60000000E-01  8.31464221E-02 -4.88998431E+01  0.00000000E+00 -4.85738222E-04 -3.59730687E-07  3.51525147E-05
  4.70000000E-01  8.31423467E-02 -4.88998431E+01  0.00000000E+00 -3.67458293E-04 -2.63487516E-07  2.69043731E-05
  4.80000000E-01  8.31392635E-02 -4.88998431E+01  0.00000000E+00 -2.78003185E-04 -1.91312745E-07  2.06049186E-05
  4.90000000E-01  8.31369307E-02 -4.88998431E+01  0.00000000E+00 -2.10345141E-04 -1.37355610E-07  1.57920836E-05
  5.00000000E-01  8.31351656E-02 -4.88998431E+01  0.00000000E+00 -1.59170308E-04 -9.71670812E-08  1.21135729E-05
  5.10000000E-01  8.31338298E-02 -4.88998431E+01  0.00000000E+00 -1.20460674E-04 -6.73671805E-08  9.30076140E-06
  5.20000000E-01  8.31328187E-02 -4.88998431E+01  0.00000000E+00 -9.11780012E-05 -4.53907162E-08  7.14880040E-06
  5.30000000E-01  8.31320533E-02 -4.88998431E+01  0.00000000E+00 -6.90248628E-05 -2.92924108E-08  5.50145632E-06
  5.40000000E-01  8.31314738E-02 -4.88998431E+01  0.00000000E+00 -5.22639669E-05 -1.75994966E-08  4.23955563E-06
  5.50000000E-01  8.31310350E-02 -4.88998431E+01  0.00000000E+00 -3.95815556E-05 -9.19877337E-09  3.27217839E-06
  5.60000000E-01  8.31307026E-02 -4.88998431E+01  0.00000000E+00 -2.99841220E-05 -3.24978576E-09  2.52994588E-06
  5.70000000E-01  8.31304508E-02 -4.88998431E+01  0.00000000E+00 -2.27203183E-05  8.81126217E-10  1.95990434E-06
  5.80000000E-01  8.31302599E-02 -4.88998431E+01  0.00000000E+00 -1.72219113E-05  3.67141526E-09  1.52162550E-06
  5.90000000E-01  8.31301151E-02 -4.88998431E+01  0.00000000E+00 -1.30591368E-05  5.47964110E-09  1.18423438E-06
  6.00000000E-01  8.31300054E-02 -4.88998431E+01  0.00000000E+00 -9.90694222E-06  6.57429569E-09  9.24144313E-07
  6.10000000E-01  8.31299221E-02 -4.88998431E+01  0.00000000E+00 -7.51946131E-06  7.15605370E-09  7.23329381E-07
  6.20000000E-01  8.31298588E-02 -4.88998431E+01  0.00000000E+00 -5.71071285E-06  7.37436180E-09  5.68007253E-07
  6.30000000E-01  8.31298107E-02 -4.88998431E+01  0.00000000E+00 -4.34000538E-06  7.33998189E-09  4.47635034E-07
  6.40000000E-01  8.31297742E-02 -4.88998431E+01  0.00000000E+00 -3.30090058E-06  7.13452597E-09  3.54143310E-07
