  0.00000000E+00  0.00000000E+00 -3.89000000E+01  0.00000000E+00  1.02203972E+00  1.15412930E-01 -6.16550864E-02
  2.50000000E-03  2.55509930E-03 -3.88997115E+01  0.00000000E+00  9.78631244E-01  1.10752746E-01 -5.89613405E-02
  5.00000000E-03  4.94741681E-03 -3.88994404E+01  0.00000000E+00  9.38093919E-01  1.06409352E-01 -5.64686502E-02
  7.50000000E-03  7.24197995E-03 -3.88991798E+01  0.00000000E+00  8.99992647E-01  1.02330358E-01 -5.41343008E-02
  1.00000000E-02  9.44433498E-03 -3.88989291E+01  0.00000000E+00  8.64344034E-01  9.85141568E-02 -5.19556160E-02
  1.25000000E-02  1.15606343E-02 -3.88986876E+01  0.00000000E+00  8.31046540E-01  9.49487499E-02 -4.99243501E-02
  1.50000000E-02  1.35966288E-02 -3.88984547E+01  0.00000000E+00  7.99965507E-01  9.16194355E-02 -4.80313554E-02
  1.75000000E-02  1.55576913E-02 -3.88982298E+01  0.00000000E+00  7.70961517E-01  8.85112956E-02 -4.62674076E-02
  2.00000000E-02  1.74488401E-02 -3.88980124E+01  0.00000000E+00  7.43899607E-01  8.56099965E-02 -4.46236831E-02
  2.25000000E-02  1.92747617E-02 -3.88978020E+01  0.00000000E+00  7.18652012E-01  8.29020126E-02 -4.30918920E-02
  2.50000000E-02  2.10398322E-02 -3.88975981E+01  0.00000000E+00  6.95098748E-01  8.03746624E-02 -4.16642975E-02
  2.75000000E-02  2.27481375E-02 -3.88974003E+01  0.00000000E+00  6.73127466E-01  7.80160824E-02 -4.03336964E-02
  3.00000000E-02  2.44034921E-02 -3.88972082E+01  0.00000000E+00  6.52633092E-01  7.58151836E-02 -3.90933878E-02
  3.25000000E-02  2.60094568E-02 -3.88970215E+01  0.00000000E+00  6.33517408E-01  7.37616038E-02 -3.79371404E-02
  3.50000000E-02  2.75693558E-02 -3.88968396E+01  0.00000000E+00  6.15688632E-01  7.18456618E-02 -3.68591594E-02
  3.75000000E-02  2.90862914E-02 -3.88966624E+01  0.00000000E+00  5.99061009E-01  7.00583122E-02 -3.58540558E-02
  4.00000000E-02  3.05631594E-02 -3.88964895E+01  0.00000000E+00  5.83554430E-01  6.83911044E-02 -3.49168176E-02
  4.25000000E-02  3.20026622E-02 -3.88963206E+01  0.00000000E+00  5.69094070E-01  6.68361436E-02 -3.40427828E-02
  4.50000000E-02  3.34073219E-02 -3.88961554E+01  0.00000000E+00  5.55610044E-01  6.53860538E-02 -3.32276146E-02
  4.75000000E-02  3.47794920E-02 -3.88959938E+01  0.00000000E+00  5.43037091E-01  6.40339439E-02 -3.24672784E-02
  5.00000000E-02  3.61213686E-02 -3.88958354E+01  0.00000000E+00  5.31314274E-01  6.27733762E-02 -3.17580199E-02
  5.25000000E-02  3.74350007E-02 -3.88956800E+01  0.00000000E+00  5.20384698E-01  6.15983361E-02 -3.10963457E-02
  5.50000000E-02  3.87223005E-02 -3.88955275E+01  0.00000000E+00  5.10195243E-01  6.05032043E-02 -3.04790043E-02
  5.75000000E-02  3.99850518E-02 -3.88953776E+01  0.00000000E+00  5.00696326E-01  5.94827311E-02 -2.99029695E-02
  6.00000000E-02  4.12249189E-02 -3.88952302E+01  0.00000000E+00  4.91841658E-01  5.85320118E-02 -2.93654241E-02
  6.25000000E-02  4.24434548E-02 -3.88950851E+01  0.00000000E+00  4.83588037E-01  5.76464642E-02 -2.88637454E-02
  6.50000000E-02  4.36421078E-02 -3.88949420E+01  0.00000000E+00  4.75895140E-01  5.68218073E-02 -2.83954913E-02
  6.75000000E-02  4.48222296E-02 -3.88948010E+01  0.00000000E+00  4.68725335E-01  5.60540415E-02 -2.79583879E-02
  7.00000000E-02  4.59850806E-02 -3.88946618E+01  0.00000000E+00  4.62043503E-01  5.53394299E-02 -2.75503175E-02
  7.25000000E-02  4.71318371E-02 -3.88945244E+01  0.00000000E+00  4.55816871E-01  5.46744813E-02 -2.71693077E-02
  7.50000000E-02  4.82635960E-02 -3.88943885E+01  0.00000000E+00  4.50014859E-01  5.40559341E-02 -2.68135214E-02
  7.75000000E-02  4.93813806E-02 -3.88942542E+01  0.00000000E+00  4.44608931E-01  5.34807407E-02 -2.64812472E-02
  8.00000000E-02  5.04861455E-02 -3.88941212E+01  0.00000000E+00  4.39572463E-01  5.29460541E-02 -2.61708908E-02
  8.25000000E-02  5.15787811E-02 -3.88939895E+01  0.00000000E+00  4.34880614E-01  5.24492142E-02 -2.58809668E-02
  8.50000000E-02  5.26601178E-02 -3.88938590E+01  0.00000000E+00  4.30510209E-01  5.19877357E-02 -2.56100911E-02
  8.75000000E-02  5.37309303E-02 -3.88937296E+01  0.00000000E+00  4.26439624E-01  5.15592966E-02 -2.53569741E-02
  9.00000000E-02  5.47919412E-02 -3.88936012E+01  0.00000000E+00  4.22648688E-01  5.11617275E-02 -2.51204138E-02
  9.25000000E-02  5.58438242E-02 -3.88934738E+01  0.00000000E+00  4.19118582E-01  5.07930015E-02 -2.48992901E-02
  9.50000000E-02  5.68872080E-02 -3.88933473E+01  0.00000000E+00  4.15831752E-01  5.04512247E-02 -2.46925593E-02
  9.75000000E-02  5.79226789E-02 -3.88932216E+01  0.00000000E+00  4.12771820E-01  5.01346280E-02 -2.44992482E-02
  1.00000000E-01  5.89507835E-02 -3.88930967E+01  0.00000000E+00  4.09923513E-01  4.98415582E-02 -2.43184499E-02
  1.02500000E-01  5.99720319E-02 -3.88929724E+01  0.00000000E+00  4.07272578E-01  4.95704708E-02 -2.41493189E-02
  1.05000000E-01  6.09868997E-02 -3.88928488E+01  0.00000000E+00  4.04805725E-01  4.93199229E-02 -2.39910671E-02
  1.07500000E-01  6.19958304E-02 -3.88927258E+01  0.00000000E+00  4.02510556E-01  4.90885660E-02 -2.38429598E-02
  1.10000000E-01  6.29992379E-02 -3.88926034E+01  0.00000000E+00  4.00375505E-01  4.88751407E-02 -2.37043120E-02
  1.12500000E-01  6.39975078E-02 -3.88924815E+01  0.00000000E+00  3.98389787E-01  4.86784700E-02 -2.35744849E-02
  1.15000000E-01  6.49910001E-02 -3.88923600E+01  0.00000000E+00  3.96543340E-01  4.84974542E-02 -2.34528831E-02
  1.17500000E-01  6.59800504E-02 -3.88922390E+01  0.00000000E+00  3.94826780E-01  4.83310660E-02 -2.33389515E-02
  1.20000000E-01  6.69649717E-02 -3.88921184E+01  0.00000000E+00  3.93231355E-01  4.81783455E-02 -2.32321722E-02
  1.22500000E-01  6.79460558E-02 -3.88919982E+01  0.00000000E+00  3.91748902E-01  4.80383959E-02 -2.31320625E-02
  1.25000000E-01  6.89235750E-02 -3.88918782E+01  0.00000000E+00  3.90371806E-01  4.79103792E-02 -2.30381723E-02
  1.27500000E-01  6.98977831E-02 -3.88917586E+01  0.00000000E+00  3.89092968E-01  4.77935126E-02 -2.29500816E-02
  1.30000000E-01  7.08689170E-02 -3.88916393E+01  0.00000000E+00  3.87905764E-01  4.76870647E-02 -2.28673991E-02
  1.32500000E-01  7.18371974E-02 -3.88915202E+01  0.00000000E+00  3.86804018E-01  4.75903520E-02 -2.27897597E-02
  1.35000000E-01  7.28028303E-02 -3.88914013E+01  0.00000000E+00  3.85781968E-01  4.75027360E-02 -2.27168227E-02
  1.37500000E-01  7.37660076E-02 -3.88912827E+01  0.00000000E+00  3.84834242E-01  4.74236202E-02 -2.26482708E-02
  1.40000000E-01  7.47269086E-02 -3.88911642E+01  0.00000000E+00  3.83955830E-01  4.73524473E-02 -2.25838076E-02
  1.42500000E-01  7.56857001E-02 -3.88910459E+01  0.00000000E+00  3.83142059E-01  4.72886963E-02 -2.25231571E-02
  1.45000000E-01  7.66425381E-02 -3.88909278E+01  0.00000000E+00  3.82388570E-01  4.72318809E-02 -2.24660616E-02
  1.47500000E-01  7.75975676E-02 -3.88908098E+01  0.00000000E+00  3.81691299E-01  4.71815465E-02 -2.24122808E-02
  1.50000000E-01  7.85509243E-02 -3.88906919E+01  0.00000000E+00  3.81046456E-01  4.71372682E-02 -2.23615905E-02
  1.52500000E-01  7.95027344E-02 -3.88905741E+01  0.00000000E+00  3.80450505E-01  4.70986494E-02 -2.23137818E-02
  1.55000000E-01  8.04531157E-02 -3.88904564E+01  0.00000000E+00  3.79900150E-01  4.70653192E-02 -2.22686597E-02
  1.57500000E-01  8.14021781E-02 -3.88903388E+01  0.00000000E+00  3.79392316E-01  4.70369314E-02 -2.22260423E-02
  1.60000000E-01  8.23500241E-02 -3.88902212E+01  0.00000000E+00  3.78924137E-01  4.70131622E-02 -2.21857600E-02
  1.62500000E-01  8.32967492E-02 -3.88901037E+01  0.00000000E+00  3.78492938E-01  4.69937093E-02 -2.21476545E-02
  1.65000000E-01  8.42424426E-02 -3.88899863E+01  0.00000000E+00  3.78096225E-01  4.69782902E-02 -2.21115783E-02
  1.67500000E-01  8.51871873E-02 -3.88898688E+01  0.00000000E+00  3.77731673E-01  4.69666410E-02 -2.20773938E-02
  1.70000000E-01  8.61310608E-02 -3.88897514E+01  0.00000000E+00  3.77397114E-01  4.69585151E-02 -2.20449724E-02
  1.72500000E-01  8.70741353E-02 -3.88896341E+01  0.00000000E+00  3.77090524E-01  4.69536821E-02 -2.20141944E-02
  1.75000000E-01  8.80164784E-02 -3.88895167E+01  0.00000000E+00  3.76810018E-01  4.69519268E-02 -2.19849480E-02
  1.77500000E-01  8.89581528E-02 -3.88893993E+01  0.00000000E+00  3.76553837E-01  4.69530480E-02 -2.19571292E-02
  1.80000000E-01  8.98992172E-02 -3.88892819E+01  0.00000000E+00  3.76320341E-01  4.69568579E-02 -2.19306405E-02
  1.82500000E-01  9.08397262E-02 -3.88891645E+01  0.00000000E+00  3.76107999E-01  4.69631809E-02 -2.19053914E-02
  1.85000000E-01  9.17797307E-02 -3.88890471E+01  0.00000000E+00  3.76204659E-01  4.72420082E-02 -2.21324663E-02
  1.87500000E-01  9.27203632E-02 -3.88889286E+01  0.00000000E+00  3.76018058E-01  4.72424911E-02 -2.20997192E-02
  1.90000000E-01  9.36601751E-02 -3.88888105E+01  0.00000000E+00  3.75848878E-01  4.72438236E-02 -2.20653847E-02
  1.92500000E-01  9.45995858E-02 -3.88886924E+01  0.00000000E+00  3.75693289E-01  4.72455777E-02 -2.20313521E-02
  1.95000000E-01  9.55386246E-02 -3.88885743E+01  0.00000000E+00  3.75553157E-01  4.72496354E-02 -2.19986728E-02
  1.97500000E-01  9.64773323E-02 -3.88884562E+01  0.00000000E+00  3.75427747E-01  4.72561075E-02 -2.19675523E-02
  2.00000000E-01  9.74157449E-02 -3.88883380E+01  0.00000000E+00 -6.24988779E-01 -7.47644984E-02  3.57650455E-02
  2.02500000E-01  9.46027523E-02 -3.88886775E+01  0.00000000E+00 -5.96636799E-01 -7.12956572E-02  3.31040801E-02
  2.05000000E-01  9.31466003E-02 -3.88888514E+01  0.00000000E+00 -5.60982636E-01 -6.71226447E-02  3.17113502E-02
  2.07500000E-01  9.17887114E-02 -3.88890140E+01  0.00000000E+00 -5.24470146E-01 -6.27788830E-02  2.95414754E-02
  2.10000000E-01  9.05231766E-02 -3.88891655E+01  0.00000000E+00 -4.89373048E-01 -5.86151223E-02  2.76093926E-02
  2.12500000E-01  8.93436154E-02 -3.88893068E+01  0.00000000E+00 -4.56303583E-01 -5.46891089E-02  2.57906283E-02
  2.15000000E-01  8.82441933E-02 -3.88894386E+01  0.00000000E+00 -4.25367158E-01 -5.10132438E-02  2.40861940E-02
  2.17500000E-01  8.72194459E-02 -3.88895616E+01  0.00000000E+00 -3.96499943E-01 -4.75802481E-02  2.24916093E-02
  2.20000000E-01  8.62642800E-02 -3.88896762E+01  0.00000000E+00 -3.69587668E-01 -4.43769917E-02  2.10008303E-02
  2.22500000E-01  8.53739512E-02 -3.88897832E+01  0.00000000E+00 -3.44505414E-01 -4.13890751E-02  1.96075647E-02
  2.25000000E-01  8.45440405E-02 -3.88898829E+01  0.00000000E+00 -3.21130665E-01 -3.86023410E-02  1.83056913E-02
  2.27500000E-01  8.37704323E-02 -3.88899759E+01  0.00000000E+00 -2.99347298E-01 -3.60033407E-02  1.70893882E-02
  2.30000000E-01  8.30492932E-02 -3.88900627E+01  0.00000000E+00 -2.79046544E-01 -3.35794505E-02  1.59531631E-02
  2.32500000E-01  8.23770528E-02 -3.88901436E+01  0.00000000E+00 -2.60126945E-01 -3.13188709E-02  1.48918513E-02
  2.35000000E-01  8.17503850E-02 -3.88902191E+01  0.00000000E+00 -2.42493994E-01 -2.92105901E-02  1.39006036E-02
  2.37500000E-01  8.11661912E-02 -3.88902895E+01  0.00000000E+00 -2.26059700E-01 -2.72443368E-02  1.29748710E-02
  2.40000000E-01  8.06215848E-02 -3.88903551E+01  0.00000000E+00 -2.10742148E-01 -2.54105328E-02  1.21103885E-02
  2.42500000E-01  8.01138764E-02 -3.88904164E+01  0.00000000E+00 -1.96465072E-01 -2.37002464E-02  1.13031593E-02
  2.45000000E-01  7.96405600E-02 -3.88904735E+01  0.00000000E+00 -1.83157463E-01 -2.21051490E-02  1.05494394E-02
  2.47500000E-01  7.91993009E-02 -3.88905267E+01  0.00000000E+00 -1.70753203E-01 -2.06174745E-02  9.84572272E-03
  2.50000000E-01  7.87879232E-02 -3.88905764E+01  0.00000000E+00 -1.59190717E-01 -1.92299813E-02  9.18872725E-03
  2.52500000E-01  7.84043995E-02 -3.88906228E+01  0.00000000E+00 -1.48412663E-01 -1.79359165E-02  8.57538136E-03
  2.55000000E-01  7.80468404E-02 -3.88906660E+01  0.00000000E+00 -1.38365631E-01 -1.67289834E-02  8.00281117E-03
  2.57500000E-01  7.77134851E-02 -3.88907063E+01  0.00000000E+00 -1.28999874E-01 -1.56033099E-02  7.46832836E-03
  2.60000000E-01  7.74026926E-02 -3.88907439E+01  0.00000000E+00 -1.20269051E-01 -1.45534205E-02  6.96941876E-03
  2.62500000E-01  7.71129335E-02 -3.88907790E+01  0.00000000E+00 -1.12129991E-01 -1.35742091E-02  6.50373149E-03
  2.65000000E-01  7.68427824E-02 -3.88908117E+01  0.00000000E+00 -1.04542476E-01 -1.26609141E-02  6.06906874E-03
  2.67500000E-01  7.65909106E-02 -3.88908422E+01  0.00000000E+00 -9.74690355E-02 -1.18090949E-02  5.66337614E-03
  2.70000000E-01  7.63560798E-02 -3.88908707E+01  0.00000000E+00 -9.08747557E-02 -1.10146107E-02  5.28473366E-03
  2.72500000E-01  7.61371358E-02 -3.88908972E+01  0.00000000E+00 -8.47271056E-02 -1.02735997E-02  4.93134704E-03
  2.75000000E-01  7.59330026E-02 -3.88909220E+01  0.00000000E+00 -7.89957722E-02 -9.58246070E-03  4.60153980E-03
  2.77500000E-01  7.57426773E-02 -3.88909450E+01  0.00000000E+00 -7.36525078E-02 -8.93783509E-03  4.29374566E-03
  2.80000000E-01  7.55652251E-02 -3.88909666E+01  0.00000000E+00 -6.86709884E-02 -8.33659079E-03  4.00650143E-03
  2.82500000E-01  7.53997745E-02 -3.88909867E+01  0.00000000E+00 -6.40266819E-02 -7.77580679E-03  3.73844037E-03
  2.85000000E-01  7.52455132E-02 -3.88910054E+01  0.00000000E+00 -5.96967251E-02 -7.25275894E-03  3.48828595E-03
  2.87500000E-01  7.51016838E-02 -3.88910229E+01  0.00000000E+00 -5.56598098E-02 -6.76490665E-03  3.25484597E-03
  2.90000000E-01  7.49675805E-02 -3.88910392E+01  0.00000000E+00 -5.18960760E-02 -6.30988054E-03  3.03700707E-03
  2.92500000E-01  7.48425449E-02 -3.88910544E+01  0.00000000E+00 -4.83870135E-02 -5.88547083E-03  2.83372962E-03
  2.95000000E-01  7.47259637E-02 -3.88910686E+01  0.00000000E+00 -4.51153691E-02 -5.48961663E-03  2.64404284E-03
  2.97500000E-01  7.46172649E-02 -3.88910818E+01  0.00000000E+00 -4.20650612E-02 -5.12039586E-03  2.46704037E-03
  3.00000000E-01  7.45159151E-02 -3.88910942E+01  0.00000000E+00 -3.92211000E-02 -4.77601588E-03  2.30187595E-03
  3.02500000E-01  7.44214173E-02 -3.88911057E+01  0.00000000E+00 -3.65695127E-02 -4.45480483E-03  2.14775955E-03
  3.05000000E-01  7.43333080E-02 -3.88911164E+01  0.00000000E+00 -3.40972746E-02 -4.15520339E-03  2.00395364E-03
  3.07500000E-01  7.42511551E-02 -3.88911264E+01  0.00000000E+00 -3.17922441E-02 -3.87575726E-03  1.86976971E-03
  3.10000000E-01  7.41745558E-02 -3.88911358E+01  0.00000000E+00 -2.96431034E-02 -3.61511008E-03  1.74456508E-03
  3.12500000E-01  7.41031345E-02 -3.88911445E+01  0.00000000E+00 -2.76393013E-02 -3.37199679E-03  1.62773984E-03
  3.15000000E-01  7.40365410E-02 -3.88911526E+01  0.00000000E+00 -2.57710024E-02 -3.14523751E-03  1.51873401E-03
  3.17500000E-01  7.39744488E-02 -3.88911602E+01  0.00000000E+00 -2.40290373E-02 -2.93373180E-03  1.41702495E-03
  3.20000000E-01  7.39165537E-02 -3.88911672E+01  0.00000000E+00 -2.24048581E-02 -2.73645327E-03  1.32212484E-03
  3.22500000E-01  7.38625718E-02 -3.88911738E+01  0.00000000E+00 -2.08904958E-02 -2.55244465E-03  1.23357839E-03
  3.25000000E-01  7.38122385E-02 -3.88911800E+01  0.00000000E+00 -1.94785212E-02 -2.38081309E-03  1.15096069E-03
  3.27500000E-01  7.37653071E-02 -3.88911857E+01  0.00000000E+00 -1.81620083E-02 -2.22072585E-03  1.07387516E-03
  3.30000000E-01  7.37215478E-02 -3.88911911E+01  0.00000000E+00 -1.69344999E-02 -2.07140622E-03  1.00195170E-03
  3.32500000E-01  7.36807459E-02 -3.88911961E+01  0.00000000E+00 -1.57899759E-02 -1.93212978E-03  9.34844935E-04
  3.35000000E-01  7.36427016E-02 -3.88912007E+01  0.00000000E+00 -1.47228241E-02 -1.80222085E-03  8.72232537E-04
  3.37500000E-01  7.36072285E-02 -3.88912051E+01  0.00000000E+00 -1.37278116E-02 -1.68104922E-03  8.13813718E-04
  3.40000000E-01  7.35741527E-02 -3.88912091E+01  0.00000000E+00 -1.28000602E-02 -1.56802712E-03  7.59307787E-04
  3.42500000E-01  7.35433123E-02 -3.88912129E+01  0.00000000E+00 -1.19350215E-02 -1.46260628E-03  7.08452812E-04
  3.45000000E-01  7.35145560E-02 -3.88912164E+01  0.00000000E+00 -1.11284549E-02 -1.36427538E-03  6.61004371E-04
  3.47500000E-01  7.34877431E-02 -3.88912197E+01  0.00000000E+00 -1.03764067E-02 -1.27255746E-03  6.16734384E-04
  3.50000000E-01  7.34627421E-02 -3.88912228E+01  0.00000000E+00 -9.67519083E-03 -1.18700769E-03  5.75430022E-04
  3.52500000E-01  7.34394307E-02 -3.88912256E+01  0.00000000E+00 -9.02137045E-03 -1.10721113E-03  5.36892694E-04
  3.55000000E-01  7.34176945E-02 -3.88912283E+01  0.00000000E+00 -8.41174121E-03 -1.03278081E-03  5.00937089E-04
  3.57500000E-01  7.33974272E-02 -3.88912308E+01  0.00000000E+00 -7.84331554E-03 -9.63355744E-04  4.67390298E-04
  3.60000000E-01  7.33785295E-02 -3.88912331E+01  0.00000000E+00 -7.31330791E-03 -8.98599271E-04  4.36090980E-04
  3.62500000E-01  7.33609087E-02 -3.88912353E+01  0.00000000E+00 -6.81912119E-03 -8.38197362E-04  4.06888593E-04
  3.65000000E-01  7.33444786E-02 -3.88912373E+01  0.00000000E+00 -6.35833387E-03 -7.81857120E-04  3.79642670E-04
  3.67500000E-01  7.33291588E-02 -3.88912392E+01  0.00000000E+00 -5.92868821E-03 -7.29305354E-04  3.54222147E-04
  3.70000000E-01  7.33148741E-02 -3.88912409E+01  0.00000000E+00 -5.52807914E-03 -6.80287250E-04  3.30504734E-04
  3.72500000E-01  7.33015547E-02 -3.88912426E+01  0.00000000E+00 -5.15454392E-03 -6.34565136E-04  3.08376329E-04
  3.75000000E-01  7.32891352E-02 -3.88912441E+01  0.00000000E+00 -4.80625253E-03 -5.91917333E-04  2.87730470E-04
  3.77500000E-01  7.32775550E-02 -3.88912455E+01  0.00000000E+00 -4.48149868E-03 -5.52137069E-04  2.68467824E-04
  3.80000000E-01  7.32667572E-02 -3.88912469E+01  0.00000000E+00 -4.17869143E-03 -5.15031486E-04  2.50495711E-04
  3.82500000E-01  7.32566889E-02 -3.88912481E+01  0.00000000E+00 -3.89634743E-03 -4.80420698E-04  2.33727658E-04
  3.85000000E-01  7.32473010E-02 -3.88912493E+01  0.00000000E+00 -3.63308358E-03 -4.48136920E-04  2.18082985E-04
  3.87500000E-01  7.32385474E-02 -3.88912503E+01  0.00000000E+00 -3.38761030E-03 -4.18023652E-04  2.03486415E-04
  3.90000000E-01  7.32303852E-02 -3.88912514E+01  0.00000000E+00 -3.15872519E-03 -3.89934924E-04  1.89867715E-04
  3.92500000E-01  7.32227745E-02 -3.88912523E+01  0.00000000E+00 -2.94530713E-03 -3.63734582E-04  1.77161356E-04
  3.95000000E-01  7.32156780E-02 -3.88912532E+01  0.00000000E+00 -2.74631078E-03 -3.39295633E-04  1.65306201E-04
  3.97500000E-01  7.32090610E-02 -3.88912540E+01  0.00000000E+00 -2.56076146E-03 -3.16499625E-04  1.54245207E-04
  4.00000000E-01  7.32028910E-02 -3.88912547E+01  0.00000000E+00 -2.38775038E-03 -2.95236072E-04  1.43925154E-04
  4.02500000E-01  7.31971379E-02 -3.88912555E+01  0.00000000E+00 -2.22643018E-03 -2.75401922E-04  1.34296389E-04
  4.05000000E-01  7.31917735E-02 -3.88912561E+01  0.00000000E+00 -2.07601078E-03 -2.56901053E-04  1.25312586E-04
  4.07500000E-01  7.31867714E-02 -3.88912567E+01  0.00000000E+00 -1.93575549E-03 -2.39643808E-04  1.16930523E-04
  4.10000000E-01  7.31821074E-02 -3.88912573E+01  0.00000000E+00 -1.80497741E-03 -2.23546561E-04  1.09109874E-04
  4.12500000E-01  7.31777584E-02 -3.88912579E+01  0.00000000E+00 -1.68303609E-03 -2.08531312E-04  1.01813016E-04
  4.15000000E-01  7.31737032E-02 -3.88912584E+01  0.00000000E+00 -1.56933435E-03 -1.94525303E-04  9.50048483E-05
  4.17500000E-01  7.31699220E-02 -3.88912588E+01  0.00000000E+00 -1.46331537E-03 -1.81460675E-04  8.86526210E-05
  4.20000000E-01  7.31663963E-02 -3.88912593E+01  0.00000000E+00 -1.36445997E-03 -1.69274128E-04  8.27257803E-05
  4.22500000E-01  7.31631087E-02 -3.88912597E+01  0.00000000E+00 -1.27228406E-03 -1.57906622E-04  7.71958200E-05
  4.25000000E-01  7.31600432E-02 -3.88912601E+01  0.00000000E+00 -1.18633626E-03 -1.47303088E-04  7.20361443E-05
  4.27500000E-01  7.31571848E-02 -3.88912604E+01  0.00000000E+00 -1.10619570E-03 -1.37412158E-04  6.72219403E-05
  4.30000000E-01  7.31545195E-02 -3.88912607E+01  0.00000000E+00 -1.03146996E-03 -1.28185922E-04  6.27300578E-05
  4.32500000E-01  7.31520342E-02 -3.88912611E+01  0.00000000E+00 -9.61793129E-04 -1.19579690E-04  5.85388988E-05
  4.35000000E-01  7.31497168E-02 -3.88912613E+01  0.00000000E+00 -8.96824033E-04 -1.11551778E-04  5.46283125E-05
  4.37500000E-01  7.31475560E-02 -3.88912616E+01  0.00000000E+00 -8.36244552E-04 -1.04063305E-04  5.09794990E-05
  4.40000000E-01  7.31455411E-02 -3.88912619E+01  0.00000000E+00 -7.79758066E-04 -9.70780052E-05  4.75749186E-05
  4.42500000E-01  7.31436623E-02 -3.88912621E+01  0.00000000E+00 -7.27088000E-04 -9.05620514E-05  4.43982071E-05
  4.45000000E-01  7.31419104E-02 -3.88912623E+01  0.00000000E+00 -6.77976469E-04 -8.44838912E-05  4.14340973E-05
  4.47500000E-01  7.31402769E-02 -3.88912625E+01  0.00000000E+00 -6.32183017E-04 -7.88140939E-05  3.86683452E-05
  4.50000000E-01  7.31387537E-02 -3.88912627E+01  0.00000000E+00 -5.89483436E-04 -7.35252083E-05  3.60876618E-05
  4.52500000E-01  7.31373333E-02 -3.88912629E+01  0.00000000E+00 -5.49668672E-04 -6.85916287E-05  3.36796485E-05
  4.55000000E-01  7.31360089E-02 -3.88912630E+01  0.00000000E+00 -5.12543795E-04 -6.39894716E-05  3.14327382E-05
  4.57500000E-01  7.31347740E-02 -3.88912632E+01  0.00000000E+00 -4.77927051E-04 -5.96964591E-05  2.93361386E-05
  4.60000000E-01  7.31336224E-02 -3.88912633E+01  0.00000000E+00 -4.45648966E-04 -5.56918118E-05  2.73797812E-05
  4.62500000E-01  7.31325486E-02 -3.88912635E+01  0.00000000E+00 -4.15551520E-04 -5.19561471E-05  2.55542721E-05
  4.65000000E-01  7.31315474E-02 -3.88912636E+01  0.00000000E+00 -3.87487370E-04 -4.84713860E-05  2.38508472E-05
  4.67500000E-01  7.31306137E-02 -3.88912637E+01  0.00000000E+00 -3.61319131E-04 -4.52206649E-05  2.22613297E-05
  4.70000000E-01  7.31297432E-02 -3.88912638E+01  0.00000000E+00 -3.36918699E-04 -4.21882541E-05  2.07780909E-05
  4.72500000E-01  7.31289314E-02 -3.88912639E+01  0.00000000E+00 -3.14166631E-04 -3.93594816E-05  1.93940132E-05
  4.75000000E-01  7.31281744E-02 -3.88912640E+01  0.00000000E+00 -2.92951551E-04 -3.67206619E-05  1.81024564E-05
  4.77500000E-01  7.31274685E-02 -3.88912641E+01  0.00000000E+00 -2.73169612E-04 -3.42590295E-05  1.68972250E-05
  4.80000000E-01  7.31268103E-02 -3.88912642E+01  0.00000000E+00 -2.54723983E-04 -3.19626772E-05  1.57725388E-05
  4.82500000E-01  7.31261966E-02 -3.88912643E+01  0.00000000E+00 -2.37524376E-04 -2.98204984E-05  1.47230050E-05
  4.85000000E-01  7.31256243E-02 -3.88912643E+01  0.00000000E+00 -2.21486604E-04 -2.78221331E-05  1.37435923E-05
  4.87500000E-01  7.31250906E-02 -3.88912644E+01  0.00000000E+00 -2.06532169E-04 -2.59579179E-05  1.28296063E-05
  4.90000000E-01  7.31245930E-02 -3.88912645E+01  0.00000000E+00 -1.92587878E-04 -2.42188390E-05  1.19766674E-05
  4.92500000E-01  7.31241289E-02 -3.88912645E+01  0.00000000E+00 -1.79585482E-04 -2.25964885E-05  1.11806894E-05
  4.95000000E-01  7.31236962E-02 -3.88912646E+01  0.00000000E+00 -1.67461345E-04 -2.10830239E-05  1.04378598E-05
  4.97500000E-01  7.31232927E-02 -3.88912646E+01  0.00000000E+00 -1.56156130E-04 -1.96711298E-05  9.74462182E-06
  5.00000000E-01  7.31229165E-02 -3.88912647E+01  0.00000000E+00 -1.45614510E-04 -1.83539825E-05  9.09765668E-06
