  0.00000000E+00  0.00000000E+00 -3.89000000E+01  0.00000000E+00  2.04407944E+00  2.30825860E-01 -1.23310173E-01
  2.50000000E-03  5.11019859E-03 -3.88994229E+01  0.00000000E+00  1.95840926E+00  2.22072904E-01 -1.17805864E-01
  5.00000000E-03  9.89913401E-03 -3.88988787E+01  0.00000000E+00  1.87828658E+00  2.13888315E-01 -1.12729779E-01
  7.50000000E-03  1.44946971E-02 -3.88983542E+01  0.00000000E+00  1.80287358E+00  2.06199213E-01 -1.07993491E-01
  1.00000000E-02  1.89076148E-02 -3.88978483E+01  0.00000000E+00  1.73224485E+00  1.99002490E-01 -1.03581736E-01
  1.25000000E-02  2.31499410E-02 -3.88973598E+01  0.00000000E+00  1.66621989E+00  1.92275492E-01 -9.94741753E-02
  1.50000000E-02  2.72329596E-02 -3.88968875E+01  0.00000000E+00  1.60454531E+00  1.85990889E-01 -9.56512668E-02
  1.75000000E-02  3.11672296E-02 -3.88964304E+01  0.00000000E+00  1.54695502E+00  1.80121124E-01 -9.20936124E-02
  2.00000000E-02  3.49626293E-02 -3.88959874E+01  0.00000000E+00  1.49318984E+00  1.74639786E-01 -8.87827001E-02
  2.25000000E-02  3.86283974E-02 -3.88955577E+01  0.00000000E+00  1.44300343E+00  1.69521962E-01 -8.57011345E-02
  2.50000000E-02  4.21731730E-02 -3.88951403E+01  0.00000000E+00  1.39616373E+00  1.64744280E-01 -8.28326791E-02
  2.75000000E-02  4.56050327E-02 -3.88947344E+01  0.00000000E+00  1.35245283E+00  1.60284853E-01 -8.01622248E-02
  3.00000000E-02  4.89315261E-02 -3.88943393E+01  0.00000000E+00  1.31166642E+00  1.56123200E-01 -7.76757310E-02
  3.25000000E-02  5.21597092E-02 -3.88939542E+01  0.00000000E+00  1.27361308E+00  1.52240155E-01 -7.53601585E-02
  3.50000000E-02  5.52961752E-02 -3.88935784E+01  0.00000000E+00  1.23811353E+00  1.48617794E-01 -7.32034032E-02
  3.75000000E-02  5.83470846E-02 -3.88932114E+01  0.00000000E+00  1.20499992E+00  1.45239345E-01 -7.11942307E-02
  4.00000000E-02  6.13181924E-02 -3.88928525E+01  0.00000000E+00  1.17411518E+00  1.42089122E-01 -6.93222152E-02
  4.25000000E-02  6.42148744E-02 -3.88925012E+01  0.00000000E+00  1.14531233E+00  1.39152451E-01 -6.75776814E-02
  4.50000000E-02  6.70421517E-02 -3.88921570E+01  0.00000000E+00  1.11845386E+00  1.36415604E-01 -6.59516505E-02
  4.75000000E-02  6.98047133E-02 -3.88918194E+01  0.00000000E+00  1.09341119E+00  1.33865740E-01 -6.44357898E-02
  5.00000000E-02  7.25069379E-02 -3.88914879E+01  0.00000000E+00  1.07006405E+00  1.31490847E-01 -6.30223652E-02
  5.25000000E-02  7.51529141E-02 -3.88911622E+01  0.00000000E+00  1.04830005E+00  1.29279686E-01 -6.17041981E-02
  5.50000000E-02  7.77464592E-02 -3.88908417E+01  0.00000000E+00  1.02801408E+00  1.27221745E-01 -6.04746238E-02
  5.75000000E-02  8.02911369E-02 -3.88905262E+01  0.00000000E+00  1.00910795E+00  1.25307186E-01 -5.93274548E-02
  6.00000000E-02  8.27902741E-02 -3.88902154E+01  0.00000000E+00  9.91489870E-01  1.23526808E-01 -5.82569451E-02
  6.25000000E-02  8.52469762E-02 -3.88899088E+01  0.00000000E+00  9.75074104E-01  1.21872000E-01 -5.72577579E-02
  6.50000000E-02  8.76641418E-02 -3.88896062E+01  0.00000000E+00  9.59780543E-01  1.20334708E-01 -5.63249361E-02
  6.75000000E-02  9.00444762E-02 -3.88893073E+01  0.00000000E+00  9.45534363E-01  1.18907393E-01 -5.54538737E-02
  7.00000000E-02  9.23905044E-02 -3.88890118E+01  0.00000000E+00  9.32871793E-01  1.18117323E-01 -5.51188163E-02
  7.25000000E-02  9.47068556E-02 -3.88887175E+01  0.00000000E+00  9.20492561E-01  1.16872313E-01 -5.43428047E-02
  7.50000000E-02  9.69926130E-02 -3.88884268E+01  0.00000000E+00  9.08970588E-01  1.15718013E-01 -5.36057622E-02
  7.75000000E-02  9.92506370E-02 -3.88881390E+01  0.00000000E+00  8.98233311E-01  1.14642368E-01 -5.29160400E-02
  8.00000000E-02  1.01482799E-01 -3.88878537E+01  0.00000000E+00  8.88238027E-01  1.13646570E-01 -5.22705317E-02
  8.25000000E-02  1.03690900E-01 -3.88875709E+01  0.00000000E+00  8.78935800E-01  1.12726025E-01 -5.16668809E-02
  8.50000000E-02  1.05876611E-01 -3.88872902E+01  0.00000000E+00  8.70280499E-01  1.11876135E-01 -5.11024475E-02
  8.75000000E-02  1.08041493E-01 -3.88870116E+01  0.00000000E+00  8.62228894E-01  1.11092445E-01 -5.05746176E-02
  9.00000000E-02  1.10187001E-01 -3.88867348E+01  0.00000000E+00  8.54740576E-01  1.10370741E-01 -5.00809063E-02
  9.25000000E-02  1.12314492E-01 -3.88864598E+01  0.00000000E+00  8.47777811E-01  1.09707060E-01 -4.96189827E-02
  9.50000000E-02  1.14425233E-01 -3.88861863E+01  0.00000000E+00  8.41305374E-01  1.09097690E-01 -4.91866703E-02
  9.75000000E-02  1.16520406E-01 -3.88859144E+01  0.00000000E+00  8.35290387E-01  1.08539156E-01 -4.87819405E-02
  1.00000000E-01  1.18601113E-01 -3.88856437E+01  0.00000000E+00  8.29702168E-01  1.08028203E-01 -4.84029036E-02
  1.02500000E-01  1.20668384E-01 -3.88853743E+01  0.00000000E+00  8.24512084E-01  1.07561786E-01 -4.80477995E-02
  1.05000000E-01  1.22723176E-01 -3.88851060E+01  0.00000000E+00  8.19693416E-01  1.07137054E-01 -4.77149890E-02
  1.07500000E-01  1.24766386E-01 -3.88848387E+01  0.00000000E+00  8.15221232E-01  1.06751341E-01 -4.74029452E-02
  1.10000000E-01  1.26798849E-01 -3.88845723E+01  0.00000000E+00  8.11072269E-01  1.06402151E-01 -4.71102458E-02
  1.12500000E-01  1.28821344E-01 -3.88843067E+01  0.00000000E+00  8.07224820E-01  1.06087148E-01 -4.68355659E-02
  1.15000000E-01  1.30834596E-01 -3.88840419E+01  0.00000000E+00  8.03658634E-01  1.05804145E-01 -4.65776712E-02
  1.17500000E-01  1.32839285E-01 -3.88837777E+01  0.00000000E+00  8.00354815E-01  1.05551097E-01 -4.63354118E-02
  1.20000000E-01  1.34836043E-01 -3.88835141E+01  0.00000000E+00  7.97295735E-01  1.05326090E-01 -4.61077162E-02
  1.22500000E-01  1.36825458E-01 -3.88832511E+01  0.00000000E+00  7.94464947E-01  1.05127332E-01 -4.58935860E-02
  1.25000000E-01  1.38808082E-01 -3.88829885E+01  0.00000000E+00  7.91847108E-01  1.04953146E-01 -4.56920909E-02
  1.27500000E-01  1.40784427E-01 -3.88827264E+01  0.00000000E+00  7.89427903E-01  1.04801963E-01 -4.55023639E-02
  1.30000000E-01  1.42754973E-01 -3.88824646E+01  0.00000000E+00  7.87193978E-01  1.04672315E-01 -4.53235969E-02
  1.32500000E-01  1.44720166E-01 -3.88822030E+01  0.00000000E+00  7.85132878E-01  1.04562829E-01 -4.51550371E-02
  1.35000000E-01  1.46680422E-01 -3.88819418E+01  0.00000000E+00  7.83232981E-01  1.04472217E-01 -4.49959824E-02
  1.37500000E-01  1.48636129E-01 -3.88816807E+01  0.00000000E+00  7.81483447E-01  1.04399277E-01 -4.48457787E-02
  1.40000000E-01  1.50587651E-01 -3.88814198E+01  0.00000000E+00  7.79874163E-01  1.04342883E-01 -4.47038162E-02
  1.42500000E-01  1.52535325E-01 -3.88811590E+01  0.00000000E+00  7.78395698E-01  1.04301981E-01 -4.45695266E-02
  1.45000000E-01  1.54479466E-01 -3.88808983E+01  0.00000000E+00  7.77039253E-01  1.04275585E-01 -4.44423798E-02
  1.47500000E-01  1.56420368E-01 -3.88806376E+01  0.00000000E+00  7.75796619E-01  1.04262772E-01 -4.43218821E-02
  1.50000000E-01  1.58358307E-01 -3.88803770E+01  0.00000000E+00  7.74660142E-01  1.04262679E-01 -4.42075728E-02
  1.52500000E-01  1.60293536E-01 -3.88801164E+01  0.00000000E+00  7.73622679E-01  1.04274498E-01 -4.40990227E-02
  1.55000000E-01  1.62226296E-01 -3.88798557E+01  0.00000000E+00  7.72677571E-01  1.04297472E-01 -4.39958317E-02
  1.57500000E-01  1.64156809E-01 -3.88795949E+01  0.00000000E+00  7.71818603E-01  1.04330894E-01 -4.38976265E-02
  1.60000000E-01  1.66085282E-01 -3.88793340E+01  0.00000000E+00  7.71039982E-01  1.04374102E-01 -4.38040593E-02
  1.62500000E-01  1.68011908E-01 -3.88790730E+01  0.00000000E+00  7.70336300E-01  1.04426477E-01 -4.37148058E-02
  1.65000000E-01  1.69936869E-01 -3.88788119E+01  0.00000000E+00  7.69702517E-01  1.04487438E-01 -4.36295635E-02
  1.67500000E-01  1.71860333E-01 -3.88785506E+01  0.00000000E+00  7.69133930E-01  1.04556443E-01 -4.35480506E-02
  1.70000000E-01  1.73782458E-01 -3.88782891E+01  0.00000000E+00  7.69196346E-01  1.05093710E-01 -4.37842652E-02
  1.72500000E-01  1.75705526E-01 -3.88780257E+01  0.00000000E+00  7.68720966E-01  1.05159836E-01 -4.36940307E-02
  1.75000000E-01  1.77626735E-01 -3.88777627E+01  0.00000000E+00  7.68300420E-01  1.05230266E-01 -4.36098343E-02
  1.77500000E-01  1.79546960E-01 -3.88774996E+01  0.00000000E+00  7.67923189E-01  1.05303773E-01 -4.35242371E-02
  1.80000000E-01  1.81466296E-01 -3.88772362E+01  0.00000000E+00  7.67592994E-01  1.05384028E-01 -4.34419062E-02
  1.82500000E-01  1.83384866E-01 -3.88769727E+01  0.00000000E+00  7.67307280E-01  1.05471049E-01 -4.33630196E-02
  1.85000000E-01  1.85302777E-01 -3.88767089E+01  0.00000000E+00  7.67063283E-01  1.05564599E-01 -4.32874787E-02
  1.87500000E-01  1.87220130E-01 -3.88764448E+01  0.00000000E+00  7.66858280E-01  1.05664328E-01 -4.32150936E-02
  1.90000000E-01  1.89137020E-01 -3.88761806E+01  0.00000000E+00  7.66689678E-01  1.05769867E-01 -4.31456556E-02
  1.92500000E-01  1.91053533E-01 -3.88759160E+01  0.00000000E+00  7.66555045E-01  1.05880859E-01 -4.30789598E-02
  1.95000000E-01  1.92969753E-01 -3.88756512E+01  0.00000000E+00  7.66452103E-01  1.05996963E-01 -4.30148111E-02
  1.97500000E-01  1.94885754E-01 -3.88753860E+01  0.00000000E+00  7.66378728E-01  1.06117861E-01 -4.29530270E-02
  2.00000000E-01  1.96801609E-01 -3.88751206E+01  0.00000000E+00  7.66332937E-01  1.06243251E-01 -4.28934366E-02
  2.02500000E-01  1.98717384E-01 -3.88748548E+01  0.00000000E+00  7.66312879E-01  1.06372855E-01 -4.28358809E-02
  2.05000000E-01  2.00633142E-01 -3.88745887E+01  0.00000000E+00  7.66316829E-01  1.06506410E-01 -4.27802116E-02
  2.07500000E-01  2.02548939E-01 -3.88743223E+01  0.00000000E+00  7.66343176E-01  1.06643671E-01 -4.27262906E-02
  2.10000000E-01  2.04464829E-01 -3.88740555E+01  0.00000000E+00  7.66390419E-01  1.06784409E-01 -4.26739892E-02
  2.12500000E-01  2.06380865E-01 -3.88737884E+01  0.00000000E+00  7.66457157E-01  1.06928409E-01 -4.26231877E-02
  2.15000000E-01  2.08297091E-01 -3.88735209E+01  0.00000000E+00  7.66542084E-01  1.07075471E-01 -4.25737745E-02
  2.17500000E-01  2.10213552E-01 -3.88732530E+01  0.00000000E+00  7.66643979E-01  1.07225406E-01 -4.25256457E-02
  2.20000000E-01  2.12130290E-01 -3.88729847E+01  0.00000000E+00  7.66761706E-01  1.07378041E-01 -4.24787045E-02
  2.22500000E-01  2.14047341E-01 -3.88727161E+01  0.00000000E+00  7.66894204E-01  1.07533211E-01 -4.24328609E-02
  2.25000000E-01  2.15964742E-01 -3.88724471E+01  0.00000000E+00  7.67040483E-01  1.07690762E-01 -4.23880309E-02
  2.27500000E-01  2.17882526E-01 -3.88721777E+01  0.00000000E+00  7.67199622E-01  1.07850551E-01 -4.23441366E-02
  2.30000000E-01  2.19800724E-01 -3.88719078E+01  0.00000000E+00  7.67370757E-01  1.08012444E-01 -4.23011051E-02
  2.32500000E-01  2.21719365E-01 -3.88716376E+01  0.00000000E+00  7.67553087E-01  1.08176315E-01 -4.22588687E-02
  2.35000000E-01  2.23638476E-01 -3.88713669E+01  0.00000000E+00  7.67745862E-01  1.08342048E-01 -4.22173645E-02
  2.37500000E-01  2.25558081E-01 -3.88710959E+01  0.00000000E+00  7.67948384E-01  1.08509532E-01 -4.21765337E-02
  2.40000000E-01  2.27478205E-01 -3.88708244E+01  0.00000000E+00  7.68160000E-01  1.08678666E-01 -4.21363218E-02
  2.42500000E-01  2.29398870E-01 -3.88705525E+01  0.00000000E+00  7.68380101E-01  1.08849352E-01 -4.20966779E-02
  2.45000000E-01  2.31320095E-01 -3.88702802E+01  0.00000000E+00  7.68608122E-01  1.09021502E-01 -4.20575546E-02
  2.47500000E-01  2.33241901E-01 -3.88700074E+01  0.00000000E+00  7.68843532E-01  1.09195032E-01 -4.20189079E-02
  2.50000000E-01  2.35164304E-01 -3.88697342E+01  0.00000000E+00  7.69085839E-01  1.09369863E-01 -4.19806969E-02
  2.52500000E-01  2.37087321E-01 -3.88694605E+01  0.00000000E+00  7.69334580E-01  1.09545921E-01 -4.19428834E-02
  2.55000000E-01  2.39010969E-01 -3.88691865E+01  0.00000000E+00  7.69589328E-01  1.09723139E-01 -4.19054319E-02
  2.57500000E-01  2.40935260E-01 -3.88689119E+01  0.00000000E+00  7.69849680E-01  1.09901453E-01 -4.18683094E-02
  2.60000000E-01  2.42860210E-01 -3.88686369E+01  0.00000000E+00  7.70115264E-01  1.10080801E-01 -4.18314850E-02
  2.62500000E-01  2.44785830E-01 -3.88683615E+01  0.00000000E+00  7.70385731E-01  1.10261129E-01 -4.17949303E-02
  2.65000000E-01  2.46712132E-01 -3.88680856E+01  0.00000000E+00  7.70660755E-01  1.10442383E-01 -4.17586186E-02
  2.67500000E-01  2.48639128E-01 -3.88678093E+01  0.00000000E+00  7.70940032E-01  1.10624514E-01 -4.17225252E-02
  2.70000000E-01  2.50566827E-01 -3.88675325E+01  0.00000000E+00  7.71223280E-01  1.10807478E-01 -4.16866269E-02
  2.72500000E-01  2.52495240E-01 -3.88672553E+01  0.00000000E+00  7.71510235E-01  1.10991230E-01 -4.16509025E-02
  2.75000000E-01  2.54424374E-01 -3.88669776E+01  0.00000000E+00  7.71800649E-01  1.11175731E-01 -4.16153319E-02
  2.77500000E-01  2.56354238E-01 -3.88666994E+01  0.00000000E+00  7.72094294E-01  1.11360943E-01 -4.15798965E-02
  2.80000000E-01  2.58284841E-01 -3.88664208E+01  0.00000000E+00  7.72390955E-01  1.11546832E-01 -4.15445793E-02
  2.82500000E-01  2.60216189E-01 -3.88661417E+01  0.00000000E+00  7.72690431E-01  1.11733363E-01 -4.15093641E-02
  2.85000000E-01  2.62148290E-01 -3.88658621E+01  0.00000000E+00  7.72992537E-01  1.11920507E-01 -4.14742360E-02
  2.87500000E-01  2.64081149E-01 -3.88655821E+01  0.00000000E+00  7.73297097E-01  1.12108235E-01 -4.14391811E-02
  2.90000000E-01  2.66014772E-01 -3.88653016E+01  0.00000000E+00  7.73603950E-01  1.12296520E-01 -4.14041865E-02
  2.92500000E-01  2.67949166E-01 -3.88650206E+01  0.00000000E+00  7.73912944E-01  1.12485336E-01 -4.13692403E-02
  2.95000000E-01  2.69884334E-01 -3.88647391E+01  0.00000000E+00  7.74223937E-01  1.12674661E-01 -4.13343312E-02
  2.97500000E-01  2.71820283E-01 -3.88644572E+01  0.00000000E+00  7.75187426E-01  1.13360157E-01 -4.16013790E-02
  3.00000000E-01  2.73759456E-01 -3.88641730E+01  0.00000000E+00  7.75475483E-01  1.13533039E-01 -4.15504724E-02
  3.02500000E-01  2.75698505E-01 -3.88638889E+01  0.00000000E+00  7.75765473E-01  1.13704715E-01 -4.15040925E-02
  3.05000000E-01  2.77638281E-01 -3.88636044E+01  0.00000000E+00  7.76051200E-01  1.13873331E-01 -4.14527242E-02
  3.07500000E-01  2.79578766E-01 -3.88633195E+01  0.00000000E+00  7.76339498E-01  1.14043346E-01 -4.14020422E-02
  3.10000000E-01  2.81519975E-01 -3.88630342E+01  0.00000000E+00  7.76630897E-01  1.14215114E-01 -4.13524144E-02
  3.12500000E-01  2.83461917E-01 -3.88627485E+01  0.00000000E+00  7.76925451E-01  1.14388721E-01 -4.13039092E-02
  3.15000000E-01  2.85404598E-01 -3.88624623E+01  0.00000000E+00  7.77223042E-01  1.14564119E-01 -4.12564917E-02
  3.17500000E-01  2.87348028E-01 -3.88621756E+01  0.00000000E+00  7.77523504E-01  1.14741222E-01 -4.12100969E-02
  3.20000000E-01  2.89292212E-01 -3.88618886E+01  0.00000000E+00  7.77826661E-01  1.14919938E-01 -4.11646535E-02
  3.22500000E-01  2.91237158E-01 -3.88616010E+01  0.00000000E+00  7.78132345E-01  1.15100174E-01 -4.11200912E-02
  3.25000000E-01  2.93182871E-01 -3.88613131E+01  0.00000000E+00  7.78440394E-01  1.15281842E-01 -4.10763434E-02
  3.27500000E-01  2.95129357E-01 -3.88610246E+01  0.00000000E+00  7.78750657E-01  1.15464860E-01 -4.10333479E-02
  3.30000000E-01  2.97076621E-01 -3.88607357E+01  0.00000000E+00  7.79062993E-01  1.15649151E-01 -4.09910463E-02
  3.32500000E-01  2.99024669E-01 -3.88604464E+01  0.00000000E+00  7.79377270E-01  1.15834642E-01 -4.09493848E-02
  3.35000000E-01  3.00973505E-01 -3.88601566E+01  0.00000000E+00  7.79693364E-01  1.16021267E-01 -4.09083129E-02
  3.37500000E-01  3.02923134E-01 -3.88598663E+01  0.00000000E+00  7.80011160E-01  1.16208961E-01 -4.08677840E-02
  3.40000000E-01  3.04873559E-01 -3.88595755E+01  0.00000000E+00  7.80330550E-01  1.16397667E-01 -4.08277545E-02
  3.42500000E-01  3.06824785E-01 -3.88592843E+01  0.00000000E+00  7.80651432E-01  1.16587328E-01 -4.07881840E-02
  3.45000000E-01  3.08776814E-01 -3.88589926E+01  0.00000000E+00  7.80973713E-01  1.16777895E-01 -4.07490349E-02
  3.47500000E-01  3.10729651E-01 -3.88587004E+01  0.00000000E+00  7.81297305E-01  1.16969318E-01 -4.07102723E-02
  3.50000000E-01  3.12683299E-01 -3.88584077E+01  0.00000000E+00  7.81622124E-01  1.17161553E-01 -4.06718638E-02
  3.52500000E-01  3.14637761E-01 -3.88581146E+01  0.00000000E+00  7.81948095E-01  1.17354559E-01 -4.06337790E-02
  3.55000000E-01  3.16593038E-01 -3.88578210E+01  0.00000000E+00  7.82275146E-01  1.17548295E-01 -4.05959900E-02
  3.57500000E-01  3.18549135E-01 -3.88575269E+01  0.00000000E+00  7.82603208E-01  1.17742726E-01 -4.05584707E-02
  3.60000000E-01  3.20506053E-01 -3.88572323E+01  0.00000000E+00  7.82932220E-01  1.17937817E-01 -4.05211967E-02
  3.62500000E-01  3.22463795E-01 -3.88569372E+01  0.00000000E+00  7.83262122E-01  1.18133537E-01 -4.04841456E-02
  3.65000000E-01  3.24422363E-01 -3.88566416E+01  0.00000000E+00  7.83592859E-01  1.18329855E-01 -4.04472963E-02
  3.67500000E-01  3.26381758E-01 -3.88563455E+01  0.00000000E+00  7.83924381E-01  1.18526744E-01 -4.04106294E-02
  3.70000000E-01  3.28341983E-01 -3.88560490E+01  0.00000000E+00  7.84256639E-01  1.18724178E-01 -4.03741268E-02
  3.72500000E-01  3.30303040E-01 -3.88557519E+01  0.00000000E+00  7.84589589E-01  1.18922132E-01 -4.03377716E-02
  3.75000000E-01  3.32264931E-01 -3.88554544E+01  0.00000000E+00  7.84923188E-01  1.19120583E-01 -4.03015481E-02
  3.77500000E-01  3.34227655E-01 -3.88551563E+01  0.00000000E+00  7.85257397E-01  1.19319512E-01 -4.02654419E-02
  3.80000000E-01  3.36191217E-01 -3.88548578E+01  0.00000000E+00  7.85592179E-01  1.19518897E-01 -4.02294392E-02
  3.82500000E-01  3.38155616E-01 -3.88545587E+01  0.00000000E+00  7.85927501E-01  1.19718720E-01 -4.01935277E-02
  3.85000000E-01  3.40120854E-01 -3.88542592E+01  0.00000000E+00  7.86263330E-01  1.19918964E-01 -4.01576954E-02
  3.87500000E-01  3.42086932E-01 -3.88539591E+01  0.00000000E+00  7.86599635E-01  1.20119612E-01 -4.01219316E-02
  3.90000000E-01  3.44053851E-01 -3.88536586E+01  0.00000000E+00  7.86936390E-01  1.20320651E-01 -4.00862262E-02
  3.92500000E-01  3.46021613E-01 -3.88533575E+01  0.00000000E+00  7.87273567E-01  1.20522064E-01 -4.00505696E-02
  3.95000000E-01  3.47990218E-01 -3.88530560E+01  0.00000000E+00  7.87611143E-01  1.20723840E-01 -4.00149531E-02
  3.97500000E-01  3.49959668E-01 -3.88527539E+01  0.00000000E+00  7.87949093E-01  1.20925965E-01 -3.99793686E-02
  4.00000000E-01  3.51929963E-01 -3.88524513E+01  0.00000000E+00  7.88287397E-01  1.21128428E-01 -3.99438084E-02
  4.02500000E-01  3.53901105E-01 -3.88521483E+01  0.00000000E+00  7.88626034E-01  1.21331219E-01 -3.99082656E-02
  4.05000000E-01  3.55873093E-01 -3.88518447E+01  0.00000000E+00  7.88964985E-01  1.21534327E-01 -3.98727334E-02
  4.07500000E-01  3.57845929E-01 -3.88515406E+01  0.00000000E+00  7.89304234E-01  1.21737743E-01 -3.98372059E-02
  4.10000000E-01  3.59819614E-01 -3.88512360E+01  0.00000000E+00  7.89643762E-01  1.21941457E-01 -3.98016773E-02
  4.12500000E-01  3.61794148E-01 -3.88509309E+01  0.00000000E+00  7.89983555E-01  1.22145462E-01 -3.97661422E-02
  4.15000000E-01  3.63769531E-01 -3.88506253E+01  0.00000000E+00  7.90323599E-01  1.22349750E-01 -3.97305958E-02
  4.17500000E-01  3.65745765E-01 -3.88503191E+01  0.00000000E+00  7.90663879E-01  1.22554313E-01 -3.96950334E-02
  4.20000000E-01  3.67722851E-01 -3.88500125E+01  0.00000000E+00  7.91004382E-01  1.22759145E-01 -3.96594507E-02
  4.22500000E-01  3.69700787E-01 -3.88497053E+01  0.00000000E+00  7.91345098E-01  1.22964239E-01 -3.96238438E-02
  4.25000000E-01  3.71679576E-01 -3.88493977E+01  0.00000000E+00  7.92338524E-01  1.23667833E-01 -3.98726799E-02
  4.27500000E-01  3.73661664E-01 -3.88490876E+01  0.00000000E+00  7.92650609E-01  1.23855317E-01 -3.98252579E-02
  4.30000000E-01  3.75643680E-01 -3.88487777E+01  0.00000000E+00  7.92968088E-01  1.24042583E-01 -3.97792936E-02
  4.32500000E-01  3.77626498E-01 -3.88484674E+01  0.00000000E+00  7.93277879E-01  1.24226118E-01 -3.97300620E-02
  4.35000000E-01  3.79610079E-01 -3.88481566E+01  0.00000000E+00  7.93588993E-01  1.24410840E-01 -3.96813117E-02
  4.37500000E-01  3.81594441E-01 -3.88478453E+01  0.00000000E+00  7.93902018E-01  1.24597098E-01 -3.96333654E-02
  4.40000000E-01  3.83579587E-01 -3.88475336E+01  0.00000000E+00  7.94217080E-01  1.24784988E-01 -3.95862942E-02
  4.42500000E-01  3.85565524E-01 -3.88472214E+01  0.00000000E+00  7.94534133E-01  1.24974474E-01 -3.95400753E-02
  4.45000000E-01  3.87552255E-01 -3.88469088E+01  0.00000000E+00  7.94853079E-01  1.25165484E-01 -3.94946603E-02
  4.47500000E-01  3.89539787E-01 -3.88465956E+01  0.00000000E+00  7.95173810E-01  1.25357938E-01 -3.94499945E-02
  4.50000000E-01  3.91528122E-01 -3.88462820E+01  0.00000000E+00  7.95496217E-01  1.25551756E-01 -3.94060240E-02
  4.52500000E-01  3.93517266E-01 -3.88459678E+01  0.00000000E+00  7.95820197E-01  1.25746861E-01 -3.93626972E-02
  4.55000000E-01  3.95507221E-01 -3.88456532E+01  0.00000000E+00  7.96145653E-01  1.25943182E-01 -3.93199661E-02
  4.57500000E-01  3.97497992E-01 -3.88453381E+01  0.00000000E+00  7.96472493E-01  1.26140651E-01 -3.92777857E-02
  4.60000000E-01  3.99489582E-01 -3.88450225E+01  0.00000000E+00  7.96800631E-01  1.26339205E-01 -3.92361141E-02
  4.62500000E-01  4.01481994E-01 -3.88447064E+01  0.00000000E+00  7.97129986E-01  1.26538786E-01 -3.91949124E-02
  4.65000000E-01  4.03475230E-01 -3.88443898E+01  0.00000000E+00  7.97460485E-01  1.26739339E-01 -3.91541444E-02
  4.67500000E-01  4.05469295E-01 -3.88440727E+01  0.00000000E+00  7.97792056E-01  1.26940812E-01 -3.91137763E-02
  4.70000000E-01  4.07464189E-01 -3.88437551E+01  0.00000000E+00  7.98124634E-01  1.27143156E-01 -3.90737768E-02
  4.72500000E-01  4.09459917E-01 -3.88434370E+01  0.00000000E+00  7.98458158E-01  1.27346328E-01 -3.90341167E-02
  4.75000000E-01  4.11456479E-01 -3.88431184E+01  0.00000000E+00  7.98792569E-01  1.27550285E-01 -3.89947690E-02
  4.77500000E-01  4.13453878E-01 -3.88427993E+01  0.00000000E+00  7.99127814E-01  1.27754988E-01 -3.89557084E-02
  4.80000000E-01  4.15452117E-01 -3.88424796E+01  0.00000000E+00  7.99463842E-01  1.27960400E-01 -3.89169114E-02
  4.82500000E-01  4.17451197E-01 -3.88421595E+01  0.00000000E+00  7.99800607E-01  1.28166487E-01 -3.88783563E-02
  4.85000000E-01  4.19451119E-01 -3.88418388E+01  0.00000000E+00  8.00138064E-01  1.28373217E-01 -3.88400226E-02
  4.87500000E-01  4.21451886E-01 -3.88415176E+01  0.00000000E+00  8.00476172E-01  1.28580561E-01 -3.88018916E-02
  4.90000000E-01  4.23453499E-01 -3.88411959E+01  0.00000000E+00  8.00814891E-01  1.28788489E-01 -3.87639457E-02
  4.92500000E-01  4.25455960E-01 -3.88408737E+01  0.00000000E+00  8.01154187E-01  1.28996976E-01 -3.87261685E-02
  4.95000000E-01  4.27459269E-01 -3.88405509E+01  0.00000000E+00  8.01494024E-01  1.29205997E-01 -3.86885448E-02
  4.97500000E-01  4.29463429E-01 -3.88402276E+01  0.00000000E+00  8.01834372E-01  1.29415531E-01 -3.86510606E-02
  5.00000000E-01  4.31468441E-01 -3.88399038E+01  0.00000000E+00  8.02175200E-01  1.29625554E-01 -3.86137025E-02
  5.02500000E-01  4.33474305E-01 -3.88395795E+01  0.00000000E+00  8.02516481E-01  1.29836047E-01 -3.85764584E-02
  5.05000000E-01  4.35481022E-01 -3.88392547E+01  0.00000000E+00  8.02858188E-01  1.30046992E-01 -3.85393168E-02
  5.07500000E-01  4.37488595E-01 -3.88389293E+01  0.00000000E+00  8.03200297E-01  1.30258371E-01 -3.85022673E-02
  5.10000000E-01  4.39497023E-01 -3.88386034E+01  0.00000000E+00  8.03542786E-01  1.30470168E-01 -3.84652998E-02
  5.12500000E-01  4.41506308E-01 -3.88382769E+01  0.00000000E+00  8.03885633E-01  1.30682367E-01 -3.84284053E-02
  5.15000000E-01  4.43516451E-01 -3.88379500E+01  0.00000000E+00  8.04228818E-01  1.30894955E-01 -3.83915752E-02
  5.17500000E-01  4.45527452E-01 -3.88376224E+01  0.00000000E+00  8.04572322E-01  1.31107917E-01 -3.83548015E-02
  5.20000000E-01  4.47539312E-01 -3.88372944E+01  0.00000000E+00  8.04916127E-01  1.31321241E-01 -3.83180769E-02
  5.22500000E-01  4.49552032E-01 -3.88369658E+01  0.00000000E+00  8.05260218E-01  1.31534916E-01 -3.82813944E-02
  5.25000000E-01  4.51565613E-01 -3.88366367E+01  0.00000000E+00  8.05604578E-01  1.31748930E-01 -3.82447477E-02
  5.27500000E-01  4.53580055E-01 -3.88363071E+01  0.00000000E+00  8.05949194E-01  1.31963274E-01 -3.82081308E-02
  5.30000000E-01  4.55595359E-01 -3.88359769E+01  0.00000000E+00  8.06294051E-01  1.32177938E-01 -3.81715381E-02
  5.32500000E-01  4.57611525E-01 -3.88356462E+01  0.00000000E+00  8.06639137E-01  1.32392912E-01 -3.81349645E-02
  5.35000000E-01  4.59628554E-01 -3.88353150E+01  0.00000000E+00  8.06984440E-01  1.32608189E-01 -3.80984051E-02
  5.37500000E-01  4.61646447E-01 -3.88349832E+01  0.00000000E+00  8.07329949E-01  1.32823761E-01 -3.80618555E-02
  5.40000000E-01  4.63665204E-01 -3.88346508E+01  0.00000000E+00  8.07675653E-01  1.33039619E-01 -3.80253114E-02
  5.42500000E-01  4.65684825E-01 -3.88343180E+01  0.00000000E+00  8.08021543E-01  1.33255758E-01 -3.79887689E-02
  5.45000000E-01  4.67705311E-01 -3.88339846E+01  0.00000000E+00  8.08367609E-01  1.33472171E-01 -3.79522244E-02
  5.47500000E-01  4.69726663E-01 -3.88336506E+01  0.00000000E+00  8.08713843E-01  1.33688851E-01 -3.79156745E-02
  5.50000000E-01  4.71748880E-01 -3.88333161E+01  0.00000000E+00  8.09060236E-01  1.33905793E-01 -3.78791161E-02
  5.52500000E-01  4.73771964E-01 -3.88329811E+01  0.00000000E+00  8.09406781E-01  1.34122992E-01 -3.78425463E-02
  5.55000000E-01  4.75795914E-01 -3.88326455E+01  0.00000000E+00  8.09753471E-01  1.34340442E-01 -3.78059622E-02
  5.57500000E-01  4.77820731E-01 -3.88323094E+01  0.00000000E+00  8.10100299E-01  1.34558140E-01 -3.77693612E-02
  5.60000000E-01  4.79846415E-01 -3.88319727E+01  0.00000000E+00  8.10447258E-01  1.34776080E-01 -3.77327411E-02
  5.62500000E-01  4.81872967E-01 -3.88316355E+01  0.00000000E+00  8.10794343E-01  1.34994258E-01 -3.76960995E-02
  5.65000000E-01  4.83900387E-01 -3.88312977E+01  0.00000000E+00  8.11141547E-01  1.35212671E-01 -3.76594343E-02
  5.67500000E-01  4.85928674E-01 -3.88309594E+01  0.00000000E+00  8.11488867E-01  1.35431315E-01 -3.76227436E-02
  5.70000000E-01  4.87957831E-01 -3.88306206E+01  0.00000000E+00  8.11836296E-01  1.35650186E-01 -3.75860255E-02
  5.72500000E-01  4.89987856E-01 -3.88302812E+01  0.00000000E+00  8.12183831E-01  1.35869281E-01 -3.75492783E-02
  5.75000000E-01  4.92018750E-01 -3.88299412E+01  0.00000000E+00  8.12531465E-01  1.36088597E-01 -3.75125004E-02
  5.77500000E-01  4.94050513E-01 -3.88296007E+01  0.00000000E+00  8.12879197E-01  1.36308131E-01 -3.74756903E-02
  5.80000000E-01  4.96083146E-01 -3.88292597E+01  0.00000000E+00  8.13227021E-01  1.36527881E-01 -3.74388466E-02
  5.82500000E-01  4.98116648E-01 -3.88289181E+01  0.00000000E+00  8.14088442E-01  1.37185138E-01 -3.77058860E-02
  5.85000000E-01  5.00152946E-01 -3.88285743E+01  0.00000000E+00  8.14413523E-01  1.37389529E-01 -3.76535434E-02
  5.87500000E-01  5.02189386E-01 -3.88282306E+01  0.00000000E+00  8.14742979E-01  1.37593672E-01 -3.76074792E-02
  5.90000000E-01  5.04226655E-01 -3.88278864E+01  0.00000000E+00  8.15066118E-01  1.37794697E-01 -3.75557555E-02
  5.92500000E-01  5.06264725E-01 -3.88275416E+01  0.00000000E+00  8.15390264E-01  1.37996739E-01 -3.75045273E-02
  5.95000000E-01  5.08303605E-01 -3.88271964E+01  0.00000000E+00  8.15715893E-01  1.38200107E-01 -3.74541777E-02
  5.97500000E-01  5.10343302E-01 -3.88268506E+01  0.00000000E+00  8.16043107E-01  1.38404884E-01 -3.74047800E-02
  6.00000000E-01  5.12383819E-01 -3.88265043E+01  0.00000000E+00  8.16371872E-01  1.38611042E-01 -3.73563097E-02
  6.02500000E-01  5.14425160E-01 -3.88261576E+01  0.00000000E+00 -1.37992104E+00 -2.19376358E-01  6.06581322E-02
  6.05000000E-01  5.08229991E-01 -3.88271535E+01  0.00000000E+00 -1.31609996E+00 -2.08651223E-01  5.33174450E-02
  6.07500000E-01  5.05019517E-01 -3.88276617E+01  0.00000000E+00 -1.23694890E+00 -1.96518848E-01  5.27397473E-02
  6.10000000E-01  5.02026084E-01 -3.88281378E+01  0.00000000E+00 -1.15587839E+00 -1.83653110E-01  4.88254521E-02
  6.12500000E-01  4.99237726E-01 -3.88285809E+01  0.00000000E+00 -1.07806576E+00 -1.71386707E-01  4.57407890E-02
  6.15000000E-01  4.96639827E-01 -3.88289940E+01  0.00000000E+00 -1.00481299E+00 -1.59831567E-01  4.28412516E-02
  6.17500000E-01  4.94219361E-01 -3.88293792E+01  0.00000000E+00 -9.36338247E-01 -1.49021272E-01  4.01149590E-02
  6.20000000E-01  4.91964109E-01 -3.88297382E+01  0.00000000E+00 -8.72488705E-01 -1.38932268E-01  3.75527217E-02
  6.22500000E-01  4.89862699E-01 -3.88300729E+01  0.00000000E+00 -8.13002249E-01 -1.29524548E-01  3.51457944E-02
  6.25000000E-01  4.87904551E-01 -3.88303850E+01  0.00000000E+00 -7.57594810E-01 -1.20754671E-01  3.28858997E-02
  6.27500000E-01  4.86079824E-01 -3.88306759E+01  0.00000000E+00 -7.05988876E-01 -1.12580103E-01  3.07650849E-02
  6.30000000E-01  4.84379359E-01 -3.88309471E+01  0.00000000E+00 -6.57922115E-01 -1.04960531E-01  2.87756887E-02
  6.32500000E-01  4.82794637E-01 -3.88312000E+01  0.00000000E+00 -6.13149329E-01 -9.78581802E-02  2.69103388E-02
  6.35000000E-01  4.81317730E-01 -3.88314358E+01  0.00000000E+00 -5.71442233E-01 -9.12377956E-02  2.51619585E-02
  6.37500000E-01  4.79941258E-01 -3.88316556E+01  0.00000000E+00 -5.32588553E-01 -8.50665196E-02  2.35237738E-02
  6.40000000E-01  4.78658354E-01 -3.88318605E+01  0.00000000E+00 -4.96390972E-01 -7.93137442E-02  2.19893174E-02
  6.42500000E-01  4.77462623E-01 -3.88320516E+01  0.00000000E+00 -4.62666070E-01 -7.39509607E-02  2.05524289E-02
  6.45000000E-01  4.76348114E-01 -3.88322298E+01  0.00000000E+00 -4.31243324E-01 -6.89516165E-02  1.92072529E-02
  6.47500000E-01  4.75309284E-01 -3.88323959E+01  0.00000000E+00 -4.01964180E-01 -6.42909793E-02  1.79482337E-02
  6.50000000E-01  4.74340973E-01 -3.88325508E+01  0.00000000E+00 -3.74681178E-01 -5.99460118E-02  1.67701087E-02
  6.52500000E-01  4.73438374E-01 -3.88326953E+01  0.00000000E+00 -3.49257164E-01 -5.58952541E-02  1.56678994E-02
  6.55000000E-01  4.72597011E-01 -3.88328299E+01  0.00000000E+00 -3.25564543E-01 -5.21187146E-02  1.46369027E-02
  6.57500000E-01  4.71812715E-01 -3.88329555E+01  0.00000000E+00 -3.03484597E-01 -4.85977683E-02  1.36726799E-02
  6.60000000E-01  4.71081604E-01 -3.88330726E+01  0.00000000E+00 -2.82906854E-01 -4.53150629E-02  1.27710463E-02
  6.62500000E-01  4.70400059E-01 -3.88331818E+01  0.00000000E+00 -2.63728500E-01 -4.22544307E-02  1.19280600E-02
  6.65000000E-01  4.69764710E-01 -3.88332836E+01  0.00000000E+00 -2.45853836E-01 -3.94008069E-02  1.11400107E-02
  6.67500000E-01  4.69172419E-01 -3.88333785E+01  0.00000000E+00 -2.29193776E-01 -3.67401539E-02  1.04034086E-02
  6.70000000E-01  4.68620260E-01 -3.88334671E+01  0.00000000E+00 -2.13665384E-01 -3.42593905E-02  9.71497358E-03
  6.72500000E-01  4.68105507E-01 -3.88335496E+01  0.00000000E+00 -1.99191437E-01 -3.19463262E-02  9.07162386E-03
  6.75000000E-01  4.67625621E-01 -3.88336266E+01  0.00000000E+00 -1.85700029E-01 -2.97896002E-02  8.47046598E-03
  6.77500000E-01  4.67178235E-01 -3.88336984E+01  0.00000000E+00 -1.73124194E-01 -2.77786244E-02  7.90878436E-03
  6.80000000E-01  4.66761144E-01 -3.88337653E+01  0.00000000E+00 -1.61401568E-01 -2.59035305E-02  7.38403149E-03
  6.82500000E-01  4.66372293E-01 -3.88338277E+01  0.00000000E+00 -1.50474063E-01 -2.41551206E-02  6.89381846E-03
  6.85000000E-01  4.66009768E-01 -3.88338859E+01  0.00000000E+00 -1.40287573E-01 -2.25248216E-02  6.43590588E-03
  6.87500000E-01  4.65671782E-01 -3.88339402E+01  0.00000000E+00 -1.30791694E-01 -2.10046424E-02  6.00819522E-03
  6.90000000E-01  4.65356672E-01 -3.88339908E+01  0.00000000E+00 -1.21939474E-01 -1.95871341E-02  5.60872049E-03
  6.92500000E-01  4.65062889E-01 -3.88340380E+01  0.00000000E+00 -1.13687168E-01 -1.82653530E-02  5.23564043E-03
  6.95000000E-01  4.64788986E-01 -3.88340820E+01  0.00000000E+00 -1.05994019E-01 -1.70328263E-02  4.88723099E-03
  6.97500000E-01  4.64533618E-01 -3.88341231E+01  0.00000000E+00 -9.88220528E-02 -1.58835198E-02  4.56187827E-03
  7.00000000E-01  4.64295528E-01 -3.88341613E+01  0.00000000E+00 -9.21358846E-02 -1.48118084E-02  4.25807178E-03
  7.02500000E-01  4.64073546E-01 -3.88341970E+01  0.00000000E+00 -8.59025426E-02 -1.38124478E-02  3.97439811E-03
  7.05000000E-01  4.63866581E-01 -3.88342303E+01  0.00000000E+00 -8.00913012E-02 -1.28805489E-02  3.70953492E-03
  7.07500000E-01  4.63673617E-01 -3.88342613E+01  0.00000000E+00 -7.46735270E-02 -1.20115537E-02  3.46224529E-03
  7.10000000E-01  4.63493705E-01 -3.88342903E+01  0.00000000E+00 -6.96225356E-02 -1.12012125E-02  3.23137238E-03
  7.12500000E-01  4.63325963E-01 -3.88343173E+01  0.00000000E+00 -6.49134578E-02 -1.04455633E-02  3.01583442E-03
  7.15000000E-01  4.63169565E-01 -3.88343424E+01  0.00000000E+00 -6.05231156E-02 -9.74091199E-03  2.81461993E-03
  7.17500000E-01  4.63023745E-01 -3.88343659E+01  0.00000000E+00 -5.64299066E-02 -9.08381453E-03  2.62678334E-03
  7.20000000E-01  4.62887787E-01 -3.88343878E+01  0.00000000E+00 -5.26136961E-02 -8.47105961E-03  2.45144072E-03
  7.22500000E-01  4.62761023E-01 -3.88344082E+01  0.00000000E+00 -4.90557171E-02 -7.89965309E-03  2.28776593E-03
  7.25000000E-01  4.62642831E-01 -3.88344272E+01  0.00000000E+00 -4.57384768E-02 -7.36680321E-03  2.13498686E-03
  7.27500000E-01  4.62532632E-01 -3.88344450E+01  0.00000000E+00 -4.26456699E-02 -6.86990693E-03  1.99238201E-03
  7.30000000E-01  4.62429884E-01 -3.88344616E+01  0.00000000E+00 -3.97620976E-02 -6.40653711E-03  1.85927720E-03
  7.32500000E-01  4.62334083E-01 -3.88344770E+01  0.00000000E+00 -3.70735923E-02 -5.97443060E-03  1.73504252E-03
  7.35000000E-01  4.62244759E-01 -3.88344914E+01  0.00000000E+00 -3.45669472E-02 -5.57147716E-03  1.61908952E-03
  7.37500000E-01  4.62161475E-01 -3.88345048E+01  0.00000000E+00 -3.22298510E-02 -5.19570911E-03  1.51086846E-03
  7.40000000E-01  4.62083822E-01 -3.88345173E+01  0.00000000E+00 -3.00508273E-02 -4.84529164E-03  1.40986582E-03
  7.42500000E-01  4.62011419E-01 -3.88345290E+01  0.00000000E+00 -2.80191774E-02 -4.51851392E-03  1.31560195E-03
  7.45000000E-01  4.61943910E-01 -3.88345399E+01  0.00000000E+00 -2.61249276E-02 -4.21378059E-03  1.22762888E-03
  7.47500000E-01  4.61880966E-01 -3.88345500E+01  0.00000000E+00 -2.43587801E-02 -3.92960407E-03  1.14552822E-03
  7.50000000E-01  4.61822277E-01 -3.88345595E+01  0.00000000E+00 -2.27120670E-02 -3.66459718E-03  1.06890924E-03
  7.52500000E-01  4.61767555E-01 -3.88345683E+01  0.00000000E+00 -2.11767073E-02 -3.41746644E-03  9.97407074E-04
  7.55000000E-01  4.61716532E-01 -3.88345766E+01  0.00000000E+00 -1.97451676E-02 -3.18700564E-03  9.30681001E-04
  7.57500000E-01  4.61668959E-01 -3.88345843E+01  0.00000000E+00 -1.84104243E-02 -2.97209004E-03  8.68412881E-04
  7.60000000E-01  4.61624601E-01 -3.88345914E+01  0.00000000E+00 -1.71659296E-02 -2.77167080E-03  8.10305664E-04
  7.62500000E-01  4.61583242E-01 -3.88345981E+01  0.00000000E+00 -1.60055789E-02 -2.58476988E-03  7.56082003E-04
  7.65000000E-01  4.61544679E-01 -3.88346043E+01  0.00000000E+00 -1.49236809E-02 -2.41047523E-03  7.05482959E-04
  7.67500000E-01  4.61508722E-01 -3.88346101E+01  0.00000000E+00 -1.39149293E-02 -2.24793640E-03  6.58266786E-04
  7.70000000E-01  4.61475195E-01 -3.88346156E+01  0.00000000E+00 -1.29743772E-02 -2.09636028E-03  6.14207801E-04
  7.72500000E-01  4.61443935E-01 -3.88346206E+01  0.00000000E+00 -1.20974122E-02 -1.95500733E-03  5.73095319E-04
  7.75000000E-01  4.61414788E-01 -3.88346253E+01  0.00000000E+00 -1.12797344E-02 -1.82318788E-03  5.34732667E-04
  7.77500000E-01  4.61387610E-01 -3.88346297E+01  0.00000000E+00 -1.05173343E-02 -1.70025882E-03  4.98936253E-04
  7.80000000E-01  4.61362270E-01 -3.88346338E+01  0.00000000E+00 -9.80647411E-03 -1.58562043E-03  4.65534707E-04
  7.82500000E-01  4.61338643E-01 -3.88346376E+01  0.00000000E+00 -9.14366874E-03 -1.47871344E-03  4.34368064E-04
  7.85000000E-01  4.61316612E-01 -3.88346412E+01  0.00000000E+00 -8.52566888E-03 -1.37901634E-03  4.05287017E-04
  7.87500000E-01  4.61296070E-01 -3.88346445E+01  0.00000000E+00 -7.94944500E-03 -1.28604278E-03  3.78152203E-04
  7.90000000E-01  4.61276917E-01 -3.88346476E+01  0.00000000E+00 -7.41217251E-03 -1.19933926E-03  3.52833549E-04
  7.92500000E-01  4.61259058E-01 -3.88346505E+01  0.00000000E+00 -6.91121786E-03 -1.11848283E-03  3.29209653E-04
  7.95000000E-01  4.61242406E-01 -3.88346532E+01  0.00000000E+00 -6.44412562E-03 -1.04307911E-03  3.07167209E-04
  7.97500000E-01  4.61226880E-01 -3.88346557E+01  0.00000000E+00 -6.00860641E-03 -9.72760313E-04  2.86600468E-04
  8.00000000E-01  4.61212403E-01 -3.88346581E+01  0.00000000E+00 -5.60252570E-03 -9.07183465E-04  2.67410739E-04
  8.02500000E-01  4.61198904E-01 -3.88346602E+01  0.00000000E+00 -5.22389328E-03 -8.46028729E-04  2.49505916E-04
  8.05000000E-01  4.61186317E-01 -3.88346623E+01  0.00000000E+00 -4.87085355E-03 -7.88997845E-04  2.32800043E-04
  8.07500000E-01  4.61174582E-01 -3.88346642E+01  0.00000000E+00 -4.54167636E-03 -7.35812673E-04  2.17212901E-04
  8.10000000E-01  4.61163639E-01 -3.88346660E+01  0.00000000E+00 -4.23474857E-03 -6.86213836E-04  2.02669633E-04
  8.12500000E-01  4.61153436E-01 -3.88346676E+01  0.00000000E+00 -3.94856611E-03 -6.39959454E-04  1.89100378E-04
  8.15000000E-01  4.61143922E-01 -3.88346691E+01  0.00000000E+00 -3.68172660E-03 -5.96823961E-04  1.76439946E-04
  8.17500000E-01  4.61135051E-01 -3.88346706E+01  0.00000000E+00 -3.43292249E-03 -5.56597011E-04  1.64627502E-04
  8.20000000E-01  4.61126780E-01 -3.88346719E+01  0.00000000E+00 -3.20093462E-03 -5.19082442E-04  1.53606279E-04
  8.22500000E-01  4.61119068E-01 -3.88346732E+01  0.00000000E+00 -2.98462627E-03 -4.84097326E-04  1.43323302E-04
  8.25000000E-01  4.61111876E-01 -3.88346743E+01  0.00000000E+00 -2.78293756E-03 -4.51471074E-04  1.33729141E-04
  8.27500000E-01  4.61105171E-01 -3.88346754E+01  0.00000000E+00 -2.59488028E-03 -4.21044603E-04  1.24777672E-04
  8.30000000E-01  4.61098919E-01 -3.88346764E+01  0.00000000E+00 -2.41953301E-03 -3.92669561E-04  1.16425852E-04
  8.32500000E-01  4.61093089E-01 -3.88346774E+01  0.00000000E+00 -2.25603665E-03 -3.66207601E-04  1.08633522E-04
  8.35000000E-01  4.61087654E-01 -3.88346783E+01  0.00000000E+00 -2.10359014E-03 -3.41529709E-04  1.01363208E-04
  8.37500000E-01  4.61082585E-01 -3.88346791E+01  0.00000000E+00 -1.96144659E-03 -3.18515573E-04  9.45799428E-05
  8.40000000E-01  4.61077859E-01 -3.88346799E+01  0.00000000E+00 -1.82890962E-03 -2.97052993E-04  8.82511006E-05
  8.42500000E-01  4.61073453E-01 -3.88346806E+01  0.00000000E+00 -1.70532990E-03 -2.77037341E-04  8.23462386E-05
  8.45000000E-01  4.61069344E-01 -3.88346812E+01  0.00000000E+00 -1.59010200E-03 -2.58371042E-04  7.68369522E-05
  8.47500000E-01  4.61065513E-01 -3.88346819E+01  0.00000000E+00 -1.48266142E-03 -2.40963103E-04  7.16967381E-05
  8.50000000E-01  4.61061940E-01 -3.88346825E+01  0.00000000E+00 -1.38248182E-03 -2.24728671E-04  6.69008678E-05
