  0.00000000E+00  0.00000000E+00 -4.89000000E+01  0.00000000E+00  8.34510768E-01  1.63434692E-01 -5.04147559E-02
  5.00000000E-03  4.17255384E-03 -4.88991828E+01  0.00000000E+00  7.66923107E-01  1.51088650E-01 -4.61527349E-02
  1.00000000E-02  7.83820022E-03 -4.88984582E+01  0.00000000E+00  7.07820056E-01  1.40240282E-01 -4.24747315E-02
  1.50000000E-02  1.12295429E-02 -4.88977842E+01  0.00000000E+00  6.55575473E-01  1.30629425E-01 -3.92627374E-02
  2.00000000E-02  1.43768088E-02 -4.88971550E+01  0.00000000E+00  6.09814728E-01  1.22190625E-01 -3.64689239E-02
  2.50000000E-02  1.73114806E-02 -4.88965652E+01  0.00000000E+00  5.69883740E-01  1.14809460E-01 -3.40391406E-02
  3.00000000E-02  2.00610718E-02 -4.88960096E+01  0.00000000E+00  5.35097877E-01  1.08366256E-01 -3.19270983E-02
  3.50000000E-02  2.26495965E-02 -4.88954839E+01  0.00000000E+00  5.04819537E-01  1.02748958E-01 -3.00910993E-02
  4.00000000E-02  2.50979984E-02 -4.88949842E+01  0.00000000E+00  4.78477970E-01  9.78566786E-02 -2.84945665E-02
  4.50000000E-02  2.74245343E-02 -4.88945071E+01  0.00000000E+00  4.55569902E-01  9.35999244E-02 -2.71056899E-02
  5.00000000E-02  2.96451136E-02 -4.88940498E+01  0.00000000E+00  4.35654278E-01  8.98997947E-02 -2.58968976E-02
  5.50000000E-02  3.17735960E-02 -4.88936095E+01  0.00000000E+00  4.18345611E-01  8.66869267E-02 -2.48443174E-02
  6.00000000E-02  3.38220523E-02 -4.88931841E+01  0.00000000E+00  4.03307422E-01  8.39004351E-02 -2.39272831E-02
  6.50000000E-02  3.58009940E-02 -4.88927716E+01  0.00000000E+00  3.90246233E-01  8.14869268E-02 -2.31279002E-02
  7.00000000E-02  3.77195722E-02 -4.88923702E+01  0.00000000E+00  3.78906198E-01  7.93996113E-02 -2.24306672E-02
  7.50000000E-02  3.95857531E-02 -4.88919784E+01  0.00000000E+00  3.69064355E-01  7.75975064E-02 -2.18221501E-02
  8.00000000E-02  4.14064702E-02 -4.88915949E+01  0.00000000E+00  3.60526459E-01  7.60447331E-02 -2.12907014E-02
  8.50000000E-02  4.31877578E-02 -4.88912186E+01  0.00000000E+00  3.53123327E-01  7.47098923E-02 -2.08262179E-02
  9.00000000E-02  4.49348666E-02 -4.88908484E+01  0.00000000E+00  3.46707630E-01  7.35655143E-02 -2.04199326E-02
  9.50000000E-02  4.66523655E-02 -4.88904834E+01  0.00000000E+00  3.41151100E-01  7.25875743E-02 -2.00642351E-02
  1.00000000E-01  4.83442297E-02 -4.88901229E+01  0.00000000E+00  3.36342075E-01  7.17550652E-02 -1.97525169E-02
  1.05000000E-01  5.00139175E-02 -4.88897662E+01  0.00000000E+00  3.32183367E-01  7.10496224E-02 -1.94790374E-02
  1.10000000E-01  5.16644376E-02 -4.88894127E+01  0.00000000E+00  3.28590395E-01  7.04551951E-02 -1.92388090E-02
  1.15000000E-01  5.32984071E-02 -4.88890619E+01  0.00000000E+00  3.25489554E-01  6.99577562E-02 -1.90274968E-02
  1.20000000E-01  5.49181028E-02 -4.88887134E+01  0.00000000E+00  3.22816802E-01  6.95450497E-02 -1.88413327E-02
  1.25000000E-01  5.65255049E-02 -4.88883667E+01  0.00000000E+00  3.20516417E-01  6.92063677E-02 -1.86770405E-02
  1.30000000E-01  5.81223360E-02 -4.88880215E+01  0.00000000E+00  3.18539921E-01  6.89323563E-02 -1.85317711E-02
  1.35000000E-01  5.97100944E-02 -4.88876775E+01  0.00000000E+00  3.16845141E-01  6.87148454E-02 -1.84030466E-02
  1.40000000E-01  6.12900831E-02 -4.88873345E+01  0.00000000E+00  3.15395392E-01  6.85466986E-02 -1.82887117E-02
  1.45000000E-01  6.28634357E-02 -4.88869922E+01  0.00000000E+00  3.14158763E-01  6.84216840E-02 -1.81868912E-02
  1.50000000E-01  6.44311380E-02 -4.88866504E+01  0.00000000E+00  3.13107494E-01  6.83343589E-02 -1.80959536E-02
  1.55000000E-01  6.59940473E-02 -4.88863089E+01  0.00000000E+00  3.12217443E-01  6.82799709E-02 -1.80144795E-02
  1.60000000E-01  6.75529094E-02 -4.88859677E+01  0.00000000E+00  3.11467610E-01  6.82543700E-02 -1.79412336E-02
  1.65000000E-01  6.91083728E-02 -4.88856265E+01  0.00000000E+00  3.10839731E-01  6.82539329E-02 -1.78751410E-02
  1.70000000E-01  7.06610018E-02 -4.88852852E+01  0.00000000E+00  3.10317920E-01  6.82754958E-02 -1.78152661E-02
  1.75000000E-01  7.22112869E-02 -4.88849438E+01  0.00000000E+00  3.09888362E-01  6.83162967E-02 -1.77607947E-02
  1.80000000E-01  7.37596548E-02 -4.88846021E+01  0.00000000E+00  3.09539041E-01  6.83739240E-02 -1.77110183E-02
  1.85000000E-01  7.53064767E-02 -4.88842601E+01  0.00000000E+00  3.09259509E-01  6.84462725E-02 -1.76653201E-02
  1.90000000E-01  7.68520754E-02 -4.88839177E+01  0.00000000E+00  3.09040676E-01  6.85315042E-02 -1.76231633E-02
  1.95000000E-01  7.83967317E-02 -4.88835748E+01  0.00000000E+00  3.09102911E-01  6.89519072E-02 -1.77561671E-02
  2.00000000E-01  7.99424018E-02 -4.88832290E+01  0.00000000E+00 -4.81209592E-01 -1.03416747E-01  2.79626306E-02
  2.05000000E-01  7.55605726E-02 -4.88841770E+01  0.00000000E+00 -4.39123510E-01 -9.38841842E-02  2.31860544E-02
  2.10000000E-01  7.34701703E-02 -4.88846226E+01  0.00000000E+00 -3.88883794E-01 -8.32898676E-02  2.17824896E-02
  2.15000000E-01  7.16513506E-02 -4.88850125E+01  0.00000000E+00 -3.40264056E-01 -7.28105779E-02  1.88192060E-02
  2.20000000E-01  7.00715796E-02 -4.88853504E+01  0.00000000E+00 -2.96407778E-01 -6.34158686E-02  1.64420970E-02
  2.25000000E-01  6.86991814E-02 -4.88856440E+01  0.00000000E+00 -2.57765805E-01 -5.51461715E-02  1.43502881E-02
  2.30000000E-01  6.75069574E-02 -4.88858990E+01  0.00000000E+00 -2.24024441E-01 -4.79299019E-02  1.25173603E-02
  2.35000000E-01  6.64711886E-02 -4.88861206E+01  0.00000000E+00 -1.94662818E-01 -4.16528613E-02  1.09144550E-02
  2.40000000E-01  6.55712785E-02 -4.88863132E+01  0.00000000E+00 -1.69144444E-01 -3.61988201E-02  9.51416747E-03
  2.45000000E-01  6.47893522E-02 -4.88864806E+01  0.00000000E+00 -1.46975396E-01 -3.14612869E-02  8.29169681E-03
  2.50000000E-01  6.41098979E-02 -4.88866260E+01  0.00000000E+00 -1.27717795E-01 -2.73461292E-02  7.22497586E-03
  2.55000000E-01  6.35194529E-02 -4.88867525E+01  0.00000000E+00 -1.10988807E-01 -2.37712126E-02  6.29451299E-03
  2.60000000E-01  6.30063313E-02 -4.88868624E+01  0.00000000E+00 -9.64554347E-02 -2.06652052E-02  5.48315497E-03
  2.65000000E-01  6.25603876E-02 -4.88869580E+01  0.00000000E+00 -8.38285628E-02 -1.79662487E-02  4.77583980E-03
  2.70000000E-01  6.21728120E-02 -4.88870410E+01  0.00000000E+00 -7.28573028E-02 -1.56207155E-02  4.15936195E-03
  2.75000000E-01  6.18359536E-02 -4.88871133E+01  0.00000000E+00 -6.33239494E-02 -1.35821063E-02  3.62215704E-03
  2.80000000E-01  6.15431672E-02 -4.88871761E+01  0.00000000E+00 -5.50395678E-02 -1.18100910E-02  3.15410720E-03
  2.85000000E-01  6.12886804E-02 -4.88872307E+01  0.00000000E+00 -4.78401620E-02 -1.02696785E-02  2.74636692E-03
  2.90000000E-01  6.10674781E-02 -4.88872782E+01  0.00000000E+00 -4.15833574E-02 -8.93050128E-03  2.39120792E-03
  2.95000000E-01  6.08752033E-02 -4.88873195E+01  0.00000000E+00 -3.61455295E-02 -7.76619674E-03  2.08188166E-03
  3.00000000E-01  6.07080702E-02 -4.88873554E+01  0.00000000E+00 -3.14193189E-02 -6.75387360E-03  1.81249783E-03
  3.05000000E-01  6.05627891E-02 -4.88873867E+01  0.00000000E+00 -2.73114782E-02 -5.87365054E-03  1.57791714E-03
  3.10000000E-01  6.04365014E-02 -4.88874138E+01  0.00000000E+00 -2.37410084E-02 -5.10825715E-03  1.37365708E-03
  3.15000000E-01  6.03267225E-02 -4.88874375E+01  0.00000000E+00 -2.06375426E-02 -4.44268860E-03  1.19580908E-03
  3.20000000E-01  6.02312934E-02 -4.88874580E+01  0.00000000E+00 -1.79399450E-02 -3.86390662E-03  1.04096585E-03
  3.25000000E-01  6.01483377E-02 -4.88874759E+01  0.00000000E+00 -1.55950960E-02 -3.36058028E-03  9.06157706E-04
  3.30000000E-01  6.00762243E-02 -4.88874914E+01  0.00000000E+00 -1.35568377E-02 -2.92286141E-03  7.88796855E-04
  3.35000000E-01  6.00135358E-02 -4.88875050E+01  0.00000000E+00 -1.17850596E-02 -2.54218973E-03  6.86628631E-04
  3.40000000E-01  5.99590400E-02 -4.88875167E+01  0.00000000E+00 -1.02449042E-02 -2.21112381E-03  5.97688878E-04
  3.45000000E-01  5.99116658E-02 -4.88875269E+01  0.00000000E+00 -8.90607799E-03 -1.92319440E-03  5.20266727E-04
  3.50000000E-01  5.98704825E-02 -4.88875358E+01  0.00000000E+00 -7.74225257E-03 -1.67277703E-03  4.52872087E-04
  3.55000000E-01  5.98346808E-02 -4.88875436E+01  0.00000000E+00 -6.73054508E-03 -1.45498147E-03  3.94207272E-04
  3.60000000E-01  5.98035573E-02 -4.88875503E+01  0.00000000E+00 -5.85106664E-03 -1.26555565E-03  3.43142246E-04
  3.65000000E-01  5.97765007E-02 -4.88875562E+01  0.00000000E+00 -5.08653019E-03 -1.10080223E-03  2.98693038E-04
  3.70000000E-01  5.97529794E-02 -4.88875613E+01  0.00000000E+00 -4.42190979E-03 -9.57506129E-04  2.60002907E-04
  3.75000000E-01  5.97325314E-02 -4.88875657E+01  0.00000000E+00 -3.84414461E-03 -8.32871523E-04  2.26325937E-04
  3.80000000E-01  5.97147551E-02 -4.88875695E+01  0.00000000E+00 -3.34188174E-03 -7.24467106E-04  1.97012728E-04
  3.85000000E-01  5.96993013E-02 -4.88875729E+01  0.00000000E+00 -2.90525270E-03 -6.30178516E-04  1.71497934E-04
  3.90000000E-01  5.96858666E-02 -4.88875758E+01  0.00000000E+00 -2.52567926E-03 -5.48166975E-04  1.49289397E-04
  3.95000000E-01  5.96741872E-02 -4.88875783E+01  0.00000000E+00 -2.19570460E-03 -4.76833344E-04  1.29958691E-04
  4.00000000E-01  5.96640336E-02 -4.88875806E+01  0.00000000E+00 -1.90884673E-03 -4.14786867E-04  1.13132879E-04
  4.05000000E-01  5.96552065E-02 -4.88875825E+01  0.00000000E+00 -1.65947092E-03 -3.60817998E-04  9.84873291E-05
  4.10000000E-01  5.96475326E-02 -4.88875841E+01  0.00000000E+00 -1.44267896E-03 -3.13874779E-04  8.57394697E-05
  4.15000000E-01  5.96408612E-02 -4.88875856E+01  0.00000000E+00 -1.25421288E-03 -2.73042295E-04  7.46433418E-05
  4.20000000E-01  5.96350613E-02 -4.88875869E+01  0.00000000E+00 -1.09037117E-03 -2.37524816E-04  6.49848591E-05
  4.25000000E-01  5.96300190E-02 -4.88875880E+01  0.00000000E+00 -9.47936130E-04 -2.06630261E-04  5.65776805E-05
  4.30000000E-01  5.96256354E-02 -4.88875889E+01  0.00000000E+00 -8.24110542E-04 -1.79756692E-04  4.92596162E-05
  4.35000000E-01  5.96218244E-02 -4.88875897E+01  0.00000000E+00 -7.16462762E-04 -1.56380573E-04  4.28894994E-05
  4.40000000E-01  5.96185112E-02 -4.88875905E+01  0.00000000E+00 -6.22878913E-04 -1.36046551E-04  3.73444615E-05
  4.45000000E-01  5.96156308E-02 -4.88875911E+01  0.00000000E+00 -5.41521360E-04 -1.18358573E-04  3.25175620E-05
  4.50000000E-01  5.96131266E-02 -4.88875916E+01  0.00000000E+00 -4.70792600E-04 -1.02972165E-04  2.83157234E-05
  4.55000000E-01  5.96109495E-02 -4.88875921E+01  0.00000000E+00 -4.09303886E-04 -8.95877108E-05  2.46579350E-05
  4.60000000E-01  5.96090567E-02 -4.88875925E+01  0.00000000E+00 -3.55847937E-04 -7.79446083E-05  2.14736882E-05
  4.65000000E-01  5.96074111E-02 -4.88875929E+01  0.00000000E+00 -3.09375230E-04 -6.78161895E-05  1.87016157E-05
  4.70000000E-01  5.96059804E-02 -4.88875932E+01  0.00000000E+00 -2.68973379E-04 -5.90053003E-05  1.62883060E-05
  4.75000000E-01  5.96047365E-02 -4.88875935E+01  0.00000000E+00 -2.33849217E-04 -5.13404568E-05  1.41872722E-05
  4.80000000E-01  5.96036551E-02 -4.88875937E+01  0.00000000E+00 -2.03313213E-04 -4.46725018E-05  1.23580539E-05
  4.85000000E-01  5.96027148E-02 -4.88875939E+01  0.00000000E+00 -1.76765935E-04 -3.88716978E-05  1.07654361E-05
  4.90000000E-01  5.96018974E-02 -4.88875941E+01  0.00000000E+00 -1.53686270E-04 -3.38251975E-05  9.37876917E-06
  4.95000000E-01  5.96011866E-02 -4.88875943E+01  0.00000000E+00 -1.33621196E-04 -2.94348447E-05  8.17137648E-06
  5.00000000E-01  5.96005687E-02 -4.88875944E+01  0.00000000E+00 -1.16176881E-04 -2.56152614E-05  7.12003954E-06
  5.05000000E-01  5.96000314E-02 -4.88875945E+01  0.00000000E+00 -1.01010949E-04 -2.22921834E-05  6.20454948E-06
  5.10000000E-01  5.95995643E-02 -4.88875946E+01  0.00000000E+00 -8.78257579E-05 -1.94010138E-05  5.40731679E-06
  5.15000000E-01  5.95991581E-02 -4.88875947E+01  0.00000000E+00 -7.63625524E-05 -1.68855635E-05  4.71303173E-06
  5.20000000E-01  5.95988050E-02 -4.88875948E+01  0.00000000E+00 -6.63963850E-05 -1.46969575E-05  4.10836872E-06
  5.25000000E-01  5.95984979E-02 -4.88875949E+01  0.00000000E+00 -5.77316974E-05 -1.27926816E-05  3.58172907E-06
  5.30000000E-01  5.95982309E-02 -4.88875949E+01  0.00000000E+00 -5.01984806E-05 -1.11357549E-05  3.12301701E-06
  5.35000000E-01  5.95979987E-02 -4.88875950E+01  0.00000000E+00 -4.36489368E-05 -9.69400941E-06  2.72344494E-06
  5.40000000E-01  5.95977969E-02 -4.88875950E+01  0.00000000E+00 -3.79545772E-05 -8.43946310E-06  2.37536372E-06
  5.45000000E-01  5.95976213E-02 -4.88875950E+01  0.00000000E+00 -3.30036993E-05 -7.34777526E-06  2.07211509E-06
  5.50000000E-01  5.95974687E-02 -4.88875951E+01  0.00000000E+00 -2.86991937E-05 -6.39777236E-06  1.80790324E-06
  5.55000000E-01  5.95973360E-02 -4.88875951E+01  0.00000000E+00 -2.49566370E-05 -5.57103588E-06  1.57768302E-06
  5.60000000E-01  5.95972205E-02 -4.88875951E+01  0.00000000E+00 -2.17026348E-05 -4.85154365E-06  1.37706264E-06
  5.65000000E-01  5.95971202E-02 -4.88875952E+01  0.00000000E+00 -1.88733806E-05 -4.22535784E-06  1.20221893E-06
  5.70000000E-01  5.95970329E-02 -4.88875952E+01  0.00000000E+00 -1.64134033E-05 -3.68035374E-06  1.04982359E-06
  5.75000000E-01  5.95969569E-02 -4.88875952E+01  0.00000000E+00 -1.42744779E-05 -3.20598382E-06  9.16979093E-07
  5.80000000E-01  5.95968909E-02 -4.88875952E+01  0.00000000E+00 -1.24146791E-05 -2.79307245E-06  8.01162850E-07
  5.85000000E-01  5.95968335E-02 -4.88875952E+01  0.00000000E+00 -1.07975579E-05 -2.43363742E-06  7.00178655E-07
  5.90000000E-01  5.95967836E-02 -4.88875952E+01  0.00000000E+00 -9.39142640E-06 -2.12073451E-06  6.12114446E-07
  5.95000000E-01  5.95967401E-02 -4.88875952E+01  0.00000000E+00 -8.16873581E-06 -1.84832248E-06  5.35305474E-07
  6.00000000E-01  5.95967023E-02 -4.88875953E+01  0.00000000E+00 -7.10553555E-06 -1.61114552E-06  4.68302261E-07
  6.05000000E-01  5.95966695E-02 -4.88875953E+01  0.00000000E+00 -6.18100331E-06 -1.40463104E-06  4.09842674E-07
  6.10000000E-01  5.95966409E-02 -4.88875953E+01  0.00000000E+00 -5.37703638E-06 -1.22480081E-06  3.58827653E-07
  6.15000000E-01  5.95966160E-02 -4.88875953E+01  0.00000000E+00 -4.67789635E-06 -1.06819365E-06  3.14300105E-07
  6.20000000E-01  5.95965943E-02 -4.88875953E+01  0.00000000E+00 -4.06990027E-06 -9.31798183E-07  2.75426545E-07
  6.25000000E-01  5.95965755E-02 -4.88875953E+01  0.00000000E+00 -3.54115211E-06 -8.12994346E-07  2.41481129E-07
  6.30000000E-01  5.95965591E-02 -4.88875953E+01  0.00000000E+00 -3.08130934E-06 -7.09502453E-07  2.11831683E-07
  6.35000000E-01  5.95965449E-02 -4.88875953E+01  0.00000000E+00 -2.68137999E-06 -6.19338913E-07  1.85927590E-07
  6.40000000E-01  5.95965325E-02 -4.88875953E+01  0.00000000E+00 -2.33354628E-06 -5.40777730E-07  1.63289229E-07
  6.45000000E-01  5.95965217E-02 -4.88875953E+01  0.00000000E+00 -2.03101124E-06 -4.72317027E-07  1.43498804E-07
  6.50000000E-01  5.95965123E-02 -4.88875953E+01  0.00000000E+00 -1.76786535E-06 -4.12649896E-07  1.26192351E-07
  6.55000000E-01  5.95965041E-02 -4.88875953E+01  0.00000000E+00 -1.53897063E-06 -3.60639054E-07  1.11052771E-07
  6.60000000E-01  5.95964970E-02 -4.88875953E+01  0.00000000E+00 -1.33985990E-06 -3.15294793E-07  9.78037810E-08
  6.65000000E-01  5.95964908E-02 -4.88875953E+01  0.00000000E+00 -1.16664913E-06 -2.75755800E-07  8.62046395E-08
  6.70000000E-01  5.95964854E-02 -4.88875953E+01  0.00000000E+00 -1.01596129E-06 -2.41272467E-07  7.60455503E-08
  6.75000000E-01  5.95964807E-02 -4.88875953E+01  0.00000000E+00 -8.84860145E-07 -2.11192376E-07  6.71436650E-08
  6.80000000E-01  5.95964766E-02 -4.88875953E+01  0.00000000E+00 -7.70792701E-07 -1.84947676E-07  5.93396077E-08
  6.85000000E-01  5.95964730E-02 -4.88875953E+01  0.00000000E+00 -6.71539139E-07 -1.62044095E-07  5.24944420E-08
  6.90000000E-01  5.95964699E-02 -4.88875953E+01  0.00000000E+00 -5.85169321E-07 -1.42051379E-07  4.64870346E-08
  6.95000000E-01  5.95964672E-02 -4.88875953E+01  0.00000000E+00 -5.10004958E-07 -1.24594987E-07  4.12117599E-08
  7.00000000E-01  5.95964648E-02 -4.88875953E+01  0.00000000E+00 -4.44586728E-07 -1.09348856E-07  3.65765039E-08
  7.05000000E-01  5.95964628E-02 -4.88875953E+01  0.00000000E+00 -3.87645682E-07 -9.60291063E-08  3.25009219E-08
  7.10000000E-01  5.95964610E-02 -4.88875953E+01  0.00000000E+00 -3.38078398E-07 -8.43885694E-08  2.89149258E-08
  7.15000000E-01  5.95964594E-02 -4.88875953E+01  0.00000000E+00 -2.94925360E-07 -7.42120233E-08  2.57573624E-08
  7.20000000E-01  5.95964580E-02 -4.88875953E+01  0.00000000E+00 -2.57352183E-07 -6.53120493E-08  2.29748663E-08
  7.25000000E-01  5.95964568E-02 -4.88875953E+01  0.00000000E+00 -2.24633272E-07 -5.75254253E-08  2.05208554E-08
  7.30000000E-01  5.95964558E-02 -4.88875953E+01  0.00000000E+00 -1.96137622E-07 -5.07099899E-08  1.83546620E-08
  7.35000000E-01  5.95964549E-02 -4.88875953E+01  0.00000000E+00 -1.71316478E-07 -4.47419124E-08  1.64407743E-08
  7.40000000E-01  5.95964541E-02 -4.88875953E+01  0.00000000E+00 -1.49692598E-07 -3.95133179E-08  1.47481735E-08
  7.45000000E-01  5.95964534E-02 -4.88875953E+01  0.00000000E+00 -1.30850918E-07 -3.49302215E-08  1.32497588E-08
  7.50000000E-01  5.95964528E-02 -4.88875953E+01  0.00000000E+00 -1.14430445E-07 -3.09107291E-08  1.19218471E-08
  7.55000000E-01  5.95964523E-02 -4.88875953E+01  0.00000000E+00 -1.00117199E-07 -2.73834730E-08  1.07437342E-08
  7.60000000E-01  5.95964518E-02 -4.88875953E+01  0.00000000E+00 -8.76380789E-08 -2.42862515E-08  9.69731488E-09
  7.65000000E-01  5.95964514E-02 -4.88875953E+01  0.00000000E+00 -7.67555354E-08 -2.15648428E-08  8.76675320E-09
  7.70000000E-01  5.95964510E-02 -4.88875953E+01  0.00000000E+00 -6.72629305E-08 -1.91719741E-08  7.93819068E-09
  7.75000000E-01  5.95964507E-02 -4.88875953E+01  0.00000000E+00 -5.89805033E-08 -1.70664243E-08  7.19949440E-09
  7.80000000E-01  5.95964504E-02 -4.88875953E+01  0.00000000E+00 -5.17518737E-08 -1.52122419E-08  6.54003997E-09
  7.85000000E-01  5.95964502E-02 -4.88875953E+01  0.00000000E+00 -4.54409891E-08 -1.35780656E-08  5.95051859E-09
  7.90000000E-01  5.95964500E-02 -4.88875953E+01  0.00000000E+00 -3.99294754E-08 -1.21365326E-08  5.42276970E-09
  7.95000000E-01  5.95964498E-02 -4.88875953E+01  0.00000000E+00 -3.51143325E-08 -1.08637633E-08  4.94963663E-09
  8.00000000E-01  5.95964496E-02 -4.88875953E+01  0.00000000E+00 -3.09059361E-08 -9.73891292E-09  4.52484016E-09
