  0.00000000E+00  0.00000000E+00 -4.89000000E+01  0.00000000E+00  8.34510768E-01  1.63434692E-01 -5.04147559E-02
  5.00000000E-03  4.17255384E-03 -4.88991828E+01  0.00000000E+00  7.66923107E-01  1.51088650E-01 -4.61527349E-02
  1.00000000E-02  7.83820022E-03 -4.88984582E+01  0.00000000E+00  7.07820056E-01  1.40240282E-01 -4.24747315E-02
  1.50000000E-02  1.12295429E-02 -4.88977842E+01  0.00000000E+00  6.55575473E-01  1.30629425E-01 -3.92627374E-02
  2.00000000E-02  1.43768088E-02 -4.88971550E+01  0.00000000E+00  6.09814728E-01  1.22190625E-01 -3.64689239E-02
  2.50000000E-02  1.73114806E-02 -4.88965652E+01  0.00000000E+00  5.69883740E-01  1.14809460E-01 -3.40391406E-02
  3.00000000E-02  2.00610718E-02 -4.88960096E+01  0.00000000E+00  5.35097877E-01  1.08366256E-01 -3.19270983E-02
  3.50000000E-02  2.26495965E-02 -4.88954839E+01  0.00000000E+00  5.04819537E-01  1.02748958E-01 -3.00910993E-02
  4.00000000E-02  2.50979984E-02 -4.88949842E+01  0.00000000E+00  4.78477970E-01  9.78566786E-02 -2.84945665E-02
  4.50000000E-02  2.74245343E-02 -4.88945071E+01  0.00000000E+00  4.55569902E-01  9.35999244E-02 -2.71056899E-02
  5.00000000E-02  2.96451136E-02 -4.88940498E+01  0.00000000E+00  4.35654278E-01  8.98997947E-02 -2.58968976E-02
  5.50000000E-02  3.17735960E-02 -4.88936095E+01  0.00000000E+00  4.18345611E-01  8.66869267E-02 -2.48443174E-02
  6.00000000E-02  3.38220523E-02 -4.88931841E+01  0.00000000E+00  4.03307422E-01  8.39004351E-02 -2.39272831E-02
  6.50000000E-02  3.58009940E-02 -4.88927716E+01  0.00000000E+00  3.90246233E-01  8.14869268E-02 -2.31279002E-02
  7.00000000E-02  3.77195722E-02 -4.88923702E+01  0.00000000E+00  3.78906198E-01  7.93996113E-02 -2.24306672E-02
  7.50000000E-02  3.95857531E-02 -4.88919784E+01  0.00000000E+00  3.69064355E-01  7.75975064E-02 -2.18221501E-02
  8.00000000E-02  4.14064702E-02 -4.88915949E+01  0.00000000E+00  3.60526459E-01  7.60447331E-02 -2.12907014E-02
  8.50000000E-02  4.31877578E-02 -4.88912186E+01  0.00000000E+00  3.53123327E-01  7.47098923E-02 -2.08262179E-02
  9.00000000E-02  4.49348666E-02 -4.88908484E+01  0.00000000E+00  3.46707630E-01  7.35655143E-02 -2.04199326E-02
  9.50000000E-02  4.66523655E-02 -4.88904834E+01  0.00000000E+00  3.41151100E-01  7.25875743E-02 -2.00642351E-02
  1.00000000E-01  4.83442297E-02 -4.88901229E+01  0.00000000E+00  3.36342075E-01  7.17550652E-02 -1.97525169E-02
  1.05000000E-01  5.00139175E-02 -4.88897662E+01  0.00000000E+00  3.32183367E-01  7.10496224E-02 -1.94790374E-02
  1.10000000E-01  5.16644376E-02 -4.88894127E+01  0.00000000E+00  3.28590395E-01  7.04551951E-02 -1.92388090E-02
  1.15000000E-01  5.32984071E-02 -4.88890619E+01  0.00000000E+00  3.25489554E-01  6.99577562E-02 -1.90274968E-02
  1.20000000E-01  5.49181028E-02 -4.88887134E+01  0.00000000E+00  3.22816802E-01  6.95450497E-02 -1.88413327E-02
  1.25000000E-01  5.65255049E-02 -4.88883667E+01  0.00000000E+00  3.20516417E-01  6.92063677E-02 -1.86770405E-02
  1.30000000E-01  5.81223360E-02 -4.88880215E+01  0.00000000E+00  3.18539921E-01  6.89323563E-02 -1.85317711E-02
  1.35000000E-01  5.97100944E-02 -4.88876775E+01  0.00000000E+00  3.16845141E-01  6.87148454E-02 -1.84030466E-02
  1.40000000E-01  6.12900831E-02 -4.88873345E+01  0.00000000E+00  3.15395392E-01  6.85466986E-02 -1.82887117E-02
  1.45000000E-01  6.28634357E-02 -4.88869922E+01  0.00000000E+00  3.14158763E-01  6.84216840E-02 -1.81868912E-02
  1.50000000E-01  6.44311380E-02 -4.88866504E+01  0.00000000E+00  3.13107494E-01  6.83343589E-02 -1.80959536E-02
  1.55000000E-01  6.59940473E-02 -4.88863089E+01  0.00000000E+00  3.12217443E-01  6.82799709E-02 -1.80144795E-02
  1.60000000E-01  6.75529094E-02 -4.88859677E+01  0.00000000E+00  3.11467610E-01  6.82543700E-02 -1.79412336E-02
  1.65000000E-01  6.91083728E-02 -4.88856265E+01  0.00000000E+00  3.10839731E-01  6.82539329E-02 -1.78751410E-02
  1.70000000E-01  7.06610018E-02 -4.88852852E+01  0.00000000E+00  3.10317920E-01  6.82754958E-02 -1.78152661E-02
  1.75000000E-01  7.22112869E-02 -4.88849438E+01  0.00000000E+00  3.09888362E-01  6.83162967E-02 -1.77607947E-02
  1.80000000E-01  7.37596548E-02 -4.88846021E+01  0.00000000E+00  3.09539041E-01  6.83739240E-02 -1.77110183E-02
  1.85000000E-01  7.53064767E-02 -4.88842601E+01  0.00000000E+00  3.09259509E-01  6.84462725E-02 -1.76653201E-02
  1.90000000E-01  7.68520754E-02 -4.88839177E+01  0.00000000E+00  3.09040676E-01  6.85315042E-02 -1.76231633E-02
  1.95000000E-01  7.83967317E-02 -4.88835748E+01  0.00000000E+00  3.09102911E-01  6.89519072E-02 -1.77561671E-02
  2.00000000E-01  7.99424018E-02 -4.88832290E+01  0.00000000E+00  3.08966818E-01  6.90360650E-02 -1.77057779E-02
  2.05000000E-01  8.14868957E-02 -4.88828836E+01  0.00000000E+00  3.08865679E-01  6.91235297E-02 -1.76578112E-02
  2.10000000E-01  8.30309712E-02 -4.88825377E+01  0.00000000E+00  3.08799951E-01  6.92186693E-02 -1.76106289E-02
  2.15000000E-01  8.45748067E-02 -4.88821914E+01  0.00000000E+00  3.08766428E-01  6.93232301E-02 -1.75667058E-02
  2.20000000E-01  8.61185550E-02 -4.88818445E+01  0.00000000E+00  3.08761412E-01  6.94366586E-02 -1.75260185E-02
  2.25000000E-01  8.76623495E-02 -4.88814971E+01  0.00000000E+00  3.08781375E-01  6.95581018E-02 -1.74882720E-02
  2.30000000E-01  8.92063063E-02 -4.88811490E+01  0.00000000E+00  3.08823137E-01  6.96866559E-02 -1.74531209E-02
  2.35000000E-01  9.07505264E-02 -4.88808002E+01  0.00000000E+00  3.08883889E-01  6.98214780E-02 -1.74202325E-02
  2.40000000E-01  9.22950977E-02 -4.88804508E+01  0.00000000E+00  3.08961176E-01  6.99618139E-02 -1.73893069E-02
  2.45000000E-01  9.38400968E-02 -4.88801006E+01  0.00000000E+00  3.09052856E-01  7.01069993E-02 -1.73600799E-02
  2.50000000E-01  9.53855903E-02 -4.88797497E+01  0.00000000E+00  3.09157068E-01  7.02564523E-02 -1.73323209E-02
  2.55000000E-01  9.69316362E-02 -4.88793981E+01  0.00000000E+00  3.09272188E-01  7.04096646E-02 -1.73058295E-02
  2.60000000E-01  9.84782849E-02 -4.88790456E+01  0.00000000E+00  3.09396807E-01  7.05661925E-02 -1.72804316E-02
  2.65000000E-01  1.00025580E-01 -4.88786924E+01  0.00000000E+00  3.09529698E-01  7.07256489E-02 -1.72559763E-02
  2.70000000E-01  1.01573561E-01 -4.88783384E+01  0.00000000E+00  3.09669793E-01  7.08876963E-02 -1.72323327E-02
  2.75000000E-01  1.03122260E-01 -4.88779835E+01  0.00000000E+00  3.09816163E-01  7.10520400E-02 -1.72093873E-02
  2.80000000E-01  1.04671707E-01 -4.88776279E+01  0.00000000E+00  3.09968002E-01  7.12184232E-02 -1.71870417E-02
  2.85000000E-01  1.06221927E-01 -4.88772714E+01  0.00000000E+00  3.10124608E-01  7.13866220E-02 -1.71652109E-02
  2.90000000E-01  1.07772941E-01 -4.88769140E+01  0.00000000E+00  3.10285368E-01  7.15564410E-02 -1.71438208E-02
  2.95000000E-01  1.09324770E-01 -4.88765558E+01  0.00000000E+00  3.10449753E-01  7.17277098E-02 -1.71228076E-02
  3.00000000E-01  1.10877430E-01 -4.88761967E+01  0.00000000E+00 -4.89223199E-01 -1.09571039E-01  2.76143490E-02
  3.05000000E-01  1.06432131E-01 -4.88771978E+01  0.00000000E+00 -4.46345388E-01 -9.94552336E-02  2.28132608E-02
  3.10000000E-01  1.04307599E-01 -4.88776698E+01  0.00000000E+00 -3.95245062E-01 -8.82197766E-02  2.14784118E-02
  3.15000000E-01  1.02459124E-01 -4.88780828E+01  0.00000000E+00 -3.45819842E-01 -7.71195131E-02  1.85490209E-02
  3.20000000E-01  1.00853588E-01 -4.88784407E+01  0.00000000E+00 -3.01243847E-01 -6.71687112E-02  1.62088320E-02
  3.25000000E-01  9.94588091E-02 -4.88787516E+01  0.00000000E+00 -2.61970140E-01 -5.84099027E-02  1.41496031E-02
  3.30000000E-01  9.82471426E-02 -4.88790218E+01  0.00000000E+00 -2.27677988E-01 -5.07668353E-02  1.23448362E-02
  3.35000000E-01  9.71944831E-02 -4.88792565E+01  0.00000000E+00 -1.97837356E-01 -4.41184680E-02  1.07661211E-02
  3.40000000E-01  9.62798979E-02 -4.88794605E+01  0.00000000E+00 -1.71902770E-01 -3.83417002E-02  9.38657213E-03
  3.45000000E-01  9.54852205E-02 -4.88796378E+01  0.00000000E+00 -1.49372170E-01 -3.33237678E-02  8.18187919E-03
  3.50000000E-01  9.47946861E-02 -4.88797918E+01  0.00000000E+00 -1.29800511E-01 -2.89649951E-02  7.13040656E-03
  3.55000000E-01  9.41946127E-02 -4.88799258E+01  0.00000000E+00 -1.12798702E-01 -2.51784093E-02  6.21303271E-03
  3.60000000E-01  9.36731238E-02 -4.88800422E+01  0.00000000E+00 -9.80283149E-02 -2.18884723E-02  5.41291917E-03
  3.65000000E-01  9.32199082E-02 -4.88801434E+01  0.00000000E+00 -8.51955182E-02 -1.90296757E-02  4.71527115E-03
  3.70000000E-01  9.28260126E-02 -4.88802314E+01  0.00000000E+00 -7.40453322E-02 -1.65452246E-02  4.10711010E-03
  3.75000000E-01  9.24836614E-02 -4.88803079E+01  0.00000000E+00 -6.43565018E-02 -1.43858719E-02  3.57706464E-03
  3.80000000E-01  9.21861009E-02 -4.88803745E+01  0.00000000E+00 -5.59370114E-02 -1.25089025E-02  3.11518136E-03
  3.85000000E-01  9.19274646E-02 -4.88804323E+01  0.00000000E+00 -4.86201911E-02 -1.08772555E-02  2.71275503E-03
  3.90000000E-01  9.17026557E-02 -4.88804826E+01  0.00000000E+00 -4.22613447E-02 -9.45876588E-03  2.36217724E-03
  3.95000000E-01  9.15072461E-02 -4.88805264E+01  0.00000000E+00 -3.67348322E-02 -8.22551011E-03  2.05680203E-03
  4.00000000E-01  9.13373882E-02 -4.88805644E+01  0.00000000E+00 -3.19315430E-02 -7.15324120E-03  1.79082695E-03
  4.05000000E-01  9.11897387E-02 -4.88805975E+01  0.00000000E+00 -2.77567095E-02 -6.22090004E-03  1.55918806E-03
  4.10000000E-01  9.10613922E-02 -4.88806263E+01  0.00000000E+00 -2.41280117E-02 -5.41019289E-03  1.35746753E-03
  4.15000000E-01  9.09498239E-02 -4.88806513E+01  0.00000000E+00 -2.09739350E-02 -4.70522572E-03  1.18181234E-03
  4.20000000E-01  9.08528394E-02 -4.88806731E+01  0.00000000E+00 -1.82323466E-02 -4.09218746E-03  1.02886299E-03
  4.25000000E-01  9.07685317E-02 -4.88806920E+01  0.00000000E+00 -1.58492604E-02 -3.55907555E-03  8.95690888E-04
  4.30000000E-01  9.06952431E-02 -4.88807084E+01  0.00000000E+00 -1.37777657E-02 -3.09545802E-03  7.79743613E-04
  4.35000000E-01  9.06315330E-02 -4.88807228E+01  0.00000000E+00 -1.19770979E-02 -2.69226713E-03  6.78796968E-04
  4.40000000E-01  9.05761492E-02 -4.88807352E+01  0.00000000E+00 -1.04118307E-02 -2.34162032E-03  5.90913049E-04
  4.45000000E-01  9.05280032E-02 -4.88807460E+01  0.00000000E+00 -9.05117649E-03 -2.03666482E-03  5.14403616E-04
  4.50000000E-01  9.04861490E-02 -4.88807555E+01  0.00000000E+00 -7.86837739E-03 -1.77144276E-03  4.47798090E-04
  4.55000000E-01  9.04497641E-02 -4.88807637E+01  0.00000000E+00 -6.84017725E-03 -1.54077402E-03  3.89815618E-04
  4.60000000E-01  9.04181337E-02 -4.88807708E+01  0.00000000E+00 -5.94636274E-03 -1.34015450E-03  3.39340687E-04
  4.65000000E-01  9.03906364E-02 -4.88807770E+01  0.00000000E+00 -5.16936479E-03 -1.16566774E-03  2.95401859E-04
  4.70000000E-01  9.03667321E-02 -4.88807824E+01  0.00000000E+00 -4.49391233E-03 -1.01390812E-03  2.57153216E-04
  4.75000000E-01  9.03459511E-02 -4.88807871E+01  0.00000000E+00 -3.90673148E-03 -8.81914163E-04  2.23858185E-04
  4.80000000E-01  9.03278854E-02 -4.88807912E+01  0.00000000E+00 -3.39628412E-03 -7.67110502E-04  1.94875434E-04
  4.85000000E-01  9.03121801E-02 -4.88807947E+01  0.00000000E+00 -2.95254079E-03 -6.67257524E-04  1.69646587E-04
  4.90000000E-01  9.02985268E-02 -4.88807978E+01  0.00000000E+00 -2.56678332E-03 -5.80407542E-04  1.47685511E-04
  4.95000000E-01  9.02866573E-02 -4.88808005E+01  0.00000000E+00 -2.23143328E-03 -5.04866714E-04  1.28568982E-04
  5.00000000E-01  9.02763385E-02 -4.88808028E+01  0.00000000E+00 -1.93990291E-03 -4.39161937E-04  1.11928559E-04
  5.05000000E-01  9.02673678E-02 -4.88808048E+01  0.00000000E+00 -1.68646561E-03 -3.82012059E-04  9.74434970E-05
  5.10000000E-01  9.02595691E-02 -4.88808066E+01  0.00000000E+00 -1.46614327E-03 -3.32302858E-04  8.48345847E-05
  5.15000000E-01  9.02527891E-02 -4.88808081E+01  0.00000000E+00 -1.27460846E-03 -2.89065279E-04  7.38587674E-05
  5.20000000E-01  9.02468949E-02 -4.88808095E+01  0.00000000E+00 -1.10809932E-03 -2.51456509E-04  6.43044703E-05
  5.25000000E-01  9.02417707E-02 -4.88808106E+01  0.00000000E+00 -9.63345674E-04 -2.18743532E-04  5.59875240E-05
  5.30000000E-01  9.02373159E-02 -4.88808117E+01  0.00000000E+00 -8.37504695E-04 -1.90288812E-04  4.87476168E-05
  5.35000000E-01  9.02334429E-02 -4.88808125E+01  0.00000000E+00 -7.28105087E-04 -1.65537857E-04  4.24452060E-05
  5.40000000E-01  9.02300759E-02 -4.88808133E+01  0.00000000E+00 -6.32998512E-04 -1.44008399E-04  3.69588282E-05
  5.45000000E-01  9.02271487E-02 -4.88808140E+01  0.00000000E+00 -5.50317374E-04 -1.25280981E-04  3.21827583E-05
  5.50000000E-01  9.02246038E-02 -4.88808145E+01  0.00000000E+00 -4.78438132E-04 -1.08990775E-04  2.80249701E-05
  5.55000000E-01  9.02223913E-02 -4.88808151E+01  0.00000000E+00 -4.15949400E-04 -9.48204686E-05  2.44053627E-05
  5.60000000E-01  9.02204678E-02 -4.88808155E+01  0.00000000E+00 -3.61624223E-04 -8.24940713E-05  2.12542147E-05
  5.65000000E-01  9.02187955E-02 -4.88808159E+01  0.00000000E+00 -3.14395973E-04 -7.17715341E-05  1.85108399E-05
  5.70000000E-01  9.02173416E-02 -4.88808162E+01  0.00000000E+00 -2.73337398E-04 -6.24440675E-05  1.61224163E-05
  5.75000000E-01  9.02160775E-02 -4.88808165E+01  0.00000000E+00 -2.37642407E-04 -5.43300701E-05  1.40429671E-05
  5.80000000E-01  9.02149786E-02 -4.88808167E+01  0.00000000E+00 -2.06610236E-04 -4.72715872E-05  1.22324736E-05
  5.85000000E-01  9.02140231E-02 -4.88808170E+01  0.00000000E+00 -1.79631688E-04 -4.11312314E-05  1.06561030E-05
  5.90000000E-01  9.02131924E-02 -4.88808172E+01  0.00000000E+00 -1.56177165E-04 -3.57895036E-05  9.28353656E-06
  5.95000000E-01  9.02124701E-02 -4.88808173E+01  0.00000000E+00 -1.35786265E-04 -3.11424638E-05  8.08838408E-06
  6.00000000E-01  9.02118422E-02 -4.88808175E+01  0.00000000E+00 -1.18058743E-04 -2.70997045E-05  7.04767513E-06
  6.05000000E-01  9.02112962E-02 -4.88808176E+01  0.00000000E+00 -1.02646650E-04 -2.35825883E-05  6.14141567E-06
  6.10000000E-01  9.02108215E-02 -4.88808177E+01  0.00000000E+00 -8.92474969E-05 -2.05227158E-05  5.35220233E-06
  6.15000000E-01  9.02104088E-02 -4.88808178E+01  0.00000000E+00 -7.75983188E-05 -1.78605916E-05  4.66488641E-06
  6.20000000E-01  9.02100499E-02 -4.88808179E+01  0.00000000E+00 -6.74705065E-05 -1.55444654E-05  4.06628185E-06
  6.25000000E-01  9.02097379E-02 -4.88808179E+01  0.00000000E+00 -5.86653197E-05 -1.35293234E-05  3.54491074E-06
  6.30000000E-01  9.02094665E-02 -4.88808180E+01  0.00000000E+00 -5.10099833E-05 -1.17760108E-05  3.09078202E-06
  6.35000000E-01  9.02092306E-02 -4.88808181E+01  0.00000000E+00 -4.43542956E-05 -1.02504697E-05  2.69519878E-06
  6.40000000E-01  9.02090255E-02 -4.88808181E+01  0.00000000E+00 -3.85676779E-05 -8.92307463E-06  2.35059054E-06
  6.45000000E-01  9.02088471E-02 -4.88808182E+01  0.00000000E+00 -3.35366112E-05 -7.76805601E-06  2.05036723E-06
  6.50000000E-01  9.02086920E-02 -4.88808182E+01  0.00000000E+00 -2.91624072E-05 -6.76299792E-06  1.78879213E-06
  6.55000000E-01  9.02085571E-02 -4.88808182E+01  0.00000000E+00 -2.53592701E-05 -5.88840142E-06  1.56087125E-06
  6.60000000E-01  9.02084399E-02 -4.88808182E+01  0.00000000E+00 -2.20526131E-05 -5.12730467E-06  1.36225700E-06
  6.65000000E-01  9.02083379E-02 -4.88808183E+01  0.00000000E+00 -1.91775929E-05 -4.46495305E-06  1.18916457E-06
  6.70000000E-01  9.02082492E-02 -4.88808183E+01  0.00000000E+00 -1.66778372E-05 -3.88851188E-06  1.03829908E-06
  6.75000000E-01  9.02081720E-02 -4.88808183E+01  0.00000000E+00 -1.45043376E-05 -3.38681622E-06  9.06791961E-07
  6.80000000E-01  9.02081049E-02 -4.88808183E+01  0.00000000E+00 -1.26144879E-05 -2.95015353E-06  7.92145777E-07
  6.85000000E-01  9.02080466E-02 -4.88808183E+01  0.00000000E+00 -1.09712473E-05 -2.57007471E-06  6.92186136E-07
  6.90000000E-01  9.02079958E-02 -4.88808184E+01  0.00000000E+00 -9.54241334E-06 -2.23922959E-06  6.05019819E-07
  6.95000000E-01  9.02079517E-02 -4.88808184E+01  0.00000000E+00 -8.29999011E-06 -1.95122394E-06  5.28998398E-07
  7.00000000E-01  9.02079133E-02 -4.88808184E+01  0.00000000E+00 -7.21963855E-06 -1.70049509E-06  4.62686578E-07
  7.05000000E-01  9.02078799E-02 -4.88808184E+01  0.00000000E+00 -6.28019866E-06 -1.48220368E-06  4.04834590E-07
  7.10000000E-01  9.02078509E-02 -4.88808184E+01  0.00000000E+00 -5.46327419E-06 -1.29213949E-06  3.54354077E-07
  7.15000000E-01  9.02078256E-02 -4.88808184E+01  0.00000000E+00 -4.75287160E-06 -1.12663969E-06  3.10297235E-07
  7.20000000E-01  9.02078036E-02 -4.88808184E+01  0.00000000E+00 -4.13508616E-06 -9.82517557E-07  2.71838687E-07
  7.25000000E-01  9.02077845E-02 -4.88808184E+01  0.00000000E+00 -3.59782903E-06 -8.57000581E-07  2.38259643E-07
  7.30000000E-01  9.02077678E-02 -4.88808184E+01  0.00000000E+00 -3.13059015E-06 -7.47676532E-07  2.08934040E-07
  7.35000000E-01  9.02077533E-02 -4.88808184E+01  0.00000000E+00 -2.72423194E-06 -6.52446607E-07  1.83316551E-07
  7.40000000E-01  9.02077407E-02 -4.88808184E+01  0.00000000E+00 -2.37081006E-06 -5.69484654E-07  1.60932165E-07
  7.45000000E-01  9.02077298E-02 -4.88808184E+01  0.00000000E+00 -2.06341755E-06 -4.97201715E-07  1.41367105E-07
  7.50000000E-01  9.02077202E-02 -4.88808184E+01  0.00000000E+00 -1.79604930E-06 -4.34215175E-07  1.24260916E-07
  7.55000000E-01  9.02077119E-02 -4.88808184E+01  0.00000000E+00 -1.56348426E-06 -3.79321926E-07  1.09299559E-07
  7.60000000E-01  9.02077047E-02 -4.88808184E+01  0.00000000E+00 -1.36118301E-06 -3.31475037E-07  9.62094158E-08
  7.65000000E-01  9.02076984E-02 -4.88808184E+01  0.00000000E+00 -1.18519874E-06 -2.89763446E-07  8.47520762E-08
  7.70000000E-01  9.02076929E-02 -4.88808184E+01  0.00000000E+00 -1.03209985E-06 -2.53394298E-07  7.47197904E-08
  7.75000000E-01  9.02076881E-02 -4.88808184E+01  0.00000000E+00 -8.98902680E-07 -2.21677582E-07  6.59315040E-08
  7.80000000E-01  9.02076839E-02 -4.88808184E+01  0.00000000E+00 -7.83013010E-07 -1.94012767E-07  5.82294033E-08
  7.85000000E-01  9.02076803E-02 -4.88808184E+01  0.00000000E+00 -6.82175200E-07 -1.69877171E-07  5.14759114E-08
  7.90000000E-01  9.02076771E-02 -4.88808184E+01  0.00000000E+00 -5.94427969E-07 -1.48815847E-07  4.55510819E-08
  7.95000000E-01  9.02076744E-02 -4.88808184E+01  0.00000000E+00 -5.18065972E-07 -1.30432790E-07  4.03503284E-08
  8.00000000E-01  9.02076720E-02 -4.88808184E+01  0.00000000E+00 -4.51606372E-07 -1.14383280E-07  3.57824454E-08
