  0.00000000E+00  0.00000000E+00 -4.89000000E+01  0.00000000E+00  8.34510768E-01  1.63434692E-01 -5.04147559E-02
  5.00000000E-03  4.17255384E-03 -4.88991828E+01  0.00000000E+00  7.66923107E-01  1.51088650E-01 -4.61527349E-02
  1.00000000E-02  7.83820022E-03 -4.88984582E+01  0.00000000E+00  7.07820056E-01  1.40240282E-01 -4.24747315E-02
  1.50000000E-02  1.12295429E-02 -4.88977842E+01  0.00000000E+00  6.55575473E-01  1.30629425E-01 -3.92627374E-02
  2.00000000E-02  1.43768088E-02 -4.88971550E+01  0.00000000E+00  6.09814728E-01  1.22190625E-01 -3.64689239E-02
  2.50000000E-02  1.73114806E-02 -4.88965652E+01  0.00000000E+00  5.69883740E-01  1.14809460E-01 -3.40391406E-02
  3.00000000E-02  2.00610718E-02 -4.88960096E+01  0.00000000E+00  5.35097877E-01  1.08366256E-01 -3.19270983E-02
  3.50000000E-02  2.26495965E-02 -4.88954839E+01  0.00000000E+00  5.04819537E-01  1.02748958E-01 -3.00910993E-02
  4.00000000E-02  2.50979984E-02 -4.88949842E+01  0.00000000E+00  4.78477970E-01  9.78566786E-02 -2.84945665E-02
  4.50000000E-02  2.74245343E-02 -4.88945071E+01  0.00000000E+00  4.55569902E-01  9.35999244E-02 -2.71056899E-02
  5.00000000E-02  2.96451136E-02 -4.88940498E+01  0.00000000E+00  4.35654278E-01  8.98997947E-02 -2.58968976E-02
  5.50000000E-02  3.17735960E-02 -4.88936095E+01  0.00000000E+00  4.18345611E-01  8.66869267E-02 -2.48443174E-02
  6.00000000E-02  3.38220523E-02 -4.88931841E+01  0.00000000E+00  4.03307422E-01  8.39004351E-02 -2.39272831E-02
  6.50000000E-02  3.58009940E-02 -4.88927716E+01  0.00000000E+00  3.90246233E-01  8.14869268E-02 -2.31279002E-02
  7.00000000E-02  3.77195722E-02 -4.88923702E+01  0.00000000E+00  3.78906198E-01  7.93996113E-02 -2.24306672E-02
  7.50000000E-02  3.95857531E-02 -4.88919784E+01  0.00000000E+00  3.69064355E-01  7.75975064E-02 -2.18221501E-02
  8.00000000E-02  4.14064702E-02 -4.88915949E+01  0.00000000E+00  3.60526459E-01  7.60447331E-02 -2.12907014E-02
  8.50000000E-02  4.31877578E-02 -4.88912186E+01  0.00000000E+00  3.53123327E-01  7.47098923E-02 -2.08262179E-02
  9.00000000E-02  4.49348666E-02 -4.88908484E+01  0.00000000E+00  3.46707630E-01  7.35655143E-02 -2.04199326E-02
  9.50000000E-02  4.66523655E-02 -4.88904834E+01  0.00000000E+00  3.41151100E-01  7.25875743E-02 -2.00642351E-02
  1.00000000E-01  4.83442297E-02 -4.88901229E+01  0.00000000E+00  3.36342075E-01  7.17550652E-02 -1.97525169E-02
  1.05000000E-01  5.00139175E-02 -4.88897662E+01  0.00000000E+00  3.32183367E-01  7.10496224E-02 -1.94790374E-02
  1.10000000E-01  5.16644376E-02 -4.88894127E+01  0.00000000E+00  3.28590395E-01  7.04551951E-02 -1.92388090E-02
  1.15000000E-01  5.32984071E-02 -4.88890619E+01  0.00000000E+00  3.25489554E-01  6.99577562E-02 -1.90274968E-02
  1.20000000E-01  5.49181028E-02 -4.88887134E+01  0.00000000E+00  3.22816802E-01  6.95450497E-02 -1.88413327E-02
  1.25000000E-01  5.65255049E-02 -4.88883667E+01  0.00000000E+00  3.20516417E-01  6.92063677E-02 -1.86770405E-02
  1.30000000E-01  5.81223360E-02 -4.88880215E+01  0.00000000E+00  3.18539921E-01  6.89323563E-02 -1.85317711E-02
  1.35000000E-01  5.97100944E-02 -4.88876775E+01  0.00000000E+00  3.16845141E-01  6.87148454E-02 -1.84030466E-02
  1.40000000E-01  6.12900831E-02 -4.88873345E+01  0.00000000E+00  3.15395392E-01  6.85466986E-02 -1.82887117E-02
  1.45000000E-01  6.28634357E-02 -4.88869922E+01  0.00000000E+00  3.14158763E-01  6.84216840E-02 -1.81868912E-02
  1.50000000E-01  6.44311380E-02 -4.88866504E+01  0.00000000E+00  3.13107494E-01  6.83343589E-02 -1.80959536E-02
  1.55000000E-01  6.59940473E-02 -4.88863089E+01  0.00000000E+00  3.12217443E-01  6.82799709E-02 -1.80144795E-02
  1.60000000E-01  6.75529094E-02 -4.88859677E+01  0.00000000E+00  3.11467610E-01  6.82543700E-02 -1.79412336E-02
  1.65000000E-01  6.91083728E-02 -4.88856265E+01  0.00000000E+00  3.10839731E-01  6.82539329E-02 -1.78751410E-02
  1.70000000E-01  7.06610018E-02 -4.88852852E+01  0.00000000E+00  3.10317920E-01  6.82754958E-02 -1.78152661E-02
  1.75000000E-01  7.22112869E-02 -4.88849438E+01  0.00000000E+00  3.09888362E-01  6.83162967E-02 -1.77607947E-02
  1.80000000E-01  7.37596548E-02 -4.88846021E+01  0.00000000E+00  3.09539041E-01  6.83739240E-02 -1.77110183E-02
  1.85000000E-01  7.53064767E-02 -4.88842601E+01  0.00000000E+00  3.09259509E-01  6.84462725E-02 -1.76653201E-02
  1.90000000E-01  7.68520754E-02 -4.88839177E+01  0.00000000E+00  3.09040676E-01  6.85315042E-02 -1.76231633E-02
  1.95000000E-01  7.83967317E-02 -4.88835748E+01  0.00000000E+00  3.09102911E-01  6.89519072E-02 -1.77561671E-02
  2.00000000E-01  7.99424018E-02 -4.88832290E+01  0.00000000E+00  3.08966818E-01  6.90360650E-02 -1.77057779E-02
  2.05000000E-01  8.14868957E-02 -4.88828836E+01  0.00000000E+00  3.08865679E-01  6.91235297E-02 -1.76578112E-02
  2.10000000E-01  8.30309712E-02 -4.88825377E+01  0.00000000E+00  3.08799951E-01  6.92186693E-02 -1.76106289E-02
  2.15000000E-01  8.45748067E-02 -4.88821914E+01  0.00000000E+00  3.08766428E-01  6.93232301E-02 -1.75667058E-02
  2.20000000E-01  8.61185550E-02 -4.88818445E+01  0.00000000E+00  3.08761412E-01  6.94366586E-02 -1.75260185E-02
  2.25000000E-01  8.76623495E-02 -4.88814971E+01  0.00000000E+00  3.08781375E-01  6.95581018E-02 -1.74882720E-02
  2.30000000E-01  8.92063063E-02 -4.88811490E+01  0.00000000E+00  3.08823137E-01  6.96866559E-02 -1.74531209E-02
  2.35000000E-01  9.07505264E-02 -4.88808002E+01  0.00000000E+00  3.08883889E-01  6.98214780E-02 -1.74202325E-02
  2.40000000E-01  9.22950977E-02 -4.88804508E+01  0.00000000E+00  3.08961176E-01  6.99618139E-02 -1.73893069E-02
  2.45000000E-01  9.38400968E-02 -4.88801006E+01  0.00000000E+00  3.09052856E-01  7.01069993E-02 -1.73600799E-02
  2.50000000E-01  9.53855903E-02 -4.88797497E+01  0.00000000E+00  3.09157068E-01  7.02564523E-02 -1.73323209E-02
  2.55000000E-01  9.69316362E-02 -4.88793981E+01  0.00000000E+00  3.09272188E-01  7.04096646E-02 -1.73058295E-02
  2.60000000E-01  9.84782849E-02 -4.88790456E+01  0.00000000E+00  3.09396807E-01  7.05661925E-02 -1.72804316E-02
  2.65000000E-01  1.00025580E-01 -4.88786924E+01  0.00000000E+00  3.09529698E-01  7.07256489E-02 -1.72559763E-02
  2.70000000E-01  1.01573561E-01 -4.88783384E+01  0.00000000E+00  3.09669793E-01  7.08876963E-02 -1.72323327E-02
  2.75000000E-01  1.03122260E-01 -4.88779835E+01  0.00000000E+00  3.09816163E-01  7.10520400E-02 -1.72093873E-02
  2.80000000E-01  1.04671707E-01 -4.88776279E+01  0.00000000E+00  3.09968002E-01  7.12184232E-02 -1.71870417E-02
  2.85000000E-01  1.06221927E-01 -4.88772714E+01  0.00000000E+00  3.10124608E-01  7.13866220E-02 -1.71652109E-02
  2.90000000E-01  1.07772941E-01 -4.88769140E+01  0.00000000E+00  3.10285368E-01  7.15564410E-02 -1.71438208E-02
  2.95000000E-01  1.09324770E-01 -4.88765558E+01  0.00000000E+00  3.10449753E-01  7.17277098E-02 -1.71228076E-02
  3.00000000E-01  1.10877430E-01 -4.88761967E+01  0.00000000E+00  3.10617299E-01  7.19002799E-02 -1.71021159E-02
  3.05000000E-01  1.12430935E-01 -4.88758368E+01  0.00000000E+00  3.10787605E-01  7.20740218E-02 -1.70816977E-02
  3.10000000E-01  1.13985299E-01 -4.88754760E+01  0.00000000E+00  3.10960322E-01  7.22488225E-02 -1.70615115E-02
  3.15000000E-01  1.15540532E-01 -4.88751143E+01  0.00000000E+00  3.11135145E-01  7.24245835E-02 -1.70415214E-02
  3.20000000E-01  1.17096645E-01 -4.88747518E+01  0.00000000E+00  3.11311809E-01  7.26012191E-02 -1.70216963E-02
  3.25000000E-01  1.18653646E-01 -4.88743883E+01  0.00000000E+00  3.11490086E-01  7.27786543E-02 -1.70020093E-02
  3.30000000E-01  1.20211542E-01 -4.88740240E+01  0.00000000E+00  3.11669775E-01  7.29568240E-02 -1.69824373E-02
  3.35000000E-01  1.21770340E-01 -4.88736587E+01  0.00000000E+00  3.11850701E-01  7.31356713E-02 -1.69629600E-02
  3.40000000E-01  1.23330046E-01 -4.88732926E+01  0.00000000E+00  3.12032714E-01  7.33151466E-02 -1.69435602E-02
  3.45000000E-01  1.24890664E-01 -4.88729256E+01  0.00000000E+00  3.12215682E-01  7.34952067E-02 -1.69242228E-02
  3.50000000E-01  1.26452200E-01 -4.88725577E+01  0.00000000E+00  3.12399491E-01  7.36758139E-02 -1.69049350E-02
  3.55000000E-01  1.28014657E-01 -4.88721888E+01  0.00000000E+00  3.12584040E-01  7.38569355E-02 -1.68856855E-02
  3.60000000E-01  1.29578039E-01 -4.88718191E+01  0.00000000E+00  3.12769244E-01  7.40385429E-02 -1.68664647E-02
  3.65000000E-01  1.31142348E-01 -4.88714484E+01  0.00000000E+00  3.12955028E-01  7.42206110E-02 -1.68472644E-02
  3.70000000E-01  1.32707588E-01 -4.88710769E+01  0.00000000E+00  3.13141324E-01  7.44031182E-02 -1.68280774E-02
  3.75000000E-01  1.34273760E-01 -4.88707044E+01  0.00000000E+00  3.13328078E-01  7.45860455E-02 -1.68088975E-02
  3.80000000E-01  1.35840867E-01 -4.88703310E+01  0.00000000E+00  3.13515239E-01  7.47693765E-02 -1.67897194E-02
  3.85000000E-01  1.37408911E-01 -4.88699567E+01  0.00000000E+00  3.13702763E-01  7.49530968E-02 -1.67705386E-02
  3.90000000E-01  1.38977894E-01 -4.88695815E+01  0.00000000E+00  3.13890615E-01  7.51371937E-02 -1.67513512E-02
  3.95000000E-01  1.40547817E-01 -4.88692054E+01  0.00000000E+00  3.14078760E-01  7.53216564E-02 -1.67321539E-02
  4.00000000E-01  1.42118681E-01 -4.88688283E+01  0.00000000E+00  3.14267171E-01  7.55064754E-02 -1.67129437E-02
  4.05000000E-01  1.43690488E-01 -4.88684503E+01  0.00000000E+00  3.14455823E-01  7.56916423E-02 -1.66937182E-02
  4.10000000E-01  1.45263239E-01 -4.88680714E+01  0.00000000E+00  3.14644694E-01  7.58771499E-02 -1.66744754E-02
  4.15000000E-01  1.46836934E-01 -4.88676915E+01  0.00000000E+00  3.14833766E-01  7.60629918E-02 -1.66552133E-02
  4.20000000E-01  1.48411576E-01 -4.88673107E+01  0.00000000E+00  3.15023022E-01  7.62491626E-02 -1.66359306E-02
  4.25000000E-01  1.49987164E-01 -4.88669290E+01  0.00000000E+00  3.15212449E-01  7.64356573E-02 -1.66166258E-02
  4.30000000E-01  1.51563700E-01 -4.88665464E+01  0.00000000E+00  3.15402033E-01  7.66224718E-02 -1.65972979E-02
  4.35000000E-01  1.53141184E-01 -4.88661628E+01  0.00000000E+00  3.15591765E-01  7.68096023E-02 -1.65779459E-02
  4.40000000E-01  1.54719617E-01 -4.88657783E+01  0.00000000E+00  3.15781634E-01  7.69970456E-02 -1.65585691E-02
  4.45000000E-01  1.56299000E-01 -4.88653928E+01  0.00000000E+00  3.15971633E-01  7.71847989E-02 -1.65391667E-02
  4.50000000E-01  1.57879333E-01 -4.88650064E+01  0.00000000E+00  3.16161755E-01  7.73728597E-02 -1.65197383E-02
  4.55000000E-01  1.59460617E-01 -4.88646191E+01  0.00000000E+00  3.16351992E-01  7.75612258E-02 -1.65002832E-02
  4.60000000E-01  1.61042853E-01 -4.88642308E+01  0.00000000E+00  3.16542341E-01  7.77498951E-02 -1.64808012E-02
  4.65000000E-01  1.62626040E-01 -4.88638416E+01  0.00000000E+00  3.16732795E-01  7.79388661E-02 -1.64612919E-02
  4.70000000E-01  1.64210180E-01 -4.88634514E+01  0.00000000E+00  3.16923352E-01  7.81281372E-02 -1.64417550E-02
  4.75000000E-01  1.65795273E-01 -4.88630603E+01  0.00000000E+00  3.17114006E-01  7.83177070E-02 -1.64221902E-02
  4.80000000E-01  1.67381320E-01 -4.88626683E+01  0.00000000E+00  3.17304756E-01  7.85075744E-02 -1.64025975E-02
  4.85000000E-01  1.68968321E-01 -4.88622753E+01  0.00000000E+00  3.17495597E-01  7.86977382E-02 -1.63829765E-02
  4.90000000E-01  1.70556276E-01 -4.88618813E+01  0.00000000E+00  3.17686529E-01  7.88881975E-02 -1.63633273E-02
  4.95000000E-01  1.72145186E-01 -4.88614864E+01  0.00000000E+00  3.17877548E-01  7.90789513E-02 -1.63436496E-02
  5.00000000E-01  1.73735051E-01 -4.88610905E+01  0.00000000E+00 -5.01261526E-01 -1.21042115E-01  2.63582970E-02
  5.05000000E-01  1.69180896E-01 -4.88621960E+01  0.00000000E+00 -4.57354305E-01 -1.09895725E-01  2.16066002E-02
  5.10000000E-01  1.67003892E-01 -4.88627176E+01  0.00000000E+00 -4.04979678E-01 -9.74750110E-02  2.04501007E-02
  5.15000000E-01  1.65109931E-01 -4.88631740E+01  0.00000000E+00 -3.54344292E-01 -8.52189405E-02  1.76476567E-02
  5.20000000E-01  1.63464798E-01 -4.88635694E+01  0.00000000E+00 -3.08672889E-01 -7.42278464E-02  1.54289816E-02
  5.25000000E-01  1.62035612E-01 -4.88639131E+01  0.00000000E+00 -2.68433396E-01 -6.45523147E-02  1.34763342E-02
  5.30000000E-01  1.60794043E-01 -4.88642116E+01  0.00000000E+00 -2.33297392E-01 -5.61084777E-02  1.17638438E-02
  5.35000000E-01  1.59715396E-01 -4.88644711E+01  0.00000000E+00 -2.02721996E-01 -4.87629354E-02  1.02647301E-02
  5.40000000E-01  1.58778225E-01 -4.88646965E+01  0.00000000E+00 -1.76148467E-01 -4.23799144E-02  8.95376900E-03
  5.45000000E-01  1.57963916E-01 -4.88648925E+01  0.00000000E+00 -1.53062508E-01 -3.68349964E-02  7.80817267E-03
  5.50000000E-01  1.57256319E-01 -4.88650628E+01  0.00000000E+00 -1.33008205E-01 -3.20181759E-02  6.80763702E-03
  5.55000000E-01  1.56641414E-01 -4.88652108E+01  0.00000000E+00 -1.15586953E-01 -2.78334458E-02  5.93418761E-03
  5.60000000E-01  1.56107032E-01 -4.88653395E+01  0.00000000E+00 -1.00452038E-01 -2.41974076E-02  5.17196898E-03
  5.65000000E-01  1.55642609E-01 -4.88654514E+01  0.00000000E+00 -8.73024245E-02 -2.10377247E-02  4.50702793E-03
  5.70000000E-01  1.55238971E-01 -4.88655487E+01  0.00000000E+00 -7.58768761E-02 -1.82916744E-02  3.92710672E-03
  5.75000000E-01  1.54888150E-01 -4.88656333E+01  0.00000000E+00 -6.59487041E-02 -1.59048629E-02  3.42145198E-03
  5.80000000E-01  1.54583227E-01 -4.88657069E+01  0.00000000E+00 -5.73211732E-02 -1.38301067E-02  2.98064073E-03
  5.85000000E-01  1.54318190E-01 -4.88657708E+01  0.00000000E+00 -4.98235141E-02 -1.20264638E-02  2.59642357E-03
  5.90000000E-01  1.54087817E-01 -4.88658265E+01  0.00000000E+00 -4.33074695E-02 -1.04583985E-02  2.26158412E-03
  5.95000000E-01  1.53887570E-01 -4.88658748E+01  0.00000000E+00 -3.76443056E-02 -9.09505860E-03  1.96981392E-03
  6.00000000E-01  1.53713506E-01 -4.88659169E+01  0.00000000E+00 -3.27222236E-02 -7.90965249E-03  1.71560127E-03
  6.05000000E-01  1.53562200E-01 -4.88659535E+01  0.00000000E+00 -2.84441202E-02 -6.87890961E-03  1.49413290E-03
  6.10000000E-01  1.53430675E-01 -4.88659853E+01  0.00000000E+00 -2.47256453E-02 -5.98261419E-03  1.30120720E-03
  6.15000000E-01  1.53316343E-01 -4.88660130E+01  0.00000000E+00 -2.14935204E-02 -5.20320147E-03  1.13315776E-03
  6.20000000E-01  1.53216955E-01 -4.88660370E+01  0.00000000E+00 -1.86840796E-02 -4.52540796E-03  9.86786184E-04
  6.25000000E-01  1.53130559E-01 -4.88660580E+01  0.00000000E+00 -1.62420041E-02 -3.93596837E-03  8.59303035E-04
  6.30000000E-01  1.53055454E-01 -4.88660762E+01  0.00000000E+00 -1.41192251E-02 -3.42335284E-03  7.48276124E-04
  6.35000000E-01  1.52990165E-01 -4.88660920E+01  0.00000000E+00 -1.22739710E-02 -2.97753894E-03  6.51585150E-04
  6.40000000E-01  1.52933408E-01 -4.88661058E+01  0.00000000E+00 -1.06699406E-02 -2.58981399E-03  5.67382023E-04
  6.45000000E-01  1.52884068E-01 -4.88661178E+01  0.00000000E+00 -9.27558553E-03 -2.25260328E-03  4.94056148E-04
  6.50000000E-01  1.52841176E-01 -4.88661282E+01  0.00000000E+00 -8.06348655E-03 -1.95932113E-03  4.30204088E-04
  6.55000000E-01  1.52803889E-01 -4.88661372E+01  0.00000000E+00 -7.00981267E-03 -1.70424140E-03  3.74603051E-04
  6.60000000E-01  1.52771474E-01 -4.88661451E+01  0.00000000E+00 -6.09385080E-03 -1.48238512E-03  3.26187746E-04
  6.65000000E-01  1.52743295E-01 -4.88661520E+01  0.00000000E+00 -5.29759742E-03 -1.28942279E-03  2.84030171E-04
  6.70000000E-01  1.52718797E-01 -4.88661580E+01  0.00000000E+00 -4.60540377E-03 -1.12158954E-03  2.47321980E-04
  6.75000000E-01  1.52697501E-01 -4.88661631E+01  0.00000000E+00 -4.00366762E-03 -9.75611422E-04  2.15359106E-04
  6.80000000E-01  1.52678987E-01 -4.88661677E+01  0.00000000E+00 -3.48056540E-03 -8.48641278E-04  1.87528335E-04
  6.85000000E-01  1.52662892E-01 -4.88661716E+01  0.00000000E+00 -3.02581947E-03 -7.38203077E-04  1.63295619E-04
  6.90000000E-01  1.52648900E-01 -4.88661750E+01  0.00000000E+00 -2.63049590E-03 -6.42143482E-04  1.42195868E-04
  6.95000000E-01  1.52636735E-01 -4.88661780E+01  0.00000000E+00 -2.28682869E-03 -5.58589764E-04  1.23824066E-04
  7.00000000E-01  1.52626160E-01 -4.88661805E+01  0.00000000E+00 -1.98806699E-03 -4.85913209E-04  1.07827522E-04
  7.05000000E-01  1.52616967E-01 -4.88661828E+01  0.00000000E+00 -1.72834243E-03 -4.22697300E-04  9.38991205E-05
  7.10000000E-01  1.52608975E-01 -4.88661848E+01  0.00000000E+00 -1.50255363E-03 -3.67710061E-04  8.17714373E-05
  7.15000000E-01  1.52602026E-01 -4.88661865E+01  0.00000000E+00 -1.30626598E-03 -3.19879996E-04  7.12116163E-05
  7.20000000E-01  1.52595986E-01 -4.88661879E+01  0.00000000E+00 -1.13562448E-03 -2.78275183E-04  6.20169049E-05
  7.25000000E-01  1.52590734E-01 -4.88661892E+01  0.00000000E+00 -9.87277900E-04 -2.42085079E-04  5.40107651E-05
  7.30000000E-01  1.52586169E-01 -4.88661903E+01  0.00000000E+00 -8.58313015E-04 -2.10604709E-04  4.70394866E-05
  7.35000000E-01  1.52582200E-01 -4.88661913E+01  0.00000000E+00 -7.46197288E-04 -1.83220910E-04  4.09692368E-05
  7.40000000E-01  1.52578749E-01 -4.88661922E+01  0.00000000E+00 -6.48729143E-04 -1.59400370E-04  3.56834911E-05
  7.45000000E-01  1.52575749E-01 -4.88661929E+01  0.00000000E+00 -5.63994698E-04 -1.38679228E-04  3.10807957E-05
  7.50000000E-01  1.52573141E-01 -4.88661935E+01  0.00000000E+00 -4.90330169E-04 -1.20654024E-04  2.70728190E-05
  7.55000000E-01  1.52570873E-01 -4.88661941E+01  0.00000000E+00 -4.26289182E-04 -1.04973835E-04  2.35826548E-05
  7.60000000E-01  1.52568902E-01 -4.88661946E+01  0.00000000E+00 -3.70614360E-04 -9.13334294E-05  2.05433446E-05
  7.65000000E-01  1.52567188E-01 -4.88661950E+01  0.00000000E+00 -3.22212627E-04 -7.94673186E-05  1.78965913E-05
  7.70000000E-01  1.52565698E-01 -4.88661954E+01  0.00000000E+00 -2.80133736E-04 -6.91445795E-05  1.55916386E-05
  7.75000000E-01  1.52564402E-01 -4.88661957E+01  0.00000000E+00 -2.43551601E-04 -6.01643536E-05  1.35842958E-05
  7.80000000E-01  1.52563276E-01 -4.88661960E+01  0.00000000E+00 -2.11748076E-04 -5.23519320E-05  1.18360884E-05
  7.85000000E-01  1.52562297E-01 -4.88661962E+01  0.00000000E+00 -1.84098849E-04 -4.55553498E-05  1.03135186E-05
  7.90000000E-01  1.52561446E-01 -4.88661964E+01  0.00000000E+00 -1.60061182E-04 -3.96424248E-05  8.98742156E-06
  7.95000000E-01  1.52560705E-01 -4.88661966E+01  0.00000000E+00 -1.39163246E-04 -3.44981813E-05  7.83240470E-06
  8.00000000E-01  1.52560062E-01 -4.88661968E+01  0.00000000E+00 -1.20994865E-04 -3.00226100E-05  6.82635976E-06
