\BOOKMARK [1][-]{section.1}{\376\377\000I\000n\000t\000r\000o\000d\000u\000c\000t\000i\000o\000n}{}% 1
\BOOKMARK [1][-]{section.2}{\376\377\000B\000a\000y\000e\000s\000i\000a\000n\000\040\000i\000n\000f\000e\000r\000e\000n\000c\000e\000\040\000f\000r\000a\000m\000e\000w\000o\000r\000k}{}% 2
\BOOKMARK [2][-]{subsection.2.1}{\376\377\000O\000b\000s\000e\000r\000v\000a\000t\000i\000o\000n\000\040\000m\000o\000d\000e\000l}{section.2}% 3
\BOOKMARK [2][-]{subsection.2.2}{\376\377\000B\000a\000y\000e\000s\000i\000a\000n\000\040\000i\000n\000f\000e\000r\000e\000n\000c\000e\000\040\000o\000f\000\040\000p\000a\000r\000a\000m\000e\000t\000e\000r\000s}{section.2}% 4
\BOOKMARK [1][-]{section.3}{\376\377\000F\000u\000l\000l\000-\000o\000r\000d\000e\000r\000\040\000m\000o\000d\000e\000l}{}% 5
\BOOKMARK [2][-]{subsection.3.1}{\376\377\000P\000r\000o\000b\000l\000e\000m\000\040\000d\000e\000f\000i\000n\000i\000t\000i\000o\000n}{section.3}% 6
\BOOKMARK [2][-]{subsection.3.2}{\376\377\000G\000o\000v\000e\000r\000n\000i\000n\000g\000\040\000e\000q\000u\000a\000t\000i\000o\000n\000s}{section.3}% 7
\BOOKMARK [2][-]{subsection.3.3}{\376\377\000B\000o\000u\000n\000d\000a\000r\000y\000\040\000c\000o\000n\000d\000i\000t\000i\000o\000n\000s}{section.3}% 8
\BOOKMARK [2][-]{subsection.3.4}{\376\377\000N\000u\000m\000e\000r\000i\000c\000a\000l\000\040\000m\000e\000t\000h\000o\000d}{section.3}% 9
\BOOKMARK [1][-]{section.4}{\376\377\000R\000e\000d\000u\000c\000e\000d\000-\000o\000r\000d\000e\000r\000\040\000m\000o\000d\000e\000l\000s}{}% 10
\BOOKMARK [2][-]{subsection.4.1}{\376\377\000N\000e\000w\000t\000o\000n\000i\000a\000n\000\040\000w\000a\000l\000l\000\040\000e\000f\000f\000e\000c\000t\000s}{section.4}% 11
\BOOKMARK [2][-]{subsection.4.2}{\376\377\000N\000e\000w\000t\000o\000n\000i\000a\000n\000\040\000p\000a\000r\000t\000i\000c\000l\000e\000-\000p\000a\000r\000t\000i\000c\000l\000e\000\040\000e\000f\000f\000e\000c\000t\000s}{section.4}% 12
\BOOKMARK [2][-]{subsection.4.3}{\376\377\000V\000i\000s\000c\000o\000e\000l\000a\000s\000t\000i\000c\000i\000t\000y}{section.4}% 13
\BOOKMARK [3][-]{subsubsection.4.3.1}{\376\377\000U\000n\000b\000o\000u\000n\000d\000e\000d\000\040\000c\000r\000e\000e\000p\000-\000r\000e\000c\000o\000v\000e\000r\000y\000\040\000m\000o\000d\000e\000l}{subsection.4.3}% 14
\BOOKMARK [3][-]{subsubsection.4.3.2}{\376\377\000W\000a\000l\000l\000\040\000e\000f\000f\000e\000c\000t\000s}{subsection.4.3}% 15
\BOOKMARK [3][-]{subsubsection.4.3.3}{\376\377\000P\000a\000r\000t\000i\000c\000l\000e\000-\000p\000a\000r\000t\000i\000c\000l\000e\000\040\000e\000f\000f\000e\000c\000t\000s}{subsection.4.3}% 16
\BOOKMARK [1][-]{section.5}{\376\377\000I\000n\000f\000e\000r\000e\000n\000c\000e\000\040\000p\000r\000o\000c\000e\000d\000u\000r\000e}{}% 17
\BOOKMARK [2][-]{subsection.5.1}{\376\377\000P\000r\000i\000o\000r\000\040\000d\000i\000s\000t\000r\000i\000b\000u\000t\000i\000o\000n\000s}{section.5}% 18
\BOOKMARK [2][-]{subsection.5.2}{\376\377\000L\000i\000k\000e\000l\000i\000h\000o\000o\000d\000\040\000f\000u\000n\000c\000t\000i\000o\000n}{section.5}% 19
\BOOKMARK [2][-]{subsection.5.3}{\376\377\000P\000o\000s\000t\000e\000r\000i\000o\000r\000\040\000s\000a\000m\000p\000l\000i\000n\000g}{section.5}% 20
\BOOKMARK [1][-]{section.6}{\376\377\000N\000u\000m\000e\000r\000i\000c\000a\000l\000\040\000e\000x\000p\000e\000r\000i\000m\000e\000n\000t\000s}{}% 21
\BOOKMARK [2][-]{subsection.6.1}{\376\377\000I\000s\000o\000l\000a\000t\000e\000d\000\040\000p\000a\000r\000t\000i\000c\000l\000e}{section.6}% 22
\BOOKMARK [3][-]{subsubsection.6.1.1}{\376\377\000N\000e\000w\000t\000o\000n\000i\000a\000n\000\040\000f\000l\000u\000i\000d}{subsection.6.1}% 23
\BOOKMARK [3][-]{subsubsection.6.1.2}{\376\377\000V\000i\000s\000c\000o\000e\000l\000a\000s\000t\000i\000c\000\040\000f\000l\000u\000i\000d}{subsection.6.1}% 24
\BOOKMARK [3][-]{subsubsection.6.1.3}{\376\377\000N\000o\000n\000l\000i\000n\000e\000a\000r\000\040\000v\000i\000s\000c\000o\000e\000l\000a\000s\000t\000i\000c}{subsection.6.1}% 25
\BOOKMARK [2][-]{subsection.6.2}{\376\377\000W\000a\000l\000l\000\040\000e\000f\000f\000e\000c\000t\000s}{section.6}% 26
\BOOKMARK [3][-]{subsubsection.6.2.1}{\376\377\000N\000e\000w\000t\000o\000n\000i\000a\000n\000\040\000f\000l\000u\000i\000d}{subsection.6.2}% 27
\BOOKMARK [3][-]{subsubsection.6.2.2}{\376\377\000V\000i\000s\000c\000o\000e\000l\000a\000s\000t\000i\000c\000\040\000f\000l\000u\000i\000d}{subsection.6.2}% 28
\BOOKMARK [2][-]{subsection.6.3}{\376\377\000P\000a\000r\000t\000i\000c\000l\000e\000-\000p\000a\000r\000t\000i\000c\000l\000e\000\040\000i\000n\000t\000e\000r\000a\000c\000t\000i\000o\000n\000s}{section.6}% 29
\BOOKMARK [3][-]{subsubsection.6.3.1}{\376\377\000H\000o\000m\000o\000g\000e\000n\000e\000o\000u\000s\000\040\000m\000a\000t\000e\000r\000i\000a\000l}{subsection.6.3}% 30
\BOOKMARK [3][-]{subsubsection.6.3.2}{\376\377\000H\000e\000t\000e\000r\000o\000g\000e\000n\000e\000o\000u\000s\000\040\000m\000a\000t\000e\000r\000i\000a\000l}{subsection.6.3}% 31
\BOOKMARK [1][-]{section.7}{\376\377\000C\000o\000n\000c\000l\000u\000s\000i\000o\000n\000s}{}% 32
\BOOKMARK [1][-]{appendix.A}{\376\377\000M\000e\000s\000h\000\040\000a\000n\000d\000\040\000d\000o\000m\000a\000i\000n\000-\000s\000i\000z\000e\000\040\000c\000o\000n\000v\000e\000r\000g\000e\000n\000c\000e\000\040\000s\000t\000u\000d\000i\000e\000s}{}% 33
\BOOKMARK [2][-]{subsection.A.1}{\376\377\000N\000e\000w\000t\000o\000n\000i\000a\000n}{appendix.A}% 34
\BOOKMARK [2][-]{subsection.A.2}{\376\377\000V\000i\000s\000c\000o\000e\000l\000a\000s\000t\000i\000c}{appendix.A}% 35
\BOOKMARK [1][-]{appendix.B}{\376\377\000M\000o\000d\000e\000l\000i\000n\000g\000\040\000t\000h\000e\000\040\000h\000e\000t\000e\000r\000o\000g\000e\000n\000e\000o\000u\000s\000\040\000m\000i\000c\000r\000o\000s\000t\000r\000u\000c\000t\000u\000r\000e}{}% 36
