This is pdfTeX, Version 3.141592653-2.6-1.40.25 (MiKTeX 24.1) (preloaded format=pdflatex 2026.5.12)  7 JUL 2026 12:22
entering extended mode
 restricted \write18 enabled.
 %&-line parsing enabled.
**./main.tex
(main.tex
LaTeX2e <2023-11-01> patch level 1
L3 programming layer <2024-01-04>
(C:\Program Files\MiKTeX\tex/latex/elsarticle\elsarticle.cls
Document Class: elsarticle 2026/01/09, 3.5: Elsevier Ltd
(C:\Program Files\MiKTeX\tex/latex/base\fontenc.sty
Package: fontenc 2021/04/29 v2.0v Standard LaTeX package
)
(C:\Program Files\MiKTeX\tex/latex/l3kernel\expl3.sty
Package: expl3 2024-01-04 L3 programming layer (loader) 

(C:\Program Files\MiKTeX\tex/latex/l3backend\l3backend-pdftex.def
File: l3backend-pdftex.def 2024-01-04 L3 backend support: PDF output (pdfTeX)
\l__color_backend_stack_int=\count187
\l__pdf_internal_box=\box51
))
(C:\Program Files\MiKTeX\tex/latex/l3packages/xparse\xparse.sty
Package: xparse 2023-10-10 L3 Experimental document command parser
)
(C:\Program Files\MiKTeX\tex/latex/etoolbox\etoolbox.sty
Package: etoolbox 2020/10/05 v2.5k e-TeX tools for LaTeX (JAW)
\etb@tempcnta=\count188
)
\@bls=\dimen140

(C:\Program Files\MiKTeX\tex/latex/base\article.cls
Document Class: article 2023/05/17 v1.4n Standard LaTeX document class
(C:\Program Files\MiKTeX\tex/latex/base\size10.clo
File: size10.clo 2023/05/17 v1.4n Standard LaTeX file (size option)
)
\c@part=\count189
\c@section=\count190
\c@subsection=\count191
\c@subsubsection=\count192
\c@paragraph=\count193
\c@subparagraph=\count194
\c@figure=\count195
\c@table=\count196
\abovecaptionskip=\skip48
\belowcaptionskip=\skip49
\bibindent=\dimen141
)
(C:\Program Files\MiKTeX\tex/latex/graphics\graphicx.sty
Package: graphicx 2021/09/16 v1.2d Enhanced LaTeX Graphics (DPC,SPQR)

(C:\Program Files\MiKTeX\tex/latex/graphics\keyval.sty
Package: keyval 2022/05/29 v1.15 key=value parser (DPC)
\KV@toks@=\toks17
)
(C:\Program Files\MiKTeX\tex/latex/graphics\graphics.sty
Package: graphics 2022/03/10 v1.4e Standard LaTeX Graphics (DPC,SPQR)

(C:\Program Files\MiKTeX\tex/latex/graphics\trig.sty
Package: trig 2021/08/11 v1.11 sin cos tan (DPC)
)
(C:\Program Files\MiKTeX\tex/latex/graphics-cfg\graphics.cfg
File: graphics.cfg 2016/06/04 v1.11 sample graphics configuration
)
Package graphics Info: Driver file: pdftex.def on input line 107.

(C:\Program Files\MiKTeX\tex/latex/graphics-def\pdftex.def
File: pdftex.def 2022/09/22 v1.2b Graphics/color driver for pdftex
))
\Gin@req@height=\dimen142
\Gin@req@width=\dimen143
)
\c@tnote=\count197
\c@fnote=\count198
\c@cnote=\count199
\c@ead=\count266
\c@elsarticle@author=\count267
\@eadauthor=\toks18
\c@affn=\count268
\absbox=\box52
\elsarticlehighlightsbox=\box53
\elsarticlegrabsbox=\box54
\keybox=\box55
\Columnwidth=\dimen144
\space@left=\dimen145
\els@boxa=\box56
\els@boxb=\box57
\leftMargin=\dimen146
\@enLab=\toks19
\@sep=\skip50
\@@sep=\skip51
 (main.spl)
(C:\Program Files\MiKTeX\tex/latex/natbib\natbib.sty
Package: natbib 2010/09/13 8.31b (PWD, AO)
\bibhang=\skip52
\bibsep=\skip53
LaTeX Info: Redefining \cite on input line 694.
\c@NAT@ctr=\count269
)
\splwrite=\write3
\openout3 = `main.spl'.

\appnamewidth=\dimen147
)
(C:\Program Files\MiKTeX\tex/latex/placeins\placeins.sty
Package: placeins 2005/04/18  v 2.2
)
(C:\Program Files\MiKTeX\tex/latex/amsmath\amsmath.sty
Package: amsmath 2023/05/13 v2.17o AMS math features
\@mathmargin=\skip54

For additional information on amsmath, use the `?' option.
(C:\Program Files\MiKTeX\tex/latex/amsmath\amstext.sty
Package: amstext 2021/08/26 v2.01 AMS text

(C:\Program Files\MiKTeX\tex/latex/amsmath\amsgen.sty
File: amsgen.sty 1999/11/30 v2.0 generic functions
\@emptytoks=\toks20
\ex@=\dimen148
))
(C:\Program Files\MiKTeX\tex/latex/amsmath\amsbsy.sty
Package: amsbsy 1999/11/29 v1.2d Bold Symbols
\pmbraise@=\dimen149
)
(C:\Program Files\MiKTeX\tex/latex/amsmath\amsopn.sty
Package: amsopn 2022/04/08 v2.04 operator names
)
\inf@bad=\count270
LaTeX Info: Redefining \frac on input line 234.
\uproot@=\count271
\leftroot@=\count272
LaTeX Info: Redefining \overline on input line 399.
LaTeX Info: Redefining \colon on input line 410.
\classnum@=\count273
\DOTSCASE@=\count274
LaTeX Info: Redefining \ldots on input line 496.
LaTeX Info: Redefining \dots on input line 499.
LaTeX Info: Redefining \cdots on input line 620.
\Mathstrutbox@=\box58
\strutbox@=\box59
LaTeX Info: Redefining \big on input line 722.
LaTeX Info: Redefining \Big on input line 723.
LaTeX Info: Redefining \bigg on input line 724.
LaTeX Info: Redefining \Bigg on input line 725.
\big@size=\dimen150
LaTeX Font Info:    Redeclaring font encoding OML on input line 743.
LaTeX Font Info:    Redeclaring font encoding OMS on input line 744.
\macc@depth=\count275
LaTeX Info: Redefining \bmod on input line 905.
LaTeX Info: Redefining \pmod on input line 910.
LaTeX Info: Redefining \smash on input line 940.
LaTeX Info: Redefining \relbar on input line 970.
LaTeX Info: Redefining \Relbar on input line 971.
\c@MaxMatrixCols=\count276
\dotsspace@=\muskip16
\c@parentequation=\count277
\dspbrk@lvl=\count278
\tag@help=\toks21
\row@=\count279
\column@=\count280
\maxfields@=\count281
\andhelp@=\toks22
\eqnshift@=\dimen151
\alignsep@=\dimen152
\tagshift@=\dimen153
\tagwidth@=\dimen154
\totwidth@=\dimen155
\lineht@=\dimen156
\@envbody=\toks23
\multlinegap=\skip55
\multlinetaggap=\skip56
\mathdisplay@stack=\toks24
LaTeX Info: Redefining \[ on input line 2953.
LaTeX Info: Redefining \] on input line 2954.
)
(C:\Program Files\MiKTeX\tex/latex/amsfonts\amssymb.sty
Package: amssymb 2013/01/14 v3.01 AMS font symbols

(C:\Program Files\MiKTeX\tex/latex/amsfonts\amsfonts.sty
Package: amsfonts 2013/01/14 v3.01 Basic AMSFonts support
\symAMSa=\mathgroup4
\symAMSb=\mathgroup5
LaTeX Font Info:    Redeclaring math symbol \hbar on input line 98.
LaTeX Font Info:    Overwriting math alphabet `\mathfrak' in version `bold'
(Font)                  U/euf/m/n --> U/euf/b/n on input line 106.
))
(C:\Program Files\MiKTeX\tex/latex/graphics\color.sty
Package: color 2022/01/06 v1.3d Standard LaTeX Color (DPC)

(C:\Program Files\MiKTeX\tex/latex/graphics-cfg\color.cfg
File: color.cfg 2016/01/02 v1.6 sample color configuration
)
Package color Info: Driver file: pdftex.def on input line 149.

(C:\Program Files\MiKTeX\tex/latex/graphics\mathcolor.ltx))
(C:\Program Files\MiKTeX\tex/latex/preprint\fullpage.sty
Package: fullpage 1999/02/23 1.1 (PWD)
\FP@margin=\skip57
)
(C:\Program Files\MiKTeX\tex/latex/booktabs\booktabs.sty
Package: booktabs 2020/01/12 v1.61803398 Publication quality tables
\heavyrulewidth=\dimen157
\lightrulewidth=\dimen158
\cmidrulewidth=\dimen159
\belowrulesep=\dimen160
\belowbottomsep=\dimen161
\aboverulesep=\dimen162
\abovetopsep=\dimen163
\cmidrulesep=\dimen164
\cmidrulekern=\dimen165
\defaultaddspace=\dimen166
\@cmidla=\count282
\@cmidlb=\count283
\@aboverulesep=\dimen167
\@belowrulesep=\dimen168
\@thisruleclass=\count284
\@lastruleclass=\count285
\@thisrulewidth=\dimen169
)
(C:\Program Files\MiKTeX\tex/generic/babel\babel.sty
Package: babel 2024/01/07 v24.1 The Babel package
\babel@savecnt=\count286
\U@D=\dimen170
\l@unhyphenated=\language79

(C:\Program Files\MiKTeX\tex/generic/babel\txtbabel.def)
\bbl@readstream=\read2
\bbl@dirlevel=\count287

*************************************
* Local config file bblopts.cfg used
*
(C:\Program Files\MiKTeX\tex/latex/arabi\bblopts.cfg
File: bblopts.cfg 2005/09/08 v0.1 add Arabic and Farsi to "declared" options of
 babel
)
(C:\Program Files\MiKTeX\tex/latex/babel-english\english.ldf
Language: english 2017/06/06 v3.3r English support from the babel system
Package babel Info: Hyphen rules for 'canadian' set to \l@english
(babel)             (\language0). Reported on input line 102.
Package babel Info: Hyphen rules for 'australian' set to \l@ukenglish
(babel)             (\language73). Reported on input line 105.
Package babel Info: Hyphen rules for 'newzealand' set to \l@ukenglish
(babel)             (\language73). Reported on input line 108.
))
(C:\Program Files\MiKTeX\tex/generic/babel/locale/en\babel-english.tex
Package babel Info: Importing font and identification data for english
(babel)             from babel-en.ini. Reported on input line 11.
)
(C:\Program Files\MiKTeX\tex/latex/xcolor\xcolor.sty
Package: xcolor 2023/11/15 v3.01 LaTeX color extensions (UK)

(C:\Program Files\MiKTeX\tex/latex/graphics-cfg\color.cfg
File: color.cfg 2016/01/02 v1.6 sample color configuration
)
Package xcolor Info: Driver file: pdftex.def on input line 274.
LaTeX Info: Redefining \color on input line 758.

(C:\Program Files\MiKTeX\tex/latex/graphics\mathcolor.ltx)
Package xcolor Info: Model `cmy' substituted by `cmy0' on input line 1350.
Package xcolor Info: Model `hsb' substituted by `rgb' on input line 1354.
Package xcolor Info: Model `RGB' extended on input line 1366.
Package xcolor Info: Model `HTML' substituted by `rgb' on input line 1368.
Package xcolor Info: Model `Hsb' substituted by `hsb' on input line 1369.
Package xcolor Info: Model `tHsb' substituted by `hsb' on input line 1370.
Package xcolor Info: Model `HSB' substituted by `hsb' on input line 1371.
Package xcolor Info: Model `Gray' substituted by `gray' on input line 1372.
Package xcolor Info: Model `wave' substituted by `hsb' on input line 1373.
)
(C:\Program Files\MiKTeX\tex/latex/hyperref\hyperref.sty
Package: hyperref 2023-11-26 v7.01g Hypertext links for LaTeX

(C:\Program Files\MiKTeX\tex/generic/iftex\iftex.sty
Package: iftex 2022/02/03 v1.0f TeX engine tests
)
(C:\Program Files\MiKTeX\tex/generic/infwarerr\infwarerr.sty
Package: infwarerr 2019/12/03 v1.5 Providing info/warning/error messages (HO)
)
(C:\Program Files\MiKTeX\tex/latex/kvsetkeys\kvsetkeys.sty
Package: kvsetkeys 2022-10-05 v1.19 Key value parser (HO)
)
(C:\Program Files\MiKTeX\tex/generic/kvdefinekeys\kvdefinekeys.sty
Package: kvdefinekeys 2019-12-19 v1.6 Define keys (HO)
)
(C:\Program Files\MiKTeX\tex/generic/pdfescape\pdfescape.sty
Package: pdfescape 2019/12/09 v1.15 Implements pdfTeX's escape features (HO)

(C:\Program Files\MiKTeX\tex/generic/ltxcmds\ltxcmds.sty
Package: ltxcmds 2023-12-04 v1.26 LaTeX kernel commands for general use (HO)
)
(C:\Program Files\MiKTeX\tex/generic/pdftexcmds\pdftexcmds.sty
Package: pdftexcmds 2020-06-27 v0.33 Utility functions of pdfTeX for LuaTeX (HO
)
Package pdftexcmds Info: \pdf@primitive is available.
Package pdftexcmds Info: \pdf@ifprimitive is available.
Package pdftexcmds Info: \pdfdraftmode found.
))
(C:\Program Files\MiKTeX\tex/latex/hycolor\hycolor.sty
Package: hycolor 2020-01-27 v1.10 Color options for hyperref/bookmark (HO)
)
(C:\Program Files\MiKTeX\tex/latex/letltxmacro\letltxmacro.sty
Package: letltxmacro 2019/12/03 v1.6 Let assignment for LaTeX macros (HO)
)
(C:\Program Files\MiKTeX\tex/latex/auxhook\auxhook.sty
Package: auxhook 2019-12-17 v1.6 Hooks for auxiliary files (HO)
)
(C:\Program Files\MiKTeX\tex/latex/hyperref\nameref.sty
Package: nameref 2023-11-26 v2.56 Cross-referencing by name of section

(C:\Program Files\MiKTeX\tex/latex/refcount\refcount.sty
Package: refcount 2019/12/15 v3.6 Data extraction from label references (HO)
)
(C:\Program Files\MiKTeX\tex/generic/gettitlestring\gettitlestring.sty
Package: gettitlestring 2019/12/15 v1.6 Cleanup title references (HO)

(C:\Program Files\MiKTeX\tex/latex/kvoptions\kvoptions.sty
Package: kvoptions 2022-06-15 v3.15 Key value format for package options (HO)
))
\c@section@level=\count288
)
\@linkdim=\dimen171
\Hy@linkcounter=\count289
\Hy@pagecounter=\count290

(C:\Program Files\MiKTeX\tex/latex/hyperref\pd1enc.def
File: pd1enc.def 2023-11-26 v7.01g Hyperref: PDFDocEncoding definition (HO)
Now handling font encoding PD1 ...
... no UTF-8 mapping file for font encoding PD1
)
(C:\Program Files\MiKTeX\tex/generic/intcalc\intcalc.sty
Package: intcalc 2019/12/15 v1.3 Expandable calculations with integers (HO)
)
\Hy@SavedSpaceFactor=\count291

(C:\Program Files\MiKTeX\tex/latex/hyperref\puenc.def
File: puenc.def 2023-11-26 v7.01g Hyperref: PDF Unicode definition (HO)
Now handling font encoding PU ...
... no UTF-8 mapping file for font encoding PU
)
Package hyperref Info: Option `unicode' set `true' on input line 4064.
Package hyperref Info: Hyper figures OFF on input line 4181.
Package hyperref Info: Link nesting OFF on input line 4186.
Package hyperref Info: Hyper index ON on input line 4189.
Package hyperref Info: Plain pages OFF on input line 4196.
Package hyperref Info: Backreferencing OFF on input line 4201.
Package hyperref Info: Implicit mode ON; LaTeX internals redefined.
Package hyperref Info: Bookmarks ON on input line 4448.
\c@Hy@tempcnt=\count292

(C:\Program Files\MiKTeX\tex/latex/url\url.sty
\Urlmuskip=\muskip17
Package: url 2013/09/16  ver 3.4  Verb mode for urls, etc.
)
LaTeX Info: Redefining \url on input line 4786.
\XeTeXLinkMargin=\dimen172

(C:\Program Files\MiKTeX\tex/generic/bitset\bitset.sty
Package: bitset 2019/12/09 v1.3 Handle bit-vector datatype (HO)

(C:\Program Files\MiKTeX\tex/generic/bigintcalc\bigintcalc.sty
Package: bigintcalc 2019/12/15 v1.5 Expandable calculations on big integers (HO
)
))
\Fld@menulength=\count293
\Field@Width=\dimen173
\Fld@charsize=\dimen174
Package hyperref Info: Hyper figures OFF on input line 6065.
Package hyperref Info: Link nesting OFF on input line 6070.
Package hyperref Info: Hyper index ON on input line 6073.
Package hyperref Info: backreferencing OFF on input line 6080.
Package hyperref Info: Link coloring OFF on input line 6085.
Package hyperref Info: Link coloring with OCG OFF on input line 6090.
Package hyperref Info: PDF/A mode OFF on input line 6095.

(C:\Program Files\MiKTeX\tex/latex/base\atbegshi-ltx.sty
Package: atbegshi-ltx 2021/01/10 v1.0c Emulation of the original atbegshi
package with kernel methods
)
\Hy@abspage=\count294
\c@Item=\count295
\c@Hfootnote=\count296
)
Package hyperref Info: Driver (autodetected): hpdftex.

(C:\Program Files\MiKTeX\tex/latex/hyperref\hpdftex.def
File: hpdftex.def 2023-11-26 v7.01g Hyperref driver for pdfTeX

(C:\Program Files\MiKTeX\tex/latex/base\atveryend-ltx.sty
Package: atveryend-ltx 2020/08/19 v1.0a Emulation of the original atveryend pac
kage
with kernel methods
)
\Fld@listcount=\count297
\c@bookmark@seq@number=\count298

(C:\Program Files\MiKTeX\tex/latex/rerunfilecheck\rerunfilecheck.sty
Package: rerunfilecheck 2025-06-21 v1.11 Rerun checks for auxiliary files (HO)

(C:\Program Files\MiKTeX\tex/generic/uniquecounter\uniquecounter.sty
Package: uniquecounter 2019/12/15 v1.4 Provide unlimited unique counter (HO)
)
Package uniquecounter Info: New unique counter `rerunfilecheck' on input line 2
84.
)
\Hy@SectionHShift=\skip58
)
(C:\Program Files\MiKTeX\tex/latex/float\float.sty
Package: float 2001/11/08 v1.3d Float enhancements (AL)
\c@float@type=\count299
\float@exts=\toks25
\float@box=\box60
\@float@everytoks=\toks26
\@floatcapt=\box61
)
(C:\Program Files\MiKTeX\tex/latex/multirow\multirow.sty
Package: multirow 2024/11/12 v2.9 Span multiple rows of a table
\multirow@colwidth=\skip59
\multirow@cntb=\count300
\multirow@dima=\skip60
\bigstrutjot=\dimen175
)
(C:\Program Files\MiKTeX\tex/latex/enumitem\enumitem.sty
Package: enumitem 2025/02/06 v3.11 Customized lists
\labelindent=\skip61
\enit@outerparindent=\dimen176
\enit@toks=\toks27
\enit@inbox=\box62
\enit@count@id=\count301
\enitdp@description=\count302
)
(C:\Program Files\MiKTeX\tex/latex/appendix\appendix.sty
Package: appendix 2020/02/08 v1.2c extra appendix facilities
\c@@pps=\count303
\c@@ppsavesec=\count304
\c@@ppsaveapp=\count305
)
(C:\Program Files\MiKTeX\tex/latex/algorithms\algorithm.sty
Package: algorithm 2009/08/24 v0.1 Document Style `algorithm' - floating enviro
nment

(C:\Program Files\MiKTeX\tex/latex/base\ifthen.sty
Package: ifthen 2022/04/13 v1.1d Standard LaTeX ifthen package (DPC)
)
\@float@every@algorithm=\toks28
\c@algorithm=\count306
)
(C:\Program Files\MiKTeX\tex/latex/algorithmicx\algpseudocode.sty
Package: algpseudocode 

(C:\Program Files\MiKTeX\tex/latex/algorithmicx\algorithmicx.sty
Package: algorithmicx 2005/04/27 v1.2 Algorithmicx

Document Style algorithmicx 1.2 - a greatly improved `algorithmic' style
\c@ALG@line=\count307
\c@ALG@rem=\count308
\c@ALG@nested=\count309
\ALG@tlm=\skip62
\ALG@thistlm=\skip63
\c@ALG@Lnr=\count310
\c@ALG@blocknr=\count311
\c@ALG@storecount=\count312
\c@ALG@tmpcounter=\count313
\ALG@tmplength=\skip64
)
Document Style - pseudocode environments for use with the `algorithmicx' style
) (C:\Program Files\MiKTeX\tex/latex/caption\caption.sty
Package: caption 2023/08/05 v3.6o Customizing captions (AR)

(C:\Program Files\MiKTeX\tex/latex/caption\caption3.sty
Package: caption3 2023/07/31 v2.4d caption3 kernel (AR)
\caption@tempdima=\dimen177
\captionmargin=\dimen178
\caption@leftmargin=\dimen179
\caption@rightmargin=\dimen180
\caption@width=\dimen181
\caption@indent=\dimen182
\caption@parindent=\dimen183
\caption@hangindent=\dimen184
Package caption Info: elsarticle document class detected.

(C:\Program Files\MiKTeX\tex/latex/caption\caption-elsarticle.sto
File: caption-elsarticle.sto 2020/08/22 v2.0 Adaption of the caption package to
 the elsarticle document class (AR)
))
\c@caption@flags=\count314
\c@continuedfloat=\count315
Package caption Info: float package is loaded.
Package caption Info: hyperref package is loaded.
)
(C:\Program Files\MiKTeX\tex/latex/caption\subcaption.sty
Package: subcaption 2023/07/28 v1.6b Sub-captions (AR)
Package caption Info: New subtype `subfigure' on input line 238.
\c@subfigure=\count316
Package caption Info: New subtype `subtable' on input line 238.
\c@subtable=\count317
)
(C:\Program Files\MiKTeX\tex/latex/tools\xspace.sty
Package: xspace 2014/10/28 v1.13 Space after command names (DPC,MH)
)
(C:\Program Files\MiKTeX\tex/latex/was\upgreek.sty
Package: upgreek 2003/02/12 v2.0 (WaS)
Package upgreek Info: Using Euler Roman for upright Greek on input line 31.
\symugrf@m=\mathgroup6
LaTeX Font Info:    Overwriting symbol font `ugrf@m' in version `bold'
(Font)                  U/eur/m/n --> U/eur/b/n on input line 38.
)
(C:\Program Files\MiKTeX\tex/latex/mathtools\mathtools.sty
Package: mathtools 2024/10/04 v1.31 mathematical typesetting tools

(C:\Program Files\MiKTeX\tex/latex/tools\calc.sty
Package: calc 2023/07/08 v4.3 Infix arithmetic (KKT,FJ)
\calc@Acount=\count318
\calc@Bcount=\count319
\calc@Adimen=\dimen185
\calc@Bdimen=\dimen186
\calc@Askip=\skip65
\calc@Bskip=\skip66
LaTeX Info: Redefining \setlength on input line 80.
LaTeX Info: Redefining \addtolength on input line 81.
\calc@Ccount=\count320
\calc@Cskip=\skip67
)
(C:\Program Files\MiKTeX\tex/latex/mathtools\mhsetup.sty
Package: mhsetup 2021/03/18 v1.4 programming setup (MH)
)
\g_MT_multlinerow_int=\count321
\l_MT_multwidth_dim=\dimen187
\origjot=\skip68
\l_MT_shortvdotswithinadjustabove_dim=\dimen188
\l_MT_shortvdotswithinadjustbelow_dim=\dimen189
\l_MT_above_intertext_sep=\dimen190
\l_MT_below_intertext_sep=\dimen191
\l_MT_above_shortintertext_sep=\dimen192
\l_MT_below_shortintertext_sep=\dimen193
\xmathstrut@box=\box63
\xmathstrut@dim=\dimen194
)
(C:\Program Files\MiKTeX\tex/latex/setspace\setspace.sty
Package: setspace 2022/12/04 v6.7b set line spacing
) (main.aux)
\openout1 = `main.aux'.

LaTeX Font Info:    Checking defaults for OML/cmm/m/it on input line 53.
LaTeX Font Info:    ... okay on input line 53.
LaTeX Font Info:    Checking defaults for OMS/cmsy/m/n on input line 53.
LaTeX Font Info:    ... okay on input line 53.
LaTeX Font Info:    Checking defaults for OT1/cmr/m/n on input line 53.
LaTeX Font Info:    ... okay on input line 53.
LaTeX Font Info:    Checking defaults for T1/cmr/m/n on input line 53.
LaTeX Font Info:    ... okay on input line 53.
LaTeX Font Info:    Checking defaults for TS1/cmr/m/n on input line 53.
LaTeX Font Info:    ... okay on input line 53.
LaTeX Font Info:    Checking defaults for OMX/cmex/m/n on input line 53.
LaTeX Font Info:    ... okay on input line 53.
LaTeX Font Info:    Checking defaults for U/cmr/m/n on input line 53.
LaTeX Font Info:    ... okay on input line 53.
LaTeX Font Info:    Checking defaults for PD1/pdf/m/n on input line 53.
LaTeX Font Info:    ... okay on input line 53.
LaTeX Font Info:    Checking defaults for PU/pdf/m/n on input line 53.
LaTeX Font Info:    ... okay on input line 53.

(C:\Program Files\MiKTeX\tex/context/base/mkii\supp-pdf.mkii
[Loading MPS to PDF converter (version 2006.09.02).]
\scratchcounter=\count322
\scratchdimen=\dimen195
\scratchbox=\box64
\nofMPsegments=\count323
\nofMParguments=\count324
\everyMPshowfont=\toks29
\MPscratchCnt=\count325
\MPscratchDim=\dimen196
\MPnumerator=\count326
\makeMPintoPDFobject=\count327
\everyMPtoPDFconversion=\toks30
) (C:\Program Files\MiKTeX\tex/latex/epstopdf-pkg\epstopdf-base.sty
Package: epstopdf-base 2020-01-24 v2.11 Base part for package epstopdf
Package epstopdf-base Info: Redefining graphics rule for `.eps' on input line 4
85.

(C:\Program Files\MiKTeX\tex/latex/00miktex\epstopdf-sys.cfg
File: epstopdf-sys.cfg 2021/03/18 v2.0 Configuration of epstopdf for MiKTeX
))
Package hyperref Info: Link coloring OFF on input line 53.
 (main.out)
(main.out)
\@outlinefile=\write4
\openout4 = `main.out'.

Package caption Info: Begin \AtBeginDocument code.
Package caption Info: End \AtBeginDocument code.
LaTeX Font Info:    Trying to load font information for U+msa on input line 80.

 (C:\Program Files\MiKTeX\tex/latex/amsfonts\umsa.fd
File: umsa.fd 2013/01/14 v3.01 AMS symbols A
)
LaTeX Font Info:    Trying to load font information for U+msb on input line 80.


(C:\Program Files\MiKTeX\tex/latex/amsfonts\umsb.fd
File: umsb.fd 2013/01/14 v3.01 AMS symbols B
)
LaTeX Font Info:    Trying to load font information for T1+cmtt on input line 1
14.

(C:\Program Files\MiKTeX\tex/latex/base\t1cmtt.fd
File: t1cmtt.fd 2023/04/13 v2.5m Standard LaTeX font definitions
)

Package hyperref Warning: Token not allowed in a PDF string (Unicode):
(hyperref)                removing `\<def>-command' on input line 137.


Package hyperref Warning: Token not allowed in a PDF string (Unicode):
(hyperref)                removing `\cnotenum' on input line 137.


Package hyperref Warning: Token not allowed in a PDF string (Unicode):
(hyperref)                removing `\<def>-command' on input line 137.


Package hyperref Warning: Token not allowed in a PDF string (Unicode):
(hyperref)                removing `\@corref' on input line 137.

[1


{C:/Users/paraj/AppData/Local/MiKTeX/fonts/map/pdftex/pdftex.map}{C:/Program Fi
les/MiKTeX/fonts/enc/dvips/cm-super/cm-super-t1.enc}] [2] [3] [4]
<particle.pdf, id=269, 2205.74063pt x 1207.51125pt>
File: particle.pdf Graphic file (type pdf)
<use particle.pdf>
Package pdftex.def Info: particle.pdf  used on input line 374.
(pdftex.def)             Requested size: 375.80544pt x 205.7164pt.
 [5]
[6 <./particle.pdf>] [7] [8] [9] [10]
<wall_correction.pdf, id=381, 1156.32pt x 433.62pt>
File: wall_correction.pdf Graphic file (type pdf)
<use wall_correction.pdf>
Package pdftex.def Info: wall_correction.pdf  used on input line 674.
(pdftex.def)             Requested size: 310.04002pt x 116.26514pt.
<newtonian_delta_overlay_all_angles.pdf, id=384, 1742.91104pt x 442.05101pt>
File: newtonian_delta_overlay_all_angles.pdf Graphic file (type pdf)
<use newtonian_delta_overlay_all_angles.pdf>
Package pdftex.def Info: newtonian_delta_overlay_all_angles.pdf  used on input 
line 698.
(pdftex.def)             Requested size: 446.26582pt x 113.18355pt.
 [11 <./wall_correction.pdf> <./newtonian_delta_overlay_all_angles.pdf>] [12] [
13] [14]
<creep_delta_overlay_all_angles.pdf, id=473, 1742.91104pt x 442.05101pt>
File: creep_delta_overlay_all_angles.pdf Graphic file (type pdf)
<use creep_delta_overlay_all_angles.pdf>
Package pdftex.def Info: creep_delta_overlay_all_angles.pdf  used on input line
 969.
(pdftex.def)             Requested size: 469.75502pt x 119.13951pt.
 [15 <./creep_delta_overlay_all_angles.pdf>]
<particle-particle/domain_conv_hasimoto.pdf, id=507, 1164.75104pt x 442.05101pt
>
File: particle-particle/domain_conv_hasimoto.pdf Graphic file (type pdf)
<use particle-particle/domain_conv_hasimoto.pdf>
Package pdftex.def Info: particle-particle/domain_conv_hasimoto.pdf  used on in
put line 1001.
(pdftex.def)             Requested size: 295.94795pt x 112.32018pt.
 [16 <./particle-particle/domain_conv_hasimoto.pdf>] [17] [18]
[19] [20]
<newtonian/case1/posterior.pdf, id=596, 569.03055pt x 423.13647pt>
File: newtonian/case1/posterior.pdf Graphic file (type pdf)
<use newtonian/case1/posterior.pdf>
Package pdftex.def Info: newtonian/case1/posterior.pdf  used on input line 1375
.
(pdftex.def)             Requested size: 155.02pt x 115.27496pt.
<newtonian_noise_percent_fixed_axes.pdf, id=599, 1742.91104pt x 442.05101pt>
File: newtonian_noise_percent_fixed_axes.pdf Graphic file (type pdf)
<use newtonian_noise_percent_fixed_axes.pdf>
Package pdftex.def Info: newtonian_noise_percent_fixed_axes.pdf  used on input 
line 1398.
(pdftex.def)             Requested size: 436.86871pt x 110.79578pt.
 [21 <./newtonian/case1/posterior.pdf>]
<viscoelastic/creep-case1/posterior.pdf, id=616, 1792.16573pt x 435.88725pt>
File: viscoelastic/creep-case1/posterior.pdf Graphic file (type pdf)
<use viscoelastic/creep-case1/posterior.pdf>
Package pdftex.def Info: viscoelastic/creep-case1/posterior.pdf  used on input 
line 1475.
(pdftex.def)             Requested size: 469.75502pt x 114.2525pt.
 [22 <./newtonian_noise_percent_fixed_axes.pdf>]
<creep_unbounded_noise_percent_fixed_axes.pdf, id=637, 1742.91104pt x 442.05101
pt>
File: creep_unbounded_noise_percent_fixed_axes.pdf Graphic file (type pdf)
<use creep_unbounded_noise_percent_fixed_axes.pdf>
Package pdftex.def Info: creep_unbounded_noise_percent_fixed_axes.pdf  used on 
input line 1515.
(pdftex.def)             Requested size: 446.26582pt x 113.18355pt.
 [23 <./viscoelastic/creep-case1/posterior.pdf> <./creep_unbounded_noise_percen
t_fixed_axes.pdf>]
<creep_nonlinear.pdf, id=662, 563.9636pt x 423.13647pt>
File: creep_nonlinear.pdf Graphic file (type pdf)
<use creep_nonlinear.pdf>
Package pdftex.def Info: creep_nonlinear.pdf  used on input line 1588.
(pdftex.def)             Requested size: 150.32504pt x 112.78918pt.
<viscoelastic/creep-300pi_1e-6/data_vs_noise.pdf, id=663, 591.42856pt x 423.136
47pt>
File: viscoelastic/creep-300pi_1e-6/data_vs_noise.pdf Graphic file (type pdf)
<use viscoelastic/creep-300pi_1e-6/data_vs_noise.pdf>
Package pdftex.def Info: viscoelastic/creep-300pi_1e-6/data_vs_noise.pdf  used 
on input line 1595.
(pdftex.def)             Requested size: 155.02pt x 110.90388pt.
<viscoelastic/creep-300pi_1e-6/posterior_predictive.pdf, id=664, 591.42856pt x 
423.13647pt>
File: viscoelastic/creep-300pi_1e-6/posterior_predictive.pdf Graphic file (type
 pdf)
<use viscoelastic/creep-300pi_1e-6/posterior_predictive.pdf>
Package pdftex.def Info: viscoelastic/creep-300pi_1e-6/posterior_predictive.pdf
  used on input line 1602.
(pdftex.def)             Requested size: 155.02pt x 110.90388pt.
<viscoelastic/creep-300pi_1e-6/posterior.pdf, id=666, 1752.80652pt x 423.13647p
t>
File: viscoelastic/creep-300pi_1e-6/posterior.pdf Graphic file (type pdf)
<use viscoelastic/creep-300pi_1e-6/posterior.pdf>
Package pdftex.def Info: viscoelastic/creep-300pi_1e-6/posterior.pdf  used on i
nput line 1620.
(pdftex.def)             Requested size: 469.75502pt x 113.40256pt.
 [24 <./creep_nonlinear.pdf> <./viscoelastic/creep-300pi_1e-6/data_vs_noise.pdf
> <./viscoelastic/creep-300pi_1e-6/posterior_predictive.pdf>]
<viscoelastic/creep-lin-mix/data_vs_noise.pdf, id=698, 577.67007pt x 423.13647p
t>
File: viscoelastic/creep-lin-mix/data_vs_noise.pdf Graphic file (type pdf)
<use viscoelastic/creep-lin-mix/data_vs_noise.pdf>
Package pdftex.def Info: viscoelastic/creep-lin-mix/data_vs_noise.pdf  used on 
input line 1654.
(pdftex.def)             Requested size: 159.71498pt x 116.98593pt.
<viscoelastic/creep-lin-mix/posterior_predictive.pdf, id=699, 577.67007pt x 423
.13647pt>
File: viscoelastic/creep-lin-mix/posterior_predictive.pdf Graphic file (type pd
f)
<use viscoelastic/creep-lin-mix/posterior_predictive.pdf>
Package pdftex.def Info: viscoelastic/creep-lin-mix/posterior_predictive.pdf  u
sed on input line 1662.
(pdftex.def)             Requested size: 159.71498pt x 116.98593pt.
<viscoelastic/creep-non-lin-mix1/data_vs_noise.pdf, id=700, 591.42856pt x 423.1
3647pt>
File: viscoelastic/creep-non-lin-mix1/data_vs_noise.pdf Graphic file (type pdf)

<use viscoelastic/creep-non-lin-mix1/data_vs_noise.pdf>
Package pdftex.def Info: viscoelastic/creep-non-lin-mix1/data_vs_noise.pdf  use
d on input line 1672.
(pdftex.def)             Requested size: 159.71498pt x 114.26773pt.
<viscoelastic/creep-non-lin-mix1/posterior_predictive.pdf, id=701, 591.42856pt 
x 423.13647pt>
File: viscoelastic/creep-non-lin-mix1/posterior_predictive.pdf Graphic file (ty
pe pdf)
<use viscoelastic/creep-non-lin-mix1/posterior_predictive.pdf>
Package pdftex.def Info: viscoelastic/creep-non-lin-mix1/posterior_predictive.p
df  used on input line 1680.
(pdftex.def)             Requested size: 159.71498pt x 114.26773pt.
 [25 <./viscoelastic/creep-300pi_1e-6/posterior.pdf> <./viscoelastic/creep-lin-
mix/data_vs_noise.pdf> <./viscoelastic/creep-lin-mix/posterior_predictive.pdf> 
<./viscoelastic/creep-non-lin-mix1/data_vs_noise.pdf> <./viscoelastic/creep-non
-lin-mix1/posterior_predictive.pdf>]
<newtonian/case2-kappa/posterior.pdf, id=758, 625.63693pt x 435.88725pt>
File: newtonian/case2-kappa/posterior.pdf Graphic file (type pdf)
<use newtonian/case2-kappa/posterior.pdf>
Package pdftex.def Info: newtonian/case2-kappa/posterior.pdf  used on input lin
e 1732.
(pdftex.def)             Requested size: 159.71498pt x 111.27281pt.
 [26 <./newtonian/case2-kappa/posterior.pdf>]
<newtonian/case3-eta_delta-0.1/corner.pdf, id=776, 1049.0593pt x 1042.5849pt>
File: newtonian/case3-eta_delta-0.1/corner.pdf Graphic file (type pdf)
<use newtonian/case3-eta_delta-0.1/corner.pdf>
Package pdftex.def Info: newtonian/case3-eta_delta-0.1/corner.pdf  used on inpu
t line 1803.
(pdftex.def)             Requested size: 211.38832pt x 210.07231pt.
<newtonian/model_error/posterior_predictive_0.01_0.pdf, id=777, 634.74542pt x 4
35.88725pt>
File: newtonian/model_error/posterior_predictive_0.01_0.pdf Graphic file (type 
pdf)
<use newtonian/model_error/posterior_predictive_0.01_0.pdf>
Package pdftex.def Info: newtonian/model_error/posterior_predictive_0.01_0.pdf 
 used on input line 1817.
(pdftex.def)             Requested size: 150.32504pt x 103.22499pt.
<newtonian/model_error/posterior_predictive_0.01_45.pdf, id=778, 634.74542pt x 
435.88725pt>
File: newtonian/model_error/posterior_predictive_0.01_45.pdf Graphic file (type
 pdf)
<use newtonian/model_error/posterior_predictive_0.01_45.pdf>
Package pdftex.def Info: newtonian/model_error/posterior_predictive_0.01_45.pdf
  used on input line 1823.
(pdftex.def)             Requested size: 150.32504pt x 103.22499pt.
<newtonian/model_error/posterior_predictive_0.01_90.pdf, id=779, 634.74542pt x 
435.88725pt>
File: newtonian/model_error/posterior_predictive_0.01_90.pdf Graphic file (type
 pdf)
<use newtonian/model_error/posterior_predictive_0.01_90.pdf>
Package pdftex.def Info: newtonian/model_error/posterior_predictive_0.01_90.pdf
  used on input line 1829.
(pdftex.def)             Requested size: 150.32504pt x 103.22499pt.
 [27] [28 <./newtonian/case3-eta_delta-0.1/corner.pdf> <./newtonian/model_error
/posterior_predictive_0.01_0.pdf> <./newtonian/model_error/posterior_predictive
_0.01_45.pdf> <./newtonian/model_error/posterior_predictive_0.01_90.pdf>]
<viscoelastic/creep-delta-0.1/corner.pdf, id=839, 2176.36378pt x 2176.36378pt>
File: viscoelastic/creep-delta-0.1/corner.pdf Graphic file (type pdf)
<use viscoelastic/creep-delta-0.1/corner.pdf>
Package pdftex.def Info: viscoelastic/creep-delta-0.1/corner.pdf  used on input
 line 1900.
(pdftex.def)             Requested size: 375.80544pt x 375.78845pt.
 [29 <./viscoelastic/creep-delta-0.1/corner.pdf>] [30]
<particle-particle/G_isosurface.pdf, id=887, 469.1397pt x 366.12045pt>
File: particle-particle/G_isosurface.pdf Graphic file (type pdf)
<use particle-particle/G_isosurface.pdf>
Package pdftex.def Info: particle-particle/G_isosurface.pdf  used on input line
 2047.
(pdftex.def)             Requested size: 155.02pt x 120.98213pt.
<particle-particle/G_slices_combined.pdf, id=888, 1632.8432pt x 703.40685pt>
File: particle-particle/G_slices_combined.pdf Graphic file (type pdf)
<use particle-particle/G_slices_combined.pdf>
Package pdftex.def Info: particle-particle/G_slices_combined.pdf  used on input
 line 2054.
(pdftex.def)             Requested size: 328.82707pt x 141.65558pt.
 [31]
<particle-particle/values_histogram_40.pdf, id=899, 510.75032pt x 408.27504pt>
File: particle-particle/values_histogram_40.pdf Graphic file (type pdf)
<use particle-particle/values_histogram_40.pdf>
Package pdftex.def Info: particle-particle/values_histogram_40.pdf  used on inp
ut line 2103.
(pdftex.def)             Requested size: 136.2258pt x 108.89633pt.

[32 <./particle-particle/G_isosurface.pdf> <./particle-particle/G_slices_combin
ed.pdf>] [33 <./particle-particle/values_histogram_40.pdf>] [34]
<mesh_conv/stokes_mesh_conv.pdf, id=962, 578.16pt x 433.62pt>
File: mesh_conv/stokes_mesh_conv.pdf Graphic file (type pdf)
<use mesh_conv/stokes_mesh_conv.pdf>
Package pdftex.def Info: mesh_conv/stokes_mesh_conv.pdf  used on input line 232
2.
(pdftex.def)             Requested size: 145.6229pt x 109.21194pt.
<mesh_conv/stokes_domain_conv.pdf, id=963, 578.16pt x 433.62pt>
File: mesh_conv/stokes_domain_conv.pdf Graphic file (type pdf)
<use mesh_conv/stokes_domain_conv.pdf>
Package pdftex.def Info: mesh_conv/stokes_domain_conv.pdf  used on input line 2
327.
(pdftex.def)             Requested size: 145.6229pt x 109.21194pt.
<mesh_conv/stokes_axi_mesh.pdf, id=964, 578.16pt x 433.62pt>
File: mesh_conv/stokes_axi_mesh.pdf Graphic file (type pdf)
<use mesh_conv/stokes_axi_mesh.pdf>
Package pdftex.def Info: mesh_conv/stokes_axi_mesh.pdf  used on input line 2340
.
(pdftex.def)             Requested size: 155.02pt x 116.26514pt.
<mesh_conv/stokes_axi_domain.pdf, id=965, 578.16pt x 433.62pt>
File: mesh_conv/stokes_axi_domain.pdf Graphic file (type pdf)
<use mesh_conv/stokes_axi_domain.pdf>
Package pdftex.def Info: mesh_conv/stokes_axi_domain.pdf  used on input line 23
45.
(pdftex.def)             Requested size: 155.02pt x 116.26514pt.
 [35]
<mesh_conv/creep_mesh_conv.pdf, id=976, 578.16pt x 433.62pt>
File: mesh_conv/creep_mesh_conv.pdf Graphic file (type pdf)
<use mesh_conv/creep_mesh_conv.pdf>
Package pdftex.def Info: mesh_conv/creep_mesh_conv.pdf  used on input line 2362
.
(pdftex.def)             Requested size: 155.02pt x 116.26514pt.
<mesh_conv/creep_domain_conv.pdf, id=977, 578.16pt x 433.62pt>
File: mesh_conv/creep_domain_conv.pdf Graphic file (type pdf)
<use mesh_conv/creep_domain_conv.pdf>
Package pdftex.def Info: mesh_conv/creep_domain_conv.pdf  used on input line 23
67.
(pdftex.def)             Requested size: 155.02pt x 116.26514pt.
<mesh_conv/creep_axi_mesh.pdf, id=978, 578.16pt x 433.62pt>
File: mesh_conv/creep_axi_mesh.pdf Graphic file (type pdf)
<use mesh_conv/creep_axi_mesh.pdf>
Package pdftex.def Info: mesh_conv/creep_axi_mesh.pdf  used on input line 2380.

(pdftex.def)             Requested size: 155.02pt x 116.26514pt.
<mesh_conv/creep_axi_domain.pdf, id=979, 578.16pt x 433.62pt>
File: mesh_conv/creep_axi_domain.pdf Graphic file (type pdf)
<use mesh_conv/creep_axi_domain.pdf>
Package pdftex.def Info: mesh_conv/creep_axi_domain.pdf  used on input line 238
5.
(pdftex.def)             Requested size: 155.02pt x 116.26514pt.
 [36 <./mesh_conv/stokes_mesh_conv.pdf> <./mesh_conv/stokes_domain_conv.pdf> <.
/mesh_conv/stokes_axi_mesh.pdf> <./mesh_conv/stokes_axi_domain.pdf> <./mesh_con
v/creep_mesh_conv.pdf> <./mesh_conv/creep_domain_conv.pdf>] (main.bbl [37 <./me
sh_conv/creep_axi_mesh.pdf> <./mesh_conv/creep_axi_domain.pdf>] [38] [39] [40] 
[41])
[42] (main.aux)
 ***********
LaTeX2e <2023-11-01> patch level 1
L3 programming layer <2024-01-04>
 ***********
Package rerunfilecheck Info: File `main.out' has not changed.
(rerunfilecheck)             Checksum: 8740255F204F92EF1369255E43D213FE;5853.
 ) 
Here is how much of TeX's memory you used:
 16588 strings out of 474486
 272551 string characters out of 5753570
 1944542 words of memory out of 5000000
 38370 multiletter control sequences out of 15000+600000
 582739 words of font info for 107 fonts, out of 8000000 for 9000
 1141 hyphenation exceptions out of 8191
 75i,13n,79p,644b,762s stack positions out of 10000i,1000n,20000p,200000b,200000s
<C:/Program Files/MiKTeX/fonts/type1/public/amsfonts/cm/cmbx10.pfb><C:/Progra
m Files/MiKTeX/fonts/type1/public/amsfonts/cm/cmbx7.pfb><C:/Program Files/MiKTe
X/fonts/type1/public/amsfonts/cm/cmex10.pfb><C:/Program Files/MiKTeX/fonts/type
1/public/amsfonts/cm/cmmi10.pfb><C:/Program Files/MiKTeX/fonts/type1/public/ams
fonts/cm/cmmi12.pfb><C:/Program Files/MiKTeX/fonts/type1/public/amsfonts/cm/cmm
i5.pfb><C:/Program Files/MiKTeX/fonts/type1/public/amsfonts/cm/cmmi6.pfb><C:/Pr
ogram Files/MiKTeX/fonts/type1/public/amsfonts/cm/cmmi7.pfb><C:/Program Files/M
iKTeX/fonts/type1/public/amsfonts/cm/cmmi8.pfb><C:/Program Files/MiKTeX/fonts/t
ype1/public/amsfonts/cm/cmmi9.pfb><C:/Program Files/MiKTeX/fonts/type1/public/a
msfonts/cm/cmmib10.pfb><C:/Program Files/MiKTeX/fonts/type1/public/amsfonts/cme
xtra/cmmib7.pfb><C:/Program Files/MiKTeX/fonts/type1/public/amsfonts/cmextra/cm
mib8.pfb><C:/Program Files/MiKTeX/fonts/type1/public/amsfonts/cm/cmr10.pfb><C:/
Program Files/MiKTeX/fonts/type1/public/amsfonts/cm/cmr17.pfb><C:/Program Files
/MiKTeX/fonts/type1/public/amsfonts/cm/cmr5.pfb><C:/Program Files/MiKTeX/fonts/
type1/public/amsfonts/cm/cmr6.pfb><C:/Program Files/MiKTeX/fonts/type1/public/a
msfonts/cm/cmr7.pfb><C:/Program Files/MiKTeX/fonts/type1/public/amsfonts/cm/cmr
8.pfb><C:/Program Files/MiKTeX/fonts/type1/public/amsfonts/cm/cmr9.pfb><C:/Prog
ram Files/MiKTeX/fonts/type1/public/amsfonts/cm/cmss10.pfb><C:/Program Files/Mi
KTeX/fonts/type1/public/amsfonts/cm/cmsy10.pfb><C:/Program Files/MiKTeX/fonts/t
ype1/public/amsfonts/cm/cmsy5.pfb><C:/Program Files/MiKTeX/fonts/type1/public/a
msfonts/cm/cmsy6.pfb><C:/Program Files/MiKTeX/fonts/type1/public/amsfonts/cm/cm
sy7.pfb><C:/Program Files/MiKTeX/fonts/type1/public/amsfonts/cm/cmsy8.pfb><C:/P
rogram Files/MiKTeX/fonts/type1/public/amsfonts/cm/cmsy9.pfb><C:/Program Files/
MiKTeX/fonts/type1/public/amsfonts/symbols/msam10.pfb><C:/Program Files/MiKTeX/
fonts/type1/public/amsfonts/symbols/msbm10.pfb><C:/Program Files/MiKTeX/fonts/t
ype1/public/cm-super/sfbx1000.pfb><C:/Program Files/MiKTeX/fonts/type1/public/c
m-super/sfrm0700.pfb><C:/Program Files/MiKTeX/fonts/type1/public/cm-super/sfrm0
800.pfb><C:/Program Files/MiKTeX/fonts/type1/public/cm-super/sfrm0900.pfb><C:/P
rogram Files/MiKTeX/fonts/type1/public/cm-super/sfrm1000.pfb><C:/Program Files/
MiKTeX/fonts/type1/public/cm-super/sfrm1440.pfb><C:/Program Files/MiKTeX/fonts/
type1/public/cm-super/sfti0600.pfb><C:/Program Files/MiKTeX/fonts/type1/public/
cm-super/sfti0800.pfb><C:/Program Files/MiKTeX/fonts/type1/public/cm-super/sfti
1000.pfb><C:/Program Files/MiKTeX/fonts/type1/public/cm-super/sftt0800.pfb><C:/
Program Files/MiKTeX/fonts/type1/public/cm-super/sftt1000.pfb>
Output written on main.pdf (42 pages, 7422603 bytes).
PDF statistics:
 1316 PDF objects out of 1440 (max. 8388607)
 224 named destinations out of 1000 (max. 500000)
 459 words of extra memory for PDF output out of 10000 (max. 10000000)

