  0.00000000E+00  0.00000000E+00 -3.89000000E+01  0.00000000E+00  5.90082278E-01  1.99888291E-01 -3.55991612E-02
  2.50000000E-03  1.47520570E-03 -3.88995003E+01  0.00000000E+00  5.65262589E-01  1.92175683E-01 -3.40193996E-02
  5.00000000E-03  2.85733756E-03 -3.88990295E+01  0.00000000E+00  5.42062031E-01  1.84957491E-01 -3.25596413E-02
  7.50000000E-03  4.18349194E-03 -3.88985761E+01  0.00000000E+00  5.20236097E-01  1.78147105E-01 -3.11944746E-02
  1.00000000E-02  5.45679976E-03 -3.88981393E+01  0.00000000E+00  4.99799900E-01  1.71751826E-01 -2.99219906E-02
  1.25000000E-02  6.68075427E-03 -3.88977179E+01  0.00000000E+00  4.80699030E-01  1.65757786E-01 -2.87368812E-02
  1.50000000E-02  7.85862576E-03 -3.88973110E+01  0.00000000E+00  4.62859146E-01  1.60144839E-01 -2.76335470E-02
  1.75000000E-02  8.99347376E-03 -3.88969176E+01  0.00000000E+00  4.46202597E-01  1.54891488E-01 -2.66063716E-02
  2.00000000E-02  1.00881596E-02 -3.88965370E+01  0.00000000E+00  4.30653884E-01  1.49976568E-01 -2.56500073E-02
  2.25000000E-02  1.11453584E-02 -3.88961682E+01  0.00000000E+00  4.16141322E-01  1.45379780E-01 -2.47594485E-02
  2.50000000E-02  1.21675710E-02 -3.88958105E+01  0.00000000E+00  4.02597425E-01  1.41081847E-01 -2.39300391E-02
  2.75000000E-02  1.31571347E-02 -3.88954631E+01  0.00000000E+00  3.89958870E-01  1.37064532E-01 -2.31574575E-02
  3.00000000E-02  1.41162337E-02 -3.88951255E+01  0.00000000E+00  3.78166317E-01  1.33310613E-01 -2.24376949E-02
  3.25000000E-02  1.50469088E-02 -3.88947969E+01  0.00000000E+00  3.67164202E-01  1.29803850E-01 -2.17670333E-02
  3.50000000E-02  1.59510666E-02 -3.88944768E+01  0.00000000E+00  3.56900511E-01  1.26528936E-01 -2.11420242E-02
  3.75000000E-02  1.68304883E-02 -3.88941645E+01  0.00000000E+00  3.47326573E-01  1.23471456E-01 -2.05594679E-02
  4.00000000E-02  1.76868373E-02 -3.88938597E+01  0.00000000E+00  3.38396856E-01  1.20617842E-01 -2.00163957E-02
  4.25000000E-02  1.85216673E-02 -3.88935617E+01  0.00000000E+00  3.30068770E-01  1.17955330E-01 -1.95100520E-02
  4.50000000E-02  1.93364291E-02 -3.88932702E+01  0.00000000E+00  3.22302491E-01  1.15471920E-01 -1.90378786E-02
  4.75000000E-02  2.01324775E-02 -3.88929846E+01  0.00000000E+00  3.15060784E-01  1.13156331E-01 -1.85975001E-02
  5.00000000E-02  2.09110773E-02 -3.88927046E+01  0.00000000E+00  3.08308841E-01  1.10997967E-01 -1.81867103E-02
  5.25000000E-02  2.16734095E-02 -3.88924298E+01  0.00000000E+00  3.02014132E-01  1.08986875E-01 -1.78034597E-02
  5.50000000E-02  2.24205764E-02 -3.88921598E+01  0.00000000E+00  2.96146253E-01  1.07113714E-01 -1.74458440E-02
  5.75000000E-02  2.31536072E-02 -3.88918944E+01  0.00000000E+00  2.90676801E-01  1.05369714E-01 -1.71120934E-02
  6.00000000E-02  2.38734624E-02 -3.88916331E+01  0.00000000E+00  2.85579237E-01  1.03746651E-01 -1.68005627E-02
  6.25000000E-02  2.45810385E-02 -3.88913758E+01  0.00000000E+00  2.80828770E-01  1.02236807E-01 -1.65097226E-02
  6.50000000E-02  2.52771724E-02 -3.88911221E+01  0.00000000E+00  2.76402246E-01  1.00832948E-01 -1.62381507E-02
  6.75000000E-02  2.59626448E-02 -3.88908718E+01  0.00000000E+00  2.72278039E-01  9.95282908E-02 -1.59845242E-02
  7.00000000E-02  2.66381847E-02 -3.88906246E+01  0.00000000E+00  2.68435957E-01  9.83164778E-02 -1.57476129E-02
  7.25000000E-02  2.73044720E-02 -3.88903803E+01  0.00000000E+00  2.64857141E-01  9.71915513E-02 -1.55262718E-02
  7.50000000E-02  2.79621413E-02 -3.88901387E+01  0.00000000E+00  2.61523987E-01  9.61479295E-02 -1.53194359E-02
  7.75000000E-02  2.86117848E-02 -3.88898997E+01  0.00000000E+00  2.58420057E-01  9.51803835E-02 -1.51261138E-02
  8.00000000E-02  2.92539551E-02 -3.88896629E+01  0.00000000E+00  2.55530007E-01  9.42840161E-02 -1.49453828E-02
  8.25000000E-02  2.98891675E-02 -3.88894283E+01  0.00000000E+00  2.52839512E-01  9.34542411E-02 -1.47763841E-02
  8.50000000E-02  3.05179032E-02 -3.88891957E+01  0.00000000E+00  2.50335204E-01  9.26867644E-02 -1.46183180E-02
  8.75000000E-02  3.11406108E-02 -3.88889650E+01  0.00000000E+00  2.48004603E-01  9.19775657E-02 -1.44704399E-02
  9.00000000E-02  3.17577091E-02 -3.88887359E+01  0.00000000E+00  2.45836062E-01  9.13228818E-02 -1.43320565E-02
  9.25000000E-02  3.23695885E-02 -3.88885084E+01  0.00000000E+00  2.43818713E-01  9.07191903E-02 -1.42025221E-02
  9.50000000E-02  3.29766136E-02 -3.88882824E+01  0.00000000E+00  2.41942412E-01  9.01631945E-02 -1.40812352E-02
  9.75000000E-02  3.35791243E-02 -3.88880577E+01  0.00000000E+00  2.40197692E-01  8.96518096E-02 -1.39676355E-02
  1.00000000E-01  3.41774376E-02 -3.88878342E+01  0.00000000E+00  2.38575723E-01  8.91821489E-02 -1.38612011E-02
  1.02500000E-01  3.47718495E-02 -3.88876118E+01  0.00000000E+00  2.37068261E-01  8.87515116E-02 -1.37614458E-02
  1.05000000E-01  3.53626358E-02 -3.88873905E+01  0.00000000E+00  2.35667616E-01  8.83573708E-02 -1.36679165E-02
  1.07500000E-01  3.59500540E-02 -3.88871701E+01  0.00000000E+00  2.34366615E-01  8.79973629E-02 -1.35801910E-02
  1.10000000E-01  3.65343443E-02 -3.88869505E+01  0.00000000E+00  2.33158561E-01  8.76692765E-02 -1.34978759E-02
  1.12500000E-01  3.71157306E-02 -3.88867318E+01  0.00000000E+00  2.32037210E-01  8.73710435E-02 -1.34206045E-02
  1.15000000E-01  3.76944220E-02 -3.88865137E+01  0.00000000E+00  2.30996735E-01  8.71007293E-02 -1.33480352E-02
  1.17500000E-01  3.82706132E-02 -3.88862963E+01  0.00000000E+00  2.30031699E-01  8.68565247E-02 -1.32798495E-02
  1.20000000E-01  3.88444862E-02 -3.88860795E+01  0.00000000E+00  2.29137031E-01  8.66367377E-02 -1.32157505E-02
  1.22500000E-01  3.94162104E-02 -3.88858632E+01  0.00000000E+00  2.28308000E-01  8.64397858E-02 -1.31554614E-02
  1.25000000E-01  3.99859441E-02 -3.88856473E+01  0.00000000E+00  2.27540192E-01  8.62641894E-02 -1.30987243E-02
  1.27500000E-01  4.05538348E-02 -3.88854319E+01  0.00000000E+00  2.26829491E-01  8.61085648E-02 -1.30452988E-02
  1.30000000E-01  4.11200202E-02 -3.88852168E+01  0.00000000E+00  2.26172055E-01  8.59716183E-02 -1.29949605E-02
  1.32500000E-01  4.16846285E-02 -3.88850020E+01  0.00000000E+00  2.25564302E-01  8.58521400E-02 -1.29475005E-02
  1.35000000E-01  4.22477796E-02 -3.88847875E+01  0.00000000E+00  2.25002891E-01  8.57489990E-02 -1.29027240E-02
  1.37500000E-01  4.28095851E-02 -3.88845733E+01  0.00000000E+00  2.24484704E-01  8.56611376E-02 -1.28604492E-02
  1.40000000E-01  4.33701491E-02 -3.88843593E+01  0.00000000E+00  2.24006833E-01  8.55875672E-02 -1.28205066E-02
  1.42500000E-01  4.39295688E-02 -3.88841454E+01  0.00000000E+00  2.23566567E-01  8.55273635E-02 -1.27827383E-02
  1.45000000E-01  4.44879349E-02 -3.88839316E+01  0.00000000E+00  2.23161375E-01  8.54796622E-02 -1.27469970E-02
  1.47500000E-01  4.50453319E-02 -3.88837180E+01  0.00000000E+00  2.22788898E-01  8.54436556E-02 -1.27131454E-02
  1.50000000E-01  4.56018385E-02 -3.88835044E+01  0.00000000E+00  2.22446935E-01  8.54185884E-02 -1.26810552E-02
  1.52500000E-01  4.61575284E-02 -3.88832909E+01  0.00000000E+00  2.22133433E-01  8.54037546E-02 -1.26506072E-02
  1.55000000E-01  4.67124701E-02 -3.88830774E+01  0.00000000E+00  2.21846476E-01  8.53984942E-02 -1.26216898E-02
  1.57500000E-01  4.72667276E-02 -3.88828639E+01  0.00000000E+00  2.21584280E-01  8.54021904E-02 -1.25941992E-02
  1.60000000E-01  4.78203606E-02 -3.88826504E+01  0.00000000E+00  2.21345178E-01  8.54142665E-02 -1.25680385E-02
  1.62500000E-01  4.83734246E-02 -3.88824369E+01  0.00000000E+00  2.21127617E-01  8.54341834E-02 -1.25431175E-02
  1.65000000E-01  4.89259717E-02 -3.88822233E+01  0.00000000E+00  2.20930148E-01  8.54614372E-02 -1.25193517E-02
  1.67500000E-01  4.94780503E-02 -3.88820096E+01  0.00000000E+00  2.20751419E-01  8.54955571E-02 -1.24966627E-02
  1.70000000E-01  5.00297054E-02 -3.88817958E+01  0.00000000E+00  2.20590169E-01  8.55361027E-02 -1.24749771E-02
  1.72500000E-01  5.05809793E-02 -3.88815819E+01  0.00000000E+00  2.20445223E-01  8.55826626E-02 -1.24542266E-02
  1.75000000E-01  5.11319111E-02 -3.88813679E+01  0.00000000E+00  2.20315485E-01  8.56348523E-02 -1.24343474E-02
  1.77500000E-01  5.16825377E-02 -3.88811537E+01  0.00000000E+00  2.20199931E-01  8.56923122E-02 -1.24152802E-02
  1.80000000E-01  5.22328931E-02 -3.88809394E+01  0.00000000E+00  2.20097607E-01  8.57547064E-02 -1.23969694E-02
  1.82500000E-01  5.27830092E-02 -3.88807250E+01  0.00000000E+00  2.20007625E-01  8.58217208E-02 -1.23793634E-02
  1.85000000E-01  5.33329157E-02 -3.88805103E+01  0.00000000E+00  2.19929153E-01  8.58930620E-02 -1.23624139E-02
  1.87500000E-01  5.38826405E-02 -3.88802955E+01  0.00000000E+00  2.19861420E-01  8.59684556E-02 -1.23460759E-02
  1.90000000E-01  5.44322094E-02 -3.88800805E+01  0.00000000E+00  2.19803702E-01  8.60476452E-02 -1.23303075E-02
  1.92500000E-01  5.49816465E-02 -3.88798653E+01  0.00000000E+00  2.19755326E-01  8.61303913E-02 -1.23150696E-02
  1.95000000E-01  5.55309744E-02 -3.88796498E+01  0.00000000E+00  2.19715665E-01  8.62164699E-02 -1.23003256E-02
  1.97500000E-01  5.60802140E-02 -3.88794342E+01  0.00000000E+00  2.19684134E-01  8.63056717E-02 -1.22860416E-02
  2.00000000E-01  5.66293849E-02 -3.88792183E+01  0.00000000E+00  2.19660186E-01  8.63978011E-02 -1.22721857E-02
  2.02500000E-01  5.71785054E-02 -3.88790022E+01  0.00000000E+00  2.19643311E-01  8.64926753E-02 -1.22587285E-02
  2.05000000E-01  5.77275926E-02 -3.88787859E+01  0.00000000E+00  2.19633035E-01  8.65901234E-02 -1.22456422E-02
  2.07500000E-01  5.82766623E-02 -3.88785693E+01  0.00000000E+00  2.19628916E-01  8.66899857E-02 -1.22329012E-02
  2.10000000E-01  5.88257295E-02 -3.88783524E+01  0.00000000E+00  2.19630539E-01  8.67921130E-02 -1.22204815E-02
  2.12500000E-01  5.93748079E-02 -3.88781353E+01  0.00000000E+00  2.19637519E-01  8.68963660E-02 -1.22083606E-02
  2.15000000E-01  5.99239104E-02 -3.88779179E+01  0.00000000E+00  2.19649497E-01  8.70026141E-02 -1.21965176E-02
  2.17500000E-01  6.04730491E-02 -3.88777003E+01  0.00000000E+00  2.19666139E-01  8.71107357E-02 -1.21849332E-02
  2.20000000E-01  6.10222352E-02 -3.88774824E+01  0.00000000E+00  2.19687130E-01  8.72206169E-02 -1.21735891E-02
  2.22500000E-01  6.15714793E-02 -3.88772642E+01  0.00000000E+00  2.19712180E-01  8.73321514E-02 -1.21624684E-02
  2.25000000E-01  6.21207911E-02 -3.88770457E+01  0.00000000E+00  2.19741017E-01  8.74452396E-02 -1.21515553E-02
  2.27500000E-01  6.26701797E-02 -3.88768270E+01  0.00000000E+00  2.19773387E-01  8.75597888E-02 -1.21408352E-02
  2.30000000E-01  6.32196536E-02 -3.88766079E+01  0.00000000E+00  2.19809054E-01  8.76757122E-02 -1.21302942E-02
  2.32500000E-01  6.37692208E-02 -3.88763886E+01  0.00000000E+00  2.19847797E-01  8.77929285E-02 -1.21199195E-02
  2.35000000E-01  6.43188887E-02 -3.88761690E+01  0.00000000E+00  2.19889411E-01  8.79113619E-02 -1.21096994E-02
  2.37500000E-01  6.48686643E-02 -3.88759490E+01  0.00000000E+00  2.19933703E-01  8.80309417E-02 -1.20996225E-02
  2.40000000E-01  6.54185539E-02 -3.88757288E+01  0.00000000E+00  2.19980495E-01  8.81516017E-02 -1.20896785E-02
  2.42500000E-01  6.59685636E-02 -3.88755083E+01  0.00000000E+00  2.20029620E-01  8.82732798E-02 -1.20798579E-02
  2.45000000E-01  6.65186991E-02 -3.88752874E+01  0.00000000E+00  2.20080922E-01  8.83959184E-02 -1.20701514E-02
  2.47500000E-01  6.70689655E-02 -3.88750663E+01  0.00000000E+00  2.20134256E-01  8.85194634E-02 -1.20605508E-02
  2.50000000E-01  6.76193678E-02 -3.88748449E+01  0.00000000E+00  2.20189487E-01  8.86438643E-02 -1.20510483E-02
  2.52500000E-01  6.81699106E-02 -3.88746231E+01  0.00000000E+00  2.20246488E-01  8.87690740E-02 -1.20416364E-02
  2.55000000E-01  6.87205980E-02 -3.88744010E+01  0.00000000E+00  2.20305142E-01  8.88950483E-02 -1.20323085E-02
  2.57500000E-01  6.92714342E-02 -3.88741786E+01  0.00000000E+00  2.20365338E-01  8.90217461E-02 -1.20230581E-02
  2.60000000E-01  6.98224228E-02 -3.88739559E+01  0.00000000E+00  2.20426975E-01  8.91491289E-02 -1.20138793E-02
  2.62500000E-01  7.03735673E-02 -3.88737329E+01  0.00000000E+00  2.20489957E-01  8.92771607E-02 -1.20047667E-02
  2.65000000E-01  7.09248709E-02 -3.88735095E+01  0.00000000E+00  2.20554195E-01  8.94058078E-02 -1.19957150E-02
  2.67500000E-01  7.14763367E-02 -3.88732858E+01  0.00000000E+00  2.20619606E-01  8.95350390E-02 -1.19867196E-02
  2.70000000E-01  7.20279675E-02 -3.88730618E+01  0.00000000E+00  2.20686112E-01  8.96648248E-02 -1.19777760E-02
  2.72500000E-01  7.25797659E-02 -3.88728375E+01  0.00000000E+00  2.20753641E-01  8.97951378E-02 -1.19688799E-02
  2.75000000E-01  7.31317344E-02 -3.88726129E+01  0.00000000E+00  2.20822125E-01  8.99259524E-02 -1.19600276E-02
  2.77500000E-01  7.36838753E-02 -3.88723879E+01  0.00000000E+00  2.20891503E-01  9.00572447E-02 -1.19512155E-02
  2.80000000E-01  7.42361908E-02 -3.88721626E+01  0.00000000E+00  2.20961714E-01  9.01889922E-02 -1.19424401E-02
  2.82500000E-01  7.47886829E-02 -3.88719369E+01  0.00000000E+00  2.21032705E-01  9.03211742E-02 -1.19336983E-02
  2.85000000E-01  7.53413534E-02 -3.88717110E+01  0.00000000E+00  2.21104424E-01  9.04537710E-02 -1.19249873E-02
  2.87500000E-01  7.58942041E-02 -3.88714847E+01  0.00000000E+00  2.21176824E-01  9.05867644E-02 -1.19163043E-02
  2.90000000E-01  7.64472366E-02 -3.88712580E+01  0.00000000E+00  2.21249860E-01  9.07201373E-02 -1.19076469E-02
  2.92500000E-01  7.70004526E-02 -3.88710311E+01  0.00000000E+00  2.21323492E-01  9.08538739E-02 -1.18990125E-02
  2.95000000E-01  7.75538533E-02 -3.88708038E+01  0.00000000E+00  2.21397680E-01  9.09879592E-02 -1.18903992E-02
  2.97500000E-01  7.81074403E-02 -3.88705761E+01  0.00000000E+00  2.21472389E-01  9.11223793E-02 -1.18818048E-02
  3.00000000E-01  7.86612146E-02 -3.88703482E+01  0.00000000E+00  2.21547585E-01  9.12571213E-02 -1.18732274E-02
  3.02500000E-01  7.92151776E-02 -3.88701198E+01  0.00000000E+00  2.21623236E-01  9.13921729E-02 -1.18646653E-02
  3.05000000E-01  7.97693302E-02 -3.88698912E+01  0.00000000E+00  2.21699314E-01  9.15275229E-02 -1.18561168E-02
  3.07500000E-01  8.03236736E-02 -3.88696622E+01  0.00000000E+00  2.21775791E-01  9.16631606E-02 -1.18475805E-02
  3.10000000E-01  8.08782087E-02 -3.88694329E+01  0.00000000E+00  2.21852642E-01  9.17990762E-02 -1.18390549E-02
  3.12500000E-01  8.14329364E-02 -3.88692032E+01  0.00000000E+00  2.21929843E-01  9.19352603E-02 -1.18305386E-02
  3.15000000E-01  8.19878575E-02 -3.88689732E+01  0.00000000E+00  2.22007372E-01  9.20717044E-02 -1.18220305E-02
  3.17500000E-01  8.25429728E-02 -3.88687429E+01  0.00000000E+00  2.22085208E-01  9.22084003E-02 -1.18135294E-02
  3.20000000E-01  8.30982831E-02 -3.88685122E+01  0.00000000E+00  2.22163333E-01  9.23453406E-02 -1.18050343E-02
  3.22500000E-01  8.36537891E-02 -3.88682811E+01  0.00000000E+00  2.22241727E-01  9.24825181E-02 -1.17965441E-02
  3.25000000E-01  8.42094914E-02 -3.88680498E+01  0.00000000E+00  2.22320376E-01  9.26199263E-02 -1.17880580E-02
  3.27500000E-01  8.47653907E-02 -3.88678180E+01  0.00000000E+00  2.22399262E-01  9.27575589E-02 -1.17795751E-02
  3.30000000E-01  8.53214874E-02 -3.88675860E+01  0.00000000E+00  2.22478372E-01  9.28954104E-02 -1.17710947E-02
  3.32500000E-01  8.58777823E-02 -3.88673536E+01  0.00000000E+00  2.22557692E-01  9.30334752E-02 -1.17626159E-02
  3.35000000E-01  8.64342756E-02 -3.88671208E+01  0.00000000E+00  2.22637208E-01  9.31717484E-02 -1.17541382E-02
  3.37500000E-01  8.69909681E-02 -3.88668877E+01  0.00000000E+00  2.22899015E-01  9.39341800E-02 -1.19460097E-02
  3.40000000E-01  8.75485428E-02 -3.88666519E+01  0.00000000E+00  2.22975229E-01  9.40508768E-02 -1.19265212E-02
  3.42500000E-01  8.81060762E-02 -3.88664166E+01  0.00000000E+00  2.23043784E-01  9.41627761E-02 -1.19121732E-02
  3.45000000E-01  8.86637713E-02 -3.88661811E+01  0.00000000E+00  2.23114807E-01  9.42726131E-02 -1.18938880E-02
  3.47500000E-01  8.92216471E-02 -3.88659453E+01  0.00000000E+00  2.23186296E-01  9.43838028E-02 -1.18759285E-02
  3.50000000E-01  8.97797022E-02 -3.88657092E+01  0.00000000E+00  2.23258412E-01  9.44967886E-02 -1.18585444E-02
  3.52500000E-01  9.03379384E-02 -3.88654728E+01  0.00000000E+00  2.23331182E-01  9.46116784E-02 -1.18417635E-02
  3.55000000E-01  9.08963573E-02 -3.88652361E+01  0.00000000E+00  2.23404588E-01  9.47284285E-02 -1.18255706E-02
  3.57500000E-01  9.14549606E-02 -3.88649991E+01  0.00000000E+00  2.23478598E-01  9.48469501E-02 -1.18099330E-02
  3.60000000E-01  9.20137496E-02 -3.88647619E+01  0.00000000E+00  2.23553176E-01  9.49671435E-02 -1.17948146E-02
  3.62500000E-01  9.25727257E-02 -3.88645243E+01  0.00000000E+00  2.23628289E-01  9.50889104E-02 -1.17801798E-02
  3.65000000E-01  9.31318903E-02 -3.88642864E+01  0.00000000E+00  2.23703903E-01  9.52121566E-02 -1.17659948E-02
  3.67500000E-01  9.36912446E-02 -3.88640483E+01  0.00000000E+00  2.23779988E-01  9.53367938E-02 -1.17522278E-02
  3.70000000E-01  9.42507897E-02 -3.88638098E+01  0.00000000E+00  2.23856514E-01  9.54627392E-02 -1.17388493E-02
  3.72500000E-01  9.48105266E-02 -3.88635709E+01  0.00000000E+00  2.23933454E-01  9.55899155E-02 -1.17258318E-02
  3.75000000E-01  9.53704564E-02 -3.88633318E+01  0.00000000E+00  2.24010782E-01  9.57182503E-02 -1.17131494E-02
  3.77500000E-01  9.59305801E-02 -3.88630924E+01  0.00000000E+00  2.24088476E-01  9.58476762E-02 -1.17007785E-02
  3.80000000E-01  9.64908984E-02 -3.88628526E+01  0.00000000E+00  2.24166512E-01  9.59781300E-02 -1.16886966E-02
  3.82500000E-01  9.70514122E-02 -3.88626125E+01  0.00000000E+00  2.24244870E-01  9.61095529E-02 -1.16768833E-02
  3.85000000E-01  9.76121223E-02 -3.88623720E+01  0.00000000E+00  2.24323530E-01  9.62418898E-02 -1.16653191E-02
  3.87500000E-01  9.81730295E-02 -3.88621313E+01  0.00000000E+00  2.24402474E-01  9.63750895E-02 -1.16539864E-02
  3.90000000E-01  9.87341343E-02 -3.88618902E+01  0.00000000E+00  2.24481685E-01  9.65091039E-02 -1.16428683E-02
  3.92500000E-01  9.92954376E-02 -3.88616487E+01  0.00000000E+00  2.24561147E-01  9.66438883E-02 -1.16319495E-02
  3.95000000E-01  9.98569398E-02 -3.88614069E+01  0.00000000E+00  2.24640845E-01  9.67794007E-02 -1.16212155E-02
  3.97500000E-01  1.00418641E-01 -3.88611648E+01  0.00000000E+00  2.24720765E-01  9.69156023E-02 -1.16106530E-02
  4.00000000E-01  1.00980543E-01 -3.88609224E+01  0.00000000E+00  2.24800894E-01  9.70524564E-02 -1.16002494E-02
  4.02500000E-01  1.01542646E-01 -3.88606796E+01  0.00000000E+00  2.24881220E-01  9.71899290E-02 -1.15899932E-02
  4.05000000E-01  1.02104949E-01 -3.88604364E+01  0.00000000E+00  2.24961731E-01  9.73279884E-02 -1.15798737E-02
  4.07500000E-01  1.02667454E-01 -3.88601929E+01  0.00000000E+00  2.25042418E-01  9.74666047E-02 -1.15698807E-02
  4.10000000E-01  1.03230161E-01 -3.88599491E+01  0.00000000E+00  2.25123268E-01  9.76057503E-02 -1.15600051E-02
  4.12500000E-01  1.03793070E-01 -3.88597049E+01  0.00000000E+00  2.25204274E-01  9.77453994E-02 -1.15502381E-02
  4.15000000E-01  1.04356182E-01 -3.88594603E+01  0.00000000E+00  2.25285427E-01  9.78855276E-02 -1.15405716E-02
  4.17500000E-01  1.04919497E-01 -3.88592155E+01  0.00000000E+00  2.25366718E-01  9.80261124E-02 -1.15309982E-02
  4.20000000E-01  1.05483016E-01 -3.88589702E+01  0.00000000E+00  2.25448140E-01  9.81671327E-02 -1.15215110E-02
  4.22500000E-01  1.06046738E-01 -3.88587246E+01  0.00000000E+00  2.25529686E-01  9.83085689E-02 -1.15121034E-02
  4.25000000E-01  1.06610664E-01 -3.88584787E+01  0.00000000E+00  2.25611348E-01  9.84504026E-02 -1.15027695E-02
  4.27500000E-01  1.07174794E-01 -3.88582324E+01  0.00000000E+00  2.25693121E-01  9.85926166E-02 -1.14935035E-02
  4.30000000E-01  1.07739129E-01 -3.88579857E+01  0.00000000E+00  2.25774999E-01  9.87351948E-02 -1.14843005E-02
  4.32500000E-01  1.08303669E-01 -3.88577387E+01  0.00000000E+00  2.25856976E-01  9.88781224E-02 -1.14751554E-02
  4.35000000E-01  1.08868414E-01 -3.88574913E+01  0.00000000E+00  2.25939047E-01  9.90213853E-02 -1.14660639E-02
  4.37500000E-01  1.09433364E-01 -3.88572436E+01  0.00000000E+00  2.26021207E-01  9.91649705E-02 -1.14570217E-02
  4.40000000E-01  1.09998520E-01 -3.88569955E+01  0.00000000E+00  2.26103453E-01  9.93088658E-02 -1.14480249E-02
  4.42500000E-01  1.10563881E-01 -3.88567470E+01  0.00000000E+00  2.26185779E-01  9.94530599E-02 -1.14390701E-02
  4.45000000E-01  1.11129449E-01 -3.88564982E+01  0.00000000E+00  2.26268182E-01  9.95975421E-02 -1.14301538E-02
  4.47500000E-01  1.11695222E-01 -3.88562491E+01  0.00000000E+00  2.26350657E-01  9.97423025E-02 -1.14212728E-02
  4.50000000E-01  1.12261202E-01 -3.88559995E+01  0.00000000E+00  2.26433203E-01  9.98873320E-02 -1.14124245E-02
  4.52500000E-01  1.12827388E-01 -3.88557496E+01  0.00000000E+00  2.26515815E-01  1.00032622E-01 -1.14036059E-02
  4.55000000E-01  1.13393781E-01 -3.88554994E+01  0.00000000E+00  2.26598490E-01  1.00178164E-01 -1.13948147E-02
  4.57500000E-01  1.13960381E-01 -3.88552487E+01  0.00000000E+00  2.26681226E-01  1.00323950E-01 -1.13860485E-02
  4.60000000E-01  1.14527187E-01 -3.88549977E+01  0.00000000E+00  2.26764020E-01  1.00469975E-01 -1.13773052E-02
  4.62500000E-01  1.15094201E-01 -3.88547464E+01  0.00000000E+00  2.26846870E-01  1.00616231E-01 -1.13685828E-02
  4.65000000E-01  1.15661421E-01 -3.88544947E+01  0.00000000E+00  2.26929773E-01  1.00762711E-01 -1.13598795E-02
  4.67500000E-01  1.16228849E-01 -3.88542426E+01  0.00000000E+00  2.27012726E-01  1.00909411E-01 -1.13511934E-02
  4.70000000E-01  1.16796485E-01 -3.88539901E+01  0.00000000E+00  2.27095729E-01  1.01056325E-01 -1.13425231E-02
  4.72500000E-01  1.17364328E-01 -3.88537373E+01  0.00000000E+00  2.27178779E-01  1.01203448E-01 -1.13338671E-02
  4.75000000E-01  1.17932379E-01 -3.88534841E+01  0.00000000E+00  2.27261875E-01  1.01350775E-01 -1.13252239E-02
  4.77500000E-01  1.18500637E-01 -3.88532305E+01  0.00000000E+00  2.27345014E-01  1.01498302E-01 -1.13165922E-02
  4.80000000E-01  1.19069104E-01 -3.88529766E+01  0.00000000E+00  2.27428195E-01  1.01646025E-01 -1.13079711E-02
  4.82500000E-01  1.19637778E-01 -3.88527223E+01  0.00000000E+00  2.27511417E-01  1.01793941E-01 -1.12993592E-02
  4.85000000E-01  1.20206661E-01 -3.88524676E+01  0.00000000E+00  2.27594679E-01  1.01942044E-01 -1.12907556E-02
  4.87500000E-01  1.20775752E-01 -3.88522126E+01  0.00000000E+00  2.27677979E-01  1.02090333E-01 -1.12821594E-02
  4.90000000E-01  1.21345051E-01 -3.88519572E+01  0.00000000E+00  2.27761315E-01  1.02238805E-01 -1.12735696E-02
  4.92500000E-01  1.21914558E-01 -3.88517014E+01  0.00000000E+00  2.27844688E-01  1.02387455E-01 -1.12649855E-02
  4.95000000E-01  1.22484274E-01 -3.88514452E+01  0.00000000E+00  2.27928095E-01  1.02536282E-01 -1.12564064E-02
  4.97500000E-01  1.23054199E-01 -3.88511887E+01  0.00000000E+00  2.28011537E-01  1.02685284E-01 -1.12478315E-02
  5.00000000E-01  1.23624332E-01 -3.88509318E+01  0.00000000E+00  2.28095011E-01  1.02834457E-01 -1.12392601E-02
  5.02500000E-01  1.24194674E-01 -3.88506745E+01  0.00000000E+00  2.28178517E-01  1.02983800E-01 -1.12306918E-02
  5.05000000E-01  1.24765224E-01 -3.88504169E+01  0.00000000E+00  2.28262054E-01  1.03133310E-01 -1.12221258E-02
  5.07500000E-01  1.25335984E-01 -3.88501589E+01  0.00000000E+00  2.28345622E-01  1.03282986E-01 -1.12135619E-02
  5.10000000E-01  1.25906952E-01 -3.88499005E+01  0.00000000E+00  2.28429220E-01  1.03432826E-01 -1.12049993E-02
  5.12500000E-01  1.26478130E-01 -3.88496417E+01  0.00000000E+00  2.28512847E-01  1.03582828E-01 -1.11964378E-02
  5.15000000E-01  1.27049517E-01 -3.88493826E+01  0.00000000E+00  2.28596503E-01  1.03732990E-01 -1.11878769E-02
  5.17500000E-01  1.27621112E-01 -3.88491231E+01  0.00000000E+00  2.28680187E-01  1.03883312E-01 -1.11793162E-02
  5.20000000E-01  1.28192917E-01 -3.88488632E+01  0.00000000E+00  2.28763898E-01  1.04033791E-01 -1.11707555E-02
  5.22500000E-01  1.28764932E-01 -3.88486029E+01  0.00000000E+00  2.28847636E-01  1.04184427E-01 -1.11621943E-02
  5.25000000E-01  1.29337156E-01 -3.88483422E+01  0.00000000E+00  2.28931400E-01  1.04335219E-01 -1.11536324E-02
  5.27500000E-01  1.29909589E-01 -3.88480812E+01  0.00000000E+00  2.29015191E-01  1.04486165E-01 -1.11450695E-02
  5.30000000E-01  1.30482231E-01 -3.88478198E+01  0.00000000E+00  2.29099007E-01  1.04637263E-01 -1.11365054E-02
  5.32500000E-01  1.31055084E-01 -3.88475580E+01  0.00000000E+00  2.29182848E-01  1.04788515E-01 -1.11279398E-02
  5.35000000E-01  1.31628146E-01 -3.88472959E+01  0.00000000E+00  2.29266714E-01  1.04939917E-01 -1.11193726E-02
  5.37500000E-01  1.32201417E-01 -3.88470333E+01  0.00000000E+00  2.29350604E-01  1.05091470E-01 -1.11108034E-02
  5.40000000E-01  1.32774899E-01 -3.88467704E+01  0.00000000E+00  2.29434519E-01  1.05243173E-01 -1.11022323E-02
  5.42500000E-01  1.33348590E-01 -3.88465071E+01  0.00000000E+00  2.29518458E-01  1.05395024E-01 -1.10936589E-02
  5.45000000E-01  1.33922491E-01 -3.88462434E+01  0.00000000E+00  2.29602420E-01  1.05547024E-01 -1.10850832E-02
  5.47500000E-01  1.34496602E-01 -3.88459794E+01  0.00000000E+00  2.29686405E-01  1.05699171E-01 -1.10765050E-02
  5.50000000E-01  1.35070923E-01 -3.88457149E+01  0.00000000E+00  2.29770414E-01  1.05851466E-01 -1.10679241E-02
  5.52500000E-01  1.35645454E-01 -3.88454501E+01  0.00000000E+00  2.29854445E-01  1.06003906E-01 -1.10593406E-02
  5.55000000E-01  1.36220195E-01 -3.88451849E+01  0.00000000E+00  2.29938499E-01  1.06156493E-01 -1.10507541E-02
  5.57500000E-01  1.36795146E-01 -3.88449193E+01  0.00000000E+00  2.30022575E-01  1.06309225E-01 -1.10421648E-02
  5.60000000E-01  1.37370308E-01 -3.88446534E+01  0.00000000E+00  2.30106673E-01  1.06462102E-01 -1.10335724E-02
  5.62500000E-01  1.37945680E-01 -3.88443870E+01  0.00000000E+00  2.30190793E-01  1.06615123E-01 -1.10249769E-02
  5.65000000E-01  1.38521262E-01 -3.88441203E+01  0.00000000E+00  2.30274935E-01  1.06768288E-01 -1.10163783E-02
  5.67500000E-01  1.39097054E-01 -3.88438532E+01  0.00000000E+00  2.30359099E-01  1.06921597E-01 -1.10077764E-02
  5.70000000E-01  1.39673057E-01 -3.88435857E+01  0.00000000E+00  2.30443284E-01  1.07075050E-01 -1.09991712E-02
  5.72500000E-01  1.40249271E-01 -3.88433178E+01  0.00000000E+00  2.30527490E-01  1.07228645E-01 -1.09905627E-02
  5.75000000E-01  1.40825695E-01 -3.88430495E+01  0.00000000E+00  2.30611717E-01  1.07382382E-01 -1.09819507E-02
  5.77500000E-01  1.41402329E-01 -3.88427809E+01  0.00000000E+00  2.30695966E-01  1.07536262E-01 -1.09733353E-02
  5.80000000E-01  1.41979175E-01 -3.88425119E+01  0.00000000E+00  2.30780235E-01  1.07690284E-01 -1.09647165E-02
  5.82500000E-01  1.42556231E-01 -3.88422424E+01  0.00000000E+00  2.30864525E-01  1.07844448E-01 -1.09560941E-02
  5.85000000E-01  1.43133497E-01 -3.88419726E+01  0.00000000E+00  2.30948835E-01  1.07998753E-01 -1.09474682E-02
  5.87500000E-01  1.43710975E-01 -3.88417025E+01  0.00000000E+00  2.31033166E-01  1.08153199E-01 -1.09388387E-02
  5.90000000E-01  1.44288663E-01 -3.88414319E+01  0.00000000E+00  2.31117518E-01  1.08307786E-01 -1.09302056E-02
  5.92500000E-01  1.44866562E-01 -3.88411609E+01  0.00000000E+00  2.31201889E-01  1.08462514E-01 -1.09215689E-02
  5.95000000E-01  1.45444672E-01 -3.88408896E+01  0.00000000E+00  2.31286281E-01  1.08617382E-01 -1.09129286E-02
  5.97500000E-01  1.46022994E-01 -3.88406178E+01  0.00000000E+00  2.31370693E-01  1.08772391E-01 -1.09042847E-02
  6.00000000E-01  1.46601526E-01 -3.88403457E+01  0.00000000E+00  2.31455125E-01  1.08927540E-01 -1.08956371E-02
  6.02500000E-01  1.47180269E-01 -3.88400732E+01  0.00000000E+00  2.31539577E-01  1.09082829E-01 -1.08869859E-02
  6.05000000E-01  1.47759224E-01 -3.88398003E+01  0.00000000E+00  2.31624048E-01  1.09238257E-01 -1.08783310E-02
  6.07500000E-01  1.48338389E-01 -3.88395270E+01  0.00000000E+00  2.31708540E-01  1.09393825E-01 -1.08696724E-02
  6.10000000E-01  1.48917766E-01 -3.88392533E+01  0.00000000E+00  2.31793051E-01  1.09549533E-01 -1.08610101E-02
  6.12500000E-01  1.49497355E-01 -3.88389792E+01  0.00000000E+00  2.31877581E-01  1.09705380E-01 -1.08523442E-02
  6.15000000E-01  1.50077154E-01 -3.88387048E+01  0.00000000E+00  2.31962131E-01  1.09861366E-01 -1.08436746E-02
  6.17500000E-01  1.50657165E-01 -3.88384299E+01  0.00000000E+00  2.32046701E-01  1.10017490E-01 -1.08350014E-02
  6.20000000E-01  1.51237388E-01 -3.88381547E+01  0.00000000E+00  2.32131289E-01  1.10173754E-01 -1.08263244E-02
  6.22500000E-01  1.51817822E-01 -3.88378791E+01  0.00000000E+00  2.32215897E-01  1.10330157E-01 -1.08176438E-02
  6.25000000E-01  1.52398467E-01 -3.88376031E+01  0.00000000E+00  2.32300525E-01  1.10486698E-01 -1.08089596E-02
  6.27500000E-01  1.52979324E-01 -3.88373266E+01  0.00000000E+00  2.32385171E-01  1.10643377E-01 -1.08002717E-02
  6.30000000E-01  1.53560393E-01 -3.88370498E+01  0.00000000E+00  2.32469837E-01  1.10800195E-01 -1.07915802E-02
  6.32500000E-01  1.54141673E-01 -3.88367726E+01  0.00000000E+00  2.32554521E-01  1.10957151E-01 -1.07828850E-02
  6.35000000E-01  1.54723166E-01 -3.88364951E+01  0.00000000E+00  2.32639225E-01  1.11114246E-01 -1.07741862E-02
  6.37500000E-01  1.55304870E-01 -3.88362171E+01  0.00000000E+00  2.32723947E-01  1.11271478E-01 -1.07654838E-02
  6.40000000E-01  1.55886785E-01 -3.88359387E+01  0.00000000E+00  2.32808688E-01  1.11428848E-01 -1.07567777E-02
  6.42500000E-01  1.56468913E-01 -3.88356599E+01  0.00000000E+00  2.32893448E-01  1.11586356E-01 -1.07480681E-02
  6.45000000E-01  1.57051253E-01 -3.88353808E+01  0.00000000E+00  2.32978227E-01  1.11744001E-01 -1.07393549E-02
  6.47500000E-01  1.57633804E-01 -3.88351012E+01  0.00000000E+00  2.33063024E-01  1.11901784E-01 -1.07306381E-02
  6.50000000E-01  1.58216568E-01 -3.88348213E+01  0.00000000E+00  2.33147840E-01  1.12059705E-01 -1.07219178E-02
  6.52500000E-01  1.58799543E-01 -3.88345409E+01  0.00000000E+00  2.33232675E-01  1.12217763E-01 -1.07131939E-02
  6.55000000E-01  1.59382731E-01 -3.88342602E+01  0.00000000E+00  2.33317528E-01  1.12375958E-01 -1.07044665E-02
  6.57500000E-01  1.59966131E-01 -3.88339790E+01  0.00000000E+00  2.33402399E-01  1.12534290E-01 -1.06957355E-02
  6.60000000E-01  1.60549743E-01 -3.88336975E+01  0.00000000E+00  2.33487289E-01  1.12692760E-01 -1.06870011E-02
  6.62500000E-01  1.61133567E-01 -3.88334156E+01  0.00000000E+00  2.33572197E-01  1.12851366E-01 -1.06782631E-02
  6.65000000E-01  1.61717604E-01 -3.88331332E+01  0.00000000E+00  2.33657124E-01  1.13010110E-01 -1.06695217E-02
  6.67500000E-01  1.62301853E-01 -3.88328505E+01  0.00000000E+00  2.33742069E-01  1.13168990E-01 -1.06607768E-02
  6.70000000E-01  1.62886314E-01 -3.88325674E+01  0.00000000E+00  2.33827032E-01  1.13328007E-01 -1.06520285E-02
  6.72500000E-01  1.63470988E-01 -3.88322839E+01  0.00000000E+00  2.33912013E-01  1.13487160E-01 -1.06432767E-02
  6.75000000E-01  1.64055874E-01 -3.88320000E+01  0.00000000E+00  2.33997012E-01  1.13646450E-01 -1.06345215E-02
  6.77500000E-01  1.64640973E-01 -3.88317156E+01  0.00000000E+00  2.34082029E-01  1.13805876E-01 -1.06257629E-02
  6.80000000E-01  1.65226284E-01 -3.88314309E+01  0.00000000E+00  2.34167064E-01  1.13965439E-01 -1.06170008E-02
  6.82500000E-01  1.65811808E-01 -3.88311458E+01  0.00000000E+00  2.34252118E-01  1.14125138E-01 -1.06082355E-02
  6.85000000E-01  1.66397545E-01 -3.88308603E+01  0.00000000E+00  2.34337189E-01  1.14284973E-01 -1.05994667E-02
  6.87500000E-01  1.66983494E-01 -3.88305744E+01  0.00000000E+00  2.34422278E-01  1.14444944E-01 -1.05906946E-02
  6.90000000E-01  1.67569656E-01 -3.88302881E+01  0.00000000E+00  2.34507384E-01  1.14605051E-01 -1.05819192E-02
  6.92500000E-01  1.68156031E-01 -3.88300014E+01  0.00000000E+00  2.34592509E-01  1.14765294E-01 -1.05731404E-02
  6.95000000E-01  1.68742619E-01 -3.88297143E+01  0.00000000E+00  2.34677651E-01  1.14925672E-01 -1.05643584E-02
  6.97500000E-01  1.69329419E-01 -3.88294267E+01  0.00000000E+00  2.34762811E-01  1.15086187E-01 -1.05555731E-02
  7.00000000E-01  1.69916433E-01 -3.88291388E+01  0.00000000E+00  2.34847988E-01  1.15246837E-01 -1.05467845E-02
  7.02500000E-01  1.70503659E-01 -3.88288505E+01  0.00000000E+00  2.34933183E-01  1.15407622E-01 -1.05379926E-02
  7.05000000E-01  1.71091099E-01 -3.88285618E+01  0.00000000E+00  2.35018395E-01  1.15568543E-01 -1.05291975E-02
  7.07500000E-01  1.71678751E-01 -3.88282727E+01  0.00000000E+00  2.35103625E-01  1.15729599E-01 -1.05203992E-02
  7.10000000E-01  1.72266617E-01 -3.88279831E+01  0.00000000E+00  2.35188873E-01  1.15890791E-01 -1.05115976E-02
  7.12500000E-01  1.72854696E-01 -3.88276932E+01  0.00000000E+00  2.35274137E-01  1.16052117E-01 -1.05027929E-02
  7.15000000E-01  1.73442988E-01 -3.88274029E+01  0.00000000E+00  2.35359419E-01  1.16213579E-01 -1.04939850E-02
  7.17500000E-01  1.74031493E-01 -3.88271121E+01  0.00000000E+00  2.35444719E-01  1.16375175E-01 -1.04851739E-02
  7.20000000E-01  1.74620211E-01 -3.88268210E+01  0.00000000E+00  2.35530035E-01  1.16536907E-01 -1.04763597E-02
  7.22500000E-01  1.75209143E-01 -3.88265295E+01  0.00000000E+00  2.35615369E-01  1.16698773E-01 -1.04675423E-02
  7.25000000E-01  1.75798288E-01 -3.88262375E+01  0.00000000E+00  2.35700719E-01  1.16860774E-01 -1.04587218E-02
  7.27500000E-01  1.76387646E-01 -3.88259451E+01  0.00000000E+00  2.35786087E-01  1.17022909E-01 -1.04498983E-02
  7.30000000E-01  1.76977218E-01 -3.88256524E+01  0.00000000E+00  2.35871472E-01  1.17185179E-01 -1.04410716E-02
  7.32500000E-01  1.77567004E-01 -3.88253592E+01  0.00000000E+00  2.35956874E-01  1.17347583E-01 -1.04322419E-02
  7.35000000E-01  1.78157003E-01 -3.88250657E+01  0.00000000E+00  2.36042292E-01  1.17510122E-01 -1.04234091E-02
  7.37500000E-01  1.78747215E-01 -3.88247717E+01  0.00000000E+00  2.36127728E-01  1.17672795E-01 -1.04145732E-02
  7.40000000E-01  1.79337641E-01 -3.88244773E+01  0.00000000E+00  2.36213180E-01  1.17835601E-01 -1.04057343E-02
  7.42500000E-01  1.79928281E-01 -3.88241825E+01  0.00000000E+00  2.36298649E-01  1.17998542E-01 -1.03968925E-02
  7.45000000E-01  1.80519135E-01 -3.88238873E+01  0.00000000E+00  2.36384135E-01  1.18161617E-01 -1.03880476E-02
  7.47500000E-01  1.81110202E-01 -3.88235917E+01  0.00000000E+00  2.36469638E-01  1.18324825E-01 -1.03791997E-02
  7.50000000E-01  1.81701483E-01 -3.88232957E+01  0.00000000E+00  2.36555157E-01  1.18488167E-01 -1.03703489E-02
  7.52500000E-01  1.82292978E-01 -3.88229992E+01  0.00000000E+00  2.36640693E-01  1.18651643E-01 -1.03614951E-02
  7.55000000E-01  1.82884686E-01 -3.88227024E+01  0.00000000E+00  2.36726245E-01  1.18815252E-01 -1.03526383E-02
  7.57500000E-01  1.83476609E-01 -3.88224052E+01  0.00000000E+00  2.36811814E-01  1.18978995E-01 -1.03437787E-02
  7.60000000E-01  1.84068745E-01 -3.88221075E+01  0.00000000E+00  2.36897399E-01  1.19142871E-01 -1.03349161E-02
  7.62500000E-01  1.84661096E-01 -3.88218095E+01  0.00000000E+00  2.36983001E-01  1.19306880E-01 -1.03260506E-02
  7.65000000E-01  1.85253660E-01 -3.88215110E+01  0.00000000E+00  2.37068619E-01  1.19471022E-01 -1.03171823E-02
  7.67500000E-01  1.85846439E-01 -3.88212121E+01  0.00000000E+00  2.37154253E-01  1.19635297E-01 -1.03083111E-02
  7.70000000E-01  1.86439431E-01 -3.88209128E+01  0.00000000E+00  2.37239903E-01  1.19799705E-01 -1.02994370E-02
  7.72500000E-01  1.87032638E-01 -3.88206131E+01  0.00000000E+00  2.37479144E-01  1.20507014E-01 -1.04441634E-02
  7.75000000E-01  1.87626635E-01 -3.88203110E+01  0.00000000E+00  2.37561945E-01  1.20653174E-01 -1.04254947E-02
  7.77500000E-01  1.88220644E-01 -3.88200091E+01  0.00000000E+00  2.37637408E-01  1.20794452E-01 -1.04131712E-02
  7.80000000E-01  1.88814831E-01 -3.88197070E+01  0.00000000E+00  2.37715251E-01  1.20934405E-01 -1.03966669E-02
  7.82500000E-01  1.89409217E-01 -3.88194045E+01  0.00000000E+00  2.37793378E-01  1.21075476E-01 -1.03803980E-02
  7.85000000E-01  1.90003798E-01 -3.88191016E+01  0.00000000E+00  2.37871934E-01  1.21218053E-01 -1.03645799E-02
  7.87500000E-01  1.90598576E-01 -3.88187984E+01  0.00000000E+00  2.37950949E-01  1.21362228E-01 -1.03492317E-02
  7.90000000E-01  1.91193552E-01 -3.88184948E+01  0.00000000E+00  2.38030411E-01  1.21507966E-01 -1.03343412E-02
  7.92500000E-01  1.91788727E-01 -3.88181908E+01  0.00000000E+00  2.38110302E-01  1.21655194E-01 -1.03198830E-02
  7.95000000E-01  1.92384103E-01 -3.88178865E+01  0.00000000E+00  2.38190596E-01  1.21803829E-01 -1.03058289E-02
  7.97500000E-01  1.92979680E-01 -3.88175818E+01  0.00000000E+00  2.38271269E-01  1.21953790E-01 -1.02921511E-02
  8.00000000E-01  1.93575459E-01 -3.88172767E+01  0.00000000E+00  2.38352298E-01  1.22104997E-01 -1.02788234E-02
  8.02500000E-01  1.94171441E-01 -3.88169713E+01  0.00000000E+00  2.38433661E-01  1.22257378E-01 -1.02658210E-02
  8.05000000E-01  1.94767627E-01 -3.88166655E+01  0.00000000E+00  2.38515339E-01  1.22410864E-01 -1.02531210E-02
  8.07500000E-01  1.95364017E-01 -3.88163592E+01  0.00000000E+00  2.38597311E-01  1.22565391E-01 -1.02407020E-02
  8.10000000E-01  1.95960613E-01 -3.88160526E+01  0.00000000E+00  2.38679559E-01  1.22720897E-01 -1.02285441E-02
  8.12500000E-01  1.96557415E-01 -3.88157456E+01  0.00000000E+00  2.38762068E-01  1.22877328E-01 -1.02166288E-02
  8.15000000E-01  1.97154423E-01 -3.88154382E+01  0.00000000E+00  2.38844821E-01  1.23034630E-01 -1.02049388E-02
  8.17500000E-01  1.97751639E-01 -3.88151305E+01  0.00000000E+00  2.38927803E-01  1.23192755E-01 -1.01934581E-02
  8.20000000E-01  1.98349062E-01 -3.88148223E+01  0.00000000E+00  2.39011001E-01  1.23351657E-01 -1.01821720E-02
  8.22500000E-01  1.98946693E-01 -3.88145137E+01  0.00000000E+00  2.39094402E-01  1.23511292E-01 -1.01710664E-02
  8.25000000E-01  1.99544534E-01 -3.88142047E+01  0.00000000E+00  2.39177993E-01  1.23671622E-01 -1.01601286E-02
  8.27500000E-01  2.00142583E-01 -3.88138954E+01  0.00000000E+00  2.39261764E-01  1.23832608E-01 -1.01493465E-02
  8.30000000E-01  2.00740842E-01 -3.88135856E+01  0.00000000E+00  2.39345703E-01  1.23994217E-01 -1.01387091E-02
  8.32500000E-01  2.01339311E-01 -3.88132754E+01  0.00000000E+00  2.39429801E-01  1.24156414E-01 -1.01282061E-02
  8.35000000E-01  2.01937991E-01 -3.88129648E+01  0.00000000E+00  2.39514048E-01  1.24319171E-01 -1.01178277E-02
  8.37500000E-01  2.02536881E-01 -3.88126538E+01  0.00000000E+00  2.39598436E-01  1.24482457E-01 -1.01075651E-02
  8.40000000E-01  2.03135983E-01 -3.88123424E+01  0.00000000E+00  2.39682956E-01  1.24646248E-01 -1.00974099E-02
  8.42500000E-01  2.03735296E-01 -3.88120306E+01  0.00000000E+00  2.39767602E-01  1.24810518E-01 -1.00873544E-02
  8.45000000E-01  2.04334821E-01 -3.88117183E+01  0.00000000E+00  2.39852365E-01  1.24975244E-01 -1.00773915E-02
  8.47500000E-01  2.04934558E-01 -3.88114057E+01  0.00000000E+00  2.39937239E-01  1.25140404E-01 -1.00675144E-02
  8.50000000E-01  2.05534507E-01 -3.88110926E+01  0.00000000E+00  2.40022218E-01  1.25305978E-01 -1.00577170E-02
  8.52500000E-01  2.06134669E-01 -3.88107792E+01  0.00000000E+00  2.40107295E-01  1.25471948E-01 -1.00479934E-02
  8.55000000E-01  2.06735043E-01 -3.88104653E+01  0.00000000E+00  2.40192467E-01  1.25638295E-01 -1.00383384E-02
  8.57500000E-01  2.07335631E-01 -3.88101510E+01  0.00000000E+00  2.40277726E-01  1.25805003E-01 -1.00287469E-02
  8.60000000E-01  2.07936432E-01 -3.88098362E+01  0.00000000E+00  2.40363068E-01  1.25972057E-01 -1.00192143E-02
  8.62500000E-01  2.08537446E-01 -3.88095211E+01  0.00000000E+00  2.40448490E-01  1.26139442E-01 -1.00097363E-02
  8.65000000E-01  2.09138674E-01 -3.88092055E+01  0.00000000E+00  2.40533986E-01  1.26307145E-01 -1.00003088E-02
  8.67500000E-01  2.09740116E-01 -3.88088896E+01  0.00000000E+00  2.40619553E-01  1.26475153E-01 -9.99092829E-03
  8.70000000E-01  2.10341772E-01 -3.88085732E+01  0.00000000E+00  2.40705187E-01  1.26643455E-01 -9.98159116E-03
  8.72500000E-01  2.10943642E-01 -3.88082563E+01  0.00000000E+00  2.40790884E-01  1.26812039E-01 -9.97229425E-03
  8.75000000E-01  2.11545726E-01 -3.88079391E+01  0.00000000E+00  2.40876642E-01  1.26980896E-01 -9.96303456E-03
  8.77500000E-01  2.12148025E-01 -3.88076214E+01  0.00000000E+00  2.40962457E-01  1.27150016E-01 -9.95380932E-03
  8.80000000E-01  2.12750538E-01 -3.88073034E+01  0.00000000E+00  2.41048326E-01  1.27319389E-01 -9.94461597E-03
  8.82500000E-01  2.13353266E-01 -3.88069848E+01  0.00000000E+00  2.41134247E-01  1.27489008E-01 -9.93545211E-03
  8.85000000E-01  2.13956209E-01 -3.88066659E+01  0.00000000E+00  2.41220217E-01  1.27658865E-01 -9.92631552E-03
  8.87500000E-01  2.14559367E-01 -3.88063466E+01  0.00000000E+00  2.41306233E-01  1.27828952E-01 -9.91720414E-03
  8.90000000E-01  2.15162741E-01 -3.88060268E+01  0.00000000E+00  2.41392295E-01  1.27999263E-01 -9.90811604E-03
  8.92500000E-01  2.15766329E-01 -3.88057066E+01  0.00000000E+00  2.41478398E-01  1.28169791E-01 -9.89904946E-03
  8.95000000E-01  2.16370133E-01 -3.88053859E+01  0.00000000E+00  2.41564543E-01  1.28340530E-01 -9.89000274E-03
  8.97500000E-01  2.16974152E-01 -3.88050649E+01  0.00000000E+00  2.41650726E-01  1.28511475E-01 -9.88097434E-03
  9.00000000E-01  2.17578386E-01 -3.88047434E+01  0.00000000E+00  2.41736946E-01  1.28682620E-01 -9.87196284E-03
  9.02500000E-01  2.18182836E-01 -3.88044214E+01  0.00000000E+00  2.41823202E-01  1.28853961E-01 -9.86296692E-03
  9.05000000E-01  2.18787502E-01 -3.88040991E+01  0.00000000E+00  2.41909492E-01  1.29025493E-01 -9.85398535E-03
  9.07500000E-01  2.19392384E-01 -3.88037763E+01  0.00000000E+00  2.41995815E-01  1.29197212E-01 -9.84501700E-03
  9.10000000E-01  2.19997481E-01 -3.88034531E+01  0.00000000E+00  2.42082168E-01  1.29369113E-01 -9.83606081E-03
  9.12500000E-01  2.20602794E-01 -3.88031295E+01  0.00000000E+00  2.42168552E-01  1.29541194E-01 -9.82711579E-03
  9.15000000E-01  2.21208324E-01 -3.88028054E+01  0.00000000E+00  2.42254965E-01  1.29713450E-01 -9.81818104E-03
  9.17500000E-01  2.21814069E-01 -3.88024809E+01  0.00000000E+00  2.42341406E-01  1.29885879E-01 -9.80925572E-03
  9.20000000E-01  2.22420031E-01 -3.88021560E+01  0.00000000E+00  2.42427873E-01  1.30058477E-01 -9.80033904E-03
  9.22500000E-01  2.23026209E-01 -3.88018306E+01  0.00000000E+00  2.42514366E-01  1.30231242E-01 -9.79143028E-03
  9.25000000E-01  2.23632603E-01 -3.88015048E+01  0.00000000E+00  2.42600885E-01  1.30404170E-01 -9.78252877E-03
  9.27500000E-01  2.24239213E-01 -3.88011786E+01  0.00000000E+00  2.42687427E-01  1.30577260E-01 -9.77363388E-03
  9.30000000E-01  2.24846040E-01 -3.88008519E+01  0.00000000E+00  2.42773993E-01  1.30750509E-01 -9.76474504E-03
  9.32500000E-01  2.25453083E-01 -3.88005248E+01  0.00000000E+00  2.42860581E-01  1.30923914E-01 -9.75586171E-03
  9.35000000E-01  2.26060343E-01 -3.88001973E+01  0.00000000E+00  2.42947192E-01  1.31097474E-01 -9.74698340E-03
  9.37500000E-01  2.26667819E-01 -3.87998694E+01  0.00000000E+00  2.43033823E-01  1.31271187E-01 -9.73810965E-03
  9.40000000E-01  2.27275512E-01 -3.87995410E+01  0.00000000E+00  2.43120475E-01  1.31445051E-01 -9.72924003E-03
  9.42500000E-01  2.27883421E-01 -3.87992121E+01  0.00000000E+00  2.43207148E-01  1.31619065E-01 -9.72037416E-03
  9.45000000E-01  2.28491547E-01 -3.87988829E+01  0.00000000E+00  2.43293839E-01  1.31793226E-01 -9.71151167E-03
  9.47500000E-01  2.29099890E-01 -3.87985532E+01  0.00000000E+00  2.43380550E-01  1.31967533E-01 -9.70265222E-03
  9.50000000E-01  2.29708450E-01 -3.87982230E+01  0.00000000E+00  2.43467279E-01  1.32141985E-01 -9.69379550E-03
  9.52500000E-01  2.30317227E-01 -3.87978924E+01  0.00000000E+00  2.43554027E-01  1.32316581E-01 -9.68494124E-03
  9.55000000E-01  2.30926220E-01 -3.87975614E+01  0.00000000E+00  2.43640792E-01  1.32491319E-01 -9.67608915E-03
  9.57500000E-01  2.31535431E-01 -3.87972300E+01  0.00000000E+00  2.43727574E-01  1.32666199E-01 -9.66723900E-03
  9.60000000E-01  2.32144858E-01 -3.87968981E+01  0.00000000E+00  2.43814373E-01  1.32841218E-01 -9.65839057E-03
  9.62500000E-01  2.32754503E-01 -3.87965658E+01  0.00000000E+00  2.43901189E-01  1.33016377E-01 -9.64954364E-03
  9.65000000E-01  2.33364364E-01 -3.87962330E+01  0.00000000E+00  2.43988021E-01  1.33191674E-01 -9.64069802E-03
  9.67500000E-01  2.33974443E-01 -3.87958998E+01  0.00000000E+00  2.44074869E-01  1.33367108E-01 -9.63185354E-03
  9.70000000E-01  2.34584738E-01 -3.87955662E+01  0.00000000E+00  2.44161732E-01  1.33542678E-01 -9.62301004E-03
  9.72500000E-01  2.35195251E-01 -3.87952321E+01  0.00000000E+00  2.44248610E-01  1.33718384E-01 -9.61416736E-03
  9.75000000E-01  2.35805981E-01 -3.87948976E+01  0.00000000E+00  2.44335504E-01  1.33894225E-01 -9.60532537E-03
  9.77500000E-01  2.36416929E-01 -3.87945626E+01  0.00000000E+00  2.44422412E-01  1.34070200E-01 -9.59648394E-03
  9.80000000E-01  2.37028093E-01 -3.87942272E+01  0.00000000E+00  2.44509335E-01  1.34246308E-01 -9.58764296E-03
  9.82500000E-01  2.37639475E-01 -3.87938914E+01  0.00000000E+00  2.44596272E-01  1.34422549E-01 -9.57880232E-03
  9.85000000E-01  2.38251075E-01 -3.87935551E+01  0.00000000E+00  2.44683223E-01  1.34598923E-01 -9.56996192E-03
  9.87500000E-01  2.38862892E-01 -3.87932184E+01  0.00000000E+00  2.44770188E-01  1.34775428E-01 -9.56112168E-03
  9.90000000E-01  2.39474926E-01 -3.87928813E+01  0.00000000E+00  2.44857166E-01  1.34952064E-01 -9.55228152E-03
  9.92500000E-01  2.40087177E-01 -3.87925437E+01  0.00000000E+00  2.44944158E-01  1.35128831E-01 -9.54344136E-03
  9.95000000E-01  2.40699646E-01 -3.87922056E+01  0.00000000E+00  2.45031163E-01  1.35305729E-01 -9.53460114E-03
  9.97500000E-01  2.41312333E-01 -3.87918671E+01  0.00000000E+00  2.45118181E-01  1.35482755E-01 -9.52576079E-03
  1.00000000E+00  2.41925237E-01 -3.87915282E+01  0.00000000E+00  2.45205213E-01  1.35659911E-01 -9.51692027E-03
  1.00250000E+00  2.42538359E-01 -3.87911888E+01  0.00000000E+00 -4.14472467E-01 -2.24137357E-01  1.60040881E-02
  1.00500000E+00  2.40677581E-01 -3.87921989E+01  0.00000000E+00 -3.95435011E-01 -2.13236261E-01  1.40433109E-02
  1.00750000E+00  2.39712790E-01 -3.87927184E+01  0.00000000E+00 -3.71664816E-01 -2.00487719E-01  1.38746669E-02
  1.01000000E+00  2.38813341E-01 -3.87932037E+01  0.00000000E+00 -3.47361180E-01 -1.87225358E-01  1.28286213E-02
  1.01250000E+00  2.37975317E-01 -3.87936552E+01  0.00000000E+00 -3.24016962E-01 -1.74557376E-01  1.20033438E-02
  1.01500000E+00  2.37194455E-01 -3.87940757E+01  0.00000000E+00 -3.02035212E-01 -1.62643844E-01  1.12293656E-02
  1.01750000E+00  2.36466845E-01 -3.87944674E+01  0.00000000E+00 -2.81482684E-01 -1.51516552E-01  1.05033168E-02
  1.02000000E+00  2.35788828E-01 -3.87948323E+01  0.00000000E+00 -2.62314494E-01 -1.41148154E-01  9.82244788E-03
  1.02250000E+00  2.35157002E-01 -3.87951722E+01  0.00000000E+00 -2.44452752E-01 -1.31494342E-01  9.18413929E-03
  1.02500000E+00  2.34568198E-01 -3.87954889E+01  0.00000000E+00 -2.27812846E-01 -1.22507632E-01  8.58593081E-03
  1.02750000E+00  2.34019466E-01 -3.87957839E+01  0.00000000E+00 -2.12312026E-01 -1.14141870E-01  8.02548843E-03
  1.03000000E+00  2.33508061E-01 -3.87960588E+01  0.00000000E+00 -1.97872012E-01 -1.06353559E-01  7.50059223E-03
  1.03250000E+00  2.33031431E-01 -3.87963150E+01  0.00000000E+00 -1.84419596E-01 -9.91021420E-02  7.00913084E-03
  1.03500000E+00  2.32587198E-01 -3.87965537E+01  0.00000000E+00 -1.71886581E-01 -9.23499366E-02  6.54909818E-03
  1.03750000E+00  2.32173148E-01 -3.87967761E+01  0.00000000E+00 -1.60209526E-01 -8.60619694E-02  6.11859089E-03
  1.04000000E+00  2.31787220E-01 -3.87969834E+01  0.00000000E+00 -1.49329429E-01 -8.02057872E-02  5.71580567E-03
  1.04250000E+00  2.31427497E-01 -3.87971766E+01  0.00000000E+00 -1.39191424E-01 -7.47512712E-02  5.33903623E-03
  1.04500000E+00  2.31092191E-01 -3.87973566E+01  0.00000000E+00 -1.29744479E-01 -6.96704628E-02  4.98667015E-03
  1.04750000E+00  2.30779638E-01 -3.87975245E+01  0.00000000E+00 -1.20941127E-01 -6.49374012E-02  4.65718533E-03
  1.05000000E+00  2.30488290E-01 -3.87976809E+01  0.00000000E+00 -1.12737206E-01 -6.05279751E-02  4.34914641E-03
  1.05250000E+00  2.30216702E-01 -3.87978267E+01  0.00000000E+00 -1.05091626E-01 -5.64197845E-02  4.06120105E-03
  1.05500000E+00  2.29963529E-01 -3.87979626E+01  0.00000000E+00 -9.79661501E-02 -5.25920145E-02  3.79207612E-03
  1.05750000E+00  2.29727521E-01 -3.87980893E+01  0.00000000E+00 -9.13251891E-02 -4.90253190E-02  3.54057400E-03
  1.06000000E+00  2.29507509E-01 -3.87982074E+01  0.00000000E+00 -8.51356170E-02 -4.57017127E-02  3.30556881E-03
  1.06250000E+00  2.29302407E-01 -3.87983175E+01  0.00000000E+00 -7.93665958E-02 -4.26044724E-02  3.08600275E-03
  1.06500000E+00  2.29111202E-01 -3.87984202E+01  0.00000000E+00 -7.39894146E-02 -3.97180456E-02  2.88088258E-03
  1.06750000E+00  2.28932950E-01 -3.87985158E+01  0.00000000E+00 -6.89773404E-02 -3.70279655E-02  2.68927607E-03
  1.07000000E+00  2.28766772E-01 -3.87986051E+01  0.00000000E+00 -6.43054793E-02 -3.45207734E-02  2.51030873E-03
  1.07250000E+00  2.28611848E-01 -3.87986882E+01  0.00000000E+00 -5.99506482E-02 -3.21839463E-02  2.34316052E-03
  1.07500000E+00  2.28467415E-01 -3.87987658E+01  0.00000000E+00 -5.58912556E-02 -3.00058303E-02  2.18706279E-03
  1.07750000E+00  2.28332761E-01 -3.87988381E+01  0.00000000E+00 -5.21071903E-02 -2.79755788E-02  2.04129528E-03
  1.08000000E+00  2.28207223E-01 -3.87989055E+01  0.00000000E+00 -4.85797193E-02 -2.60830949E-02  1.90518331E-03
  1.08250000E+00  2.28090183E-01 -3.87989683E+01  0.00000000E+00 -4.52913917E-02 -2.43189792E-02  1.77809509E-03
  1.08500000E+00  2.27981065E-01 -3.87990269E+01  0.00000000E+00 -4.22259500E-02 -2.26744798E-02  1.65943915E-03
  1.08750000E+00  2.27879332E-01 -3.87990815E+01  0.00000000E+00 -3.93682480E-02 -2.11414475E-02  1.54866187E-03
  1.09000000E+00  2.27784483E-01 -3.87991325E+01  0.00000000E+00 -3.67041735E-02 -1.97122932E-02  1.44524525E-03
  1.09250000E+00  2.27696053E-01 -3.87991800E+01  0.00000000E+00 -3.42205777E-02 -1.83799489E-02  1.34870464E-03
  1.09500000E+00  2.27613606E-01 -3.87992242E+01  0.00000000E+00 -3.19052083E-02 -1.71378312E-02  1.25858674E-03
  1.09750000E+00  2.27536737E-01 -3.87992655E+01  0.00000000E+00 -2.97466481E-02 -1.59798079E-02  1.17446763E-03
  1.10000000E+00  2.27465069E-01 -3.87993040E+01  0.00000000E+00 -2.77342578E-02 -1.49001662E-02  1.09595094E-03
  1.10250000E+00  2.27398249E-01 -3.87993399E+01  0.00000000E+00 -2.58581225E-02 -1.38935841E-02  1.02266609E-03
  1.10500000E+00  2.27335948E-01 -3.87993734E+01  0.00000000E+00 -2.41090018E-02 -1.29551029E-02  9.54266696E-04
  1.10750000E+00  2.27277862E-01 -3.87994046E+01  0.00000000E+00 -2.24782840E-02 -1.20801026E-02  8.90429024E-04
  1.11000000E+00  2.27223705E-01 -3.87994337E+01  0.00000000E+00 -2.09579431E-02 -1.12642782E-02  8.30850534E-04
  1.11250000E+00  2.27173211E-01 -3.87994609E+01  0.00000000E+00 -1.95404983E-02 -1.05036178E-02  7.75248535E-04
  1.11500000E+00  2.27126131E-01 -3.87994862E+01  0.00000000E+00 -1.82189772E-02 -9.79438315E-03  7.23358912E-04
  1.11750000E+00  2.27082236E-01 -3.87995098E+01  0.00000000E+00 -1.69868810E-02 -9.13309012E-03  6.74934924E-04
  1.12000000E+00  2.27041308E-01 -3.87995318E+01  0.00000000E+00 -1.58381520E-02 -8.51649169E-03  6.29746090E-04
  1.12250000E+00  2.27003149E-01 -3.87995523E+01  0.00000000E+00 -1.47671439E-02 -7.94156155E-03  5.87577128E-04
  1.12500000E+00  2.26967570E-01 -3.87995714E+01  0.00000000E+00 -1.37685933E-02 -7.40547902E-03  5.48226974E-04
  1.12750000E+00  2.26934397E-01 -3.87995893E+01  0.00000000E+00 -1.28375940E-02 -6.90561496E-03  5.11507857E-04
  1.13000000E+00  2.26903466E-01 -3.87996059E+01  0.00000000E+00 -1.19695726E-02 -6.43951874E-03  4.77244430E-04
  1.13250000E+00  2.26874627E-01 -3.87996214E+01  0.00000000E+00 -1.11602656E-02 -6.00490599E-03  4.45272959E-04
  1.13500000E+00  2.26847738E-01 -3.87996359E+01  0.00000000E+00 -1.04056987E-02 -5.59964728E-03  4.15440564E-04
  1.13750000E+00  2.26822667E-01 -3.87996494E+01  0.00000000E+00 -9.70216691E-03 -5.22175758E-03  3.87604508E-04
  1.14000000E+00  2.26799291E-01 -3.87996620E+01  0.00000000E+00 -9.04621643E-03 -4.86938639E-03  3.61631529E-04
  1.14250000E+00  2.26777496E-01 -3.87996737E+01  0.00000000E+00 -8.43462734E-03 -4.54080861E-03  3.37397221E-04
  1.14500000E+00  2.26757174E-01 -3.87996847E+01  0.00000000E+00 -7.86439791E-03 -4.23441597E-03  3.14785445E-04
  1.14750000E+00  2.26738226E-01 -3.87996949E+01  0.00000000E+00 -7.33272971E-03 -3.94870913E-03  2.93687790E-04
  1.15000000E+00  2.26720558E-01 -3.87997044E+01  0.00000000E+00 -6.83701385E-03 -3.68229026E-03  2.74003060E-04
  1.15250000E+00  2.26704085E-01 -3.87997132E+01  0.00000000E+00 -6.37481809E-03 -3.43385612E-03  2.55636797E-04
  1.15500000E+00  2.26688726E-01 -3.87997215E+01  0.00000000E+00 -5.94387487E-03 -3.20219169E-03  2.38500837E-04
  1.15750000E+00  2.26674405E-01 -3.87997292E+01  0.00000000E+00 -5.54207015E-03 -2.98616414E-03  2.22512891E-04
  1.16000000E+00  2.26661052E-01 -3.87997364E+01  0.00000000E+00 -5.16743301E-03 -2.78471725E-03  2.07596160E-04
  1.16250000E+00  2.26648602E-01 -3.87997431E+01  0.00000000E+00 -4.81812589E-03 -2.59686626E-03  1.93678967E-04
  1.16500000E+00  2.26636993E-01 -3.87997494E+01  0.00000000E+00 -4.49243563E-03 -2.42169298E-03  1.80694418E-04
  1.16750000E+00  2.26626169E-01 -3.87997552E+01  0.00000000E+00 -4.18876501E-03 -2.25834130E-03  1.68580085E-04
  1.17000000E+00  2.26616077E-01 -3.87997607E+01  0.00000000E+00 -3.90562487E-03 -2.10601299E-03  1.57277709E-04
  1.17250000E+00  2.26606667E-01 -3.87997658E+01  0.00000000E+00 -3.64162681E-03 -1.96396376E-03  1.46732924E-04
  1.17500000E+00  2.26597893E-01 -3.87997705E+01  0.00000000E+00 -3.39547639E-03 -1.83149962E-03  1.36894996E-04
  1.17750000E+00  2.26589712E-01 -3.87997749E+01  0.00000000E+00 -3.16596672E-03 -1.70797349E-03  1.27716581E-04
  1.18000000E+00  2.26582084E-01 -3.87997790E+01  0.00000000E+00 -2.95197257E-03 -1.59278198E-03  1.19153501E-04
  1.18250000E+00  2.26574971E-01 -3.87997828E+01  0.00000000E+00 -2.75244482E-03 -1.48536249E-03  1.11164534E-04
  1.18500000E+00  2.26568340E-01 -3.87997864E+01  0.00000000E+00 -2.56640532E-03 -1.38519040E-03  1.03711214E-04
  1.18750000E+00  2.26562156E-01 -3.87997898E+01  0.00000000E+00 -2.39294209E-03 -1.29177656E-03  9.67576471E-05
  1.19000000E+00  2.26556391E-01 -3.87997929E+01  0.00000000E+00 -2.23120480E-03 -1.20466481E-03  9.02703433E-05
  1.19250000E+00  2.26551015E-01 -3.87997958E+01  0.00000000E+00 -2.08040067E-03 -1.12342983E-03  8.42180532E-05
  1.19500000E+00  2.26546002E-01 -3.87997985E+01  0.00000000E+00 -1.93979050E-03 -1.04767501E-03  7.85716194E-05
  1.19750000E+00  2.26541328E-01 -3.87998010E+01  0.00000000E+00 -1.80868511E-03 -9.77030523E-04  7.33038366E-05
  1.20000000E+00  2.26536971E-01 -3.87998034E+01  0.00000000E+00 -1.68644191E-03 -9.11151506E-04  6.83893212E-05
  1.20250000E+00  2.26532907E-01 -3.87998056E+01  0.00000000E+00 -1.57246176E-03 -8.49716383E-04  6.38043895E-05
  1.20500000E+00  2.26529119E-01 -3.87998076E+01  0.00000000E+00 -1.46618605E-03 -7.92425289E-04  5.95269443E-05
  1.20750000E+00  2.26525586E-01 -3.87998095E+01  0.00000000E+00 -1.36709393E-03 -7.38998601E-04  5.55363686E-05
  1.21000000E+00  2.26522292E-01 -3.87998113E+01  0.00000000E+00 -1.27469977E-03 -6.89175569E-04  5.18134267E-05
  1.21250000E+00  2.26519221E-01 -3.87998130E+01  0.00000000E+00 -1.18855078E-03 -6.42713047E-04  4.83401718E-05
  1.21500000E+00  2.26516357E-01 -3.87998145E+01  0.00000000E+00 -1.10822479E-03 -5.99384299E-04  4.50998597E-05
  1.21750000E+00  2.26513687E-01 -3.87998160E+01  0.00000000E+00 -1.03332814E-03 -5.58977894E-04  4.20768685E-05
  1.22000000E+00  2.26511197E-01 -3.87998173E+01  0.00000000E+00 -9.63493843E-04 -5.21296668E-04  3.92566232E-05
  1.22250000E+00  2.26508876E-01 -3.87998186E+01  0.00000000E+00 -8.98379673E-04 -4.86156766E-04  3.66255259E-05
  1.22500000E+00  2.26506711E-01 -3.87998197E+01  0.00000000E+00 -8.37666566E-04 -4.53386740E-04  3.41708902E-05
  1.22750000E+00  2.26504693E-01 -3.87998208E+01  0.00000000E+00 -7.81057023E-04 -4.22826712E-04  3.18808803E-05
  1.23000000E+00  2.26502811E-01 -3.87998218E+01  0.00000000E+00 -7.28273659E-04 -3.94327593E-04  2.97444538E-05
  1.23250000E+00  2.26501057E-01 -3.87998228E+01  0.00000000E+00 -6.79057839E-04 -3.67750355E-04  2.77513089E-05
  1.23500000E+00  2.26499420E-01 -3.87998237E+01  0.00000000E+00 -6.33168416E-04 -3.42965350E-04  2.58918344E-05
  1.23750000E+00  2.26497895E-01 -3.87998245E+01  0.00000000E+00 -5.90380542E-04 -3.19851680E-04  2.41570638E-05
  1.24000000E+00  2.26496472E-01 -3.87998253E+01  0.00000000E+00 -5.50484571E-04 -2.98296604E-04  2.25386319E-05
  1.24250000E+00  2.26495146E-01 -3.87998260E+01  0.00000000E+00 -5.13285029E-04 -2.78194988E-04  2.10287344E-05
  1.24500000E+00  2.26493909E-01 -3.87998267E+01  0.00000000E+00 -4.78599657E-04 -2.59448791E-04  1.96200905E-05
  1.24750000E+00  2.26492756E-01 -3.87998273E+01  0.00000000E+00 -4.46258515E-04 -2.41966588E-04  1.83059078E-05
  1.25000000E+00  2.26491681E-01 -3.87998279E+01  0.00000000E+00 -4.16103151E-04 -2.25663123E-04  1.70798496E-05
  1.25250000E+00  2.26490678E-01 -3.87998284E+01  0.00000000E+00 -3.87985826E-04 -2.10458889E-04  1.59360039E-05
  1.25500000E+00  2.26489744E-01 -3.87998289E+01  0.00000000E+00 -3.61768785E-04 -1.96279746E-04  1.48688557E-05
  1.25750000E+00  2.26488872E-01 -3.87998294E+01  0.00000000E+00 -3.37323586E-04 -1.83056554E-04  1.38732597E-05
  1.26000000E+00  2.26488059E-01 -3.87998298E+01  0.00000000E+00 -3.14530471E-04 -1.70724840E-04  1.29444159E-05
  1.26250000E+00  2.26487301E-01 -3.87998302E+01  0.00000000E+00 -2.93277775E-04 -1.59224477E-04  1.20778462E-05
  1.26500000E+00  2.26486595E-01 -3.87998306E+01  0.00000000E+00 -2.73461381E-04 -1.48499397E-04  1.12693731E-05
  1.26750000E+00  2.26485936E-01 -3.87998310E+01  0.00000000E+00 -2.54984211E-04 -1.38497314E-04  1.05150993E-05
  1.27000000E+00  2.26485321E-01 -3.87998313E+01  0.00000000E+00 -2.37755749E-04 -1.29169468E-04  9.81138881E-06
  1.27250000E+00  2.26484749E-01 -3.87998316E+01  0.00000000E+00 -2.21691595E-04 -1.20470389E-04  9.15484988E-06
  1.27500000E+00  2.26484214E-01 -3.87998319E+01  0.00000000E+00 -2.06713058E-04 -1.12357674E-04  8.54231814E-06
  1.27750000E+00  2.26483716E-01 -3.87998322E+01  0.00000000E+00 -1.92746762E-04 -1.04791782E-04  7.97084159E-06
  1.28000000E+00  2.26483252E-01 -3.87998324E+01  0.00000000E+00 -1.79724293E-04 -9.77358358E-05  7.43766627E-06
  1.28250000E+00  2.26482819E-01 -3.87998327E+01  0.00000000E+00 -1.67581861E-04 -9.11554492E-05  6.94022304E-06
  1.28500000E+00  2.26482415E-01 -3.87998329E+01  0.00000000E+00 -1.56259987E-04 -8.50185537E-05  6.47611510E-06
  1.28750000E+00  2.26482039E-01 -3.87998331E+01  0.00000000E+00 -1.45703212E-04 -7.92952442E-05  6.04310652E-06
  1.29000000E+00  2.26481688E-01 -3.87998333E+01  0.00000000E+00 -1.35859827E-04 -7.39576327E-05  5.63911135E-06
  1.29250000E+00  2.26481360E-01 -3.87998335E+01  0.00000000E+00 -1.26681617E-04 -6.89797125E-05  5.26218362E-06
  1.29500000E+00  2.26481055E-01 -3.87998336E+01  0.00000000E+00 -1.18123627E-04 -6.43372306E-05  4.91050794E-06
  1.29750000E+00  2.26480770E-01 -3.87998338E+01  0.00000000E+00 -1.10143938E-04 -6.00075703E-05  4.58239073E-06
  1.30000000E+00  2.26480505E-01 -3.87998339E+01  0.00000000E+00 -1.02703468E-04 -5.59696401E-05  4.27625203E-06
  1.30250000E+00  2.26480258E-01 -3.87998341E+01  0.00000000E+00 -9.57657725E-05 -5.22037709E-05  3.99061790E-06
  1.30500000E+00  2.26480027E-01 -3.87998342E+01  0.00000000E+00 -8.92968737E-05 -4.86916204E-05  3.72411330E-06
  1.30750000E+00  2.26479812E-01 -3.87998343E+01  0.00000000E+00 -8.32650885E-05 -4.54160834E-05  3.47545544E-06
  1.31000000E+00  2.26479611E-01 -3.87998344E+01  0.00000000E+00 -7.76408757E-05 -4.23612081E-05  3.24344763E-06
  1.31250000E+00  2.26479424E-01 -3.87998345E+01  0.00000000E+00 -7.23966908E-05 -3.95121187E-05  3.02697342E-06
  1.31500000E+00  2.26479250E-01 -3.87998346E+01  0.00000000E+00 -6.75068508E-05 -3.68549425E-05  2.82499133E-06
  1.31750000E+00  2.26479087E-01 -3.87998347E+01  0.00000000E+00 -6.29474087E-05 -3.43767427E-05  2.63652970E-06
  1.32000000E+00  2.26478935E-01 -3.87998348E+01  0.00000000E+00 -5.86960360E-05 -3.20654545E-05  2.46068210E-06
  1.32250000E+00  2.26478794E-01 -3.87998349E+01  0.00000000E+00 -5.47319133E-05 -2.99098269E-05  2.29660290E-06
  1.32500000E+00  2.26478662E-01 -3.87998349E+01  0.00000000E+00 -5.10356283E-05 -2.78993677E-05  2.14350320E-06
  1.32750000E+00  2.26478539E-01 -3.87998350E+01  0.00000000E+00 -4.75890807E-05 -2.60242922E-05  2.00064702E-06
  1.33000000E+00  2.26478424E-01 -3.87998351E+01  0.00000000E+00 -4.43753937E-05 -2.42754754E-05  1.86734778E-06
  1.33250000E+00  2.26478317E-01 -3.87998351E+01  0.00000000E+00 -4.13788309E-05 -2.26444078E-05  1.74296493E-06
  1.33500000E+00  2.26478218E-01 -3.87998352E+01  0.00000000E+00 -3.85847197E-05 -2.11231536E-05  1.62690091E-06
  1.33750000E+00  2.26478125E-01 -3.87998352E+01  0.00000000E+00 -3.59793788E-05 -1.97043121E-05  1.51859823E-06
  1.34000000E+00  2.26478038E-01 -3.87998353E+01  0.00000000E+00 -3.35500520E-05 -1.83809816E-05  1.41753682E-06
  1.34250000E+00  2.26477957E-01 -3.87998353E+01  0.00000000E+00 -3.12848449E-05 -1.71467259E-05  1.32323147E-06
  1.34500000E+00  2.26477882E-01 -3.87998354E+01  0.00000000E+00 -2.91726670E-05 -1.59955426E-05  1.23522954E-06
  1.34750000E+00  2.26477812E-01 -3.87998354E+01  0.00000000E+00 -2.72031775E-05 -1.49218340E-05  1.15310871E-06
  1.35000000E+00  2.26477746E-01 -3.87998355E+01  0.00000000E+00 -2.53667344E-05 -1.39203801E-05  1.07647504E-06
  1.35250000E+00  2.26477685E-01 -3.87998355E+01  0.00000000E+00 -2.36543473E-05 -1.29863123E-05  1.00496096E-06
  1.35500000E+00  2.26477628E-01 -3.87998355E+01  0.00000000E+00 -2.20576334E-05 -1.21150908E-05  9.38223579E-07
  1.35750000E+00  2.26477575E-01 -3.87998355E+01  0.00000000E+00 -2.05687764E-05 -1.13024815E-05  8.75943002E-07
  1.36000000E+00  2.26477525E-01 -3.87998356E+01  0.00000000E+00 -1.91804884E-05 -1.05445359E-05  8.17820775E-07
  1.36250000E+00  2.26477479E-01 -3.87998356E+01  0.00000000E+00 -1.78859739E-05 -9.83757164E-06  7.63578463E-07
  1.36500000E+00  2.26477436E-01 -3.87998356E+01  0.00000000E+00 -1.66788966E-05 -9.17815456E-06  7.12956301E-07
  1.36750000E+00  2.26477396E-01 -3.87998356E+01  0.00000000E+00 -1.55533485E-05 -8.56308205E-06  6.65711942E-07
  1.37000000E+00  2.26477358E-01 -3.87998357E+01  0.00000000E+00 -1.45038209E-05 -7.98936737E-06  6.21619285E-07
  1.37250000E+00  2.26477323E-01 -3.87998357E+01  0.00000000E+00 -1.35251773E-05 -7.45422509E-06  5.80467390E-07
  1.37500000E+00  2.26477291E-01 -3.87998357E+01  0.00000000E+00 -1.26126283E-05 -6.95505755E-06  5.42059456E-07
  1.37750000E+00  2.26477260E-01 -3.87998357E+01  0.00000000E+00 -1.17617083E-05 -6.48944217E-06  5.06211877E-07
  1.38000000E+00  2.26477232E-01 -3.87998357E+01  0.00000000E+00 -1.09682533E-05 -6.05511964E-06  4.72753352E-07
  1.38250000E+00  2.26477205E-01 -3.87998357E+01  0.00000000E+00 -1.02283808E-05 -5.64998294E-06  4.41524064E-07
  1.38500000E+00  2.26477181E-01 -3.87998358E+01  0.00000000E+00 -9.53847073E-06 -5.27206703E-06  4.12374905E-07
  1.38750000E+00  2.26477158E-01 -3.87998358E+01  0.00000000E+00 -8.89514752E-06 -4.91953933E-06  3.85166762E-07
  1.39000000E+00  2.26477136E-01 -3.87998358E+01  0.00000000E+00 -8.29526377E-06 -4.59069074E-06  3.59769842E-07
  1.39250000E+00  2.26477116E-01 -3.87998358E+01  0.00000000E+00 -7.73588477E-06 -4.28392734E-06  3.36063052E-07
  1.39500000E+00  2.26477098E-01 -3.87998358E+01  0.00000000E+00 -7.21427412E-06 -3.99776260E-06  3.13933410E-07
  1.39750000E+00  2.26477080E-01 -3.87998358E+01  0.00000000E+00 -6.72788033E-06 -3.73081017E-06  2.93275504E-07
  1.40000000E+00  2.26477064E-01 -3.87998358E+01  0.00000000E+00 -6.27432432E-06 -3.48177711E-06  2.73990987E-07
  1.40250000E+00  2.26477049E-01 -3.87998358E+01  0.00000000E+00 -5.85138777E-06 -3.24945760E-06  2.55988098E-07
  1.40500000E+00  2.26477035E-01 -3.87998358E+01  0.00000000E+00 -5.45700228E-06 -3.03272705E-06  2.39181222E-07
  1.40750000E+00  2.26477022E-01 -3.87998358E+01  0.00000000E+00 -5.08923918E-06 -2.83053665E-06  2.23490481E-07
  1.41000000E+00  2.26477010E-01 -3.87998359E+01  0.00000000E+00 -4.74630016E-06 -2.64190822E-06  2.08841343E-07
  1.41250000E+00  2.26476998E-01 -3.87998359E+01  0.00000000E+00 -4.42650841E-06 -2.46592949E-06  1.95164269E-07
  1.41500000E+00  2.26476987E-01 -3.87998359E+01  0.00000000E+00 -4.12830041E-06 -2.30174965E-06  1.82394374E-07
  1.41750000E+00  2.26476977E-01 -3.87998359E+01  0.00000000E+00 -3.85021829E-06 -2.14857517E-06  1.70471118E-07
  1.42000000E+00  2.26476968E-01 -3.87998359E+01  0.00000000E+00 -3.59090270E-06 -2.00566601E-06  1.59338010E-07
  1.42250000E+00  2.26476960E-01 -3.87998359E+01  0.00000000E+00 -3.34908614E-06 -1.87233193E-06  1.48942339E-07
  1.42500000E+00  2.26476951E-01 -3.87998359E+01  0.00000000E+00 -3.12358673E-06 -1.74792920E-06  1.39234921E-07
  1.42750000E+00  2.26476944E-01 -3.87998359E+01  0.00000000E+00 -2.91330246E-06 -1.63185743E-06  1.30169866E-07
  1.43000000E+00  2.26476937E-01 -3.87998359E+01  0.00000000E+00 -2.71720577E-06 -1.52355667E-06  1.21704351E-07
  1.43250000E+00  2.26476930E-01 -3.87998359E+01  0.00000000E+00 -2.53433853E-06 -1.42250466E-06  1.13798421E-07
  1.43500000E+00  2.26476924E-01 -3.87998359E+01  0.00000000E+00 -2.36380734E-06 -1.32821431E-06  1.06414792E-07
  1.43750000E+00  2.26476919E-01 -3.87998359E+01  0.00000000E+00 -2.20477916E-06 -1.24023133E-06  9.95186761E-08
  1.44000000E+00  2.26476913E-01 -3.87998359E+01  0.00000000E+00 -2.05647722E-06 -1.15813200E-06  9.30776101E-08
  1.44250000E+00  2.26476908E-01 -3.87998359E+01  0.00000000E+00 -1.91817725E-06 -1.08152114E-06  8.70613043E-08
  1.44500000E+00  2.26476904E-01 -3.87998359E+01  0.00000000E+00 -1.78920389E-06 -1.01003013E-06  8.14414925E-08
  1.44750000E+00  2.26476899E-01 -3.87998359E+01  0.00000000E+00 -1.66892743E-06 -9.43315207E-07  7.61917956E-08
  1.45000000E+00  2.26476895E-01 -3.87998359E+01  0.00000000E+00 -1.55676068E-06 -8.81055714E-07  7.12876005E-08
  1.45250000E+00  2.26476892E-01 -3.87998359E+01  0.00000000E+00 -1.45215611E-06 -8.22952583E-07  6.67059371E-08
  1.45500000E+00  2.26476888E-01 -3.87998359E+01  0.00000000E+00 -1.35460321E-06 -7.68726871E-07  6.24253717E-08
  1.45750000E+00  2.26476885E-01 -3.87998359E+01  0.00000000E+00 -1.26362593E-06 -7.18118404E-07  5.84259015E-08
  1.46000000E+00  2.26476882E-01 -3.87998359E+01  0.00000000E+00 -1.17878038E-06 -6.70884510E-07  5.46888597E-08
  1.46250000E+00  2.26476879E-01 -3.87998359E+01  0.00000000E+00 -1.09965266E-06 -6.26798841E-07  5.11968262E-08
  1.46500000E+00  2.26476876E-01 -3.87998359E+01  0.00000000E+00 -1.02585684E-06 -5.85650275E-07  4.79335430E-08
  1.46750000E+00  2.26476874E-01 -3.87998359E+01  0.00000000E+00 -9.57033036E-07 -5.47241886E-07  4.48838373E-08
  1.47000000E+00  2.26476872E-01 -3.87998359E+01  0.00000000E+00 -8.92845683E-07 -5.11389991E-07  4.20335481E-08
  1.47250000E+00  2.26476869E-01 -3.87998359E+01  0.00000000E+00 -8.32981878E-07 -4.77923260E-07  3.93694610E-08
  1.47500000E+00  2.26476867E-01 -3.87998359E+01  0.00000000E+00 -7.77149858E-07 -4.46681882E-07  3.68792438E-08
  1.47750000E+00  2.26476865E-01 -3.87998359E+01  0.00000000E+00 -7.25077556E-07 -4.17516793E-07  3.45513852E-08
  1.48000000E+00  2.26476864E-01 -3.87998359E+01  0.00000000E+00 -6.76511287E-07 -3.90288945E-07  3.23751428E-08
  1.48250000E+00  2.26476862E-01 -3.87998359E+01  0.00000000E+00 -6.31214495E-07 -3.64868637E-07  3.03404891E-08
  1.48500000E+00  2.26476861E-01 -3.87998359E+01  0.00000000E+00 -5.88966599E-07 -3.41134885E-07  2.84380651E-08
  1.48750000E+00  2.26476859E-01 -3.87998359E+01  0.00000000E+00 -5.49561918E-07 -3.18974833E-07  2.66591358E-08
  1.49000000E+00  2.26476858E-01 -3.87998359E+01  0.00000000E+00 -5.12808656E-07 -2.98283208E-07  2.49955466E-08
  1.49250000E+00  2.26476857E-01 -3.87998359E+01  0.00000000E+00 -4.78527972E-07 -2.78961807E-07  2.34396864E-08
  1.49500000E+00  2.26476855E-01 -3.87998359E+01  0.00000000E+00 -4.46553098E-07 -2.60919025E-07  2.19844507E-08
  1.49750000E+00  2.26476854E-01 -3.87998359E+01  0.00000000E+00 -4.16728530E-07 -2.44069408E-07  2.06232079E-08
  1.50000000E+00  2.26476853E-01 -3.87998359E+01  0.00000000E+00 -3.88909261E-07 -2.28333237E-07  1.93497667E-08
