  0.00000000E+00  0.00000000E+00 -3.89000000E+01  0.00000000E+00  5.90082278E-01  1.99888291E-01 -3.55991612E-02
  2.50000000E-03  1.47520570E-03 -3.88995003E+01  0.00000000E+00  5.65262589E-01  1.92175683E-01 -3.40193996E-02
  5.00000000E-03  2.85733756E-03 -3.88990295E+01  0.00000000E+00  5.42062031E-01  1.84957491E-01 -3.25596413E-02
  7.50000000E-03  4.18349194E-03 -3.88985761E+01  0.00000000E+00  5.20236097E-01  1.78147105E-01 -3.11944746E-02
  1.00000000E-02  5.45679976E-03 -3.88981393E+01  0.00000000E+00  4.99799900E-01  1.71751826E-01 -2.99219906E-02
  1.25000000E-02  6.68075427E-03 -3.88977179E+01  0.00000000E+00  4.80699030E-01  1.65757786E-01 -2.87368812E-02
  1.50000000E-02  7.85862576E-03 -3.88973110E+01  0.00000000E+00  4.62859146E-01  1.60144839E-01 -2.76335470E-02
  1.75000000E-02  8.99347376E-03 -3.88969176E+01  0.00000000E+00  4.46202597E-01  1.54891488E-01 -2.66063716E-02
  2.00000000E-02  1.00881596E-02 -3.88965370E+01  0.00000000E+00  4.30653884E-01  1.49976568E-01 -2.56500073E-02
  2.25000000E-02  1.11453584E-02 -3.88961682E+01  0.00000000E+00  4.16141322E-01  1.45379780E-01 -2.47594485E-02
  2.50000000E-02  1.21675710E-02 -3.88958105E+01  0.00000000E+00  4.02597425E-01  1.41081847E-01 -2.39300391E-02
  2.75000000E-02  1.31571347E-02 -3.88954631E+01  0.00000000E+00  3.89958870E-01  1.37064532E-01 -2.31574575E-02
  3.00000000E-02  1.41162337E-02 -3.88951255E+01  0.00000000E+00  3.78166317E-01  1.33310613E-01 -2.24376949E-02
  3.25000000E-02  1.50469088E-02 -3.88947969E+01  0.00000000E+00  3.67164202E-01  1.29803850E-01 -2.17670333E-02
  3.50000000E-02  1.59510666E-02 -3.88944768E+01  0.00000000E+00  3.56900511E-01  1.26528936E-01 -2.11420242E-02
  3.75000000E-02  1.68304883E-02 -3.88941645E+01  0.00000000E+00  3.47326573E-01  1.23471456E-01 -2.05594679E-02
  4.00000000E-02  1.76868373E-02 -3.88938597E+01  0.00000000E+00  3.38396856E-01  1.20617842E-01 -2.00163957E-02
  4.25000000E-02  1.85216673E-02 -3.88935617E+01  0.00000000E+00  3.30068770E-01  1.17955330E-01 -1.95100520E-02
  4.50000000E-02  1.93364291E-02 -3.88932702E+01  0.00000000E+00  3.22302491E-01  1.15471920E-01 -1.90378786E-02
  4.75000000E-02  2.01324775E-02 -3.88929846E+01  0.00000000E+00  3.15060784E-01  1.13156331E-01 -1.85975001E-02
  5.00000000E-02  2.09110773E-02 -3.88927046E+01  0.00000000E+00  3.08308841E-01  1.10997967E-01 -1.81867103E-02
  5.25000000E-02  2.16734095E-02 -3.88924298E+01  0.00000000E+00  3.02014132E-01  1.08986875E-01 -1.78034597E-02
  5.50000000E-02  2.24205764E-02 -3.88921598E+01  0.00000000E+00  2.96146253E-01  1.07113714E-01 -1.74458440E-02
  5.75000000E-02  2.31536072E-02 -3.88918944E+01  0.00000000E+00  2.90676801E-01  1.05369714E-01 -1.71120934E-02
  6.00000000E-02  2.38734624E-02 -3.88916331E+01  0.00000000E+00  2.85579237E-01  1.03746651E-01 -1.68005627E-02
  6.25000000E-02  2.45810385E-02 -3.88913758E+01  0.00000000E+00  2.80828770E-01  1.02236807E-01 -1.65097226E-02
  6.50000000E-02  2.52771724E-02 -3.88911221E+01  0.00000000E+00  2.76402246E-01  1.00832948E-01 -1.62381507E-02
  6.75000000E-02  2.59626448E-02 -3.88908718E+01  0.00000000E+00  2.72278039E-01  9.95282908E-02 -1.59845242E-02
  7.00000000E-02  2.66381847E-02 -3.88906246E+01  0.00000000E+00  2.68435957E-01  9.83164778E-02 -1.57476129E-02
  7.25000000E-02  2.73044720E-02 -3.88903803E+01  0.00000000E+00  2.64857141E-01  9.71915513E-02 -1.55262718E-02
  7.50000000E-02  2.79621413E-02 -3.88901387E+01  0.00000000E+00  2.61523987E-01  9.61479295E-02 -1.53194359E-02
  7.75000000E-02  2.86117848E-02 -3.88898997E+01  0.00000000E+00  2.58420057E-01  9.51803835E-02 -1.51261138E-02
  8.00000000E-02  2.92539551E-02 -3.88896629E+01  0.00000000E+00  2.55530007E-01  9.42840161E-02 -1.49453828E-02
  8.25000000E-02  2.98891675E-02 -3.88894283E+01  0.00000000E+00  2.52839512E-01  9.34542411E-02 -1.47763841E-02
  8.50000000E-02  3.05179032E-02 -3.88891957E+01  0.00000000E+00  2.50335204E-01  9.26867644E-02 -1.46183180E-02
  8.75000000E-02  3.11406108E-02 -3.88889650E+01  0.00000000E+00  2.48004603E-01  9.19775657E-02 -1.44704399E-02
  9.00000000E-02  3.17577091E-02 -3.88887359E+01  0.00000000E+00  2.45836062E-01  9.13228818E-02 -1.43320565E-02
  9.25000000E-02  3.23695885E-02 -3.88885084E+01  0.00000000E+00  2.43818713E-01  9.07191903E-02 -1.42025221E-02
  9.50000000E-02  3.29766136E-02 -3.88882824E+01  0.00000000E+00  2.41942412E-01  9.01631945E-02 -1.40812352E-02
  9.75000000E-02  3.35791243E-02 -3.88880577E+01  0.00000000E+00  2.40197692E-01  8.96518096E-02 -1.39676355E-02
  1.00000000E-01  3.41774376E-02 -3.88878342E+01  0.00000000E+00  2.38575723E-01  8.91821489E-02 -1.38612011E-02
  1.02500000E-01  3.47718495E-02 -3.88876118E+01  0.00000000E+00  2.37068261E-01  8.87515116E-02 -1.37614458E-02
  1.05000000E-01  3.53626358E-02 -3.88873905E+01  0.00000000E+00  2.35667616E-01  8.83573708E-02 -1.36679165E-02
  1.07500000E-01  3.59500540E-02 -3.88871701E+01  0.00000000E+00  2.34366615E-01  8.79973629E-02 -1.35801910E-02
  1.10000000E-01  3.65343443E-02 -3.88869505E+01  0.00000000E+00  2.33158561E-01  8.76692765E-02 -1.34978759E-02
  1.12500000E-01  3.71157306E-02 -3.88867318E+01  0.00000000E+00  2.32037210E-01  8.73710435E-02 -1.34206045E-02
  1.15000000E-01  3.76944220E-02 -3.88865137E+01  0.00000000E+00  2.30996735E-01  8.71007293E-02 -1.33480352E-02
  1.17500000E-01  3.82706132E-02 -3.88862963E+01  0.00000000E+00  2.30031699E-01  8.68565247E-02 -1.32798495E-02
  1.20000000E-01  3.88444862E-02 -3.88860795E+01  0.00000000E+00  2.29137031E-01  8.66367377E-02 -1.32157505E-02
  1.22500000E-01  3.94162104E-02 -3.88858632E+01  0.00000000E+00  2.28308000E-01  8.64397858E-02 -1.31554614E-02
  1.25000000E-01  3.99859441E-02 -3.88856473E+01  0.00000000E+00  2.27540192E-01  8.62641894E-02 -1.30987243E-02
  1.27500000E-01  4.05538348E-02 -3.88854319E+01  0.00000000E+00  2.26829491E-01  8.61085648E-02 -1.30452988E-02
  1.30000000E-01  4.11200202E-02 -3.88852168E+01  0.00000000E+00  2.26172055E-01  8.59716183E-02 -1.29949605E-02
  1.32500000E-01  4.16846285E-02 -3.88850020E+01  0.00000000E+00  2.25564302E-01  8.58521400E-02 -1.29475005E-02
  1.35000000E-01  4.22477796E-02 -3.88847875E+01  0.00000000E+00  2.25002891E-01  8.57489990E-02 -1.29027240E-02
  1.37500000E-01  4.28095851E-02 -3.88845733E+01  0.00000000E+00  2.24484704E-01  8.56611376E-02 -1.28604492E-02
  1.40000000E-01  4.33701491E-02 -3.88843593E+01  0.00000000E+00  2.24006833E-01  8.55875672E-02 -1.28205066E-02
  1.42500000E-01  4.39295688E-02 -3.88841454E+01  0.00000000E+00  2.23566567E-01  8.55273635E-02 -1.27827383E-02
  1.45000000E-01  4.44879349E-02 -3.88839316E+01  0.00000000E+00  2.23161375E-01  8.54796622E-02 -1.27469970E-02
  1.47500000E-01  4.50453319E-02 -3.88837180E+01  0.00000000E+00  2.22788898E-01  8.54436556E-02 -1.27131454E-02
  1.50000000E-01  4.56018385E-02 -3.88835044E+01  0.00000000E+00  2.22446935E-01  8.54185884E-02 -1.26810552E-02
  1.52500000E-01  4.61575284E-02 -3.88832909E+01  0.00000000E+00  2.22133433E-01  8.54037546E-02 -1.26506072E-02
  1.55000000E-01  4.67124701E-02 -3.88830774E+01  0.00000000E+00  2.21846476E-01  8.53984942E-02 -1.26216898E-02
  1.57500000E-01  4.72667276E-02 -3.88828639E+01  0.00000000E+00  2.21584280E-01  8.54021904E-02 -1.25941992E-02
  1.60000000E-01  4.78203606E-02 -3.88826504E+01  0.00000000E+00  2.21345178E-01  8.54142665E-02 -1.25680385E-02
  1.62500000E-01  4.83734246E-02 -3.88824369E+01  0.00000000E+00  2.21127617E-01  8.54341834E-02 -1.25431175E-02
  1.65000000E-01  4.89259717E-02 -3.88822233E+01  0.00000000E+00  2.20930148E-01  8.54614372E-02 -1.25193517E-02
  1.67500000E-01  4.94780503E-02 -3.88820096E+01  0.00000000E+00  2.20751419E-01  8.54955571E-02 -1.24966627E-02
  1.70000000E-01  5.00297054E-02 -3.88817958E+01  0.00000000E+00  2.20590169E-01  8.55361027E-02 -1.24749771E-02
  1.72500000E-01  5.05809793E-02 -3.88815819E+01  0.00000000E+00  2.20445223E-01  8.55826626E-02 -1.24542266E-02
  1.75000000E-01  5.11319111E-02 -3.88813679E+01  0.00000000E+00  2.20315485E-01  8.56348523E-02 -1.24343474E-02
  1.77500000E-01  5.16825377E-02 -3.88811537E+01  0.00000000E+00  2.20199931E-01  8.56923122E-02 -1.24152802E-02
  1.80000000E-01  5.22328931E-02 -3.88809394E+01  0.00000000E+00  2.20097607E-01  8.57547064E-02 -1.23969694E-02
  1.82500000E-01  5.27830092E-02 -3.88807250E+01  0.00000000E+00  2.20007625E-01  8.58217208E-02 -1.23793634E-02
  1.85000000E-01  5.33329157E-02 -3.88805103E+01  0.00000000E+00  2.19929153E-01  8.58930620E-02 -1.23624139E-02
  1.87500000E-01  5.38826405E-02 -3.88802955E+01  0.00000000E+00  2.19861420E-01  8.59684556E-02 -1.23460759E-02
  1.90000000E-01  5.44322094E-02 -3.88800805E+01  0.00000000E+00  2.19803702E-01  8.60476452E-02 -1.23303075E-02
  1.92500000E-01  5.49816465E-02 -3.88798653E+01  0.00000000E+00  2.19755326E-01  8.61303913E-02 -1.23150696E-02
  1.95000000E-01  5.55309744E-02 -3.88796498E+01  0.00000000E+00  2.19715665E-01  8.62164699E-02 -1.23003256E-02
  1.97500000E-01  5.60802140E-02 -3.88794342E+01  0.00000000E+00  2.19684134E-01  8.63056717E-02 -1.22860416E-02
  2.00000000E-01  5.66293849E-02 -3.88792183E+01  0.00000000E+00 -3.67239329E-01 -1.39609515E-01  2.03153319E-02
  2.02500000E-01  5.49776322E-02 -3.88798497E+01  0.00000000E+00 -3.50369169E-01 -1.32754776E-01  1.83059226E-02
  2.05000000E-01  5.41227970E-02 -3.88801731E+01  0.00000000E+00 -3.29335481E-01 -1.24853982E-01  1.78011532E-02
  2.07500000E-01  5.33257504E-02 -3.88804753E+01  0.00000000E+00 -3.07792791E-01 -1.16591408E-01  1.65246436E-02
  2.10000000E-01  5.25831968E-02 -3.88807565E+01  0.00000000E+00 -2.87104576E-01 -1.08709317E-01  1.54548533E-02
  2.12500000E-01  5.18912956E-02 -3.88810184E+01  0.00000000E+00 -2.67623899E-01 -1.01297737E-01  1.44495286E-02
  2.15000000E-01  5.12465867E-02 -3.88812624E+01  0.00000000E+00 -2.49410317E-01 -9.43760286E-02  1.35068844E-02
  2.17500000E-01  5.06458279E-02 -3.88814897E+01  0.00000000E+00 -2.32424067E-01 -8.79268280E-02  1.26238737E-02
  2.20000000E-01  5.00860006E-02 -3.88817014E+01  0.00000000E+00 -2.16596046E-01 -8.19223616E-02  1.17971309E-02
  2.22500000E-01  4.95642955E-02 -3.88818987E+01  0.00000000E+00 -2.01851173E-01 -7.63329416E-02  1.10233234E-02
  2.25000000E-01  4.90780986E-02 -3.88820826E+01  0.00000000E+00 -1.88116025E-01 -7.11297465E-02  1.02992483E-02
  2.27500000E-01  4.86249775E-02 -3.88822539E+01  0.00000000E+00 -1.75321154E-01 -6.62856383E-02  9.62185921E-03
  2.30000000E-01  4.82026682E-02 -3.88824135E+01  0.00000000E+00 -1.63401615E-01 -6.17753295E-02  8.98827144E-03
  2.32500000E-01  4.78090636E-02 -3.88825623E+01  0.00000000E+00 -1.52296921E-01 -5.75753393E-02  8.39575906E-03
  2.35000000E-01  4.74422022E-02 -3.88827010E+01  0.00000000E+00 -1.41950806E-01 -5.36638861E-02  7.84174989E-03
  2.37500000E-01  4.71002578E-02 -3.88828303E+01  0.00000000E+00 -1.32310951E-01 -5.00207676E-02  7.32381956E-03
  2.40000000E-01  4.67815302E-02 -3.88829508E+01  0.00000000E+00 -1.23328703E-01 -4.66272426E-02  6.83968506E-03
  2.42500000E-01  4.64844363E-02 -3.88830631E+01  0.00000000E+00 -1.14958820E-01 -4.34659209E-02  6.38719826E-03
  2.45000000E-01  4.62075016E-02 -3.88831678E+01  0.00000000E+00 -1.07159217E-01 -4.05206606E-02  5.96433942E-03
  2.47500000E-01  4.59493530E-02 -3.88832655E+01  0.00000000E+00 -9.98907496E-02 -3.77764741E-02  5.56921074E-03
  2.50000000E-01  4.57087118E-02 -3.88833565E+01  0.00000000E+00 -9.31169940E-02 -3.52194418E-02  5.20003002E-03
  2.52500000E-01  4.54843865E-02 -3.88834413E+01  0.00000000E+00 -8.68040587E-02 -3.28366321E-02  4.85512449E-03
  2.55000000E-01  4.52752675E-02 -3.88835204E+01  0.00000000E+00 -8.09204023E-02 -3.06160285E-02  4.53292488E-03
  2.57500000E-01  4.50803210E-02 -3.88835942E+01  0.00000000E+00 -7.54366669E-02 -2.85464619E-02  4.23195960E-03
  2.60000000E-01  4.48985841E-02 -3.88836630E+01  0.00000000E+00 -7.03255242E-02 -2.66175485E-02  3.95084925E-03
  2.62500000E-01  4.47291592E-02 -3.88837271E+01  0.00000000E+00 -6.55615322E-02 -2.48196328E-02  3.68830124E-03
  2.65000000E-01  4.45712103E-02 -3.88837869E+01  0.00000000E+00 -6.11210023E-02 -2.31437343E-02  3.44310481E-03
  2.67500000E-01  4.44239585E-02 -3.88838427E+01  0.00000000E+00 -5.69818767E-02 -2.15814989E-02  3.21412608E-03
  2.70000000E-01  4.42866777E-02 -3.88838947E+01  0.00000000E+00 -5.31236142E-02 -2.01251541E-02  3.00030355E-03
  2.72500000E-01  4.41586915E-02 -3.88839432E+01  0.00000000E+00 -4.95270843E-02 -1.87674669E-02  2.80064367E-03
  2.75000000E-01  4.40393694E-02 -3.88839884E+01  0.00000000E+00 -4.61744688E-02 -1.75017055E-02  2.61421671E-03
  2.77500000E-01  4.39281240E-02 -3.88840306E+01  0.00000000E+00 -4.30491709E-02 -1.63216037E-02  2.44015286E-03
  2.80000000E-01  4.38244077E-02 -3.88840699E+01  0.00000000E+00 -4.01357300E-02 -1.52213278E-02  2.27763849E-03
  2.82500000E-01  4.37277102E-02 -3.88841066E+01  0.00000000E+00 -3.74197432E-02 -1.41954462E-02  2.12591271E-03
  2.85000000E-01  4.36375558E-02 -3.88841408E+01  0.00000000E+00 -3.48877924E-02 -1.32389009E-02  1.98426400E-03
  2.87500000E-01  4.35535013E-02 -3.88841727E+01  0.00000000E+00 -3.25273757E-02 -1.23469813E-02  1.85202715E-03
  2.90000000E-01  4.34751334E-02 -3.88842024E+01  0.00000000E+00 -3.03268448E-02 -1.15153001E-02  1.72858034E-03
  2.92500000E-01  4.34020669E-02 -3.88842302E+01  0.00000000E+00 -2.82753457E-02 -1.07397704E-02  1.61334232E-03
  2.95000000E-01  4.33339429E-02 -3.88842561E+01  0.00000000E+00 -2.63627644E-02 -1.00165852E-02  1.50576990E-03
  2.97500000E-01  4.32704268E-02 -3.88842802E+01  0.00000000E+00 -2.45796762E-02 -9.34219723E-03  1.40535547E-03
  3.00000000E-01  4.32112064E-02 -3.88843027E+01  0.00000000E+00 -2.29172977E-02 -8.71330180E-03  1.31162474E-03
  3.02500000E-01  4.31559912E-02 -3.88843237E+01  0.00000000E+00 -2.13674436E-02 -8.12681939E-03  1.22413456E-03
  3.05000000E-01  4.31045099E-02 -3.88843433E+01  0.00000000E+00 -1.99224855E-02 -7.57988034E-03  1.14247095E-03
  3.07500000E-01  4.30565098E-02 -3.88843616E+01  0.00000000E+00 -1.85753133E-02 -7.06981033E-03  1.06624719E-03
  3.10000000E-01  4.30117555E-02 -3.88843786E+01  0.00000000E+00 -1.73193006E-02 -6.59411694E-03  9.95102045E-04
  3.12500000E-01  4.29700273E-02 -3.88843945E+01  0.00000000E+00 -1.61482709E-02 -6.15047713E-03  9.28698126E-04
  3.15000000E-01  4.29311204E-02 -3.88844093E+01  0.00000000E+00 -1.50564674E-02 -5.73672562E-03  8.66720326E-04
  3.17500000E-01  4.28948440E-02 -3.88844231E+01  0.00000000E+00 -1.40385239E-02 -5.35084409E-03  8.08874365E-04
  3.20000000E-01  4.28610201E-02 -3.88844360E+01  0.00000000E+00 -1.30894388E-02 -4.99095111E-03  7.54885433E-04
  3.22500000E-01  4.28294829E-02 -3.88844480E+01  0.00000000E+00 -1.22045495E-02 -4.65529276E-03  7.04496910E-04
  3.25000000E-01  4.28000776E-02 -3.88844593E+01  0.00000000E+00 -1.13795099E-02 -4.34223395E-03  6.57469175E-04
  3.27500000E-01  4.27726601E-02 -3.88844697E+01  0.00000000E+00 -1.06102686E-02 -4.05025030E-03  6.13578492E-04
  3.30000000E-01  4.27470960E-02 -3.88844795E+01  0.00000000E+00 -9.89304898E-03 -3.77792060E-03  5.72615961E-04
  3.32500000E-01  4.27232599E-02 -3.88844886E+01  0.00000000E+00 -9.22433020E-03 -3.52391977E-03  5.34386546E-04
  3.35000000E-01  4.27010350E-02 -3.88844971E+01  0.00000000E+00 -8.60083022E-03 -3.28701232E-03  4.98708159E-04
  3.37500000E-01  4.26803123E-02 -3.88845050E+01  0.00000000E+00 -8.01948933E-03 -3.06604629E-03  4.65410804E-04
  3.40000000E-01  4.26609902E-02 -3.88845124E+01  0.00000000E+00 -7.47745513E-03 -2.85994753E-03  4.34335784E-04
  3.42500000E-01  4.26429741E-02 -3.88845193E+01  0.00000000E+00 -6.97206840E-03 -2.66771444E-03  4.05334950E-04
  3.45000000E-01  4.26261757E-02 -3.88845257E+01  0.00000000E+00 -6.50085004E-03 -2.48841307E-03  3.78270003E-04
  3.47500000E-01  4.26105126E-02 -3.88845317E+01  0.00000000E+00 -6.06148881E-03 -2.32117249E-03  3.53011847E-04
  3.50000000E-01  4.25959081E-02 -3.88845373E+01  0.00000000E+00 -5.65182995E-03 -2.16518054E-03  3.29439975E-04
  3.52500000E-01  4.25822906E-02 -3.88845425E+01  0.00000000E+00 -5.26986459E-03 -2.01967987E-03  3.07441902E-04
  3.55000000E-01  4.25695934E-02 -3.88845474E+01  0.00000000E+00 -4.91371981E-03 -1.88396418E-03  2.86912632E-04
  3.57500000E-01  4.25577543E-02 -3.88845519E+01  0.00000000E+00 -4.58164948E-03 -1.75737483E-03  2.67754161E-04
  3.60000000E-01  4.25467152E-02 -3.88845562E+01  0.00000000E+00 -4.27202563E-03 -1.63929755E-03  2.49875015E-04
  3.62500000E-01  4.25364222E-02 -3.88845601E+01  0.00000000E+00 -3.98333043E-03 -1.52915951E-03  2.33189815E-04
  3.65000000E-01  4.25268247E-02 -3.88845638E+01  0.00000000E+00 -3.71414878E-03 -1.42642643E-03  2.17618870E-04
  3.67500000E-01  4.25178758E-02 -3.88845672E+01  0.00000000E+00 -3.46316130E-03 -1.33060009E-03  2.03087805E-04
  3.70000000E-01  4.25095317E-02 -3.88845705E+01  0.00000000E+00 -3.22913788E-03 -1.24121578E-03  1.89527200E-04
  3.72500000E-01  4.25017514E-02 -3.88845734E+01  0.00000000E+00 -3.01093159E-03 -1.15784013E-03  1.76872266E-04
  3.75000000E-01  4.24944968E-02 -3.88845762E+01  0.00000000E+00 -2.80747313E-03 -1.08006892E-03  1.65062534E-04
  3.77500000E-01  4.24877324E-02 -3.88845788E+01  0.00000000E+00 -2.61776548E-03 -1.00752519E-03  1.54041570E-04
  3.80000000E-01  4.24814251E-02 -3.88845813E+01  0.00000000E+00 -2.44087907E-03 -9.39857332E-04  1.43756702E-04
  3.82500000E-01  4.24755441E-02 -3.88845835E+01  0.00000000E+00 -2.27594719E-03 -8.76737411E-04  1.34158775E-04
  3.85000000E-01  4.24700603E-02 -3.88845856E+01  0.00000000E+00 -2.12216174E-03 -8.17859574E-04  1.25201914E-04
  3.87500000E-01  4.24649472E-02 -3.88845876E+01  0.00000000E+00 -1.97876928E-03 -7.62938550E-04  1.16843304E-04
  3.90000000E-01  4.24601795E-02 -3.88845895E+01  0.00000000E+00 -1.84506729E-03 -7.11708267E-04  1.09042989E-04
  3.92500000E-01  4.24557340E-02 -3.88845912E+01  0.00000000E+00 -1.72040076E-03 -6.63920560E-04  1.01763679E-04
  3.95000000E-01  4.24515888E-02 -3.88845928E+01  0.00000000E+00 -1.60415899E-03 -6.19343959E-04  9.49705741E-05
  3.97500000E-01  4.24477237E-02 -3.88845943E+01  0.00000000E+00 -1.49577254E-03 -5.77762570E-04  8.86311978E-05
  4.00000000E-01  4.24441197E-02 -3.88845957E+01  0.00000000E+00 -1.39471048E-03 -5.38975024E-04  8.27152419E-05
  4.02500000E-01  4.24407593E-02 -3.88845970E+01  0.00000000E+00 -1.30047777E-03 -5.02793497E-04  7.71944217E-05
  4.05000000E-01  4.24376259E-02 -3.88845982E+01  0.00000000E+00 -1.21261284E-03 -4.69042800E-04  7.20423415E-05
  4.07500000E-01  4.24347042E-02 -3.88845993E+01  0.00000000E+00 -1.13068533E-03 -4.37559530E-04  6.72343685E-05
  4.10000000E-01  4.24319799E-02 -3.88846003E+01  0.00000000E+00 -1.05429396E-03 -4.08191270E-04  6.27475147E-05
  4.12500000E-01  4.24294396E-02 -3.88846013E+01  0.00000000E+00 -9.83064575E-04 -3.80795858E-04  5.85603278E-05
  4.15000000E-01  4.24270710E-02 -3.88846023E+01  0.00000000E+00 -9.16648320E-04 -3.55240691E-04  5.46527881E-05
  4.17500000E-01  4.24248624E-02 -3.88846031E+01  0.00000000E+00 -8.54719917E-04 -3.31402083E-04  5.10062134E-05
  4.20000000E-01  4.24228030E-02 -3.88846039E+01  0.00000000E+00 -7.96976072E-04 -3.09164666E-04  4.76031693E-05
  4.22500000E-01  4.24208828E-02 -3.88846047E+01  0.00000000E+00 -7.43133996E-04 -2.88420828E-04  4.44273860E-05
  4.25000000E-01  4.24190922E-02 -3.88846053E+01  0.00000000E+00 -6.92930008E-04 -2.69070196E-04  4.14636808E-05
  4.27500000E-01  4.24174227E-02 -3.88846060E+01  0.00000000E+00 -6.46118255E-04 -2.51019143E-04  3.86978852E-05
  4.30000000E-01  4.24158659E-02 -3.88846066E+01  0.00000000E+00 -6.02469496E-04 -2.34180337E-04  3.61167772E-05
  4.32500000E-01  4.24144143E-02 -3.88846072E+01  0.00000000E+00 -5.61769986E-04 -2.18472319E-04  3.37080184E-05
  4.35000000E-01  4.24130607E-02 -3.88846077E+01  0.00000000E+00 -5.23820427E-04 -2.03819104E-04  3.14600945E-05
  4.37500000E-01  4.24117986E-02 -3.88846082E+01  0.00000000E+00 -4.88434987E-04 -1.90149817E-04  2.93622606E-05
  4.40000000E-01  4.24106217E-02 -3.88846086E+01  0.00000000E+00 -4.55440397E-04 -1.77398347E-04  2.74044899E-05
  4.42500000E-01  4.24095244E-02 -3.88846091E+01  0.00000000E+00 -4.24675095E-04 -1.65503028E-04  2.55774253E-05
  4.45000000E-01  4.24085012E-02 -3.88846095E+01  0.00000000E+00 -3.95988442E-04 -1.54406337E-04  2.38723351E-05
  4.47500000E-01  4.24075470E-02 -3.88846098E+01  0.00000000E+00 -3.69239974E-04 -1.44054619E-04  2.22810708E-05
  4.50000000E-01  4.24066574E-02 -3.88846102E+01  0.00000000E+00 -3.44298725E-04 -1.34397826E-04  2.07960288E-05
  4.52500000E-01  4.24058278E-02 -3.88846105E+01  0.00000000E+00 -3.21042575E-04 -1.25389272E-04  1.94101130E-05
  4.55000000E-01  4.24050543E-02 -3.88846108E+01  0.00000000E+00 -2.99357660E-04 -1.16985410E-04  1.81167021E-05
  4.57500000E-01  4.24043330E-02 -3.88846111E+01  0.00000000E+00 -2.79137810E-04 -1.09145620E-04  1.69096166E-05
  4.60000000E-01  4.24036604E-02 -3.88846114E+01  0.00000000E+00 -2.60284029E-04 -1.01832011E-04  1.57830905E-05
  4.62500000E-01  4.24030333E-02 -3.88846116E+01  0.00000000E+00 -2.42704012E-04 -9.50092398E-05  1.47317426E-05
  4.65000000E-01  4.24024485E-02 -3.88846118E+01  0.00000000E+00 -2.26311691E-04 -8.86443371E-05  1.37505516E-05
  4.67500000E-01  4.24019032E-02 -3.88846120E+01  0.00000000E+00 -2.11026814E-04 -8.27065498E-05  1.28348315E-05
  4.70000000E-01  4.24013947E-02 -3.88846122E+01  0.00000000E+00 -1.96774553E-04 -7.71671915E-05  1.19802097E-05
  4.72500000E-01  4.24009206E-02 -3.88846124E+01  0.00000000E+00 -1.83485135E-04 -7.19995031E-05  1.11826054E-05
  4.75000000E-01  4.24004785E-02 -3.88846126E+01  0.00000000E+00 -1.71093505E-04 -6.71785239E-05  1.04382108E-05
  4.77500000E-01  4.24000663E-02 -3.88846128E+01  0.00000000E+00 -1.59539000E-04 -6.26809704E-05  9.74347248E-06
  4.80000000E-01  4.23996819E-02 -3.88846129E+01  0.00000000E+00 -1.48765059E-04 -5.84851234E-05  9.09507425E-06
  4.82500000E-01  4.23993234E-02 -3.88846131E+01  0.00000000E+00 -1.38718942E-04 -5.45707232E-05  8.48992168E-06
  4.85000000E-01  4.23989892E-02 -3.88846132E+01  0.00000000E+00 -1.29351474E-04 -5.09188713E-05  7.92512705E-06
  4.87500000E-01  4.23986775E-02 -3.88846133E+01  0.00000000E+00 -1.20616801E-04 -4.75119389E-05  7.39799558E-06
  4.90000000E-01  4.23983869E-02 -3.88846134E+01  0.00000000E+00 -1.12472170E-04 -4.43334816E-05  6.90601254E-06
  4.92500000E-01  4.23981159E-02 -3.88846135E+01  0.00000000E+00 -1.04877713E-04 -4.13681597E-05  6.44683121E-06
  4.95000000E-01  4.23978632E-02 -3.88846136E+01  0.00000000E+00 -9.77962595E-05 -3.86016643E-05  6.01826167E-06
  4.97500000E-01  4.23976275E-02 -3.88846137E+01  0.00000000E+00 -9.11931496E-05 -3.60206475E-05  5.61826031E-06
  5.00000000E-01  4.23974078E-02 -3.88846138E+01  0.00000000E+00 -8.50360651E-05 -3.36126583E-05  5.24492002E-06
