  0.00000000E+00  0.00000000E+00 -3.89000000E+01  0.00000000E+00  8.34495752E-01  1.63211922E-01 -5.03425030E-02
  2.50000000E-03  2.08623938E-03 -3.88995920E+01  0.00000000E+00  7.99246875E-01  1.56787303E-01 -4.81234445E-02
  5.00000000E-03  4.04029547E-03 -3.88992080E+01  0.00000000E+00  7.66311363E-01  1.50784798E-01 -4.60716833E-02
  7.50000000E-03  5.91490449E-03 -3.88988386E+01  0.00000000E+00  7.35339348E-01  1.45131754E-01 -4.41517809E-02
  1.00000000E-02  7.71453784E-03 -3.88984828E+01  0.00000000E+00  7.06348851E-01  1.39831122E-01 -4.23612323E-02
  1.25000000E-02  9.44417185E-03 -3.88981399E+01  0.00000000E+00  6.79260349E-01  1.34869401E-01 -4.06928574E-02
  1.50000000E-02  1.11084621E-02 -3.88978089E+01  0.00000000E+00  6.53966622E-01  1.30228417E-01 -3.91389303E-02
  1.75000000E-02  1.27117615E-02 -3.88974891E+01  0.00000000E+00  6.30356112E-01  1.25889191E-01 -3.76916863E-02
  2.00000000E-02  1.42581386E-02 -3.88971798E+01  0.00000000E+00  6.08320562E-01  1.21833225E-01 -3.63437182E-02
  2.25000000E-02  1.57513956E-02 -3.88968803E+01  0.00000000E+00  5.87757315E-01  1.18042901E-01 -3.50880823E-02
  2.50000000E-02  1.71950848E-02 -3.88965899E+01  0.00000000E+00  5.68569837E-01  1.14501577E-01 -3.39183107E-02
  2.75000000E-02  1.85925251E-02 -3.88963081E+01  0.00000000E+00  5.50667626E-01  1.11193582E-01 -3.28283920E-02
  3.00000000E-02  1.99468164E-02 -3.88960343E+01  0.00000000E+00  5.33965951E-01  1.08104183E-01 -3.18127437E-02
  3.25000000E-02  2.12608542E-02 -3.88957679E+01  0.00000000E+00  5.18385529E-01  1.05219535E-01 -3.08661820E-02
  3.50000000E-02  2.25373424E-02 -3.88955084E+01  0.00000000E+00  5.03852204E-01  1.02526641E-01 -2.99838936E-02
  3.75000000E-02  2.37788063E-02 -3.88952555E+01  0.00000000E+00  4.90296627E-01  1.00013298E-01 -2.91614083E-02
  4.00000000E-02  2.49876034E-02 -3.88950086E+01  0.00000000E+00  4.77653965E-01  9.76680565E-02 -2.83945742E-02
  4.25000000E-02  2.61659350E-02 -3.88947673E+01  0.00000000E+00  4.65863611E-01  9.54801769E-02 -2.76795338E-02
  4.50000000E-02  2.73158561E-02 -3.88945314E+01  0.00000000E+00  4.54868924E-01  9.34395871E-02 -2.70127032E-02
  4.75000000E-02  2.84392850E-02 -3.88943003E+01  0.00000000E+00  4.44616972E-01  9.15368441E-02 -2.63907516E-02
  5.00000000E-02  2.95380125E-02 -3.88940739E+01  0.00000000E+00  4.35058300E-01  8.97630969E-02 -2.58105829E-02
  5.25000000E-02  3.06137099E-02 -3.88938517E+01  0.00000000E+00  4.26146708E-01  8.81100511E-02 -2.52693190E-02
  5.50000000E-02  3.16679372E-02 -3.88936335E+01  0.00000000E+00  4.17839036E-01  8.65699356E-02 -2.47642836E-02
  5.75000000E-02  3.27021502E-02 -3.88934190E+01  0.00000000E+00  4.10094977E-01  8.51354706E-02 -2.42929878E-02
  6.00000000E-02  3.37177076E-02 -3.88932079E+01  0.00000000E+00  4.02876886E-01  8.37998381E-02 -2.38531169E-02
  6.25000000E-02  3.47158772E-02 -3.88930001E+01  0.00000000E+00  3.96149611E-01  8.25566535E-02 -2.34425171E-02
  6.50000000E-02  3.56978421E-02 -3.88927952E+01  0.00000000E+00  3.89880328E-01  8.13999390E-02 -2.30591850E-02
  6.75000000E-02  3.66647063E-02 -3.88925932E+01  0.00000000E+00  3.84038393E-01  8.03240984E-02 -2.27012559E-02
  7.00000000E-02  3.76174999E-02 -3.88923937E+01  0.00000000E+00  3.78595196E-01  7.93238934E-02 -2.23669947E-02
  7.25000000E-02  3.85571839E-02 -3.88921967E+01  0.00000000E+00  3.73524031E-01  7.83944213E-02 -2.20547862E-02
  7.50000000E-02  3.94846550E-02 -3.88920018E+01  0.00000000E+00  3.68799968E-01  7.75310941E-02 -2.17631268E-02
  7.75000000E-02  4.04007498E-02 -3.88918091E+01  0.00000000E+00  3.64399739E-01  7.67296187E-02 -2.14906167E-02
  8.00000000E-02  4.13062489E-02 -3.88916183E+01  0.00000000E+00  3.60301627E-01  7.59859783E-02 -2.12359524E-02
  8.25000000E-02  4.22018803E-02 -3.88914292E+01  0.00000000E+00  3.56485365E-01  7.52964149E-02 -2.09979199E-02
  8.50000000E-02  4.30883234E-02 -3.88912419E+01  0.00000000E+00  3.52932037E-01  7.46574130E-02 -2.07753890E-02
  8.75000000E-02  4.39662118E-02 -3.88910560E+01  0.00000000E+00  3.49623993E-01  7.40656843E-02 -2.05673064E-02
  9.00000000E-02  4.48361368E-02 -3.88908716E+01  0.00000000E+00  3.46544762E-01  7.35181531E-02 -2.03726914E-02
  9.25000000E-02  4.56986496E-02 -3.88906885E+01  0.00000000E+00  3.43678976E-01  7.30119426E-02 -2.01906302E-02
  9.50000000E-02  4.65542648E-02 -3.88905066E+01  0.00000000E+00  3.41012295E-01  7.25443627E-02 -2.00202714E-02
  9.75000000E-02  4.74034622E-02 -3.88903258E+01  0.00000000E+00  3.38531339E-01  7.21128975E-02 -1.98608217E-02
  1.00000000E-01  4.82466894E-02 -3.88901461E+01  0.00000000E+00  3.36223625E-01  7.17151943E-02 -1.97115421E-02
  1.02500000E-01  4.90843638E-02 -3.88899673E+01  0.00000000E+00  3.34077506E-01  7.13490534E-02 -1.95717436E-02
  1.05000000E-01  4.99168749E-02 -3.88897894E+01  0.00000000E+00  3.32082118E-01  7.10124179E-02 -1.94407844E-02
  1.07500000E-01  5.07445860E-02 -3.88896122E+01  0.00000000E+00  3.30227322E-01  7.07033646E-02 -1.93180661E-02
  1.10000000E-01  5.15678358E-02 -3.88894359E+01  0.00000000E+00  3.28503664E-01  7.04200955E-02 -1.92030311E-02
  1.12500000E-01  5.23869404E-02 -3.88892602E+01  0.00000000E+00  3.26902321E-01  7.01609297E-02 -1.90951595E-02
  1.15000000E-01  5.32021945E-02 -3.88890851E+01  0.00000000E+00  3.25415064E-01  6.99242957E-02 -1.89939669E-02
  1.17500000E-01  5.40138731E-02 -3.88889106E+01  0.00000000E+00  3.24034216E-01  6.97087244E-02 -1.88990014E-02
  1.20000000E-01  5.48222326E-02 -3.88887366E+01  0.00000000E+00  3.22752617E-01  6.95128425E-02 -1.88098421E-02
  1.22500000E-01  5.56275121E-02 -3.88885630E+01  0.00000000E+00  3.21563586E-01  6.93353662E-02 -1.87260962E-02
  1.25000000E-01  5.64299348E-02 -3.88883899E+01  0.00000000E+00  3.20460894E-01  6.91750955E-02 -1.86473979E-02
  1.27500000E-01  5.72297087E-02 -3.88882172E+01  0.00000000E+00  3.19438729E-01  6.90309088E-02 -1.85734058E-02
  1.30000000E-01  5.80270278E-02 -3.88880448E+01  0.00000000E+00  3.18491669E-01  6.89017575E-02 -1.85038018E-02
  1.32500000E-01  5.88220731E-02 -3.88878727E+01  0.00000000E+00  3.17614658E-01  6.87866618E-02 -1.84382890E-02
  1.35000000E-01  5.96150135E-02 -3.88877009E+01  0.00000000E+00  3.16802980E-01  6.86847057E-02 -1.83765909E-02
  1.37500000E-01  6.04060064E-02 -3.88875293E+01  0.00000000E+00  3.16052236E-01  6.85950330E-02 -1.83184495E-02
  1.40000000E-01  6.11951985E-02 -3.88873579E+01  0.00000000E+00  3.15358323E-01  6.85168436E-02 -1.82636242E-02
  1.42500000E-01  6.19827269E-02 -3.88871867E+01  0.00000000E+00  3.14717414E-01  6.84493898E-02 -1.82118906E-02
  1.45000000E-01  6.27687193E-02 -3.88870157E+01  0.00000000E+00  3.14125940E-01  6.83919725E-02 -1.81630396E-02
  1.47500000E-01  6.35532948E-02 -3.88868448E+01  0.00000000E+00  3.13580572E-01  6.83439386E-02 -1.81168760E-02
  1.50000000E-01  6.43365646E-02 -3.88866740E+01  0.00000000E+00  3.13078205E-01  6.83046776E-02 -1.80732178E-02
  1.52500000E-01  6.51186321E-02 -3.88865033E+01  0.00000000E+00  3.12615943E-01  6.82736189E-02 -1.80318954E-02
  1.55000000E-01  6.58995941E-02 -3.88863326E+01  0.00000000E+00  3.12191085E-01  6.82502295E-02 -1.79927506E-02
  1.57500000E-01  6.66795408E-02 -3.88861620E+01  0.00000000E+00  3.11801112E-01  6.82340109E-02 -1.79556356E-02
  1.60000000E-01  6.74585561E-02 -3.88859915E+01  0.00000000E+00  3.11443676E-01  6.82244976E-02 -1.79204128E-02
  1.62500000E-01  6.82367185E-02 -3.88858209E+01  0.00000000E+00  3.11116583E-01  6.82212543E-02 -1.78869539E-02
  1.65000000E-01  6.90141011E-02 -3.88856504E+01  0.00000000E+00  3.10817792E-01  6.82238744E-02 -1.78551391E-02
  1.67500000E-01  6.97907721E-02 -3.88854798E+01  0.00000000E+00  3.10545397E-01  6.82319778E-02 -1.78248567E-02
  1.70000000E-01  7.05667951E-02 -3.88853092E+01  0.00000000E+00  3.10297619E-01  6.82452094E-02 -1.77960025E-02
  1.72500000E-01  7.13422294E-02 -3.88851386E+01  0.00000000E+00  3.10072800E-01  6.82632374E-02 -1.77684793E-02
  1.75000000E-01  7.21171304E-02 -3.88849679E+01  0.00000000E+00  3.09869396E-01  6.82857515E-02 -1.77421966E-02
  1.77500000E-01  7.28915496E-02 -3.88847972E+01  0.00000000E+00  3.09685964E-01  6.83124620E-02 -1.77170698E-02
  1.80000000E-01  7.36655352E-02 -3.88846263E+01  0.00000000E+00  3.09521159E-01  6.83430981E-02 -1.76930200E-02
  1.82500000E-01  7.44391321E-02 -3.88844554E+01  0.00000000E+00  3.09373727E-01  6.83774066E-02 -1.76699738E-02
  1.85000000E-01  7.52123822E-02 -3.88842845E+01  0.00000000E+00  3.09242499E-01  6.84151512E-02 -1.76478626E-02
  1.87500000E-01  7.59853244E-02 -3.88841134E+01  0.00000000E+00  3.09126383E-01  6.84561108E-02 -1.76266223E-02
  1.90000000E-01  7.67579952E-02 -3.88839422E+01  0.00000000E+00  3.09024363E-01  6.85000789E-02 -1.76061933E-02
  1.92500000E-01  7.75304286E-02 -3.88837709E+01  0.00000000E+00  3.08935489E-01  6.85468626E-02 -1.75865200E-02
  1.95000000E-01  7.83026562E-02 -3.88835994E+01  0.00000000E+00  3.08858877E-01  6.85962816E-02 -1.75675504E-02
  1.97500000E-01  7.90747076E-02 -3.88834279E+01  0.00000000E+00  3.08793701E-01  6.86481674E-02 -1.75492361E-02
  2.00000000E-01  7.98466104E-02 -3.88832562E+01  0.00000000E+00  3.08739192E-01  6.87023626E-02 -1.75315321E-02
  2.02500000E-01  8.06183903E-02 -3.88830844E+01  0.00000000E+00  3.08694633E-01  6.87587201E-02 -1.75143961E-02
  2.05000000E-01  8.13900711E-02 -3.88829124E+01  0.00000000E+00  3.08659353E-01  6.88171024E-02 -1.74977888E-02
  2.07500000E-01  8.21616754E-02 -3.88827403E+01  0.00000000E+00  3.08632729E-01  6.88773810E-02 -1.74816737E-02
  2.10000000E-01  8.29332240E-02 -3.88825680E+01  0.00000000E+00  3.08614178E-01  6.89394361E-02 -1.74660166E-02
  2.12500000E-01  8.37047362E-02 -3.88823956E+01  0.00000000E+00  3.08603158E-01  6.90031554E-02 -1.74507855E-02
  2.15000000E-01  8.44762303E-02 -3.88822230E+01  0.00000000E+00  3.08599162E-01  6.90684341E-02 -1.74359508E-02
  2.17500000E-01  8.52477232E-02 -3.88820503E+01  0.00000000E+00  3.08601719E-01  6.91351744E-02 -1.74214848E-02
  2.20000000E-01  8.60192307E-02 -3.88818773E+01  0.00000000E+00  3.08610386E-01  6.92032848E-02 -1.74073615E-02
  2.22500000E-01  8.67907675E-02 -3.88817043E+01  0.00000000E+00  3.08624755E-01  6.92726797E-02 -1.73935569E-02
  2.25000000E-01  8.75623474E-02 -3.88815310E+01  0.00000000E+00  3.08644442E-01  6.93432794E-02 -1.73800485E-02
  2.27500000E-01  8.83339831E-02 -3.88813575E+01  0.00000000E+00  3.08669089E-01  6.94150091E-02 -1.73668153E-02
  2.30000000E-01  8.91056866E-02 -3.88811839E+01  0.00000000E+00  3.08698364E-01  6.94877992E-02 -1.73538377E-02
  2.32500000E-01  8.98774691E-02 -3.88810101E+01  0.00000000E+00  3.08731956E-01  6.95615845E-02 -1.73410976E-02
  2.35000000E-01  9.06493410E-02 -3.88808361E+01  0.00000000E+00  3.09010072E-01  7.00782100E-02 -1.75657673E-02
  2.37500000E-01  9.14222138E-02 -3.88806603E+01  0.00000000E+00  3.09043126E-01  7.01373583E-02 -1.75425772E-02
  2.40000000E-01  9.21948630E-02 -3.88804848E+01  0.00000000E+00  3.09076002E-01  7.01948126E-02 -1.75205338E-02
  2.42500000E-01  9.29675941E-02 -3.88803093E+01  0.00000000E+00  3.09111973E-01  7.02508682E-02 -1.74964185E-02
  2.45000000E-01  9.37404190E-02 -3.88801336E+01  0.00000000E+00  3.09151434E-01  7.03084937E-02 -1.74729024E-02
  2.47500000E-01  9.45133469E-02 -3.88799577E+01  0.00000000E+00  3.09194406E-01  7.03679859E-02 -1.74502451E-02
  2.50000000E-01  9.52863866E-02 -3.88797818E+01  0.00000000E+00  3.09240745E-01  7.04293850E-02 -1.74284776E-02
  2.52500000E-01  9.60595464E-02 -3.88796056E+01  0.00000000E+00  3.09290258E-01  7.04926226E-02 -1.74075700E-02
  2.55000000E-01  9.68328339E-02 -3.88794293E+01  0.00000000E+00  3.09342743E-01  7.05575999E-02 -1.73874733E-02
  2.57500000E-01  9.76062564E-02 -3.88792528E+01  0.00000000E+00  3.09398008E-01  7.06242123E-02 -1.73681347E-02
  2.60000000E-01  9.83798205E-02 -3.88790762E+01  0.00000000E+00  3.09455868E-01  7.06923583E-02 -1.73495024E-02
  2.62500000E-01  9.91535325E-02 -3.88788994E+01  0.00000000E+00  3.09516152E-01  7.07619415E-02 -1.73315275E-02
  2.65000000E-01  9.99273982E-02 -3.88787224E+01  0.00000000E+00  3.09578699E-01  7.08328717E-02 -1.73141641E-02
  2.67500000E-01  1.00701423E-01 -3.88785452E+01  0.00000000E+00  3.09643359E-01  7.09050643E-02 -1.72973694E-02
  2.70000000E-01  1.01475612E-01 -3.88783678E+01  0.00000000E+00  3.09709992E-01  7.09784403E-02 -1.72811034E-02
  2.72500000E-01  1.02249971E-01 -3.88781903E+01  0.00000000E+00  3.09778468E-01  7.10529259E-02 -1.72653289E-02
  2.75000000E-01  1.03024502E-01 -3.88780126E+01  0.00000000E+00  3.09848663E-01  7.11284523E-02 -1.72500113E-02
  2.77500000E-01  1.03799212E-01 -3.88778347E+01  0.00000000E+00  3.09920465E-01  7.12049550E-02 -1.72351183E-02
  2.80000000E-01  1.04574103E-01 -3.88776566E+01  0.00000000E+00  3.09993768E-01  7.12823742E-02 -1.72206199E-02
  2.82500000E-01  1.05349179E-01 -3.88774783E+01  0.00000000E+00  3.10068472E-01  7.13606536E-02 -1.72064881E-02
  2.85000000E-01  1.06124443E-01 -3.88772998E+01  0.00000000E+00  3.10144485E-01  7.14397410E-02 -1.71926968E-02
  2.87500000E-01  1.06899900E-01 -3.88771211E+01  0.00000000E+00  3.10221720E-01  7.15195874E-02 -1.71792217E-02
  2.90000000E-01  1.07675550E-01 -3.88769422E+01  0.00000000E+00  3.10300098E-01  7.16001473E-02 -1.71660403E-02
  2.92500000E-01  1.08451399E-01 -3.88767631E+01  0.00000000E+00  3.10379542E-01  7.16813779E-02 -1.71531315E-02
  2.95000000E-01  1.09227447E-01 -3.88765838E+01  0.00000000E+00  3.10459983E-01  7.17632396E-02 -1.71404758E-02
  2.97500000E-01  1.10003697E-01 -3.88764042E+01  0.00000000E+00  3.10541356E-01  7.18456952E-02 -1.71280549E-02
  3.00000000E-01  1.10780152E-01 -3.88762245E+01  0.00000000E+00  3.10623599E-01  7.19287100E-02 -1.71158519E-02
  3.02500000E-01  1.11556814E-01 -3.88760446E+01  0.00000000E+00  3.10706656E-01  7.20122517E-02 -1.71038509E-02
  3.05000000E-01  1.12333685E-01 -3.88758645E+01  0.00000000E+00  3.10790473E-01  7.20962900E-02 -1.70920373E-02
  3.07500000E-01  1.13110766E-01 -3.88756841E+01  0.00000000E+00  3.10875000E-01  7.21807967E-02 -1.70803973E-02
  3.10000000E-01  1.13888059E-01 -3.88755036E+01  0.00000000E+00  3.10960192E-01  7.22657455E-02 -1.70689182E-02
  3.12500000E-01  1.14665566E-01 -3.88753228E+01  0.00000000E+00  3.11046006E-01  7.23511118E-02 -1.70575882E-02
  3.15000000E-01  1.15443288E-01 -3.88751418E+01  0.00000000E+00  3.11132400E-01  7.24368726E-02 -1.70463962E-02
  3.17500000E-01  1.16221227E-01 -3.88749606E+01  0.00000000E+00  3.11219338E-01  7.25230065E-02 -1.70353319E-02
  3.20000000E-01  1.16999384E-01 -3.88747792E+01  0.00000000E+00  3.11306784E-01  7.26094935E-02 -1.70243859E-02
  3.22500000E-01  1.17777760E-01 -3.88745976E+01  0.00000000E+00  3.11394705E-01  7.26963149E-02 -1.70135491E-02
  3.25000000E-01  1.18556357E-01 -3.88744157E+01  0.00000000E+00  3.11483072E-01  7.27834533E-02 -1.70028133E-02
  3.27500000E-01  1.19335175E-01 -3.88742336E+01  0.00000000E+00  3.11571855E-01  7.28708924E-02 -1.69921708E-02
  3.30000000E-01  1.20114216E-01 -3.88740514E+01  0.00000000E+00  3.11661028E-01  7.29586171E-02 -1.69816145E-02
  3.32500000E-01  1.20893480E-01 -3.88738688E+01  0.00000000E+00  3.11750566E-01  7.30466131E-02 -1.69711376E-02
  3.35000000E-01  1.21672968E-01 -3.88736861E+01  0.00000000E+00  3.11840446E-01  7.31348672E-02 -1.69607340E-02
  3.37500000E-01  1.22452682E-01 -3.88735032E+01  0.00000000E+00  3.11930646E-01  7.32233671E-02 -1.69503979E-02
  3.40000000E-01  1.23232621E-01 -3.88733200E+01  0.00000000E+00  3.12021147E-01  7.33121013E-02 -1.69401239E-02
  3.42500000E-01  1.24012787E-01 -3.88731366E+01  0.00000000E+00  3.12111929E-01  7.34010588E-02 -1.69299070E-02
  3.45000000E-01  1.24793180E-01 -3.88729530E+01  0.00000000E+00  3.12202975E-01  7.34902299E-02 -1.69197426E-02
  3.47500000E-01  1.25573801E-01 -3.88727692E+01  0.00000000E+00  3.12294268E-01  7.35796049E-02 -1.69096264E-02
  3.50000000E-01  1.26354651E-01 -3.88725851E+01  0.00000000E+00  3.12385793E-01  7.36691753E-02 -1.68995544E-02
  3.52500000E-01  1.27135730E-01 -3.88724008E+01  0.00000000E+00  3.12477536E-01  7.37589327E-02 -1.68895227E-02
  3.55000000E-01  1.27917039E-01 -3.88722163E+01  0.00000000E+00  3.12569484E-01  7.38488697E-02 -1.68795281E-02
  3.57500000E-01  1.28698577E-01 -3.88720316E+01  0.00000000E+00  3.12661624E-01  7.39389791E-02 -1.68695671E-02
  3.60000000E-01  1.29480347E-01 -3.88718466E+01  0.00000000E+00  3.12753944E-01  7.40292542E-02 -1.68596368E-02
  3.62500000E-01  1.30262347E-01 -3.88716614E+01  0.00000000E+00  3.12846435E-01  7.41196889E-02 -1.68497345E-02
  3.65000000E-01  1.31044579E-01 -3.88714760E+01  0.00000000E+00  3.12939085E-01  7.42102774E-02 -1.68398575E-02
  3.67500000E-01  1.31827042E-01 -3.88712904E+01  0.00000000E+00  3.13031885E-01  7.43010142E-02 -1.68300035E-02
  3.70000000E-01  1.32609738E-01 -3.88711045E+01  0.00000000E+00  3.13124826E-01  7.43918944E-02 -1.68201701E-02
  3.72500000E-01  1.33392666E-01 -3.88709184E+01  0.00000000E+00  3.13217901E-01  7.44829132E-02 -1.68103554E-02
  3.75000000E-01  1.34175827E-01 -3.88707321E+01  0.00000000E+00  3.13311102E-01  7.45740663E-02 -1.68005573E-02
  3.77500000E-01  1.34959221E-01 -3.88705455E+01  0.00000000E+00  3.13404421E-01  7.46653495E-02 -1.67907742E-02
  3.80000000E-01  1.35742849E-01 -3.88703588E+01  0.00000000E+00  3.13497852E-01  7.47567591E-02 -1.67810043E-02
  3.82500000E-01  1.36526710E-01 -3.88701718E+01  0.00000000E+00  3.13591389E-01  7.48482915E-02 -1.67712460E-02
  3.85000000E-01  1.37310806E-01 -3.88699845E+01  0.00000000E+00  3.13685025E-01  7.49399433E-02 -1.67614980E-02
  3.87500000E-01  1.38095135E-01 -3.88697971E+01  0.00000000E+00  3.13778756E-01  7.50317115E-02 -1.67517590E-02
  3.90000000E-01  1.38879700E-01 -3.88696094E+01  0.00000000E+00  3.13872576E-01  7.51235931E-02 -1.67420276E-02
  3.92500000E-01  1.39664498E-01 -3.88694214E+01  0.00000000E+00  3.13966481E-01  7.52155855E-02 -1.67323027E-02
  3.95000000E-01  1.40449532E-01 -3.88692333E+01  0.00000000E+00  3.14060467E-01  7.53076861E-02 -1.67225833E-02
  3.97500000E-01  1.41234800E-01 -3.88690449E+01  0.00000000E+00  3.14154528E-01  7.53998926E-02 -1.67128683E-02
  4.00000000E-01  1.42020304E-01 -3.88688563E+01  0.00000000E+00  3.14248662E-01  7.54922027E-02 -1.67031569E-02
  4.02500000E-01  1.42806044E-01 -3.88686674E+01  0.00000000E+00  3.14342864E-01  7.55846145E-02 -1.66934483E-02
  4.05000000E-01  1.43592019E-01 -3.88684784E+01  0.00000000E+00  3.14437132E-01  7.56771261E-02 -1.66837415E-02
  4.07500000E-01  1.44378229E-01 -3.88682891E+01  0.00000000E+00  3.14531463E-01  7.57697355E-02 -1.66740360E-02
  4.10000000E-01  1.45164676E-01 -3.88680995E+01  0.00000000E+00  3.14625853E-01  7.58624413E-02 -1.66643310E-02
  4.12500000E-01  1.45951358E-01 -3.88679097E+01  0.00000000E+00  3.14720299E-01  7.59552417E-02 -1.66546258E-02
  4.15000000E-01  1.46738277E-01 -3.88677197E+01  0.00000000E+00  3.14814800E-01  7.60481355E-02 -1.66449200E-02
  4.17500000E-01  1.47525432E-01 -3.88675295E+01  0.00000000E+00  3.14909352E-01  7.61411212E-02 -1.66352129E-02
  4.20000000E-01  1.48312824E-01 -3.88673390E+01  0.00000000E+00  3.15003954E-01  7.62341975E-02 -1.66255042E-02
  4.22500000E-01  1.49100452E-01 -3.88671483E+01  0.00000000E+00  3.15098604E-01  7.63273633E-02 -1.66157932E-02
  4.25000000E-01  1.49888317E-01 -3.88669574E+01  0.00000000E+00  3.15193300E-01  7.64206175E-02 -1.66060797E-02
  4.27500000E-01  1.50676419E-01 -3.88667662E+01  0.00000000E+00  3.15288039E-01  7.65139591E-02 -1.65963631E-02
  4.30000000E-01  1.51464757E-01 -3.88665748E+01  0.00000000E+00  3.15382820E-01  7.66073870E-02 -1.65866432E-02
  4.32500000E-01  1.52253333E-01 -3.88663832E+01  0.00000000E+00  3.15477643E-01  7.67009005E-02 -1.65769196E-02
  4.35000000E-01  1.53042145E-01 -3.88661913E+01  0.00000000E+00  3.15572504E-01  7.67944986E-02 -1.65671920E-02
  4.37500000E-01  1.53831195E-01 -3.88659992E+01  0.00000000E+00  3.15667403E-01  7.68881807E-02 -1.65574602E-02
  4.40000000E-01  1.54620482E-01 -3.88658069E+01  0.00000000E+00  3.15762339E-01  7.69819459E-02 -1.65477237E-02
  4.42500000E-01  1.55410007E-01 -3.88656143E+01  0.00000000E+00  3.15857310E-01  7.70757936E-02 -1.65379825E-02
  4.45000000E-01  1.56199769E-01 -3.88654215E+01  0.00000000E+00  3.15952315E-01  7.71697232E-02 -1.65282363E-02
  4.47500000E-01  1.56989768E-01 -3.88652285E+01  0.00000000E+00  3.16047354E-01  7.72637340E-02 -1.65184849E-02
  4.50000000E-01  1.57780005E-01 -3.88650352E+01  0.00000000E+00  3.16142424E-01  7.73578255E-02 -1.65087281E-02
  4.52500000E-01  1.58570480E-01 -3.88648417E+01  0.00000000E+00  3.16237526E-01  7.74519973E-02 -1.64989657E-02
  4.55000000E-01  1.59361193E-01 -3.88646479E+01  0.00000000E+00  3.16332659E-01  7.75462487E-02 -1.64891975E-02
  4.57500000E-01  1.60152144E-01 -3.88644539E+01  0.00000000E+00  3.16427821E-01  7.76405794E-02 -1.64794235E-02
  4.60000000E-01  1.60943332E-01 -3.88642597E+01  0.00000000E+00  3.16523013E-01  7.77349890E-02 -1.64696435E-02
  4.62500000E-01  1.61734759E-01 -3.88640653E+01  0.00000000E+00  3.16618232E-01  7.78294769E-02 -1.64598573E-02
  4.65000000E-01  1.62526423E-01 -3.88638706E+01  0.00000000E+00  3.16713479E-01  7.79240430E-02 -1.64500650E-02
  4.67500000E-01  1.63318326E-01 -3.88636757E+01  0.00000000E+00  3.16808754E-01  7.80186868E-02 -1.64402662E-02
  4.70000000E-01  1.64110467E-01 -3.88634805E+01  0.00000000E+00  3.16904054E-01  7.81134080E-02 -1.64304611E-02
  4.72500000E-01  1.64902846E-01 -3.88632851E+01  0.00000000E+00  3.16999381E-01  7.82082062E-02 -1.64206494E-02
  4.75000000E-01  1.65695464E-01 -3.88630894E+01  0.00000000E+00  3.17094733E-01  7.83030813E-02 -1.64108311E-02
  4.77500000E-01  1.66488320E-01 -3.88628936E+01  0.00000000E+00  3.17190110E-01  7.83980330E-02 -1.64010062E-02
  4.80000000E-01  1.67281414E-01 -3.88626975E+01  0.00000000E+00  3.17285512E-01  7.84930609E-02 -1.63911745E-02
  4.82500000E-01  1.68074747E-01 -3.88625011E+01  0.00000000E+00  3.17380938E-01  7.85881649E-02 -1.63813360E-02
  4.85000000E-01  1.68868319E-01 -3.88623045E+01  0.00000000E+00  3.17476387E-01  7.86833447E-02 -1.63714908E-02
  4.87500000E-01  1.69662129E-01 -3.88621077E+01  0.00000000E+00  3.17571860E-01  7.87786002E-02 -1.63616386E-02
  4.90000000E-01  1.70456178E-01 -3.88619106E+01  0.00000000E+00  3.17667356E-01  7.88739310E-02 -1.63517795E-02
  4.92500000E-01  1.71250466E-01 -3.88617133E+01  0.00000000E+00  3.17762875E-01  7.89693372E-02 -1.63419135E-02
  4.95000000E-01  1.72044993E-01 -3.88615158E+01  0.00000000E+00  3.17858416E-01  7.90648184E-02 -1.63320405E-02
  4.97500000E-01  1.72839758E-01 -3.88613180E+01  0.00000000E+00  3.17953980E-01  7.91603745E-02 -1.63221605E-02
  5.00000000E-01  1.73634762E-01 -3.88611200E+01  0.00000000E+00  3.18049565E-01  7.92560054E-02 -1.63122734E-02
  5.02500000E-01  1.74430006E-01 -3.88609217E+01  0.00000000E+00  3.18145173E-01  7.93517109E-02 -1.63023793E-02
  5.05000000E-01  1.75225488E-01 -3.88607232E+01  0.00000000E+00  3.18240801E-01  7.94474908E-02 -1.62924780E-02
  5.07500000E-01  1.76021210E-01 -3.88605245E+01  0.00000000E+00  3.18336451E-01  7.95433451E-02 -1.62825697E-02
  5.10000000E-01  1.76817171E-01 -3.88603255E+01  0.00000000E+00  3.18432122E-01  7.96392736E-02 -1.62726543E-02
  5.12500000E-01  1.77613370E-01 -3.88601263E+01  0.00000000E+00  3.18527813E-01  7.97352762E-02 -1.62627318E-02
  5.15000000E-01  1.78409810E-01 -3.88599268E+01  0.00000000E+00  3.18623526E-01  7.98313528E-02 -1.62528021E-02
  5.17500000E-01  1.79206488E-01 -3.88597271E+01  0.00000000E+00  3.18719259E-01  7.99275032E-02 -1.62428653E-02
  5.20000000E-01  1.80003406E-01 -3.88595272E+01  0.00000000E+00  3.19033585E-01  8.03814467E-02 -1.64445543E-02
  5.22500000E-01  1.80801383E-01 -3.88593257E+01  0.00000000E+00  3.19122263E-01  8.04643873E-02 -1.64247513E-02
  5.25000000E-01  1.81599299E-01 -3.88591244E+01  0.00000000E+00  3.19206389E-01  8.05445898E-02 -1.64061799E-02
  5.27500000E-01  1.82397420E-01 -3.88589229E+01  0.00000000E+00  3.19291032E-01  8.06235082E-02 -1.63854613E-02
  5.30000000E-01  1.83195754E-01 -3.88587213E+01  0.00000000E+00  3.19376093E-01  8.07031893E-02 -1.63651179E-02
  5.32500000E-01  1.83994300E-01 -3.88585194E+01  0.00000000E+00  3.19461776E-01  8.07839160E-02 -1.63453866E-02
  5.35000000E-01  1.84793062E-01 -3.88583174E+01  0.00000000E+00  3.19548123E-01  8.08657536E-02 -1.63263029E-02
  5.37500000E-01  1.85592040E-01 -3.88581151E+01  0.00000000E+00  3.19635119E-01  8.09486768E-02 -1.63078497E-02
  5.40000000E-01  1.86391237E-01 -3.88579126E+01  0.00000000E+00  3.19722734E-01  8.10326335E-02 -1.62899925E-02
  5.42500000E-01  1.87190653E-01 -3.88577099E+01  0.00000000E+00  3.19810930E-01  8.11175651E-02 -1.62726931E-02
  5.45000000E-01  1.87990291E-01 -3.88575070E+01  0.00000000E+00  3.19899673E-01  8.12034133E-02 -1.62559137E-02
  5.47500000E-01  1.88790151E-01 -3.88573039E+01  0.00000000E+00  3.19988927E-01  8.12901230E-02 -1.62396183E-02
  5.50000000E-01  1.89590235E-01 -3.88571006E+01  0.00000000E+00  3.20078662E-01  8.13776419E-02 -1.62237734E-02
  5.52500000E-01  1.90390543E-01 -3.88568970E+01  0.00000000E+00  3.20168847E-01  8.14659214E-02 -1.62083474E-02
  5.55000000E-01  1.91191078E-01 -3.88566933E+01  0.00000000E+00  3.20259454E-01  8.15549159E-02 -1.61933110E-02
  5.57500000E-01  1.91991840E-01 -3.88564893E+01  0.00000000E+00  3.20350457E-01  8.16445828E-02 -1.61786370E-02
  5.60000000E-01  1.92792830E-01 -3.88562850E+01  0.00000000E+00  3.20441830E-01  8.17348824E-02 -1.61643000E-02
  5.62500000E-01  1.93594049E-01 -3.88560806E+01  0.00000000E+00  3.20533552E-01  8.18257776E-02 -1.61502763E-02
  5.65000000E-01  1.94395497E-01 -3.88558759E+01  0.00000000E+00  3.20625600E-01  8.19172337E-02 -1.61365438E-02
  5.67500000E-01  1.95197176E-01 -3.88556710E+01  0.00000000E+00  3.20717954E-01  8.20092184E-02 -1.61230822E-02
  5.70000000E-01  1.95999087E-01 -3.88554659E+01  0.00000000E+00  3.20810595E-01  8.21017014E-02 -1.61098723E-02
  5.72500000E-01  1.96801229E-01 -3.88552605E+01  0.00000000E+00  3.20903507E-01  8.21946545E-02 -1.60968964E-02
  5.75000000E-01  1.97603604E-01 -3.88550549E+01  0.00000000E+00  3.20996671E-01  8.22880514E-02 -1.60841379E-02
  5.77500000E-01  1.98406212E-01 -3.88548490E+01  0.00000000E+00  3.21090074E-01  8.23818676E-02 -1.60715814E-02
  5.80000000E-01  1.99209054E-01 -3.88546430E+01  0.00000000E+00  3.21183701E-01  8.24760800E-02 -1.60592126E-02
  5.82500000E-01  2.00012130E-01 -3.88544367E+01  0.00000000E+00  3.21277537E-01  8.25706672E-02 -1.60470181E-02
  5.85000000E-01  2.00815441E-01 -3.88542301E+01  0.00000000E+00  3.21371572E-01  8.26656092E-02 -1.60349856E-02
  5.87500000E-01  2.01618988E-01 -3.88540233E+01  0.00000000E+00  3.21465792E-01  8.27608874E-02 -1.60231035E-02
  5.90000000E-01  2.02422770E-01 -3.88538163E+01  0.00000000E+00  3.21560187E-01  8.28564842E-02 -1.60113610E-02
  5.92500000E-01  2.03226789E-01 -3.88536091E+01  0.00000000E+00  3.21654747E-01  8.29523833E-02 -1.59997481E-02
  5.95000000E-01  2.04031044E-01 -3.88534016E+01  0.00000000E+00  3.21749461E-01  8.30485697E-02 -1.59882554E-02
  5.97500000E-01  2.04835536E-01 -3.88531938E+01  0.00000000E+00  3.21844322E-01  8.31450290E-02 -1.59768744E-02
  6.00000000E-01  2.05640265E-01 -3.88529858E+01  0.00000000E+00  3.21939320E-01  8.32417480E-02 -1.59655969E-02
  6.02500000E-01  2.06445232E-01 -3.88527776E+01  0.00000000E+00 -5.43395808E-01 -1.36225141E-01  2.66858332E-02
  6.05000000E-01  2.04005074E-01 -3.88533925E+01  0.00000000E+00 -5.18526789E-01 -1.29679529E-01  2.41505422E-02
  6.07500000E-01  2.02739843E-01 -3.88537085E+01  0.00000000E+00 -4.87428944E-01 -1.21982563E-01  2.34318864E-02
  6.10000000E-01  2.01560143E-01 -3.88540039E+01  0.00000000E+00 -4.55609456E-01 -1.13966212E-01  2.17594911E-02
  6.12500000E-01  2.00460894E-01 -3.88542788E+01  0.00000000E+00 -4.25040648E-01 -1.06303161E-01  2.03455040E-02
  6.15000000E-01  1.99436503E-01 -3.88545349E+01  0.00000000E+00 -3.96249501E-01 -9.90909119E-02  1.90165049E-02
  6.17500000E-01  1.98481868E-01 -3.88547736E+01  0.00000000E+00 -3.69324718E-01 -9.23496483E-02  1.77706161E-02
  6.20000000E-01  1.97592212E-01 -3.88549961E+01  0.00000000E+00 -3.44208617E-01 -8.60637345E-02  1.66039379E-02
  6.22500000E-01  1.96763086E-01 -3.88552034E+01  0.00000000E+00 -3.20800117E-01 -8.02071573E-02  1.55120113E-02
  6.25000000E-01  1.95990346E-01 -3.88553966E+01  0.00000000E+00 -2.98989182E-01 -7.47518684E-02  1.44903834E-02
  6.27500000E-01  1.95270137E-01 -3.88555767E+01  0.00000000E+00 -2.78668091E-01 -6.96705177E-02  1.35347655E-02
  6.30000000E-01  1.94598868E-01 -3.88557445E+01  0.00000000E+00 -2.59734869E-01 -6.49372722E-02  1.26410792E-02
  6.32500000E-01  1.93973198E-01 -3.88559009E+01  0.00000000E+00 -2.42094094E-01 -6.05279979E-02  1.18054659E-02
  6.35000000E-01  1.93390013E-01 -3.88560467E+01  0.00000000E+00 -2.25656829E-01 -5.64202324E-02  1.10242829E-02
  6.37500000E-01  1.92846418E-01 -3.88561826E+01  0.00000000E+00 -2.10340298E-01 -5.25930945E-02  1.02940964E-02
  6.40000000E-01  1.92339713E-01 -3.88563093E+01  0.00000000E+00 -1.96067486E-01 -4.90271782E-02  9.61167333E-03
  6.42500000E-01  1.91867385E-01 -3.88564274E+01  0.00000000E+00 -1.82766741E-01 -4.57044478E-02  8.97397149E-03
  6.45000000E-01  1.91427094E-01 -3.88565375E+01  0.00000000E+00 -1.70371398E-01 -4.26081384E-02  8.37813091E-03
  6.47500000E-01  1.91016660E-01 -3.88566402E+01  0.00000000E+00 -1.58819422E-01 -3.97226639E-02  7.82146454E-03
  6.50000000E-01  1.90634051E-01 -3.88567359E+01  0.00000000E+00 -1.48053081E-01 -3.70335308E-02  7.30144926E-03
  6.52500000E-01  1.90277376E-01 -3.88568251E+01  0.00000000E+00 -1.38018639E-01 -3.45272597E-02  6.81571716E-03
  6.55000000E-01  1.89944873E-01 -3.88569083E+01  0.00000000E+00 -1.28666077E-01 -3.21913117E-02  6.36204706E-03
  6.57500000E-01  1.89634898E-01 -3.88569859E+01  0.00000000E+00 -1.19948826E-01 -3.00140210E-02  5.93835630E-03
  6.60000000E-01  1.89345923E-01 -3.88570582E+01  0.00000000E+00 -1.11823530E-01 -2.79845326E-02  5.54269293E-03
  6.62500000E-01  1.89076521E-01 -3.88571256E+01  0.00000000E+00 -1.04249816E-01 -2.60927443E-02  5.17322807E-03
  6.65000000E-01  1.88825363E-01 -3.88571885E+01  0.00000000E+00 -9.71900883E-02 -2.43292531E-02  4.82824881E-03
  6.67500000E-01  1.88591213E-01 -3.88572471E+01  0.00000000E+00 -9.06093330E-02 -2.26853058E-02  4.50615126E-03
  6.70000000E-01  1.88372915E-01 -3.88573017E+01  0.00000000E+00 -8.44749386E-02 -2.11527534E-02  4.20543408E-03
  6.72500000E-01  1.88169396E-01 -3.88573527E+01  0.00000000E+00 -7.87565291E-02 -1.97240078E-02  3.92469222E-03
  6.75000000E-01  1.87979653E-01 -3.88574002E+01  0.00000000E+00 -7.34258084E-02 -1.83920034E-02  3.66261112E-03
  6.77500000E-01  1.87802752E-01 -3.88574445E+01  0.00000000E+00 -6.84564166E-02 -1.71501595E-02  3.41796104E-03
  6.80000000E-01  1.87637822E-01 -3.88574859E+01  0.00000000E+00 -6.38237960E-02 -1.59923471E-02  3.18959192E-03
  6.82500000E-01  1.87484054E-01 -3.88575244E+01  0.00000000E+00 -5.95050664E-02 -1.49128574E-02  2.97642833E-03
  6.85000000E-01  1.87340689E-01 -3.88575603E+01  0.00000000E+00 -5.54789096E-02 -1.39063721E-02  2.77746481E-03
  6.87500000E-01  1.87207025E-01 -3.88575938E+01  0.00000000E+00 -5.17254615E-02 -1.29679367E-02  2.59176150E-03
  6.90000000E-01  1.87082403E-01 -3.88576251E+01  0.00000000E+00 -4.82262127E-02 -1.20929352E-02  2.41843991E-03
  6.92500000E-01  1.86966211E-01 -3.88576542E+01  0.00000000E+00 -4.49639147E-02 -1.12770665E-02  2.25667910E-03
  6.95000000E-01  1.86857879E-01 -3.88576814E+01  0.00000000E+00 -4.19224937E-02 -1.05163230E-02  2.10571194E-03
  6.97500000E-01  1.86756875E-01 -3.88577067E+01  0.00000000E+00 -3.90869700E-02 -9.80697015E-03  1.96482169E-03
  7.00000000E-01  1.86662702E-01 -3.88577304E+01  0.00000000E+00 -3.64433831E-02 -9.14552755E-03  1.83333875E-03
  7.02500000E-01  1.86574898E-01 -3.88577524E+01  0.00000000E+00 -3.39787219E-02 -8.52875174E-03  1.71063763E-03
  7.05000000E-01  1.86493032E-01 -3.88577730E+01  0.00000000E+00 -3.16808595E-02 -7.95361979E-03  1.59613407E-03
  7.07500000E-01  1.86416702E-01 -3.88577921E+01  0.00000000E+00 -2.95384934E-02 -7.41731416E-03  1.48928240E-03
  7.10000000E-01  1.86345534E-01 -3.88578100E+01  0.00000000E+00 -2.75410885E-02 -6.91720872E-03  1.38957301E-03
  7.12500000E-01  1.86279178E-01 -3.88578267E+01  0.00000000E+00 -2.56788254E-02 -6.45085557E-03  1.29653000E-03
  7.15000000E-01  1.86217309E-01 -3.88578422E+01  0.00000000E+00 -2.39425510E-02 -6.01597292E-03  1.20970899E-03
  7.17500000E-01  1.86159623E-01 -3.88578567E+01  0.00000000E+00 -2.23237334E-02 -5.61043371E-03  1.12869505E-03
  7.20000000E-01  1.86105837E-01 -3.88578702E+01  0.00000000E+00 -2.08144197E-02 -5.23225507E-03  1.05310078E-03
  7.22500000E-01  1.86055688E-01 -3.88578828E+01  0.00000000E+00 -1.94071961E-02 -4.87958849E-03  9.82564466E-04
  7.25000000E-01  1.86008929E-01 -3.88578946E+01  0.00000000E+00 -1.80951519E-02 -4.55071067E-03  9.16748453E-04
  7.27500000E-01  1.85965331E-01 -3.88579056E+01  0.00000000E+00 -1.68718446E-02 -4.24401499E-03  8.55337515E-04
  7.30000000E-01  1.85924680E-01 -3.88579158E+01  0.00000000E+00 -1.57312686E-02 -3.95800359E-03  7.98037391E-04
  7.32500000E-01  1.85886778E-01 -3.88579253E+01  0.00000000E+00 -1.46678252E-02 -3.69127996E-03  7.44573403E-04
  7.35000000E-01  1.85851438E-01 -3.88579342E+01  0.00000000E+00 -1.36762950E-02 -3.44254206E-03  6.94689162E-04
  7.37500000E-01  1.85818486E-01 -3.88579425E+01  0.00000000E+00 -1.27518122E-02 -3.21057590E-03  6.48145354E-04
  7.40000000E-01  1.85787762E-01 -3.88579502E+01  0.00000000E+00 -1.18898408E-02 -2.99424957E-03  6.04718618E-04
  7.42500000E-01  1.85759115E-01 -3.88579575E+01  0.00000000E+00 -1.10861516E-02 -2.79250770E-03  5.64200482E-04
  7.45000000E-01  1.85732404E-01 -3.88579642E+01  0.00000000E+00 -1.03368021E-02 -2.60436622E-03  5.26396379E-04
  7.47500000E-01  1.85707499E-01 -3.88579705E+01  0.00000000E+00 -9.63811654E-03 -2.42890754E-03  4.91124724E-04
  7.50000000E-01  1.85684277E-01 -3.88579763E+01  0.00000000E+00 -8.98666813E-03 -2.26527610E-03  4.58216053E-04
  7.52500000E-01  1.85662625E-01 -3.88579818E+01  0.00000000E+00 -8.37926197E-03 -2.11267408E-03  4.27512214E-04
  7.55000000E-01  1.85642436E-01 -3.88579869E+01  0.00000000E+00 -7.81291941E-03 -1.97035758E-03  3.98865622E-04
  7.57500000E-01  1.85623611E-01 -3.88579916E+01  0.00000000E+00 -7.28486339E-03 -1.83763290E-03  3.72138547E-04
  7.60000000E-01  1.85606059E-01 -3.88579960E+01  0.00000000E+00 -6.79250477E-03 -1.71385319E-03  3.47202467E-04
  7.62500000E-01  1.85589694E-01 -3.88580002E+01  0.00000000E+00 -6.33342962E-03 -1.59841525E-03  3.23937448E-04
  7.65000000E-01  1.85574434E-01 -3.88580040E+01  0.00000000E+00 -5.90538732E-03 -1.49075661E-03  3.02231575E-04
  7.67500000E-01  1.85560205E-01 -3.88580076E+01  0.00000000E+00 -5.50627950E-03 -1.39035274E-03  2.81980417E-04
  7.70000000E-01  1.85546939E-01 -3.88580110E+01  0.00000000E+00 -5.13414977E-03 -1.29671452E-03  2.63086529E-04
  7.72500000E-01  1.85534568E-01 -3.88580141E+01  0.00000000E+00 -4.78717408E-03 -1.20938583E-03  2.45458984E-04
  7.75000000E-01  1.85523034E-01 -3.88580170E+01  0.00000000E+00 -4.46365173E-03 -1.12794132E-03  2.29012940E-04
  7.77500000E-01  1.85512279E-01 -3.88580197E+01  0.00000000E+00 -4.16199708E-03 -1.05198432E-03  2.13669231E-04
  7.80000000E-01  1.85502252E-01 -3.88580223E+01  0.00000000E+00 -3.88073173E-03 -9.81144934E-04  1.99353993E-04
  7.82500000E-01  1.85492901E-01 -3.88580246E+01  0.00000000E+00 -3.61847725E-03 -9.15078216E-04  1.85998302E-04
  7.85000000E-01  1.85484183E-01 -3.88580268E+01  0.00000000E+00 -3.37394844E-03 -8.53462476E-04  1.73537854E-04
  7.87500000E-01  1.85476054E-01 -3.88580289E+01  0.00000000E+00 -3.14594701E-03 -7.95997720E-04  1.61912647E-04
  7.90000000E-01  1.85468474E-01 -3.88580308E+01  0.00000000E+00 -2.93335570E-03 -7.42404185E-04  1.51066699E-04
  7.92500000E-01  1.85461406E-01 -3.88580326E+01  0.00000000E+00 -2.73513279E-03 -6.92420974E-04  1.40947777E-04
  7.95000000E-01  1.85454816E-01 -3.88580343E+01  0.00000000E+00 -2.55030701E-03 -6.45804777E-04  1.31507148E-04
  7.97500000E-01  1.85448671E-01 -3.88580358E+01  0.00000000E+00 -2.37797275E-03 -6.02328693E-04  1.22699343E-04
  8.00000000E-01  1.85442942E-01 -3.88580373E+01  0.00000000E+00 -2.21728565E-03 -5.61781116E-04  1.14481938E-04
  8.02500000E-01  1.85437600E-01 -3.88580386E+01  0.00000000E+00 -2.06745841E-03 -5.23964706E-04  1.06815353E-04
  8.05000000E-01  1.85432618E-01 -3.88580399E+01  0.00000000E+00 -1.92775698E-03 -4.88695427E-04  9.96626612E-05
  8.07500000E-01  1.85427973E-01 -3.88580411E+01  0.00000000E+00 -1.79749693E-03 -4.55801649E-04  9.29894084E-05
  8.10000000E-01  1.85423643E-01 -3.88580422E+01  0.00000000E+00 -1.67604009E-03 -4.25123310E-04  8.67634509E-05
  8.12500000E-01  1.85419604E-01 -3.88580432E+01  0.00000000E+00 -1.56279145E-03 -3.96511138E-04  8.09547988E-05
  8.15000000E-01  1.85415839E-01 -3.88580441E+01  0.00000000E+00 -1.45719622E-03 -3.69825922E-04  7.55354727E-05
  8.17500000E-01  1.85412328E-01 -3.88580450E+01  0.00000000E+00 -1.35873711E-03 -3.44937832E-04  7.04793686E-05
  8.20000000E-01  1.85409054E-01 -3.88580459E+01  0.00000000E+00 -1.26693180E-03 -3.21725792E-04  6.57621325E-05
  8.22500000E-01  1.85406001E-01 -3.88580466E+01  0.00000000E+00 -1.18133057E-03 -3.00076884E-04  6.13610431E-05
  8.25000000E-01  1.85403155E-01 -3.88580474E+01  0.00000000E+00 -1.10151410E-03 -2.79885798E-04  5.72549024E-05
  8.27500000E-01  1.85400501E-01 -3.88580480E+01  0.00000000E+00 -1.02709142E-03 -2.61054325E-04  5.34239337E-05
  8.30000000E-01  1.85398026E-01 -3.88580487E+01  0.00000000E+00 -9.57697999E-04 -2.43490872E-04  4.98496861E-05
  8.32500000E-01  1.85395719E-01 -3.88580493E+01  0.00000000E+00 -8.92993920E-04 -2.27110017E-04  4.65149462E-05
  8.35000000E-01  1.85393567E-01 -3.88580498E+01  0.00000000E+00 -8.32662258E-04 -2.11832098E-04  4.34036546E-05
  8.37500000E-01  1.85391561E-01 -3.88580503E+01  0.00000000E+00 -7.76407508E-04 -1.97582819E-04  4.05008288E-05
  8.40000000E-01  1.85389690E-01 -3.88580508E+01  0.00000000E+00 -7.23954138E-04 -1.84292888E-04  3.77924910E-05
  8.42500000E-01  1.85387946E-01 -3.88580512E+01  0.00000000E+00 -6.75045239E-04 -1.71897687E-04  3.52656008E-05
  8.45000000E-01  1.85386320E-01 -3.88580517E+01  0.00000000E+00 -6.29441267E-04 -1.60336948E-04  3.29079923E-05
  8.47500000E-01  1.85384803E-01 -3.88580520E+01  0.00000000E+00 -5.86918869E-04 -1.49554466E-04  3.07083154E-05
  8.50000000E-01  1.85383389E-01 -3.88580524E+01  0.00000000E+00 -5.47269787E-04 -1.39497821E-04  2.86559813E-05
  8.52500000E-01  1.85382070E-01 -3.88580527E+01  0.00000000E+00 -5.10299841E-04 -1.30118126E-04  2.67411112E-05
  8.55000000E-01  1.85380841E-01 -3.88580530E+01  0.00000000E+00 -4.75827973E-04 -1.21369789E-04  2.49544889E-05
  8.57500000E-01  1.85379694E-01 -3.88580533E+01  0.00000000E+00 -4.43685363E-04 -1.13210288E-04  2.32875162E-05
  8.60000000E-01  1.85378625E-01 -3.88580536E+01  0.00000000E+00 -4.13714602E-04 -1.05599966E-04  2.17321719E-05
  8.62500000E-01  1.85377628E-01 -3.88580539E+01  0.00000000E+00 -3.85768918E-04 -9.85018379E-05  2.02809722E-05
  8.65000000E-01  1.85376699E-01 -3.88580541E+01  0.00000000E+00 -3.59711460E-04 -9.18814107E-05  1.89269357E-05
  8.67500000E-01  1.85375832E-01 -3.88580543E+01  0.00000000E+00 -3.35414625E-04 -8.57065147E-05  1.76635490E-05
  8.70000000E-01  1.85375024E-01 -3.88580545E+01  0.00000000E+00 -3.12759435E-04 -7.99471476E-05  1.64847355E-05
  8.72500000E-01  1.85374270E-01 -3.88580547E+01  0.00000000E+00 -2.91634952E-04 -7.45753281E-05  1.53848263E-05
  8.75000000E-01  1.85373568E-01 -3.88580549E+01  0.00000000E+00 -2.71937737E-04 -6.95649599E-05  1.43585327E-05
  8.77500000E-01  1.85372913E-01 -3.88580551E+01  0.00000000E+00 -2.53571341E-04 -6.48917047E-05  1.34009205E-05
  8.80000000E-01  1.85372302E-01 -3.88580552E+01  0.00000000E+00 -2.36445833E-04 -6.05328636E-05  1.25073866E-05
  8.82500000E-01  1.85371732E-01 -3.88580554E+01  0.00000000E+00 -2.20477359E-04 -5.64672668E-05  1.16736364E-05
  8.85000000E-01  1.85371201E-01 -3.88580555E+01  0.00000000E+00 -2.05587735E-04 -5.26751704E-05  1.08956637E-05
  8.87500000E-01  1.85370705E-01 -3.88580556E+01  0.00000000E+00 -1.91704058E-04 -4.91381605E-05  1.01697306E-05
  8.90000000E-01  1.85370243E-01 -3.88580558E+01  0.00000000E+00 -1.78758352E-04 -4.58390634E-05  9.49234996E-06
  8.92500000E-01  1.85369813E-01 -3.88580559E+01  0.00000000E+00 -1.66687237E-04 -4.27618623E-05  8.86026862E-06
  8.95000000E-01  1.85369411E-01 -3.88580560E+01  0.00000000E+00 -1.55431613E-04 -3.98916190E-05  8.27045149E-06
  8.97500000E-01  1.85369036E-01 -3.88580561E+01  0.00000000E+00 -1.44936378E-04 -3.72144016E-05  7.72006701E-06
  9.00000000E-01  1.85368687E-01 -3.88580562E+01  0.00000000E+00 -1.35150151E-04 -3.47172165E-05  7.20647349E-06
  9.02500000E-01  1.85368362E-01 -3.88580562E+01  0.00000000E+00 -1.26025022E-04 -3.23879452E-05  6.72720642E-06
  9.05000000E-01  1.85368058E-01 -3.88580563E+01  0.00000000E+00 -1.17516323E-04 -3.02152853E-05  6.27996651E-06
  9.07500000E-01  1.85367775E-01 -3.88580564E+01  0.00000000E+00 -1.09582402E-04 -2.81886957E-05  5.86260865E-06
  9.10000000E-01  1.85367511E-01 -3.88580565E+01  0.00000000E+00 -1.02184420E-04 -2.62983451E-05  5.47313157E-06
  9.12500000E-01  1.85367265E-01 -3.88580565E+01  0.00000000E+00 -9.52861671E-05 -2.45350643E-05  5.10966818E-06
  9.15000000E-01  1.85367035E-01 -3.88580566E+01  0.00000000E+00 -8.88538763E-05 -2.28903016E-05  4.77047655E-06
  9.17500000E-01  1.85366821E-01 -3.88580566E+01  0.00000000E+00 -8.28560645E-05 -2.13560813E-05  4.45393155E-06
  9.20000000E-01  1.85366621E-01 -3.88580567E+01  0.00000000E+00 -7.72633757E-05 -1.99249644E-05  4.15851700E-06
  9.22500000E-01  1.85366435E-01 -3.88580567E+01  0.00000000E+00 -7.20484376E-05 -1.85900133E-05  3.88281837E-06
  9.25000000E-01  1.85366261E-01 -3.88580568E+01  0.00000000E+00 -6.71857276E-05 -1.73447571E-05  3.62551592E-06
  9.27500000E-01  1.85366100E-01 -3.88580568E+01  0.00000000E+00 -6.26514479E-05 -1.61831610E-05  3.38537841E-06
  9.30000000E-01  1.85365949E-01 -3.88580569E+01  0.00000000E+00 -5.84234087E-05 -1.50995963E-05  3.16125712E-06
  9.32500000E-01  1.85365808E-01 -3.88580569E+01  0.00000000E+00 -5.44809197E-05 -1.40888133E-05  2.95208030E-06
  9.35000000E-01  1.85365677E-01 -3.88580569E+01  0.00000000E+00 -5.08046887E-05 -1.31459158E-05  2.75684806E-06
  9.37500000E-01  1.85365554E-01 -3.88580570E+01  0.00000000E+00 -4.73767273E-05 -1.22663373E-05  2.57462750E-06
  9.40000000E-01  1.85365440E-01 -3.88580570E+01  0.00000000E+00 -4.41802625E-05 -1.14458185E-05  2.40454826E-06
  9.42500000E-01  1.85365334E-01 -3.88580570E+01  0.00000000E+00 -4.11996545E-05 -1.06803872E-05  2.24579828E-06
  9.45000000E-01  1.85365234E-01 -3.88580570E+01  0.00000000E+00 -3.84203207E-05 -9.96633825E-06  2.09761992E-06
  9.47500000E-01  1.85365142E-01 -3.88580571E+01  0.00000000E+00 -3.58286636E-05 -9.30021618E-06  1.95930633E-06
  9.50000000E-01  1.85365055E-01 -3.88580571E+01  0.00000000E+00 -3.34120045E-05 -8.67879799E-06  1.83019799E-06
  9.52500000E-01  1.85364975E-01 -3.88580571E+01  0.00000000E+00 -3.11585215E-05 -8.09907766E-06  1.70967956E-06
  9.55000000E-01  1.85364900E-01 -3.88580571E+01  0.00000000E+00 -2.90571915E-05 -7.55825151E-06  1.59717694E-06
  9.57500000E-01  1.85364830E-01 -3.88580572E+01  0.00000000E+00 -2.70977362E-05 -7.05370455E-06  1.49215447E-06
  9.60000000E-01  1.85364764E-01 -3.88580572E+01  0.00000000E+00 -2.52705717E-05 -6.58299782E-06  1.39411236E-06
  9.62500000E-01  1.85364704E-01 -3.88580572E+01  0.00000000E+00 -2.35667619E-05 -6.14385650E-06  1.30258430E-06
  9.65000000E-01  1.85364647E-01 -3.88580572E+01  0.00000000E+00 -2.19779742E-05 -5.73415886E-06  1.21713521E-06
  9.67500000E-01  1.85364594E-01 -3.88580572E+01  0.00000000E+00 -2.04964391E-05 -5.35192594E-06  1.13735915E-06
  9.70000000E-01  1.85364544E-01 -3.88580572E+01  0.00000000E+00 -1.91149122E-05 -4.99531197E-06  1.06287734E-06
  9.72500000E-01  1.85364498E-01 -3.88580572E+01  0.00000000E+00 -1.78266384E-05 -4.66259538E-06  9.93336389E-07
  9.75000000E-01  1.85364455E-01 -3.88580572E+01  0.00000000E+00 -1.66253190E-05 -4.35217042E-06  9.28406542E-07
  9.77500000E-01  1.85364415E-01 -3.88580573E+01  0.00000000E+00 -1.55050810E-05 -4.06253939E-06  8.67780128E-07
  9.80000000E-01  1.85364378E-01 -3.88580573E+01  0.00000000E+00 -1.44604481E-05 -3.79230535E-06  8.11170065E-07
  9.82500000E-01  1.85364343E-01 -3.88580573E+01  0.00000000E+00 -1.34863141E-05 -3.54016536E-06  7.58308480E-07
  9.85000000E-01  1.85364311E-01 -3.88580573E+01  0.00000000E+00 -1.25779175E-05 -3.30490410E-06  7.08945424E-07
  9.87500000E-01  1.85364280E-01 -3.88580573E+01  0.00000000E+00 -1.17308189E-05 -3.08538803E-06  6.62847671E-07
  9.90000000E-01  1.85364252E-01 -3.88580573E+01  0.00000000E+00 -1.09408785E-05 -2.88055983E-06  6.19797598E-07
  9.92500000E-01  1.85364226E-01 -3.88580573E+01  0.00000000E+00 -1.02042363E-05 -2.68943331E-06  5.79592139E-07
  9.95000000E-01  1.85364201E-01 -3.88580573E+01  0.00000000E+00 -9.51729319E-06 -2.51108861E-06  5.42041808E-07
  9.97500000E-01  1.85364178E-01 -3.88580573E+01  0.00000000E+00 -8.87669297E-06 -2.34466772E-06  5.06969787E-07
  1.00000000E+00  1.85364157E-01 -3.88580573E+01  0.00000000E+00 -8.27930634E-06 -2.18937037E-06  4.74211073E-07
  1.00250000E+00  1.85364137E-01 -3.88580573E+01  0.00000000E+00 -7.72221535E-06 -2.04445007E-06  4.43611696E-07
  1.00500000E+00  1.85364118E-01 -3.88580573E+01  0.00000000E+00 -7.20269917E-06 -1.90921053E-06  4.15027984E-07
