  0.00000000E+00  0.00000000E+00 -3.89000000E+01  0.00000000E+00  8.34495752E-01  1.63211922E-01 -5.03425030E-02
  2.50000000E-03  2.08623938E-03 -3.88995920E+01  0.00000000E+00  7.99246875E-01  1.56787303E-01 -4.81234445E-02
  5.00000000E-03  4.04029547E-03 -3.88992080E+01  0.00000000E+00  7.66311363E-01  1.50784798E-01 -4.60716833E-02
  7.50000000E-03  5.91490449E-03 -3.88988386E+01  0.00000000E+00  7.35339348E-01  1.45131754E-01 -4.41517809E-02
  1.00000000E-02  7.71453784E-03 -3.88984828E+01  0.00000000E+00  7.06348851E-01  1.39831122E-01 -4.23612323E-02
  1.25000000E-02  9.44417185E-03 -3.88981399E+01  0.00000000E+00  6.79260349E-01  1.34869401E-01 -4.06928574E-02
  1.50000000E-02  1.11084621E-02 -3.88978089E+01  0.00000000E+00  6.53966622E-01  1.30228417E-01 -3.91389303E-02
  1.75000000E-02  1.27117615E-02 -3.88974891E+01  0.00000000E+00  6.30356112E-01  1.25889191E-01 -3.76916863E-02
  2.00000000E-02  1.42581386E-02 -3.88971798E+01  0.00000000E+00  6.08320562E-01  1.21833225E-01 -3.63437182E-02
  2.25000000E-02  1.57513956E-02 -3.88968803E+01  0.00000000E+00  5.87757315E-01  1.18042901E-01 -3.50880823E-02
  2.50000000E-02  1.71950848E-02 -3.88965899E+01  0.00000000E+00  5.68569837E-01  1.14501577E-01 -3.39183107E-02
  2.75000000E-02  1.85925251E-02 -3.88963081E+01  0.00000000E+00  5.50667626E-01  1.11193582E-01 -3.28283920E-02
  3.00000000E-02  1.99468164E-02 -3.88960343E+01  0.00000000E+00  5.33965951E-01  1.08104183E-01 -3.18127437E-02
  3.25000000E-02  2.12608542E-02 -3.88957679E+01  0.00000000E+00  5.18385529E-01  1.05219535E-01 -3.08661820E-02
  3.50000000E-02  2.25373424E-02 -3.88955084E+01  0.00000000E+00  5.03852204E-01  1.02526641E-01 -2.99838936E-02
  3.75000000E-02  2.37788063E-02 -3.88952555E+01  0.00000000E+00  4.90296627E-01  1.00013298E-01 -2.91614083E-02
  4.00000000E-02  2.49876034E-02 -3.88950086E+01  0.00000000E+00  4.77653965E-01  9.76680565E-02 -2.83945742E-02
  4.25000000E-02  2.61659350E-02 -3.88947673E+01  0.00000000E+00  4.65863611E-01  9.54801769E-02 -2.76795338E-02
  4.50000000E-02  2.73158561E-02 -3.88945314E+01  0.00000000E+00  4.54868924E-01  9.34395871E-02 -2.70127032E-02
  4.75000000E-02  2.84392850E-02 -3.88943003E+01  0.00000000E+00  4.44616972E-01  9.15368441E-02 -2.63907516E-02
  5.00000000E-02  2.95380125E-02 -3.88940739E+01  0.00000000E+00  4.35058300E-01  8.97630969E-02 -2.58105829E-02
  5.25000000E-02  3.06137099E-02 -3.88938517E+01  0.00000000E+00  4.26146708E-01  8.81100511E-02 -2.52693190E-02
  5.50000000E-02  3.16679372E-02 -3.88936335E+01  0.00000000E+00  4.17839036E-01  8.65699356E-02 -2.47642836E-02
  5.75000000E-02  3.27021502E-02 -3.88934190E+01  0.00000000E+00  4.10094977E-01  8.51354706E-02 -2.42929878E-02
  6.00000000E-02  3.37177076E-02 -3.88932079E+01  0.00000000E+00  4.02876886E-01  8.37998381E-02 -2.38531169E-02
  6.25000000E-02  3.47158772E-02 -3.88930001E+01  0.00000000E+00  3.96149611E-01  8.25566535E-02 -2.34425171E-02
  6.50000000E-02  3.56978421E-02 -3.88927952E+01  0.00000000E+00  3.89880328E-01  8.13999390E-02 -2.30591850E-02
  6.75000000E-02  3.66647063E-02 -3.88925932E+01  0.00000000E+00  3.84038393E-01  8.03240984E-02 -2.27012559E-02
  7.00000000E-02  3.76174999E-02 -3.88923937E+01  0.00000000E+00  3.78595196E-01  7.93238934E-02 -2.23669947E-02
  7.25000000E-02  3.85571839E-02 -3.88921967E+01  0.00000000E+00  3.73524031E-01  7.83944213E-02 -2.20547862E-02
  7.50000000E-02  3.94846550E-02 -3.88920018E+01  0.00000000E+00  3.68799968E-01  7.75310941E-02 -2.17631268E-02
  7.75000000E-02  4.04007498E-02 -3.88918091E+01  0.00000000E+00  3.64399739E-01  7.67296187E-02 -2.14906167E-02
  8.00000000E-02  4.13062489E-02 -3.88916183E+01  0.00000000E+00  3.60301627E-01  7.59859783E-02 -2.12359524E-02
  8.25000000E-02  4.22018803E-02 -3.88914292E+01  0.00000000E+00  3.56485365E-01  7.52964149E-02 -2.09979199E-02
  8.50000000E-02  4.30883234E-02 -3.88912419E+01  0.00000000E+00  3.52932037E-01  7.46574130E-02 -2.07753890E-02
  8.75000000E-02  4.39662118E-02 -3.88910560E+01  0.00000000E+00  3.49623993E-01  7.40656843E-02 -2.05673064E-02
  9.00000000E-02  4.48361368E-02 -3.88908716E+01  0.00000000E+00  3.46544762E-01  7.35181531E-02 -2.03726914E-02
  9.25000000E-02  4.56986496E-02 -3.88906885E+01  0.00000000E+00  3.43678976E-01  7.30119426E-02 -2.01906302E-02
  9.50000000E-02  4.65542648E-02 -3.88905066E+01  0.00000000E+00  3.41012295E-01  7.25443627E-02 -2.00202714E-02
  9.75000000E-02  4.74034622E-02 -3.88903258E+01  0.00000000E+00  3.38531339E-01  7.21128975E-02 -1.98608217E-02
  1.00000000E-01  4.82466894E-02 -3.88901461E+01  0.00000000E+00  3.36223625E-01  7.17151943E-02 -1.97115421E-02
  1.02500000E-01  4.90843638E-02 -3.88899673E+01  0.00000000E+00  3.34077506E-01  7.13490534E-02 -1.95717436E-02
  1.05000000E-01  4.99168749E-02 -3.88897894E+01  0.00000000E+00  3.32082118E-01  7.10124179E-02 -1.94407844E-02
  1.07500000E-01  5.07445860E-02 -3.88896122E+01  0.00000000E+00  3.30227322E-01  7.07033646E-02 -1.93180661E-02
  1.10000000E-01  5.15678358E-02 -3.88894359E+01  0.00000000E+00  3.28503664E-01  7.04200955E-02 -1.92030311E-02
  1.12500000E-01  5.23869404E-02 -3.88892602E+01  0.00000000E+00  3.26902321E-01  7.01609297E-02 -1.90951595E-02
  1.15000000E-01  5.32021945E-02 -3.88890851E+01  0.00000000E+00  3.25415064E-01  6.99242957E-02 -1.89939669E-02
  1.17500000E-01  5.40138731E-02 -3.88889106E+01  0.00000000E+00  3.24034216E-01  6.97087244E-02 -1.88990014E-02
  1.20000000E-01  5.48222326E-02 -3.88887366E+01  0.00000000E+00  3.22752617E-01  6.95128425E-02 -1.88098421E-02
  1.22500000E-01  5.56275121E-02 -3.88885630E+01  0.00000000E+00  3.21563586E-01  6.93353662E-02 -1.87260962E-02
  1.25000000E-01  5.64299348E-02 -3.88883899E+01  0.00000000E+00  3.20460894E-01  6.91750955E-02 -1.86473979E-02
  1.27500000E-01  5.72297087E-02 -3.88882172E+01  0.00000000E+00  3.19438729E-01  6.90309088E-02 -1.85734058E-02
  1.30000000E-01  5.80270278E-02 -3.88880448E+01  0.00000000E+00  3.18491669E-01  6.89017575E-02 -1.85038018E-02
  1.32500000E-01  5.88220731E-02 -3.88878727E+01  0.00000000E+00  3.17614658E-01  6.87866618E-02 -1.84382890E-02
  1.35000000E-01  5.96150135E-02 -3.88877009E+01  0.00000000E+00  3.16802980E-01  6.86847057E-02 -1.83765909E-02
  1.37500000E-01  6.04060064E-02 -3.88875293E+01  0.00000000E+00  3.16052236E-01  6.85950330E-02 -1.83184495E-02
  1.40000000E-01  6.11951985E-02 -3.88873579E+01  0.00000000E+00  3.15358323E-01  6.85168436E-02 -1.82636242E-02
  1.42500000E-01  6.19827269E-02 -3.88871867E+01  0.00000000E+00  3.14717414E-01  6.84493898E-02 -1.82118906E-02
  1.45000000E-01  6.27687193E-02 -3.88870157E+01  0.00000000E+00  3.14125940E-01  6.83919725E-02 -1.81630396E-02
  1.47500000E-01  6.35532948E-02 -3.88868448E+01  0.00000000E+00  3.13580572E-01  6.83439386E-02 -1.81168760E-02
  1.50000000E-01  6.43365646E-02 -3.88866740E+01  0.00000000E+00  3.13078205E-01  6.83046776E-02 -1.80732178E-02
  1.52500000E-01  6.51186321E-02 -3.88865033E+01  0.00000000E+00  3.12615943E-01  6.82736189E-02 -1.80318954E-02
  1.55000000E-01  6.58995941E-02 -3.88863326E+01  0.00000000E+00  3.12191085E-01  6.82502295E-02 -1.79927506E-02
  1.57500000E-01  6.66795408E-02 -3.88861620E+01  0.00000000E+00  3.11801112E-01  6.82340109E-02 -1.79556356E-02
  1.60000000E-01  6.74585561E-02 -3.88859915E+01  0.00000000E+00  3.11443676E-01  6.82244976E-02 -1.79204128E-02
  1.62500000E-01  6.82367185E-02 -3.88858209E+01  0.00000000E+00  3.11116583E-01  6.82212543E-02 -1.78869539E-02
  1.65000000E-01  6.90141011E-02 -3.88856504E+01  0.00000000E+00  3.10817792E-01  6.82238744E-02 -1.78551391E-02
  1.67500000E-01  6.97907721E-02 -3.88854798E+01  0.00000000E+00  3.10545397E-01  6.82319778E-02 -1.78248567E-02
  1.70000000E-01  7.05667951E-02 -3.88853092E+01  0.00000000E+00  3.10297619E-01  6.82452094E-02 -1.77960025E-02
  1.72500000E-01  7.13422294E-02 -3.88851386E+01  0.00000000E+00  3.10072800E-01  6.82632374E-02 -1.77684793E-02
  1.75000000E-01  7.21171304E-02 -3.88849679E+01  0.00000000E+00  3.09869396E-01  6.82857515E-02 -1.77421966E-02
  1.77500000E-01  7.28915496E-02 -3.88847972E+01  0.00000000E+00  3.09685964E-01  6.83124620E-02 -1.77170698E-02
  1.80000000E-01  7.36655352E-02 -3.88846263E+01  0.00000000E+00  3.09521159E-01  6.83430981E-02 -1.76930200E-02
  1.82500000E-01  7.44391321E-02 -3.88844554E+01  0.00000000E+00  3.09373727E-01  6.83774066E-02 -1.76699738E-02
  1.85000000E-01  7.52123822E-02 -3.88842845E+01  0.00000000E+00  3.09242499E-01  6.84151512E-02 -1.76478626E-02
  1.87500000E-01  7.59853244E-02 -3.88841134E+01  0.00000000E+00  3.09126383E-01  6.84561108E-02 -1.76266223E-02
  1.90000000E-01  7.67579952E-02 -3.88839422E+01  0.00000000E+00  3.09024363E-01  6.85000789E-02 -1.76061933E-02
  1.92500000E-01  7.75304286E-02 -3.88837709E+01  0.00000000E+00  3.08935489E-01  6.85468626E-02 -1.75865200E-02
  1.95000000E-01  7.83026562E-02 -3.88835994E+01  0.00000000E+00  3.08858877E-01  6.85962816E-02 -1.75675504E-02
  1.97500000E-01  7.90747076E-02 -3.88834279E+01  0.00000000E+00  3.08793701E-01  6.86481674E-02 -1.75492361E-02
  2.00000000E-01  7.98466104E-02 -3.88832562E+01  0.00000000E+00  3.08739192E-01  6.87023626E-02 -1.75315321E-02
  2.02500000E-01  8.06183903E-02 -3.88830844E+01  0.00000000E+00  3.08694633E-01  6.87587201E-02 -1.75143961E-02
  2.05000000E-01  8.13900711E-02 -3.88829124E+01  0.00000000E+00  3.08659353E-01  6.88171024E-02 -1.74977888E-02
  2.07500000E-01  8.21616754E-02 -3.88827403E+01  0.00000000E+00  3.08632729E-01  6.88773810E-02 -1.74816737E-02
  2.10000000E-01  8.29332240E-02 -3.88825680E+01  0.00000000E+00  3.08614178E-01  6.89394361E-02 -1.74660166E-02
  2.12500000E-01  8.37047362E-02 -3.88823956E+01  0.00000000E+00  3.08603158E-01  6.90031554E-02 -1.74507855E-02
  2.15000000E-01  8.44762303E-02 -3.88822230E+01  0.00000000E+00  3.08599162E-01  6.90684341E-02 -1.74359508E-02
  2.17500000E-01  8.52477232E-02 -3.88820503E+01  0.00000000E+00  3.08601719E-01  6.91351744E-02 -1.74214848E-02
  2.20000000E-01  8.60192307E-02 -3.88818773E+01  0.00000000E+00  3.08610386E-01  6.92032848E-02 -1.74073615E-02
  2.22500000E-01  8.67907675E-02 -3.88817043E+01  0.00000000E+00  3.08624755E-01  6.92726797E-02 -1.73935569E-02
  2.25000000E-01  8.75623474E-02 -3.88815310E+01  0.00000000E+00  3.08644442E-01  6.93432794E-02 -1.73800485E-02
  2.27500000E-01  8.83339831E-02 -3.88813575E+01  0.00000000E+00  3.08669089E-01  6.94150091E-02 -1.73668153E-02
  2.30000000E-01  8.91056866E-02 -3.88811839E+01  0.00000000E+00  3.08698364E-01  6.94877992E-02 -1.73538377E-02
  2.32500000E-01  8.98774691E-02 -3.88810101E+01  0.00000000E+00  3.08731956E-01  6.95615845E-02 -1.73410976E-02
  2.35000000E-01  9.06493410E-02 -3.88808361E+01  0.00000000E+00  3.09005076E-01  7.00776852E-02 -1.75618784E-02
  2.37500000E-01  9.14221951E-02 -3.88806603E+01  0.00000000E+00  3.09038336E-01  7.01368058E-02 -1.75388454E-02
  2.40000000E-01  9.21948325E-02 -3.88804849E+01  0.00000000E+00  3.09071398E-01  7.01942569E-02 -1.75170005E-02
  2.42500000E-01  9.29675523E-02 -3.88803093E+01  0.00000000E+00  3.09107595E-01  7.02502957E-02 -1.74930852E-02
  2.45000000E-01  9.37403666E-02 -3.88801336E+01  0.00000000E+00  3.09147273E-01  7.03079061E-02 -1.74697595E-02
  2.47500000E-01  9.45132844E-02 -3.88799578E+01  0.00000000E+00  3.09190449E-01  7.03673852E-02 -1.74472810E-02
  2.50000000E-01  9.52863145E-02 -3.88797818E+01  0.00000000E+00  3.09236978E-01  7.04287735E-02 -1.74256801E-02
  2.52500000E-01  9.60594651E-02 -3.88796056E+01  0.00000000E+00  3.09286668E-01  7.04920024E-02 -1.74049274E-02
  2.55000000E-01  9.68327438E-02 -3.88794293E+01  0.00000000E+00  3.09339318E-01  7.05569727E-02 -1.73849746E-02
  2.57500000E-01  9.76061579E-02 -3.88792528E+01  0.00000000E+00  3.09394737E-01  7.06235798E-02 -1.73657696E-02
  2.60000000E-01  9.83797141E-02 -3.88790762E+01  0.00000000E+00  3.09452740E-01  7.06917219E-02 -1.73472614E-02
  2.62500000E-01  9.91534184E-02 -3.88788994E+01  0.00000000E+00  3.09513156E-01  7.07613026E-02 -1.73294017E-02
  2.65000000E-01  9.99272768E-02 -3.88787224E+01  0.00000000E+00  3.09575827E-01  7.08322314E-02 -1.73121453E-02
  2.67500000E-01  1.00701295E-01 -3.88785452E+01  0.00000000E+00  3.09640601E-01  7.09044235E-02 -1.72954498E-02
  2.70000000E-01  1.01475477E-01 -3.88783679E+01  0.00000000E+00  3.09707341E-01  7.09777999E-02 -1.72792759E-02
  2.72500000E-01  1.02249829E-01 -3.88781903E+01  0.00000000E+00  3.09775915E-01  7.10522868E-02 -1.72635869E-02
  2.75000000E-01  1.03024354E-01 -3.88780126E+01  0.00000000E+00  3.09846202E-01  7.11278150E-02 -1.72483487E-02
  2.77500000E-01  1.03799058E-01 -3.88778347E+01  0.00000000E+00  3.09918090E-01  7.12043202E-02 -1.72335293E-02
  2.80000000E-01  1.04573943E-01 -3.88776566E+01  0.00000000E+00  3.09991472E-01  7.12817423E-02 -1.72190992E-02
  2.82500000E-01  1.05349013E-01 -3.88774783E+01  0.00000000E+00  3.10066249E-01  7.13600250E-02 -1.72050307E-02
  2.85000000E-01  1.06124272E-01 -3.88772998E+01  0.00000000E+00  3.10142330E-01  7.14391161E-02 -1.71912982E-02
  2.87500000E-01  1.06899723E-01 -3.88771211E+01  0.00000000E+00  3.10219629E-01  7.15189664E-02 -1.71778776E-02
  2.90000000E-01  1.07675369E-01 -3.88769422E+01  0.00000000E+00  3.10298065E-01  7.15995304E-02 -1.71647468E-02
  2.92500000E-01  1.08451212E-01 -3.88767631E+01  0.00000000E+00  3.10377563E-01  7.16807654E-02 -1.71518850E-02
  2.95000000E-01  1.09227256E-01 -3.88765838E+01  0.00000000E+00  3.10458055E-01  7.17626315E-02 -1.71392728E-02
  2.97500000E-01  1.10003501E-01 -3.88764043E+01  0.00000000E+00  3.10539474E-01  7.18450915E-02 -1.71268923E-02
  3.00000000E-01  1.10779952E-01 -3.88762246E+01  0.00000000E+00  3.10621760E-01  7.19281109E-02 -1.71147267E-02
  3.02500000E-01  1.11556609E-01 -3.88760446E+01  0.00000000E+00  3.10704857E-01  7.20116570E-02 -1.71027604E-02
  3.05000000E-01  1.12333475E-01 -3.88758645E+01  0.00000000E+00  3.10788711E-01  7.20956998E-02 -1.70909789E-02
  3.07500000E-01  1.13110552E-01 -3.88756842E+01  0.00000000E+00  3.10873272E-01  7.21802109E-02 -1.70793688E-02
  3.10000000E-01  1.13887841E-01 -3.88755036E+01  0.00000000E+00  3.10958496E-01  7.22651640E-02 -1.70679174E-02
  3.12500000E-01  1.14665343E-01 -3.88753228E+01  0.00000000E+00  3.11044338E-01  7.23505345E-02 -1.70566131E-02
  3.15000000E-01  1.15443061E-01 -3.88751419E+01  0.00000000E+00  3.11130759E-01  7.24362994E-02 -1.70454449E-02
  3.17500000E-01  1.16220996E-01 -3.88749607E+01  0.00000000E+00  3.11217722E-01  7.25224373E-02 -1.70344027E-02
  3.20000000E-01  1.16999149E-01 -3.88747792E+01  0.00000000E+00  3.11305191E-01  7.26089281E-02 -1.70234771E-02
  3.22500000E-01  1.17777522E-01 -3.88745976E+01  0.00000000E+00  3.11393133E-01  7.26957531E-02 -1.70126592E-02
  3.25000000E-01  1.18556114E-01 -3.88744158E+01  0.00000000E+00  3.11481519E-01  7.27828950E-02 -1.70019411E-02
  3.27500000E-01  1.19334929E-01 -3.88742337E+01  0.00000000E+00  3.11570319E-01  7.28703374E-02 -1.69913149E-02
  3.30000000E-01  1.20113966E-01 -3.88740514E+01  0.00000000E+00  3.11659509E-01  7.29580651E-02 -1.69807737E-02
  3.32500000E-01  1.20893226E-01 -3.88738689E+01  0.00000000E+00  3.11749061E-01  7.30460640E-02 -1.69703108E-02
  3.35000000E-01  1.21672710E-01 -3.88736862E+01  0.00000000E+00  3.11838955E-01  7.31343208E-02 -1.69599202E-02
  3.37500000E-01  1.22452420E-01 -3.88735032E+01  0.00000000E+00  3.11929168E-01  7.32228231E-02 -1.69495962E-02
  3.40000000E-01  1.23232356E-01 -3.88733201E+01  0.00000000E+00  3.12019679E-01  7.33115594E-02 -1.69393334E-02
  3.42500000E-01  1.24012518E-01 -3.88731367E+01  0.00000000E+00  3.12110471E-01  7.34005190E-02 -1.69291269E-02
  3.45000000E-01  1.24792908E-01 -3.88729531E+01  0.00000000E+00  3.12201526E-01  7.34896918E-02 -1.69189722E-02
  3.47500000E-01  1.25573525E-01 -3.88727692E+01  0.00000000E+00  3.12292828E-01  7.35790684E-02 -1.69088649E-02
  3.50000000E-01  1.26354372E-01 -3.88725852E+01  0.00000000E+00  3.12384360E-01  7.36686401E-02 -1.68988011E-02
  3.52500000E-01  1.27135447E-01 -3.88724009E+01  0.00000000E+00  3.12476110E-01  7.37583987E-02 -1.68887772E-02
  3.55000000E-01  1.27916752E-01 -3.88722164E+01  0.00000000E+00  3.12568064E-01  7.38483366E-02 -1.68787896E-02
  3.57500000E-01  1.28698287E-01 -3.88720316E+01  0.00000000E+00  3.12660209E-01  7.39384467E-02 -1.68688353E-02
  3.60000000E-01  1.29480053E-01 -3.88718467E+01  0.00000000E+00  3.12752534E-01  7.40287223E-02 -1.68589112E-02
  3.62500000E-01  1.30262049E-01 -3.88716615E+01  0.00000000E+00  3.12845028E-01  7.41191572E-02 -1.68490146E-02
  3.65000000E-01  1.31044278E-01 -3.88714761E+01  0.00000000E+00  3.12937682E-01  7.42097457E-02 -1.68391429E-02
  3.67500000E-01  1.31826738E-01 -3.88712905E+01  0.00000000E+00  3.13030485E-01  7.43004823E-02 -1.68292938E-02
  3.70000000E-01  1.32609430E-01 -3.88711046E+01  0.00000000E+00  3.13123429E-01  7.43913621E-02 -1.68194650E-02
  3.72500000E-01  1.33392355E-01 -3.88709185E+01  0.00000000E+00  3.13216506E-01  7.44823803E-02 -1.68096545E-02
  3.75000000E-01  1.34175512E-01 -3.88707322E+01  0.00000000E+00  3.13309708E-01  7.45735325E-02 -1.67998604E-02
  3.77500000E-01  1.34958903E-01 -3.88705456E+01  0.00000000E+00  3.13403029E-01  7.46648147E-02 -1.67900809E-02
  3.80000000E-01  1.35742527E-01 -3.88703589E+01  0.00000000E+00  3.13496460E-01  7.47562231E-02 -1.67803143E-02
  3.82500000E-01  1.36526385E-01 -3.88701718E+01  0.00000000E+00  3.13589998E-01  7.48477540E-02 -1.67705592E-02
  3.85000000E-01  1.37310477E-01 -3.88699846E+01  0.00000000E+00  3.13683634E-01  7.49394042E-02 -1.67608141E-02
  3.87500000E-01  1.38094803E-01 -3.88697972E+01  0.00000000E+00  3.13777365E-01  7.50311705E-02 -1.67510777E-02
  3.90000000E-01  1.38879364E-01 -3.88696095E+01  0.00000000E+00  3.13871185E-01  7.51230501E-02 -1.67413488E-02
  3.92500000E-01  1.39664159E-01 -3.88694215E+01  0.00000000E+00  3.13965089E-01  7.52150403E-02 -1.67316262E-02
  3.95000000E-01  1.40449189E-01 -3.88692334E+01  0.00000000E+00  3.14059073E-01  7.53071385E-02 -1.67219090E-02
  3.97500000E-01  1.41234454E-01 -3.88690450E+01  0.00000000E+00  3.14153134E-01  7.53993425E-02 -1.67121960E-02
  4.00000000E-01  1.42019955E-01 -3.88688564E+01  0.00000000E+00 -5.30250413E-01 -1.23096618E-01  2.79132732E-02
  4.02500000E-01  1.39638824E-01 -3.88694122E+01  0.00000000E+00 -5.05979533E-01 -1.17174038E-01  2.53619311E-02
  4.05000000E-01  1.38404214E-01 -3.88696978E+01  0.00000000E+00 -4.75638370E-01 -1.10229630E-01  2.45504846E-02
  4.07500000E-01  1.37253045E-01 -3.88699647E+01  0.00000000E+00 -4.44587690E-01 -1.02989872E-01  2.28135645E-02
  4.10000000E-01  1.36180389E-01 -3.88702131E+01  0.00000000E+00 -4.14758671E-01 -9.60707713E-02  2.13314101E-02
  4.12500000E-01  1.35180778E-01 -3.88704446E+01  0.00000000E+00 -3.86664387E-01 -8.95585049E-02  1.99378422E-02
  4.15000000E-01  1.34249235E-01 -3.88706604E+01  0.00000000E+00 -3.60391359E-01 -8.34712136E-02  1.86313693E-02
  4.17500000E-01  1.33381098E-01 -3.88708615E+01  0.00000000E+00 -3.35883279E-01 -7.77947697E-02  1.74080208E-02
  4.20000000E-01  1.32572025E-01 -3.88710488E+01  0.00000000E+00 -3.13041494E-01 -7.25057115E-02  1.62631466E-02
  4.22500000E-01  1.31817973E-01 -3.88712235E+01  0.00000000E+00 -2.91758618E-01 -6.75787481E-02  1.51920687E-02
  4.25000000E-01  1.31115180E-01 -3.88713863E+01  0.00000000E+00 -2.71929528E-01 -6.29892184E-02  1.41902733E-02
  4.27500000E-01  1.30460143E-01 -3.88715380E+01  0.00000000E+00 -2.53454711E-01 -5.87138295E-02  1.32534665E-02
  4.30000000E-01  1.29849600E-01 -3.88716795E+01  0.00000000E+00 -2.36241046E-01 -5.47308190E-02  1.23775864E-02
  4.32500000E-01  1.29280514E-01 -3.88718113E+01  0.00000000E+00 -2.20201748E-01 -5.10199312E-02  1.15588005E-02
  4.35000000E-01  1.28750059E-01 -3.88719342E+01  0.00000000E+00 -2.05256039E-01 -4.75623351E-02  1.07934975E-02
  4.37500000E-01  1.28255601E-01 -3.88720488E+01  0.00000000E+00 -1.91328768E-01 -4.43405291E-02  1.00782785E-02
  4.40000000E-01  1.27794688E-01 -3.88721556E+01  0.00000000E+00 -1.78350016E-01 -4.13382465E-02  9.40994674E-03
  4.42500000E-01  1.27365037E-01 -3.88722552E+01  0.00000000E+00 -1.66254731E-01 -3.85403662E-02  8.78549817E-03
  4.45000000E-01  1.26964519E-01 -3.88723481E+01  0.00000000E+00 -1.54982380E-01 -3.59328293E-02  8.20211114E-03
  4.47500000E-01  1.26591153E-01 -3.88724346E+01  0.00000000E+00 -1.44476627E-01 -3.35025619E-02  7.65713707E-03
  4.50000000E-01  1.26243094E-01 -3.88725154E+01  0.00000000E+00 -1.34685040E-01 -3.12374039E-02  7.14809097E-03
  4.52500000E-01  1.25918621E-01 -3.88725906E+01  0.00000000E+00 -1.25558810E-01 -2.91260433E-02  6.67264247E-03
  4.55000000E-01  1.25616132E-01 -3.88726608E+01  0.00000000E+00 -1.17052497E-01 -2.71579553E-02  6.22860703E-03
  4.57500000E-01  1.25334133E-01 -3.88727262E+01  0.00000000E+00 -1.09123796E-01 -2.53233457E-02  5.81393763E-03
  4.60000000E-01  1.25071235E-01 -3.88727873E+01  0.00000000E+00 -1.01733311E-01 -2.36130991E-02  5.42671671E-03
  4.62500000E-01  1.24826140E-01 -3.88728441E+01  0.00000000E+00 -9.48443596E-02 -2.20187307E-02  5.06514860E-03
  4.65000000E-01  1.24597640E-01 -3.88728972E+01  0.00000000E+00 -8.84227755E-02 -2.05323415E-02  4.72755221E-03
  4.67500000E-01  1.24384610E-01 -3.88729467E+01  0.00000000E+00 -8.24367382E-02 -1.91465771E-02  4.41235411E-03
  4.70000000E-01  1.24186001E-01 -3.88729928E+01  0.00000000E+00 -7.68566080E-02 -1.78545895E-02  4.11808202E-03
  4.72500000E-01  1.24000834E-01 -3.88730358E+01  0.00000000E+00 -7.16547752E-02 -1.66500009E-02  3.84335858E-03
  4.75000000E-01  1.23828200E-01 -3.88730760E+01  0.00000000E+00 -6.68055189E-02 -1.55268718E-02  3.58689549E-03
  4.77500000E-01  1.23667247E-01 -3.88731134E+01  0.00000000E+00 -6.22848771E-02 -1.44796696E-02  3.34748799E-03
  4.80000000E-01  1.23517186E-01 -3.88731483E+01  0.00000000E+00 -5.80705243E-02 -1.35032407E-02  3.12400960E-03
  4.82500000E-01  1.23377278E-01 -3.88731808E+01  0.00000000E+00 -5.41416592E-02 -1.25927836E-02  2.91540719E-03
  4.85000000E-01  1.23246834E-01 -3.88732111E+01  0.00000000E+00 -5.04788997E-02 -1.17438254E-02  2.72069641E-03
  4.87500000E-01  1.23125216E-01 -3.88732394E+01  0.00000000E+00 -4.70641849E-02 -1.09521981E-02  2.53895724E-03
  4.90000000E-01  1.23011824E-01 -3.88732658E+01  0.00000000E+00 -4.38806847E-02 -1.02140182E-02  2.36932992E-03
  4.92500000E-01  1.22906101E-01 -3.88732904E+01  0.00000000E+00 -4.09127150E-02 -9.52566649E-03  2.21101111E-03
  4.95000000E-01  1.22807529E-01 -3.88733134E+01  0.00000000E+00 -3.81456593E-02 -8.88377052E-03  2.06325023E-03
  4.97500000E-01  1.22715624E-01 -3.88733348E+01  0.00000000E+00 -3.55658957E-02 -8.28518705E-03  1.92534611E-03
  5.00000000E-01  1.22629934E-01 -3.88733548E+01  0.00000000E+00 -3.31607282E-02 -7.72698659E-03  1.79664373E-03
  5.02500000E-01  1.22550039E-01 -3.88733734E+01  0.00000000E+00 -3.09183243E-02 -7.20643867E-03  1.67653131E-03
  5.05000000E-01  1.22475546E-01 -3.88733907E+01  0.00000000E+00 -2.88276551E-02 -6.72099820E-03  1.56443741E-03
  5.07500000E-01  1.22406090E-01 -3.88734069E+01  0.00000000E+00 -2.68784411E-02 -6.26829280E-03  1.45982839E-03
  5.10000000E-01  1.22341331E-01 -3.88734220E+01  0.00000000E+00 -2.50611006E-02 -5.84611098E-03  1.36220590E-03
  5.12500000E-01  1.22280949E-01 -3.88734361E+01  0.00000000E+00 -2.33667024E-02 -5.45239118E-03  1.27110458E-03
  5.15000000E-01  1.22224651E-01 -3.88734493E+01  0.00000000E+00 -2.17869215E-02 -5.08521149E-03  1.18608989E-03
  5.17500000E-01  1.22172158E-01 -3.88734615E+01  0.00000000E+00 -2.03139974E-02 -4.74278019E-03  1.10675613E-03
  5.20000000E-01  1.22123214E-01 -3.88734730E+01  0.00000000E+00 -1.89406961E-02 -4.42342685E-03  1.03272449E-03
  5.22500000E-01  1.22077579E-01 -3.88734836E+01  0.00000000E+00 -1.76602741E-02 -4.12559406E-03  9.63641332E-04
  5.25000000E-01  1.22035029E-01 -3.88734936E+01  0.00000000E+00 -1.64664451E-02 -3.84782980E-03  8.99176492E-04
  5.27500000E-01  1.21995355E-01 -3.88735028E+01  0.00000000E+00 -1.53533489E-02 -3.58878021E-03  8.39021765E-04
  5.30000000E-01  1.21958363E-01 -3.88735115E+01  0.00000000E+00 -1.43155222E-02 -3.34718298E-03  7.82889438E-04
  5.32500000E-01  1.21923872E-01 -3.88735195E+01  0.00000000E+00 -1.33478721E-02 -3.12186110E-03  7.30510942E-04
  5.35000000E-01  1.21891712E-01 -3.88735271E+01  0.00000000E+00 -1.24456506E-02 -2.91171710E-03  6.81635584E-04
  5.37500000E-01  1.21861725E-01 -3.88735341E+01  0.00000000E+00 -1.16044313E-02 -2.71572763E-03  6.36029368E-04
  5.40000000E-01  1.21833766E-01 -3.88735406E+01  0.00000000E+00 -1.08200875E-02 -2.53293844E-03  5.93473885E-04
  5.42500000E-01  1.21807696E-01 -3.88735467E+01  0.00000000E+00 -1.00887720E-02 -2.36245974E-03  5.53765281E-04
  5.45000000E-01  1.21783388E-01 -3.88735524E+01  0.00000000E+00 -9.40689803E-03 -2.20346179E-03  5.16713294E-04
  5.47500000E-01  1.21760723E-01 -3.88735577E+01  0.00000000E+00 -8.77112161E-03 -2.05517083E-03  4.82140349E-04
  5.50000000E-01  1.21739590E-01 -3.88735627E+01  0.00000000E+00 -8.17832513E-03 -1.91686535E-03  4.49880716E-04
  5.52500000E-01  1.21719885E-01 -3.88735673E+01  0.00000000E+00 -7.62560197E-03 -1.78787249E-03  4.19779727E-04
  5.55000000E-01  1.21701512E-01 -3.88735716E+01  0.00000000E+00 -7.11024221E-03 -1.66756479E-03  3.91693032E-04
  5.57500000E-01  1.21684381E-01 -3.88735756E+01  0.00000000E+00 -6.62971928E-03 -1.55535712E-03  3.65485923E-04
  5.60000000E-01  1.21668407E-01 -3.88735794E+01  0.00000000E+00 -6.18167758E-03 -1.45070378E-03  3.41032683E-04
  5.62500000E-01  1.21653513E-01 -3.88735829E+01  0.00000000E+00 -5.76392089E-03 -1.35309590E-03  3.18215994E-04
  5.65000000E-01  1.21639625E-01 -3.88735861E+01  0.00000000E+00 -5.37440153E-03 -1.26205891E-03  2.96926375E-04
  5.67500000E-01  1.21626676E-01 -3.88735892E+01  0.00000000E+00 -5.01121037E-03 -1.17715021E-03  2.77061660E-04
  5.70000000E-01  1.21614602E-01 -3.88735920E+01  0.00000000E+00 -4.67256740E-03 -1.09795707E-03  2.58526509E-04
  5.72500000E-01  1.21603344E-01 -3.88735947E+01  0.00000000E+00 -4.35681301E-03 -1.02409455E-03  2.41231956E-04
  5.75000000E-01  1.21592847E-01 -3.88735971E+01  0.00000000E+00 -4.06239982E-03 -9.55203658E-04  2.25094982E-04
  5.77500000E-01  1.21583059E-01 -3.88735994E+01  0.00000000E+00 -3.78788512E-03 -8.90949609E-04  2.10038119E-04
  5.80000000E-01  1.21573932E-01 -3.88736016E+01  0.00000000E+00 -3.53192376E-03 -8.31020162E-04  1.95989077E-04
  5.82500000E-01  1.21565422E-01 -3.88736036E+01  0.00000000E+00 -3.29326154E-03 -7.75124118E-04  1.82880403E-04
  5.85000000E-01  1.21557488E-01 -3.88736055E+01  0.00000000E+00 -3.07072908E-03 -7.22989899E-04  1.70649155E-04
  5.87500000E-01  1.21550089E-01 -3.88736072E+01  0.00000000E+00 -2.86323607E-03 -6.74364220E-04  1.59236599E-04
  5.90000000E-01  1.21543190E-01 -3.88736088E+01  0.00000000E+00 -2.66976592E-03 -6.29010859E-04  1.48587934E-04
  5.92500000E-01  1.21536758E-01 -3.88736103E+01  0.00000000E+00 -2.48937078E-03 -5.86709509E-04  1.38652022E-04
  5.95000000E-01  1.21530760E-01 -3.88736117E+01  0.00000000E+00 -2.32116687E-03 -5.47254698E-04  1.29381148E-04
  5.97500000E-01  1.21525167E-01 -3.88736131E+01  0.00000000E+00 -2.16433017E-03 -5.10454796E-04  1.20730790E-04
  6.00000000E-01  1.21519952E-01 -3.88736143E+01  0.00000000E+00 -2.01809237E-03 -4.76131078E-04  1.12659407E-04
  6.02500000E-01  1.21515090E-01 -3.88736154E+01  0.00000000E+00 -1.88173710E-03 -4.44116856E-04  1.05128235E-04
  6.05000000E-01  1.21510556E-01 -3.88736165E+01  0.00000000E+00 -1.75459642E-03 -4.14256668E-04  9.81011062E-05
  6.07500000E-01  1.21506328E-01 -3.88736175E+01  0.00000000E+00 -1.63604753E-03 -3.86405519E-04  9.15442746E-05
  6.10000000E-01  1.21502386E-01 -3.88736184E+01  0.00000000E+00 -1.52550976E-03 -3.60428181E-04  8.54262519E-05
  6.12500000E-01  1.21498711E-01 -3.88736193E+01  0.00000000E+00 -1.42244165E-03 -3.36198528E-04  7.97176580E-05
  6.15000000E-01  1.21495284E-01 -3.88736201E+01  0.00000000E+00 -1.32633839E-03 -3.13598930E-04  7.43910798E-05
  6.17500000E-01  1.21492088E-01 -3.88736209E+01  0.00000000E+00 -1.23672925E-03 -2.92519674E-04  6.94209394E-05
  6.20000000E-01  1.21489108E-01 -3.88736216E+01  0.00000000E+00 -1.15317534E-03 -2.72858437E-04  6.47833715E-05
  6.22500000E-01  1.21486329E-01 -3.88736222E+01  0.00000000E+00 -1.07526743E-03 -2.54519783E-04  6.04561087E-05
  6.25000000E-01  1.21483739E-01 -3.88736229E+01  0.00000000E+00 -1.00262396E-03 -2.37414702E-04  5.64183745E-05
  6.27500000E-01  1.21481323E-01 -3.88736234E+01  0.00000000E+00 -9.34889148E-04 -2.21460177E-04  5.26507837E-05
  6.30000000E-01  1.21479070E-01 -3.88736240E+01  0.00000000E+00 -8.71731262E-04 -2.06578778E-04  4.91352490E-05
  6.32500000E-01  1.21476970E-01 -3.88736245E+01  0.00000000E+00 -8.12840994E-04 -1.92698290E-04  4.58548945E-05
  6.35000000E-01  1.21475012E-01 -3.88736249E+01  0.00000000E+00 -7.57929942E-04 -1.79751357E-04  4.27939741E-05
  6.37500000E-01  1.21473185E-01 -3.88736254E+01  0.00000000E+00 -7.06729195E-04 -1.67675160E-04  3.99377966E-05
  6.40000000E-01  1.21471483E-01 -3.88736258E+01  0.00000000E+00 -6.58988017E-04 -1.56411105E-04  3.72726542E-05
  6.42500000E-01  1.21469895E-01 -3.88736261E+01  0.00000000E+00 -6.14472617E-04 -1.45904546E-04  3.47857573E-05
  6.45000000E-01  1.21468414E-01 -3.88736265E+01  0.00000000E+00 -5.72965006E-04 -1.36104512E-04  3.24651728E-05
  6.47500000E-01  1.21467034E-01 -3.88736268E+01  0.00000000E+00 -5.34261929E-04 -1.26963466E-04  3.02997668E-05
  6.50000000E-01  1.21465746E-01 -3.88736271E+01  0.00000000E+00 -4.98173866E-04 -1.18437068E-04  2.82791511E-05
  6.52500000E-01  1.21464546E-01 -3.88736274E+01  0.00000000E+00 -4.64524105E-04 -1.10483963E-04  2.63936329E-05
  6.55000000E-01  1.21463427E-01 -3.88736277E+01  0.00000000E+00 -4.33147878E-04 -1.03065582E-04  2.46341690E-05
  6.57500000E-01  1.21462383E-01 -3.88736279E+01  0.00000000E+00 -4.03891551E-04 -9.61459480E-05  2.29923214E-05
  6.60000000E-01  1.21461410E-01 -3.88736282E+01  0.00000000E+00 -3.76611875E-04 -8.96915080E-05  2.14602176E-05
  6.62500000E-01  1.21460503E-01 -3.88736284E+01  0.00000000E+00 -3.51175280E-04 -8.36709661E-05  2.00305121E-05
  6.65000000E-01  1.21459656E-01 -3.88736286E+01  0.00000000E+00 -3.27457223E-04 -7.80551331E-05  1.86963513E-05
  6.67500000E-01  1.21458867E-01 -3.88736288E+01  0.00000000E+00 -3.05341579E-04 -7.28167841E-05  1.74513407E-05
  6.70000000E-01  1.21458132E-01 -3.88736289E+01  0.00000000E+00 -2.84720068E-04 -6.79305262E-05  1.62895141E-05
  6.72500000E-01  1.21457446E-01 -3.88736291E+01  0.00000000E+00 -2.65491730E-04 -6.33726757E-05  1.52053047E-05
  6.75000000E-01  1.21456806E-01 -3.88736293E+01  0.00000000E+00 -2.47562427E-04 -5.91211424E-05  1.41935186E-05
  6.77500000E-01  1.21456210E-01 -3.88736294E+01  0.00000000E+00 -2.30844383E-04 -5.51553227E-05  1.32493098E-05
  6.80000000E-01  1.21455653E-01 -3.88736295E+01  0.00000000E+00 -2.15255752E-04 -5.14559996E-05  1.23681565E-05
  6.82500000E-01  1.21455135E-01 -3.88736297E+01  0.00000000E+00 -2.00720221E-04 -4.80052492E-05  1.15458401E-05
  6.85000000E-01  1.21454651E-01 -3.88736298E+01  0.00000000E+00 -1.87166632E-04 -4.47863535E-05  1.07784243E-05
  6.87500000E-01  1.21454200E-01 -3.88736299E+01  0.00000000E+00 -1.74528639E-04 -4.17837198E-05  1.00622363E-05
  6.90000000E-01  1.21453780E-01 -3.88736300E+01  0.00000000E+00 -1.62744375E-04 -3.89828041E-05  9.39384946E-06
  6.92500000E-01  1.21453387E-01 -3.88736301E+01  0.00000000E+00 -1.51756157E-04 -3.63700415E-05  8.77006638E-06
  6.95000000E-01  1.21453022E-01 -3.88736302E+01  0.00000000E+00 -1.41510198E-04 -3.39327794E-05  8.18790384E-06
  6.97500000E-01  1.21452681E-01 -3.88736302E+01  0.00000000E+00 -1.31956348E-04 -3.16592168E-05  7.64457837E-06
  7.00000000E-01  1.21452363E-01 -3.88736303E+01  0.00000000E+00 -1.23047843E-04 -2.95383464E-05  7.13749282E-06
  7.02500000E-01  1.21452066E-01 -3.88736304E+01  0.00000000E+00 -1.14741082E-04 -2.75599016E-05  6.66422396E-06
  7.05000000E-01  1.21451790E-01 -3.88736305E+01  0.00000000E+00 -1.06995406E-04 -2.57143067E-05  6.22251076E-06
  7.07500000E-01  1.21451532E-01 -3.88736305E+01  0.00000000E+00 -9.97729087E-05 -2.39926298E-05  5.81024357E-06
  7.10000000E-01  1.21451292E-01 -3.88736306E+01  0.00000000E+00 -9.30382413E-05 -2.23865403E-05  5.42545396E-06
  7.12500000E-01  1.21451067E-01 -3.88736306E+01  0.00000000E+00 -8.67584453E-05 -2.08882677E-05  5.06630528E-06
  7.15000000E-01  1.21450858E-01 -3.88736307E+01  0.00000000E+00 -8.09027889E-05 -1.94905645E-05  4.73108379E-06
  7.17500000E-01  1.21450663E-01 -3.88736307E+01  0.00000000E+00 -7.54426170E-05 -1.81866704E-05  4.41819050E-06
  7.20000000E-01  1.21450482E-01 -3.88736308E+01  0.00000000E+00 -7.03512107E-05 -1.69702803E-05  4.12613340E-06
  7.22500000E-01  1.21450312E-01 -3.88736308E+01  0.00000000E+00 -6.56036564E-05 -1.58355127E-05  3.85352036E-06
  7.25000000E-01  1.21450154E-01 -3.88736308E+01  0.00000000E+00 -6.11767241E-05 -1.47768821E-05  3.59905240E-06
  7.27500000E-01  1.21450007E-01 -3.88736309E+01  0.00000000E+00 -5.70487534E-05 -1.37892718E-05  3.36151749E-06
  7.30000000E-01  1.21449869E-01 -3.88736309E+01  0.00000000E+00 -5.31995473E-05 -1.28679092E-05  3.13978468E-06
  7.32500000E-01  1.21449741E-01 -3.88736309E+01  0.00000000E+00 -4.96102738E-05 -1.20083428E-05  2.93279870E-06
  7.35000000E-01  1.21449622E-01 -3.88736310E+01  0.00000000E+00 -4.62633730E-05 -1.12064204E-05  2.73957489E-06
  7.37500000E-01  1.21449510E-01 -3.88736310E+01  0.00000000E+00 -4.31424718E-05 -1.04582692E-05  2.55919445E-06
  7.40000000E-01  1.21449406E-01 -3.88736310E+01  0.00000000E+00 -4.02323031E-05 -9.76027652E-06  2.39080006E-06
  7.42500000E-01  1.21449309E-01 -3.88736311E+01  0.00000000E+00 -3.75186316E-05 -9.10907295E-06  2.23359176E-06
  7.45000000E-01  1.21449219E-01 -3.88736311E+01  0.00000000E+00 -3.49881838E-05 -8.50151550E-06  2.08682307E-06
  7.47500000E-01  1.21449134E-01 -3.88736311E+01  0.00000000E+00 -3.26285827E-05 -7.93467256E-06  1.94979746E-06
  7.50000000E-01  1.21449056E-01 -3.88736311E+01  0.00000000E+00 -3.04282880E-05 -7.40580964E-06  1.82186493E-06
  7.52500000E-01  1.21448982E-01 -3.88736311E+01  0.00000000E+00 -2.83765388E-05 -6.91237613E-06  1.70241900E-06
  7.55000000E-01  1.21448914E-01 -3.88736311E+01  0.00000000E+00 -2.64633014E-05 -6.45199287E-06  1.59089375E-06
  7.57500000E-01  1.21448850E-01 -3.88736312E+01  0.00000000E+00 -2.46792200E-05 -6.02244066E-06  1.48676108E-06
  7.60000000E-01  1.21448791E-01 -3.88736312E+01  0.00000000E+00 -2.30155708E-05 -5.62164951E-06  1.38952820E-06
  7.62500000E-01  1.21448735E-01 -3.88736312E+01  0.00000000E+00 -2.14642196E-05 -5.24768856E-06  1.29873525E-06
  7.65000000E-01  1.21448684E-01 -3.88736312E+01  0.00000000E+00 -2.00175816E-05 -4.89875678E-06  1.21395312E-06
  7.67500000E-01  1.21448635E-01 -3.88736312E+01  0.00000000E+00 -1.86685844E-05 -4.57317417E-06  1.13478139E-06
  7.70000000E-01  1.21448590E-01 -3.88736312E+01  0.00000000E+00 -1.74106335E-05 -4.26937367E-06  1.06084640E-06
  7.72500000E-01  1.21448549E-01 -3.88736312E+01  0.00000000E+00 -1.62375799E-05 -3.98589354E-06  9.91799473E-07
  7.75000000E-01  1.21448509E-01 -3.88736312E+01  0.00000000E+00 -1.51436900E-05 -3.72137026E-06  9.27315220E-07
  7.77500000E-01  1.21448473E-01 -3.88736313E+01  0.00000000E+00 -1.41236175E-05 -3.47453194E-06  8.67089958E-07
  7.80000000E-01  1.21448439E-01 -3.88736313E+01  0.00000000E+00 -1.31723775E-05 -3.24419217E-06  8.10840276E-07
  7.82500000E-01  1.21448407E-01 -3.88736313E+01  0.00000000E+00 -1.22853215E-05 -3.02924429E-06  7.58301692E-07
  7.85000000E-01  1.21448378E-01 -3.88736313E+01  0.00000000E+00 -1.14581154E-05 -2.82865595E-06  7.09227382E-07
  7.87500000E-01  1.21448350E-01 -3.88736313E+01  0.00000000E+00 -1.06867177E-05 -2.64146421E-06  6.63386988E-07
  7.90000000E-01  1.21448324E-01 -3.88736313E+01  0.00000000E+00 -9.96735979E-06 -2.46677079E-06  6.20565534E-07
  7.92500000E-01  1.21448300E-01 -3.88736313E+01  0.00000000E+00 -9.29652791E-06 -2.30373779E-06  5.80562423E-07
  7.95000000E-01  1.21448278E-01 -3.88736313E+01  0.00000000E+00 -8.67094548E-06 -2.15158358E-06  5.43190468E-07
  7.97500000E-01  1.21448257E-01 -3.88736313E+01  0.00000000E+00 -8.08755732E-06 -2.00957902E-06  5.08274912E-07
  8.00000000E-01  1.21448237E-01 -3.88736313E+01  0.00000000E+00 -7.54351464E-06 -1.87704393E-06  4.75652688E-07
  8.02500000E-01  1.21448219E-01 -3.88736313E+01  0.00000000E+00 -7.03616105E-06 -1.75334385E-06  4.45171589E-07
  8.05000000E-01  1.21448202E-01 -3.88736313E+01  0.00000000E+00 -6.56301959E-06 -1.63788690E-06  4.16689575E-07
  8.07500000E-01  1.21448186E-01 -3.88736313E+01  0.00000000E+00 -6.12178062E-06 -1.53012096E-06  3.90074080E-07
  8.10000000E-01  1.21448172E-01 -3.88736313E+01  0.00000000E+00 -5.71029049E-06 -1.42953098E-06  3.65201383E-07
  8.12500000E-01  1.21448158E-01 -3.88736313E+01  0.00000000E+00 -5.32654102E-06 -1.33563648E-06  3.41956003E-07
  8.15000000E-01  1.21448145E-01 -3.88736313E+01  0.00000000E+00 -4.96865969E-06 -1.24798925E-06  3.20230158E-07
  8.17500000E-01  1.21448133E-01 -3.88736313E+01  0.00000000E+00 -4.63490042E-06 -1.16617115E-06  2.99923246E-07
  8.20000000E-01  1.21448122E-01 -3.88736313E+01  0.00000000E+00 -4.32363507E-06 -1.08979213E-06  2.80941366E-07
  8.22500000E-01  1.21448111E-01 -3.88736313E+01  0.00000000E+00 -4.03334547E-06 -1.01848827E-06  2.63196862E-07
  8.25000000E-01  1.21448102E-01 -3.88736313E+01  0.00000000E+00 -3.76261598E-06 -9.51920121E-07  2.46607912E-07
  8.27500000E-01  1.21448093E-01 -3.88736314E+01  0.00000000E+00 -3.51012655E-06 -8.89770970E-07  2.31098140E-07
  8.30000000E-01  1.21448084E-01 -3.88736314E+01  0.00000000E+00 -3.27464630E-06 -8.31745375E-07  2.16596259E-07
  8.32500000E-01  1.21448076E-01 -3.88736314E+01  0.00000000E+00 -3.05502746E-06 -7.77567712E-07  2.03035736E-07
  8.35000000E-01  1.21448069E-01 -3.88736314E+01  0.00000000E+00 -2.85019977E-06 -7.26980842E-07  1.90354461E-07
  8.37500000E-01  1.21448062E-01 -3.88736314E+01  0.00000000E+00 -2.65916524E-06 -6.79744868E-07  1.78494452E-07
  8.40000000E-01  1.21448056E-01 -3.88736314E+01  0.00000000E+00 -2.48099329E-06 -6.35635977E-07  1.67401583E-07
  8.42500000E-01  1.21448050E-01 -3.88736314E+01  0.00000000E+00 -2.31481615E-06 -5.94445372E-07  1.57025323E-07
  8.45000000E-01  1.21448044E-01 -3.88736314E+01  0.00000000E+00 -2.15982467E-06 -5.55978250E-07  1.47318499E-07
  8.47500000E-01  1.21448039E-01 -3.88736314E+01  0.00000000E+00 -2.01526432E-06 -5.20052869E-07  1.38237073E-07
  8.50000000E-01  1.21448034E-01 -3.88736314E+01  0.00000000E+00 -1.88043153E-06 -4.86499668E-07  1.29739930E-07
  8.52500000E-01  1.21448030E-01 -3.88736314E+01  0.00000000E+00 -1.75467020E-06 -4.55160448E-07  1.21788687E-07
  8.55000000E-01  1.21448025E-01 -3.88736314E+01  0.00000000E+00 -1.63736856E-06 -4.25887609E-07  1.14347508E-07
  8.57500000E-01  1.21448021E-01 -3.88736314E+01  0.00000000E+00 -1.52795613E-06 -3.98543437E-07  1.07382935E-07
  8.60000000E-01  1.21448018E-01 -3.88736314E+01  0.00000000E+00 -1.42590094E-06 -3.72999442E-07  1.00863728E-07
  8.62500000E-01  1.21448014E-01 -3.88736314E+01  0.00000000E+00 -1.33070692E-06 -3.49135740E-07  9.47607193E-08
  8.65000000E-01  1.21448011E-01 -3.88736314E+01  0.00000000E+00 -1.24191152E-06 -3.26840472E-07  8.90466711E-08
  8.67500000E-01  1.21448008E-01 -3.88736314E+01  0.00000000E+00 -1.15908339E-06 -3.06009269E-07  8.36961523E-08
  8.70000000E-01  1.21448005E-01 -3.88736314E+01  0.00000000E+00 -1.08182028E-06 -2.86544745E-07  7.86854129E-08
  8.72500000E-01  1.21448003E-01 -3.88736314E+01  0.00000000E+00 -1.00974712E-06 -2.68356032E-07  7.39922743E-08
  8.75000000E-01  1.21448000E-01 -3.88736314E+01  0.00000000E+00 -9.42514147E-07 -2.51358340E-07  6.95960251E-08
  8.77500000E-01  1.21447998E-01 -3.88736314E+01  0.00000000E+00 -8.79795192E-07 -2.35472548E-07  6.54773228E-08
  8.80000000E-01  1.21447996E-01 -3.88736314E+01  0.00000000E+00 -8.21286106E-07 -2.20624832E-07  6.16181032E-08
  8.82500000E-01  1.21447994E-01 -3.88736314E+01  0.00000000E+00 -7.66703267E-07 -2.06746301E-07  5.80014975E-08
  8.85000000E-01  1.21447992E-01 -3.88736314E+01  0.00000000E+00 -7.15782189E-07 -1.93772668E-07  5.46117489E-08
  8.87500000E-01  1.21447990E-01 -3.88736314E+01  0.00000000E+00 -6.68276232E-07 -1.81643941E-07  5.14341383E-08
  8.90000000E-01  1.21447989E-01 -3.88736314E+01  0.00000000E+00 -6.23955404E-07 -1.70304137E-07  4.84549216E-08
  8.92500000E-01  1.21447987E-01 -3.88736314E+01  0.00000000E+00 -5.82605223E-07 -1.59701012E-07  4.56612577E-08
  8.95000000E-01  1.21447986E-01 -3.88736314E+01  0.00000000E+00 -5.44025681E-07 -1.49785811E-07  4.30411529E-08
  8.97500000E-01  1.21447984E-01 -3.88736314E+01  0.00000000E+00 -5.08030258E-07 -1.40513033E-07  4.05834018E-08
  9.00000000E-01  1.21447983E-01 -3.88736314E+01  0.00000000E+00 -4.74445020E-07 -1.31840214E-07  3.82775379E-08
  9.02500000E-01  1.21447982E-01 -3.88736314E+01  0.00000000E+00 -4.43107764E-07 -1.23727725E-07  3.61137815E-08
  9.05000000E-01  1.21447981E-01 -3.88736314E+01  0.00000000E+00 -4.13867225E-07 -1.16138575E-07  3.40829956E-08
  9.07500000E-01  1.21447980E-01 -3.88736314E+01  0.00000000E+00 -3.86582344E-07 -1.09038245E-07  3.21766445E-08
  9.10000000E-01  1.21447979E-01 -3.88736314E+01  0.00000000E+00 -3.61121570E-07 -1.02394513E-07  3.03867497E-08
  9.12500000E-01  1.21447978E-01 -3.88736314E+01  0.00000000E+00 -3.37362226E-07 -9.61773052E-08  2.87058583E-08
  9.15000000E-01  1.21447977E-01 -3.88736314E+01  0.00000000E+00 -3.15189905E-07 -9.03585505E-08  2.71270039E-08
  9.17500000E-01  1.21447977E-01 -3.88736314E+01  0.00000000E+00 -2.94497915E-07 -8.49120469E-08  2.56436774E-08
  9.20000000E-01  1.21447976E-01 -3.88736314E+01  0.00000000E+00 -2.75186756E-07 -7.98133359E-08  2.42497940E-08
  9.22500000E-01  1.21447975E-01 -3.88736314E+01  0.00000000E+00 -2.57163634E-07 -7.50395863E-08  2.29396677E-08
  9.25000000E-01  1.21447975E-01 -3.88736314E+01  0.00000000E+00 -2.40342013E-07 -7.05694850E-08  2.17079829E-08
  9.27500000E-01  1.21447974E-01 -3.88736314E+01  0.00000000E+00 -2.24641185E-07 -6.63831356E-08  2.05497711E-08
  9.30000000E-01  1.21447973E-01 -3.88736314E+01  0.00000000E+00 -2.09985886E-07 -6.24619633E-08  1.94603875E-08
  9.32500000E-01  1.21447973E-01 -3.88736314E+01  0.00000000E+00 -1.96305916E-07 -5.87886268E-08  1.84354885E-08
  9.35000000E-01  1.21447973E-01 -3.88736314E+01  0.00000000E+00 -1.83535815E-07 -5.53469363E-08  1.74710154E-08
  9.37500000E-01  1.21447972E-01 -3.88736314E+01  0.00000000E+00 -1.71614523E-07 -5.21217755E-08  1.65631710E-08
  9.40000000E-01  1.21447972E-01 -3.88736314E+01  0.00000000E+00 -1.60485100E-07 -4.90990304E-08  1.57084051E-08
  9.42500000E-01  1.21447971E-01 -3.88736314E+01  0.00000000E+00 -1.50094436E-07 -4.62655227E-08  1.49033977E-08
  9.45000000E-01  1.21447971E-01 -3.88736314E+01  0.00000000E+00 -1.40393002E-07 -4.36089468E-08  1.41450443E-08
  9.47500000E-01  1.21447971E-01 -3.88736314E+01  0.00000000E+00 -1.31334603E-07 -4.11178119E-08  1.34304408E-08
  9.50000000E-01  1.21447970E-01 -3.88736314E+01  0.00000000E+00 -1.22876151E-07 -3.87813871E-08  1.27568702E-08
  9.52500000E-01  1.21447970E-01 -3.88736314E+01  0.00000000E+00 -1.14977462E-07 -3.65896512E-08  1.21217911E-08
  9.55000000E-01  1.21447970E-01 -3.88736314E+01  0.00000000E+00 -1.07601055E-07 -3.45332451E-08  1.15228258E-08
  9.57500000E-01  1.21447969E-01 -3.88736314E+01  0.00000000E+00 -1.00711973E-07 -3.26034277E-08  1.09577505E-08
  9.60000000E-01  1.21447969E-01 -3.88736314E+01  0.00000000E+00 -9.42776065E-08 -3.07920346E-08  1.04244822E-08
  9.62500000E-01  1.21447969E-01 -3.88736314E+01  0.00000000E+00 -8.82675454E-08 -2.90914400E-08  9.92107307E-09
  9.65000000E-01  1.21447969E-01 -3.88736314E+01  0.00000000E+00 -8.26534239E-08 -2.74945203E-08  9.44570038E-09
  9.67500000E-01  1.21447969E-01 -3.88736314E+01  0.00000000E+00 -7.74087793E-08 -2.59946211E-08  8.99665600E-09
  9.70000000E-01  1.21447968E-01 -3.88736314E+01  0.00000000E+00 -7.25089353E-08 -2.45855256E-08  8.57234372E-09
  9.72500000E-01  1.21447968E-01 -3.88736314E+01  0.00000000E+00 -6.79308687E-08 -2.32614259E-08  8.17126655E-09
  9.75000000E-01  1.21447968E-01 -3.88736314E+01  0.00000000E+00 -6.36531047E-08 -2.20168954E-08  7.79202350E-09
  9.77500000E-01  1.21447968E-01 -3.88736314E+01  0.00000000E+00 -5.96556149E-08 -2.08468636E-08  7.43330351E-09
  9.80000000E-01  1.21447968E-01 -3.88736314E+01  0.00000000E+00 -5.59197138E-08 -1.97465925E-08  7.09387809E-09
  9.82500000E-01  1.21447968E-01 -3.88736314E+01  0.00000000E+00 -5.24279699E-08 -1.87116543E-08  6.77259565E-09
  9.85000000E-01  1.21447967E-01 -3.88736314E+01  0.00000000E+00 -4.91641234E-08 -1.77379112E-08  6.46837819E-09
  9.87500000E-01  1.21447967E-01 -3.88736314E+01  0.00000000E+00 -4.61130090E-08 -1.68214957E-08  6.18021622E-09
  9.90000000E-01  1.21447967E-01 -3.88736314E+01  0.00000000E+00 -4.32604739E-08 -1.59587927E-08  5.90716243E-09
  9.92500000E-01  1.21447967E-01 -3.88736314E+01  0.00000000E+00 -4.05933198E-08 -1.51464232E-08  5.64833025E-09
  9.95000000E-01  1.21447967E-01 -3.88736314E+01  0.00000000E+00 -3.80992304E-08 -1.43812283E-08  5.40288764E-09
  9.97500000E-01  1.21447967E-01 -3.88736314E+01  0.00000000E+00 -3.57667179E-08 -1.36602546E-08  5.17005562E-09
  1.00000000E+00  1.21447967E-01 -3.88736314E+01  0.00000000E+00 -3.35850616E-08 -1.29807406E-08  4.94910227E-09
