  0.00000000E+00  0.00000000E+00  3.83081240E+01
  5.00000000E-03  1.91540620E-01  3.83081240E+01
  1.00000000E-02  3.83081240E-01  3.52995551E+01
  1.50000000E-02  5.52057593E-01  3.26318249E+01
  2.00000000E-02  7.08547392E-01  3.03041910E+01
  2.50000000E-02  8.54249262E-01  2.82841797E+01
  3.00000000E-02  9.90620132E-01  2.65335246E+01
  3.50000000E-02  1.11891112E+00  2.50163839E+01
  4.00000000E-02  1.24020019E+00  2.37012406E+01
  4.50000000E-02  1.35541853E+00  2.25608336E+01
  5.00000000E-02  1.46537168E+00  2.15716684E+01
  5.50000000E-02  1.57075711E+00  2.07134892E+01
  6.00000000E-02  1.67217911E+00  1.99688087E+01
  6.50000000E-02  1.77016145E+00  1.93225103E+01
  7.00000000E-02  1.86515826E+00  1.87615129E+01
  7.50000000E-02  1.95756333E+00  1.82744876E+01
  8.00000000E-02  2.04771820E+00  1.78516181E+01
  8.50000000E-02  2.13591912E+00  1.74843947E+01
  9.00000000E-02  2.22242303E+00  1.71654383E+01
  9.50000000E-02  2.30745283E+00  1.68883492E+01
  1.00000000E-01  2.39120186E+00  1.66475758E+01
  1.05000000E-01  2.47383780E+00  1.64383019E+01
  1.10000000E-01  2.55550613E+00  1.62563492E+01
  1.15000000E-01  2.63633299E+00  1.60980925E+01
  1.20000000E-01  2.71642781E+00  1.59603864E+01
  1.25000000E-01  2.79588548E+00  1.58405021E+01
  1.30000000E-01  2.87478828E+00  1.57360722E+01
  1.35000000E-01  2.95320756E+00  1.56450431E+01
  1.40000000E-01  3.03120521E+00  1.55656334E+01
  1.45000000E-01  3.10883485E+00  1.54962980E+01
  1.50000000E-01  3.18614300E+00  1.54356972E+01
  1.55000000E-01  3.26316999E+00  1.53826693E+01
  1.60000000E-01  3.33995076E+00  1.53362074E+01
  1.65000000E-01  3.41651564E+00  1.52954386E+01
  1.70000000E-01  3.49289092E+00  1.52596066E+01
  1.75000000E-01  3.56909937E+00  1.52280563E+01
  1.80000000E-01  3.64516077E+00  1.52002202E+01
  1.85000000E-01  3.72109228E+00  1.51756071E+01
  1.90000000E-01  3.79690879E+00  1.51537916E+01
  1.95000000E-01  3.87262321E+00  1.51344058E+01
  2.00000000E-01  3.94824677E+00  1.51171313E+01
  2.05000000E-01  4.02378924E+00 -2.33024518E+01
  2.10000000E-01  3.81122802E+00 -2.10155399E+01
  2.15000000E-01  3.71186760E+00 -1.86225241E+01
  2.20000000E-01  3.62473752E+00 -1.62308214E+01
  2.25000000E-01  3.54956267E+00 -1.41419463E+01
  2.30000000E-01  3.48407513E+00 -1.23043943E+01
  2.35000000E-01  3.42714704E+00 -1.07005283E+01
  2.40000000E-01  3.37765406E+00 -9.30394547E+00
  2.45000000E-01  3.33462579E+00 -8.08914403E+00
  2.50000000E-01  3.29721707E+00 -7.03284458E+00
  2.55000000E-01  3.26469360E+00 -6.11447228E+00
  2.60000000E-01  3.23641717E+00 -5.31603601E+00
  2.65000000E-01  3.21183308E+00 -4.62186839E+00
  2.70000000E-01  3.19045916E+00 -4.01834517E+00
  2.75000000E-01  3.17187624E+00 -3.49362398E+00
  2.80000000E-01  3.15571992E+00 -3.03741201E+00
  2.85000000E-01  3.14167339E+00 -2.64076277E+00
  2.90000000E-01  3.12946120E+00 -2.29589937E+00
  2.95000000E-01  3.11884386E+00 -1.99606113E+00
  3.00000000E-01  3.10961315E+00 -1.73537045E+00
  3.05000000E-01  3.10158803E+00 -1.50871718E+00
  3.10000000E-01  3.09461107E+00 -1.31165830E+00
  3.15000000E-01  3.08854543E+00 -1.14033072E+00
  3.20000000E-01  3.08327210E+00 -9.91375545E-01
  3.25000000E-01  3.07868761E+00 -8.61872252E-01
  3.30000000E-01  3.07470200E+00 -7.49281455E-01
  3.35000000E-01  3.07123707E+00 -6.51395173E-01
  3.40000000E-01  3.06822481E+00 -5.66293589E-01
  3.45000000E-01  3.06560610E+00 -4.92307446E-01
  3.50000000E-01  3.06332953E+00 -4.27985358E-01
  3.55000000E-01  3.06135041E+00 -3.72065383E-01
  3.60000000E-01  3.05962988E+00 -3.23450305E-01
  3.65000000E-01  3.05813416E+00 -2.81186141E-01
  3.70000000E-01  3.05683389E+00 -2.44443447E-01
  3.75000000E-01  3.05570353E+00 -2.12501073E-01
  3.80000000E-01  3.05472088E+00 -1.84732025E-01
  3.85000000E-01  3.05386665E+00 -1.60591176E-01
  3.90000000E-01  3.05312404E+00 -1.39604586E-01
  3.95000000E-01  3.05247849E+00 -1.21360203E-01
  4.00000000E-01  3.05191730E+00 -1.05499790E-01
  4.05000000E-01  3.05142945E+00 -9.17118957E-02
  4.10000000E-01  3.05100536E+00 -7.97257477E-02
  4.15000000E-01  3.05063670E+00 -6.93059413E-02
  4.20000000E-01  3.05031622E+00 -6.02478211E-02
  4.25000000E-01  3.05003762E+00 -5.23734657E-02
  4.30000000E-01  3.04979544E+00 -4.55281964E-02
  4.35000000E-01  3.04958491E+00 -3.95775418E-02
  4.40000000E-01  3.04940190E+00 -3.44045988E-02
  4.45000000E-01  3.04924281E+00 -2.99077376E-02
  4.50000000E-01  3.04910451E+00 -2.59986072E-02
  4.55000000E-01  3.04898429E+00 -2.26004001E-02
  4.60000000E-01  3.04887979E+00 -1.96463453E-02
  4.65000000E-01  3.04878894E+00 -1.70783963E-02
  4.70000000E-01  3.04870997E+00 -1.48460919E-02
  4.75000000E-01  3.04864132E+00 -1.29055649E-02
  4.80000000E-01  3.04858164E+00 -1.12186806E-02
  4.85000000E-01  3.04852977E+00 -9.75228799E-03
  4.90000000E-01  3.04848467E+00 -8.47756828E-03
  4.95000000E-01  3.04844547E+00 -7.36946905E-03
  5.00000000E-01  3.04841139E+00 -6.40621202E-03
  5.05000000E-01  3.04838177E+00 -5.56886513E-03
  5.10000000E-01  3.04835602E+00 -4.84097049E-03
  5.15000000E-01  3.04833363E+00 -4.20822052E-03
  5.20000000E-01  3.04831417E+00 -3.65817779E-03
  5.25000000E-01  3.04829726E+00 -3.18003176E-03
  5.30000000E-01  3.04828255E+00 -2.76438562E-03
  5.35000000E-01  3.04826977E+00 -2.40307030E-03
  5.40000000E-01  3.04825866E+00 -2.08898408E-03
  5.45000000E-01  3.04824900E+00 -1.81595322E-03
  5.50000000E-01  3.04824060E+00 -1.57861078E-03
  5.55000000E-01  3.04823330E+00 -1.37229155E-03
  5.60000000E-01  3.04822696E+00 -1.19294042E-03
  5.65000000E-01  3.04822144E+00 -1.03703213E-03
  5.70000000E-01  3.04821664E+00 -9.01502447E-04
  5.75000000E-01  3.04821248E+00 -7.83687808E-04
  5.80000000E-01  3.04820885E+00 -6.81272624E-04
  5.85000000E-01  3.04820570E+00 -5.92243934E-04
  5.90000000E-01  3.04820296E+00 -5.14851924E-04
  5.95000000E-01  3.04820058E+00 -4.47575520E-04
  6.00000000E-01  3.04819851E+00 -3.89092473E-04
  6.05000000E-01  3.04819671E+00 -3.38253410E-04
  6.10000000E-01  3.04819515E+00 -2.94059165E-04
  6.15000000E-01  3.04819379E+00 -2.55641167E-04
  6.20000000E-01  3.04819261E+00 -2.22244363E-04
  6.25000000E-01  3.04819158E+00 -1.93212364E-04
  6.30000000E-01  3.04819069E+00 -1.67974598E-04
  6.35000000E-01  3.04818991E+00 -1.46035086E-04
  6.40000000E-01  3.04818923E+00 -1.26962704E-04
  6.45000000E-01  3.04818865E+00 -1.10382809E-04
  6.50000000E-01  3.04818814E+00 -9.59697184E-05
  6.55000000E-01  3.04818769E+00 -8.34402281E-05
  6.60000000E-01  3.04818731E+00 -7.25480555E-05
  6.65000000E-01  3.04818697E+00 -6.30791274E-05
  6.70000000E-01  3.04818668E+00 -5.48474317E-05
  6.75000000E-01  3.04818643E+00 -4.76911670E-05
  6.80000000E-01  3.04818621E+00 -4.14697983E-05
  6.85000000E-01  3.04818601E+00 -3.60611737E-05
  6.90000000E-01  3.04818585E+00 -3.13591033E-05
  6.95000000E-01  3.04818570E+00 -2.72712610E-05
  7.00000000E-01  3.04818558E+00 -2.37173723E-05
  7.05000000E-01  3.04818547E+00 -2.06276406E-05
  7.10000000E-01  3.04818537E+00 -1.79413920E-05
  7.15000000E-01  3.04818529E+00 -1.56058900E-05
  7.20000000E-01  3.04818522E+00 -1.35752913E-05
  7.25000000E-01  3.04818515E+00 -1.18097459E-05
  7.30000000E-01  3.04818510E+00 -1.02746143E-05
  7.35000000E-01  3.04818505E+00 -8.93978906E-06
  7.40000000E-01  3.04818501E+00 -7.77909867E-06
  7.45000000E-01  3.04818497E+00 -6.76979284E-06
  7.50000000E-01  3.04818494E+00 -5.89209617E-06
  7.55000000E-01  3.04818491E+00 -5.12882001E-06
  7.60000000E-01  3.04818489E+00 -4.46502135E-06
  7.65000000E-01  3.04818487E+00 -3.88770886E-06
  7.70000000E-01  3.04818485E+00 -3.38559000E-06
  7.75000000E-01  3.04818484E+00 -2.94884849E-06
  7.80000000E-01  3.04818482E+00 -2.56894928E-06
  7.85000000E-01  3.04818481E+00 -2.23848068E-06
  7.90000000E-01  3.04818480E+00 -1.95098676E-06
  7.95000000E-01  3.04818479E+00 -1.70085584E-06
  8.00000000E-01  3.04818478E+00 -1.48320794E-06
  8.05000000E-01  3.04818478E+00 -1.29380043E-06
  8.10000000E-01  3.04818477E+00 -1.12895210E-06
  8.15000000E-01  3.04818477E+00 -9.85459982E-07
  8.20000000E-01  3.04818476E+00 -8.60539100E-07
  8.25000000E-01  3.04818476E+00 -7.51767466E-07
  8.30000000E-01  3.04818475E+00 -6.57037751E-07
  8.35000000E-01  3.04818475E+00 -5.74521740E-07
  8.40000000E-01  3.04818475E+00 -5.02629077E-07
  8.45000000E-01  3.04818475E+00 -4.39977013E-07
  8.50000000E-01  3.04818474E+00 -3.85363501E-07
  8.55000000E-01  3.04818474E+00 -3.37742841E-07
  8.60000000E-01  3.04818474E+00 -2.96205011E-07
  8.65000000E-01  3.04818474E+00 -2.59965006E-07
  8.70000000E-01  3.04818474E+00 -2.28335764E-07
  8.75000000E-01  3.04818474E+00 -2.00719068E-07
  8.80000000E-01  3.04818474E+00 -1.76596530E-07
  8.85000000E-01  3.04818473E+00 -1.55516577E-07
  8.90000000E-01  3.04818473E+00 -1.37087028E-07
  8.95000000E-01  3.04818473E+00 -1.20966679E-07
  9.00000000E-01  3.04818473E+00 -1.06858302E-07
  9.05000000E-01  3.04818473E+00 -9.45032529E-08
  9.10000000E-01  3.04818473E+00 -8.36771131E-08
  9.15000000E-01  3.04818473E+00 -7.41842437E-08
  9.20000000E-01  3.04818473E+00 -6.58547082E-08
  9.25000000E-01  3.04818473E+00 -5.85398094E-08
  9.30000000E-01  3.04818473E+00 -5.21110167E-08
  9.35000000E-01  3.04818473E+00 -4.64564627E-08
  9.40000000E-01  3.04818473E+00 -4.14786644E-08
  9.45000000E-01  3.04818473E+00 -3.70927480E-08
  9.50000000E-01  3.04818473E+00 -3.32246603E-08
  9.55000000E-01  3.04818473E+00 -2.98097654E-08
  9.60000000E-01  3.04818473E+00 -2.67918039E-08
  9.65000000E-01  3.04818473E+00 -2.41216297E-08
  9.70000000E-01  3.04818473E+00 -2.17563113E-08
  9.75000000E-01  3.04818473E+00 -1.96583729E-08
  9.80000000E-01  3.04818473E+00 -1.77950995E-08
  9.85000000E-01  3.04818473E+00 -1.61379760E-08
  9.90000000E-01  3.04818473E+00 -1.46620471E-08
  9.95000000E-01  3.04818473E+00 -1.33455496E-08
  1.00000000E+00  3.04818473E+00 -1.21694935E-08
