  0.00000000E+00  0.00000000E+00  4.78850835E+00
  5.00000000E-03  2.39425418E-02  4.78850835E+00
  1.00000000E-02  4.78850835E-02  4.41294459E+00
  1.50000000E-02  6.90108971E-02  4.08202816E+00
  2.00000000E-02  8.85937468E-02  3.79285826E+00
  2.50000000E-02  1.06835113E-01  3.54098365E+00
  3.00000000E-02  1.23910345E-01  3.32187171E+00
  3.50000000E-02  1.39971924E-01  3.13135529E+00
  4.00000000E-02  1.55152409E-01  2.96573454E+00
  4.50000000E-02  1.69567030E-01  2.82176700E+00
  5.00000000E-02  1.83315946E-01  2.69662526E+00
  5.50000000E-02  1.96486218E-01  2.58784869E+00
  6.00000000E-02  2.09153520E-01  2.49329748E+00
  6.50000000E-02  2.21383629E-01  2.41111138E+00
  7.00000000E-02  2.33233721E-01  2.33967334E+00
  7.50000000E-02  2.44753493E-01  2.27757777E+00
  8.00000000E-02  2.55986143E-01  2.22360294E+00
  8.50000000E-02  2.66969220E-01  2.17668687E+00
  9.00000000E-02  2.77735364E-01  2.13590650E+00
  9.50000000E-02  2.88312946E-01  2.10045945E+00
  1.00000000E-01  2.98726626E-01  2.06964831E+00
  1.05000000E-01  3.08997839E-01  2.04286686E+00
  1.10000000E-01  3.19145220E-01  2.01958814E+00
  1.15000000E-01  3.29184964E-01  1.99935412E+00
  1.20000000E-01  3.39131150E-01  1.98176666E+00
  1.25000000E-01  3.48996014E-01  1.96647967E+00
  1.30000000E-01  3.58790195E-01  1.95319233E+00
  1.35000000E-01  3.68522938E-01  1.94164314E+00
  1.40000000E-01  3.78202281E-01  1.93160482E+00
  1.45000000E-01  3.87835209E-01  1.92287978E+00
  1.50000000E-01  3.97427796E-01  1.91529629E+00
  1.55000000E-01  4.06985318E-01  1.90870505E+00
  1.60000000E-01  4.16512366E-01  1.90297630E+00
  1.65000000E-01  4.26012925E-01  1.89799724E+00
  1.70000000E-01  4.35490464E-01  1.89366983E+00
  1.75000000E-01  4.44947994E-01  1.88990884E+00
  1.80000000E-01  4.54388136E-01  1.88664018E+00
  1.85000000E-01  4.63813165E-01  1.88379945E+00
  1.90000000E-01  4.73225061E-01  1.88133069E+00
  1.95000000E-01  4.82625542E-01  1.87918523E+00
  2.00000000E-01  4.92016105E-01  1.87732078E+00
  2.05000000E-01  5.01398048E-01 -2.91308409E+00
  2.10000000E-01  4.74856615E-01 -2.66408641E+00
  2.15000000E-01  4.62158677E-01 -2.36112212E+00
  2.20000000E-01  4.51110477E-01 -2.06808118E+00
  2.25000000E-01  4.41502674E-01 -1.80311732E+00
  2.30000000E-01  4.33149497E-01 -1.56925116E+00
  2.35000000E-01  4.25887906E-01 -1.36473745E+00
  2.40000000E-01  4.19575503E-01 -1.18653947E+00
  2.45000000E-01  4.14088301E-01 -1.03149302E+00
  2.50000000E-01  4.09318452E-01 -8.96666594E-01
  2.55000000E-01  4.05172185E-01 -7.79449522E-01
  2.60000000E-01  4.01567980E-01 -6.77550917E-01
  2.65000000E-01  3.98434972E-01 -5.88971993E-01
  2.70000000E-01  3.95711560E-01 -5.11972727E-01
  2.75000000E-01  3.93344194E-01 -4.45039710E-01
  2.80000000E-01  3.91286328E-01 -3.86857091E-01
  2.85000000E-01  3.89497499E-01 -3.36280943E-01
  2.90000000E-01  3.87942535E-01 -2.92316858E-01
  2.95000000E-01  3.86590861E-01 -2.54100422E-01
  3.00000000E-01  3.85415900E-01 -2.20880221E-01
  3.05000000E-01  3.84394549E-01 -1.92003078E-01
  3.10000000E-01  3.83506727E-01 -1.66901207E-01
  3.15000000E-01  3.82734975E-01 -1.45081049E-01
  3.20000000E-01  3.82064120E-01 -1.26113573E-01
  3.25000000E-01  3.81480971E-01 -1.09625832E-01
  3.30000000E-01  3.80974061E-01 -9.52936394E-02
  3.35000000E-01  3.80533424E-01 -8.28351888E-02
  3.40000000E-01  3.80150394E-01 -7.20055158E-02
  3.45000000E-01  3.79817440E-01 -6.25916811E-02
  3.50000000E-01  3.79528017E-01 -5.44085840E-02
  3.55000000E-01  3.79276431E-01 -4.72953227E-02
  3.60000000E-01  3.79057738E-01 -4.11120309E-02
  3.65000000E-01  3.78867636E-01 -3.57371275E-02
  3.70000000E-01  3.78702388E-01 -3.10649267E-02
  3.75000000E-01  3.78558744E-01 -2.70035591E-02
  3.80000000E-01  3.78433879E-01 -2.34731664E-02
  3.85000000E-01  3.78325339E-01 -2.04043302E-02
  3.90000000E-01  3.78230990E-01 -1.77367079E-02
  3.95000000E-01  3.78148975E-01 -1.54178458E-02
  4.00000000E-01  3.78077683E-01 -1.34021478E-02
  4.05000000E-01  3.78015712E-01 -1.16499787E-02
  4.10000000E-01  3.77961842E-01 -1.01268854E-02
  4.15000000E-01  3.77915016E-01 -8.80291895E-03
  4.20000000E-01  3.77874311E-01 -7.65204583E-03
  4.25000000E-01  3.77838928E-01 -6.65163611E-03
  4.30000000E-01  3.77808171E-01 -5.78201844E-03
  4.35000000E-01  3.77781435E-01 -5.02609326E-03
  4.40000000E-01  3.77758194E-01 -4.36899658E-03
  4.45000000E-01  3.77737992E-01 -3.79780768E-03
  4.50000000E-01  3.77720431E-01 -3.30129510E-03
  4.55000000E-01  3.77705165E-01 -2.86969574E-03
  4.60000000E-01  3.77691896E-01 -2.49452294E-03
  4.65000000E-01  3.77680361E-01 -2.16839953E-03
  4.70000000E-01  3.77670335E-01 -1.88491288E-03
  4.75000000E-01  3.77661619E-01 -1.63848868E-03
  4.80000000E-01  3.77654042E-01 -1.42428145E-03
  4.85000000E-01  3.77647456E-01 -1.23807917E-03
  4.90000000E-01  3.77641732E-01 -1.07622050E-03
  4.95000000E-01  3.77636755E-01 -9.35522801E-04
  5.00000000E-01  3.77632429E-01 -8.13219506E-04
  5.05000000E-01  3.77628669E-01 -7.06905756E-04
  5.10000000E-01  3.77625400E-01 -6.14491101E-04
  5.15000000E-01  3.77622559E-01 -5.34158395E-04
  5.20000000E-01  3.77620089E-01 -4.64328061E-04
  5.25000000E-01  3.77617942E-01 -4.03627038E-04
  5.30000000E-01  3.77616075E-01 -3.50861778E-04
  5.35000000E-01  3.77614453E-01 -3.04994773E-04
  5.40000000E-01  3.77613043E-01 -2.65124161E-04
  5.45000000E-01  3.77611817E-01 -2.30465988E-04
  5.50000000E-01  3.77610751E-01 -2.00338793E-04
  5.55000000E-01  3.77609825E-01 -1.74150207E-04
  5.60000000E-01  3.77609019E-01 -1.51385310E-04
  5.65000000E-01  3.77608319E-01 -1.31596500E-04
  5.70000000E-01  3.77607711E-01 -1.14394693E-04
  5.75000000E-01  3.77607182E-01 -9.94416743E-05
  5.80000000E-01  3.77606722E-01 -8.64434475E-05
  5.85000000E-01  3.77606322E-01 -7.51444523E-05
  5.90000000E-01  3.77605975E-01 -6.53225397E-05
  5.95000000E-01  3.77605673E-01 -5.67846042E-05
  6.00000000E-01  3.77605410E-01 -4.93627864E-05
  6.05000000E-01  3.77605182E-01 -4.29111723E-05
  6.10000000E-01  3.77604984E-01 -3.73029246E-05
  6.15000000E-01  3.77604811E-01 -3.24277881E-05
  6.20000000E-01  3.77604661E-01 -2.81899220E-05
  6.25000000E-01  3.77604531E-01 -2.45060154E-05
  6.30000000E-01  3.77604417E-01 -2.13036494E-05
  6.35000000E-01  3.77604319E-01 -1.85198726E-05
  6.40000000E-01  3.77604233E-01 -1.60999636E-05
  6.45000000E-01  3.77604159E-01 -1.39963550E-05
  6.50000000E-01  3.77604094E-01 -1.21676982E-05
  6.55000000E-01  3.77604038E-01 -1.05780502E-05
  6.60000000E-01  3.77603989E-01 -9.19616704E-06
  6.65000000E-01  3.77603946E-01 -7.99488889E-06
  6.70000000E-01  3.77603909E-01 -6.95060733E-06
  6.75000000E-01  3.77603877E-01 -6.04280008E-06
  6.80000000E-01  3.77603849E-01 -5.25362735E-06
  6.85000000E-01  3.77603825E-01 -4.56758187E-06
  6.90000000E-01  3.77603804E-01 -3.97118366E-06
  6.95000000E-01  3.77603786E-01 -3.45271486E-06
  7.00000000E-01  3.77603770E-01 -3.00198950E-06
  7.05000000E-01  3.77603756E-01 -2.61015317E-06
  7.10000000E-01  3.77603744E-01 -2.26950896E-06
  7.15000000E-01  3.77603733E-01 -1.97336612E-06
  7.20000000E-01  3.77603724E-01 -1.71590852E-06
  7.25000000E-01  3.77603716E-01 -1.49208033E-06
  7.30000000E-01  3.77603709E-01 -1.29748660E-06
  7.35000000E-01  3.77603703E-01 -1.12830689E-06
  7.40000000E-01  3.77603698E-01 -9.81220105E-07
  7.45000000E-01  3.77603693E-01 -8.53339274E-07
  7.50000000E-01  3.77603689E-01 -7.42154768E-07
  7.55000000E-01  3.77603686E-01 -6.45485042E-07
  7.60000000E-01  3.77603683E-01 -5.61433656E-07
  7.65000000E-01  3.77603680E-01 -4.88352006E-07
  7.70000000E-01  3.77603678E-01 -4.24806988E-07
  7.75000000E-01  3.77603676E-01 -3.69552794E-07
  7.80000000E-01  3.77603674E-01 -3.21506462E-07
  7.85000000E-01  3.77603673E-01 -2.79726547E-07
  7.90000000E-01  3.77603672E-01 -2.43394647E-07
  7.95000000E-01  3.77603671E-01 -2.11799280E-07
  8.00000000E-01  3.77603670E-01 -1.84321963E-07
  8.05000000E-01  3.77603669E-01 -1.60425008E-07
  8.10000000E-01  3.77603668E-01 -1.39641012E-07
  8.15000000E-01  3.77603667E-01 -1.21563620E-07
  8.20000000E-01  3.77603667E-01 -1.05839578E-07
  8.25000000E-01  3.77603666E-01 -9.21617429E-08
  8.30000000E-01  3.77603666E-01 -8.02631495E-08
  8.35000000E-01  3.77603666E-01 -6.99116872E-08
  8.40000000E-01  3.77603665E-01 -6.09055550E-08
  8.45000000E-01  3.77603665E-01 -5.30693130E-08
  8.50000000E-01  3.77603665E-01 -4.62504343E-08
  8.55000000E-01  3.77603664E-01 -4.03163053E-08
  8.60000000E-01  3.77603664E-01 -3.51516353E-08
  8.65000000E-01  3.77603664E-01 -3.06561768E-08
  8.70000000E-01  3.77603664E-01 -2.67427778E-08
  8.75000000E-01  3.77603664E-01 -2.33356709E-08
  8.80000000E-01  3.77603664E-01 -2.03689625E-08
  8.85000000E-01  3.77603664E-01 -1.77853782E-08
  8.90000000E-01  3.77603664E-01 -1.55350934E-08
  8.95000000E-01  3.77603663E-01 -1.35747849E-08
  9.00000000E-01  3.77603663E-01 -1.18667988E-08
  9.05000000E-01  3.77603663E-01 -1.03783486E-08
  9.10000000E-01  3.77603663E-01 -9.08093105E-09
  9.15000000E-01  3.77603663E-01 -7.94976136E-09
  9.20000000E-01  3.77603663E-01 -6.96329909E-09
  9.25000000E-01  3.77603663E-01 -6.10281494E-09
  9.30000000E-01  3.77603663E-01 -5.35197667E-09
  9.35000000E-01  3.77603663E-01 -4.69659678E-09
  9.40000000E-01  3.77603663E-01 -4.12434720E-09
  9.45000000E-01  3.77603663E-01 -3.62450797E-09
  9.50000000E-01  3.77603663E-01 -3.18774826E-09
  9.55000000E-01  3.77603663E-01 -2.80592749E-09
  9.60000000E-01  3.77603663E-01 -2.47199531E-09
  9.65000000E-01  3.77603663E-01 -2.17982029E-09
  9.70000000E-01  3.77603663E-01 -1.92404217E-09
  9.75000000E-01  3.77603663E-01 -1.70000147E-09
  9.80000000E-01  3.77603663E-01 -1.50364814E-09
  9.85000000E-01  3.77603663E-01 -1.33145234E-09
  9.90000000E-01  3.77603663E-01 -1.18033987E-09
  9.95000000E-01  3.77603663E-01 -1.04762153E-09
  1.00000000E+00  3.77603663E-01 -9.30971931E-10
