  0.00000000E+00  0.00000000E+00  7.66038614E+01
  5.00000000E-03  3.83019307E-01  7.66038614E+01
  1.00000000E-02  7.66038614E-01  7.05595615E+01
  1.50000000E-02  1.10372567E+00  6.50711737E+01
  2.00000000E-02  1.41536057E+00  6.02937616E+01
  2.50000000E-02  1.70488585E+00  5.62013250E+01
  3.00000000E-02  1.97566138E+00  5.27011701E+01
  3.50000000E-02  2.23041685E+00  4.96971064E+01
  4.00000000E-02  2.47139222E+00  4.71082213E+01
  4.50000000E-02  2.70046111E+00  4.48698694E+01
  5.00000000E-02  2.91921458E+00  4.29300077E+01
  5.50000000E-02  3.12901496E+00  4.12458211E+01
  6.00000000E-02  3.33103360E+00  3.97814271E+01
  6.50000000E-02  3.52627975E+00  3.85063895E+01
  7.00000000E-02  3.71562411E+00  3.73947105E+01
  7.50000000E-02  3.89981846E+00  3.64240971E+01
  8.00000000E-02  4.07951241E+00  3.55753922E+01
  8.50000000E-02  4.25526761E+00  3.48321130E+01
  9.00000000E-02  4.42756998E+00  3.41800682E+01
  9.50000000E-02  4.59684021E+00  3.36070340E+01
  1.00000000E-01  4.76344279E+00  3.31024791E+01
  1.05000000E-01  4.92769380E+00  3.26573288E+01
  1.10000000E-01  5.08986757E+00  3.22637624E+01
  1.15000000E-01  5.25020247E+00  3.19150393E+01
  1.20000000E-01  5.40890585E+00  3.16053489E+01
  1.25000000E-01  5.56615837E+00  3.13296815E+01
  1.30000000E-01  5.72211761E+00  3.10837164E+01
  1.35000000E-01  5.87692128E+00  3.08637259E+01
  1.40000000E-01  6.03068993E+00  3.06664928E+01
  1.45000000E-01  6.18352932E+00  3.04892382E+01
  1.50000000E-01  6.33553237E+00  3.03295605E+01
  1.55000000E-01  6.48678098E+00  3.01853819E+01
  1.60000000E-01  6.63734744E+00  3.00549030E+01
  1.65000000E-01  6.78729576E+00  2.99365633E+01
  1.70000000E-01  6.93668273E+00  2.98290077E+01
  1.75000000E-01  7.08555888E+00  2.97310573E+01
  1.80000000E-01  7.23396929E+00  2.96416844E+01
  1.85000000E-01  7.38195428E+00  2.95599916E+01
  1.90000000E-01  7.52955000E+00  2.94851931E+01
  1.95000000E-01  7.67678897E+00  2.94165994E+01
  2.00000000E-01  7.82370048E+00  2.93536039E+01
  2.05000000E-01  7.97031102E+00 -4.88919604E+01
  2.10000000E-01  7.53023730E+00 -3.96706057E+01
  2.15000000E-01  7.35493766E+00 -3.64373151E+01
  2.20000000E-01  7.18083431E+00 -3.11843747E+01
  2.25000000E-01  7.03804479E+00 -2.70116310E+01
  2.30000000E-01  6.91341849E+00 -2.33426956E+01
  2.35000000E-01  6.80587735E+00 -2.01889787E+01
  2.40000000E-01  6.71281675E+00 -1.74684825E+01
  2.45000000E-01  6.63227558E+00 -1.51220952E+01
  2.50000000E-01  6.56253107E+00 -1.30966029E+01
  2.55000000E-01  6.50211179E+00 -1.13467179E+01
  2.60000000E-01  6.44975291E+00 -9.83382798E+00
  2.65000000E-01  6.40436600E+00 -8.52501320E+00
  2.70000000E-01  6.36501297E+00 -7.39214472E+00
  2.75000000E-01  6.33088442E+00 -6.41113206E+00
  2.80000000E-01  6.30128129E+00 -5.56129959E+00
  2.85000000E-01  6.27559937E+00 -4.82487031E+00
  2.90000000E-01  6.25331609E+00 -4.18653654E+00
  2.95000000E-01  6.23397924E+00 -3.63310051E+00
  3.00000000E-01  6.21719733E+00 -3.15317199E+00
  3.05000000E-01  6.20263129E+00 -2.73691237E+00
  3.10000000E-01  6.18998738E+00 -2.37581736E+00
  3.15000000E-01  6.17901103E+00 -2.06253168E+00
  3.20000000E-01  6.16948159E+00 -1.79069063E+00
  3.25000000E-01  6.16120774E+00 -1.55478436E+00
  3.30000000E-01  6.15402358E+00 -1.35004132E+00
  3.35000000E-01  6.14778523E+00 -1.17232799E+00
  3.40000000E-01  6.14236787E+00 -1.01806259E+00
  3.45000000E-01  6.13766323E+00 -8.84140717E-01
  3.50000000E-01  6.13357733E+00 -7.67871077E-01
  3.55000000E-01  6.13002864E+00 -6.66920116E-01
  3.60000000E-01  6.12694642E+00 -5.79264101E-01
  3.65000000E-01  6.12426924E+00 -5.03147718E-01
  3.70000000E-01  6.12194379E+00 -4.37048254E-01
  3.75000000E-01  6.11992380E+00 -3.79644609E-01
  3.80000000E-01  6.11816909E+00 -3.29790468E-01
  3.85000000E-01  6.11664477E+00 -2.86491069E-01
  3.90000000E-01  6.11532056E+00 -2.48883081E-01
  3.95000000E-01  6.11417017E+00 -2.16217173E-01
  4.00000000E-01  6.11317075E+00 -1.87842902E-01
  4.05000000E-01  6.11230247E+00 -1.63195622E-01
  4.10000000E-01  6.11154811E+00 -1.41785130E-01
  4.15000000E-01  6.11089271E+00 -1.23185824E-01
  4.20000000E-01  6.11032328E+00 -1.07028169E-01
  4.25000000E-01  6.10982853E+00 -9.29912914E-02
  4.30000000E-01  6.10939867E+00 -8.07965464E-02
  4.35000000E-01  6.10902517E+00 -7.02019501E-02
  4.40000000E-01  6.10870065E+00 -6.09973474E-02
  4.45000000E-01  6.10841867E+00 -5.30002186E-02
  4.50000000E-01  6.10817366E+00 -4.60520399E-02
  4.55000000E-01  6.10796077E+00 -4.00151241E-02
  4.60000000E-01  6.10777579E+00 -3.47698778E-02
  4.65000000E-01  6.10761505E+00 -3.02124194E-02
  4.70000000E-01  6.10747539E+00 -2.62525123E-02
  4.75000000E-01  6.10735402E+00 -2.28117700E-02
  4.80000000E-01  6.10724857E+00 -1.98220982E-02
  4.85000000E-01  6.10715693E+00 -1.72243408E-02
  4.90000000E-01  6.10707730E+00 -1.49671018E-02
  4.95000000E-01  6.10700811E+00 -1.30057040E-02
  5.00000000E-01  6.10694799E+00 -1.13014085E-02
  5.05000000E-01  6.10689574E+00 -9.82049107E-03
  5.10000000E-01  6.10685034E+00 -8.53366413E-03
  5.15000000E-01  6.10681089E+00 -7.41548476E-03
  5.20000000E-01  6.10677661E+00 -6.44384413E-03
  5.25000000E-01  6.10674682E+00 -5.59952605E-03
  5.30000000E-01  6.10672093E+00 -4.86582815E-03
  5.35000000E-01  6.10669843E+00 -4.22824293E-03
  5.40000000E-01  6.10667889E+00 -3.67417467E-03
  5.45000000E-01  6.10666190E+00 -3.19268780E-03
  5.50000000E-01  6.10664714E+00 -2.77428351E-03
  5.55000000E-01  6.10663432E+00 -2.41070460E-03
  5.60000000E-01  6.10662317E+00 -2.09477118E-03
  5.65000000E-01  6.10661349E+00 -1.82024153E-03
  5.70000000E-01  6.10660507E+00 -1.58169228E-03
  5.75000000E-01  6.10659776E+00 -1.37441274E-03
  5.80000000E-01  6.10659141E+00 -1.19431043E-03
  5.85000000E-01  6.10658589E+00 -1.03782435E-03
  5.90000000E-01  6.10658109E+00 -9.01857305E-04
  5.95000000E-01  6.10657692E+00 -7.83720385E-04
  6.00000000E-01  6.10657329E+00 -6.81075893E-04
  6.05000000E-01  6.10657015E+00 -5.91890790E-04
  6.10000000E-01  6.10656741E+00 -5.14399818E-04
  6.15000000E-01  6.10656503E+00 -4.47070091E-04
  6.20000000E-01  6.10656296E+00 -3.88571163E-04
  6.25000000E-01  6.10656117E+00 -3.37745788E-04
  6.30000000E-01  6.10655961E+00 -2.93587482E-04
  6.35000000E-01  6.10655825E+00 -2.55221276E-04
  6.40000000E-01  6.10655707E+00 -2.21886527E-04
  6.45000000E-01  6.10655604E+00 -1.92922730E-04
  6.50000000E-01  6.10655515E+00 -1.67756044E-04
  6.55000000E-01  6.10655437E+00 -1.45887241E-04
  6.60000000E-01  6.10655370E+00 -1.26883662E-04
  6.65000000E-01  6.10655311E+00 -1.10369478E-04
  6.70000000E-01  6.10655260E+00 -9.60183146E-05
  6.75000000E-01  6.10655216E+00 -8.35464851E-05
  6.80000000E-01  6.10655177E+00 -7.27073481E-05
  6.85000000E-01  6.10655143E+00 -6.32867836E-05
  6.90000000E-01  6.10655114E+00 -5.50987565E-05
  6.95000000E-01  6.10655089E+00 -4.79816969E-05
  7.00000000E-01  6.10655066E+00 -4.17948865E-05
  7.05000000E-01  6.10655047E+00 -3.64162894E-05
  7.10000000E-01  6.10655030E+00 -3.17399995E-05
  7.15000000E-01  6.10655016E+00 -2.76739014E-05
  7.20000000E-01  6.10655003E+00 -2.41379373E-05
  7.25000000E-01  6.10654992E+00 -2.10625775E-05
  7.30000000E-01  6.10654982E+00 -1.83873959E-05
  7.35000000E-01  6.10654973E+00 -1.60599110E-05
  7.40000000E-01  6.10654966E+00 -1.40346054E-05
  7.45000000E-01  6.10654959E+00 -1.22719207E-05
  7.50000000E-01  6.10654954E+00 -1.07374221E-05
  7.55000000E-01  6.10654949E+00 -9.40124123E-06
  7.60000000E-01  6.10654944E+00 -8.23745363E-06
  7.65000000E-01  6.10654940E+00 -7.22353890E-06
  7.70000000E-01  6.10654937E+00 -6.33996262E-06
  7.75000000E-01  6.10654934E+00 -5.56969791E-06
  7.80000000E-01  6.10654932E+00 -4.89796252E-06
  7.85000000E-01  6.10654929E+00 -4.31190460E-06
  7.90000000E-01  6.10654927E+00 -3.80036005E-06
  7.95000000E-01  6.10654925E+00 -3.35363613E-06
  8.00000000E-01  6.10654924E+00 -2.96330901E-06
  8.05000000E-01  6.10654922E+00 -2.62205786E-06
  8.10000000E-01  6.10654921E+00 -2.32352248E-06
  8.15000000E-01  6.10654920E+00 -2.06217886E-06
  8.20000000E-01  6.10654919E+00 -1.83322100E-06
  8.25000000E-01  6.10654918E+00 -1.63247354E-06
  8.30000000E-01  6.10654918E+00 -1.45630841E-06
  8.35000000E-01  6.10654917E+00 -1.30157249E-06
  8.40000000E-01  6.10654916E+00 -1.16552519E-06
  8.45000000E-01  6.10654916E+00 -1.04577705E-06
  8.50000000E-01  6.10654915E+00 -9.40250154E-07
  8.55000000E-01  6.10654915E+00 -8.47133733E-07
  8.60000000E-01  6.10654914E+00 -7.64857998E-07
  8.65000000E-01  6.10654914E+00 -6.92058409E-07
  8.70000000E-01  6.10654914E+00 -6.27546395E-07
  8.75000000E-01  6.10654913E+00 -5.70287543E-07
  8.80000000E-01  6.10654913E+00 -5.19380453E-07
  8.85000000E-01  6.10654913E+00 -4.74042299E-07
  8.90000000E-01  6.10654913E+00 -4.33589220E-07
  8.95000000E-01  6.10654912E+00 -3.97427329E-07
  9.00000000E-01  6.10654912E+00 -3.65038659E-07
  9.05000000E-01  6.10654912E+00 -3.35970977E-07
  9.10000000E-01  6.10654912E+00 -3.09829654E-07
  9.15000000E-01  6.10654912E+00 -2.86270211E-07
  9.20000000E-01  6.10654912E+00 -2.64991938E-07
  9.25000000E-01  6.10654912E+00 -2.45732077E-07
  9.30000000E-01  6.10654911E+00 -2.28260859E-07
  9.35000000E-01  6.10654911E+00 -2.12377218E-07
  9.40000000E-01  6.10654911E+00 -1.97905068E-07
  9.45000000E-01  6.10654911E+00 -1.84690089E-07
  9.50000000E-01  6.10654911E+00 -1.72596911E-07
  9.55000000E-01  6.10654911E+00 -1.61506689E-07
  9.60000000E-01  6.10654911E+00 -1.51314877E-07
  9.65000000E-01  6.10654911E+00 -1.41929252E-07
  9.70000000E-01  6.10654911E+00 -1.33268860E-07
  9.75000000E-01  6.10654911E+00 -1.25262443E-07
  9.80000000E-01  6.10654911E+00 -1.17847028E-07
  9.85000000E-01  6.10654911E+00 -1.10966823E-07
  9.90000000E-01  6.10654910E+00 -1.04572367E-07
  9.95000000E-01  6.10654910E+00 -9.86197130E-08
  1.00000000E+00  6.10654910E+00 -9.30697987E-08
