  0.00000000E+00  0.00000000E+00  1.91540620E+01
  5.00000000E-03  9.57703099E-02  1.91540620E+01
  1.00000000E-02  1.91540620E-01  1.76513740E+01
  1.50000000E-02  2.76040770E-01  1.63254592E+01
  2.00000000E-02  3.54353279E-01  1.51673002E+01
  2.50000000E-02  4.27294383E-01  1.41593849E+01
  3.00000000E-02  4.95571518E-01  1.32833476E+01
  3.50000000E-02  5.59798163E-01  1.25222507E+01
  4.00000000E-02  6.20506674E-01  1.18610913E+01
  4.50000000E-02  6.78159233E-01  1.12867553E+01
  5.00000000E-02  7.33157169E-01  1.07878324E+01
  5.50000000E-02  7.85849024E-01  1.03544103E+01
  6.00000000E-02  8.36537520E-01  9.97788213E+00
  6.50000000E-02  8.85485610E-01  9.65077444E+00
  7.00000000E-02  9.32921713E-01  9.36659784E+00
  7.50000000E-02  9.79044261E-01  9.11971674E+00
  8.00000000E-02  1.02402564E+00  8.90523651E+00
  8.50000000E-02  1.06801562E+00  8.71890571E+00
  9.00000000E-02  1.11114433E+00  8.55703127E+00
  9.50000000E-02  1.15352480E+00  8.41640494E+00
  1.00000000E-01  1.19525525E+00  8.29423953E+00
  1.05000000E-01  1.23642104E+00  8.18811347E+00
  1.10000000E-01  1.27709629E+00  8.09592284E+00
  1.15000000E-01  1.31734543E+00  8.01583959E+00
  1.20000000E-01  1.35722442E+00  7.94627536E+00
  1.25000000E-01  1.39678188E+00  7.88585001E+00
  1.30000000E-01  1.43606007E+00  7.83336429E+00
  1.35000000E-01  1.47509568E+00  7.78777614E+00
  1.40000000E-01  1.51392059E+00  7.74818010E+00
  1.45000000E-01  1.55256250E+00  7.71378934E+00
  1.50000000E-01  1.59104547E+00  7.68392018E+00
  1.55000000E-01  1.62939040E+00  7.65797855E+00
  1.60000000E-01  1.66761544E+00  7.63544825E+00
  1.65000000E-01  1.70573635E+00  7.61588074E+00
  1.70000000E-01  1.74376684E+00  7.59888631E+00
  1.75000000E-01  1.78171878E+00  7.58412634E+00
  1.80000000E-01  1.81960251E+00  7.57130664E+00
  1.85000000E-01  1.85742700E+00  7.56017161E+00
  1.90000000E-01  1.89520002E+00  7.55049919E+00
  1.95000000E-01  1.93292833E+00  7.54209650E+00
  2.00000000E-01  1.97061781E+00  7.53479595E+00
  2.05000000E-01  2.00827354E+00 -1.16420632E+01
  2.10000000E-01  1.90212107E+00 -1.06285037E+01
  2.15000000E-01  1.85151245E+00 -9.41448582E+00
  2.20000000E-01  1.80747507E+00 -8.24041541E+00
  2.25000000E-01  1.76920817E+00 -7.18499426E+00
  2.30000000E-01  1.73592175E+00 -6.25381512E+00
  2.35000000E-01  1.70698062E+00 -5.43954798E+00
  2.40000000E-01  1.68181855E+00 -4.72999045E+00
  2.45000000E-01  1.65994249E+00 -4.11252984E+00
  2.50000000E-01  1.64092349E+00 -3.57550530E+00
  2.55000000E-01  1.62438853E+00 -3.10853960E+00
  2.60000000E-01  1.61001324E+00 -2.70252849E+00
  2.65000000E-01  1.59751563E+00 -2.34952837E+00
  2.70000000E-01  1.58665049E+00 -2.04262323E+00
  2.75000000E-01  1.57720463E+00 -1.77579670E+00
  2.80000000E-01  1.56899272E+00 -1.54381674E+00
  2.85000000E-01  1.56185358E+00 -1.34213390E+00
  2.90000000E-01  1.55564712E+00 -1.16679245E+00
  2.95000000E-01  1.55025151E+00 -1.01435300E+00
  3.00000000E-01  1.54556085E+00 -8.81825089E-01
  3.05000000E-01  1.54148304E+00 -7.66608602E-01
  3.10000000E-01  1.53793804E+00 -6.66442860E-01
  3.15000000E-01  1.53485624E+00 -5.79362303E-01
  3.20000000E-01  1.53217713E+00 -5.03657980E-01
  3.25000000E-01  1.52984810E+00 -4.37844062E-01
  3.30000000E-01  1.52782341E+00 -3.80628720E-01
  3.35000000E-01  1.52606331E+00 -3.30888805E-01
  3.40000000E-01  1.52453321E+00 -2.87647832E-01
  3.45000000E-01  1.52320308E+00 -2.50056832E-01
  3.50000000E-01  1.52204677E+00 -2.17377711E-01
  3.55000000E-01  1.52104158E+00 -1.88968770E-01
  3.60000000E-01  1.52016776E+00 -1.64272124E-01
  3.65000000E-01  1.51940814E+00 -1.42802754E-01
  3.70000000E-01  1.51874780E+00 -1.24138999E-01
  3.75000000E-01  1.51817376E+00 -1.07914275E-01
  3.80000000E-01  1.51767475E+00 -9.38098888E-02
  3.85000000E-01  1.51724097E+00 -8.15487802E-02
  3.90000000E-01  1.51686388E+00 -7.08900850E-02
  3.95000000E-01  1.51653607E+00 -6.16244077E-02
  4.00000000E-01  1.51625111E+00 -5.35697112E-02
  4.05000000E-01  1.51600340E+00 -4.65677430E-02
  4.10000000E-01  1.51578807E+00 -4.04809280E-02
  4.15000000E-01  1.51560088E+00 -3.51896677E-02
  4.20000000E-01  1.51543816E+00 -3.05899912E-02
  4.25000000E-01  1.51529671E+00 -2.65915141E-02
  4.30000000E-01  1.51517375E+00 -2.31156629E-02
  4.35000000E-01  1.51506686E+00 -2.00941323E-02
  4.40000000E-01  1.51497394E+00 -1.74675431E-02
  4.45000000E-01  1.51489317E+00 -1.51842762E-02
  4.50000000E-01  1.51482296E+00 -1.31994586E-02
  4.55000000E-01  1.51476192E+00 -1.14740815E-02
  4.60000000E-01  1.51470887E+00 -9.97423470E-03
  4.65000000E-01  1.51466274E+00 -8.67043958E-03
  4.70000000E-01  1.51462265E+00 -7.53707045E-03
  4.75000000E-01  1.51458780E+00 -6.55185088E-03
  4.80000000E-01  1.51455750E+00 -5.69541598E-03
  4.85000000E-01  1.51453117E+00 -4.95093195E-03
  4.90000000E-01  1.51450827E+00 -4.30376524E-03
  4.95000000E-01  1.51448837E+00 -3.74119503E-03
  5.00000000E-01  1.51447107E+00 -3.25216324E-03
  5.05000000E-01  1.51445604E+00 -2.82705717E-03
  5.10000000E-01  1.51444296E+00 -2.45752065E-03
  5.15000000E-01  1.51443160E+00 -2.13628971E-03
  5.20000000E-01  1.51442172E+00 -1.85704984E-03
  5.25000000E-01  1.51441313E+00 -1.61431196E-03
  5.30000000E-01  1.51440567E+00 -1.40330461E-03
  5.35000000E-01  1.51439918E+00 -1.21988000E-03
  5.40000000E-01  1.51439354E+00 -1.06043251E-03
  5.45000000E-01  1.51438864E+00 -9.21827811E-04
  5.50000000E-01  1.51438437E+00 -8.01341308E-04
  5.55000000E-01  1.51438067E+00 -6.96604550E-04
  5.60000000E-01  1.51437745E+00 -6.05558693E-04
  5.65000000E-01  1.51437465E+00 -5.26414029E-04
  5.70000000E-01  1.51437221E+00 -4.57614803E-04
  5.75000000E-01  1.51437010E+00 -3.97808633E-04
  5.80000000E-01  1.51436826E+00 -3.45819919E-04
  5.85000000E-01  1.51436666E+00 -3.00626744E-04
  5.90000000E-01  1.51436527E+00 -2.61340793E-04
  5.95000000E-01  1.51436406E+00 -2.27189840E-04
  6.00000000E-01  1.51436301E+00 -1.97502626E-04
  6.05000000E-01  1.51436209E+00 -1.71695682E-04
  6.10000000E-01  1.51436130E+00 -1.49261790E-04
  6.15000000E-01  1.51436061E+00 -1.29760026E-04
  6.20000000E-01  1.51436001E+00 -1.12807109E-04
  6.25000000E-01  1.51435949E+00 -9.80698620E-05
  6.30000000E-01  1.51435904E+00 -8.52586647E-05
  6.35000000E-01  1.51435864E+00 -7.41217564E-05
  6.40000000E-01  1.51435830E+00 -6.44402917E-05
  6.45000000E-01  1.51435800E+00 -5.60240292E-05
  6.50000000E-01  1.51435774E+00 -4.87075934E-05
  6.55000000E-01  1.51435752E+00 -4.23472243E-05
  6.60000000E-01  1.51435732E+00 -3.68179515E-05
  6.65000000E-01  1.51435715E+00 -3.20111407E-05
  6.70000000E-01  1.51435700E+00 -2.78323609E-05
  6.75000000E-01  1.51435687E+00 -2.41995351E-05
  6.80000000E-01  1.51435676E+00 -2.10413162E-05
  6.85000000E-01  1.51435666E+00 -1.82956798E-05
  6.90000000E-01  1.51435658E+00 -1.59087043E-05
  6.95000000E-01  1.51435651E+00 -1.38335163E-05
  7.00000000E-01  1.51435644E+00 -1.20293707E-05
  7.05000000E-01  1.51435639E+00 -1.04608442E-05
  7.10000000E-01  1.51435634E+00 -9.09715196E-06
  7.15000000E-01  1.51435630E+00 -7.91152901E-06
  7.20000000E-01  1.51435626E+00 -6.88070800E-06
  7.25000000E-01  1.51435623E+00 -5.98446205E-06
  7.30000000E-01  1.51435620E+00 -5.20521010E-06
  7.35000000E-01  1.51435618E+00 -4.52766536E-06
  7.40000000E-01  1.51435615E+00 -3.93853921E-06
  7.45000000E-01  1.51435614E+00 -3.42628139E-06
  7.50000000E-01  1.51435612E+00 -2.98085127E-06
  7.55000000E-01  1.51435611E+00 -2.59351996E-06
  7.60000000E-01  1.51435609E+00 -2.25669963E-06
  7.65000000E-01  1.51435608E+00 -1.96379356E-06
  7.70000000E-01  1.51435607E+00 -1.70906698E-06
  7.75000000E-01  1.51435607E+00 -1.48753480E-06
  7.80000000E-01  1.51435606E+00 -1.29486330E-06
  7.85000000E-01  1.51435605E+00 -1.12728497E-06
  7.90000000E-01  1.51435605E+00 -9.81524601E-07
  7.95000000E-01  1.51435604E+00 -8.54734754E-07
  8.00000000E-01  1.51435604E+00 -7.44440131E-07
  8.05000000E-01  1.51435604E+00 -6.48488715E-07
  8.10000000E-01  1.51435603E+00 -5.65009586E-07
  8.15000000E-01  1.51435603E+00 -4.92376205E-07
  8.20000000E-01  1.51435603E+00 -4.29174442E-07
  8.25000000E-01  1.51435603E+00 -3.74174910E-07
  8.30000000E-01  1.51435603E+00 -3.26308633E-07
  8.35000000E-01  1.51435602E+00 -2.84646007E-07
  8.40000000E-01  1.51435602E+00 -2.48378218E-07
  8.45000000E-01  1.51435602E+00 -2.16803210E-07
  8.50000000E-01  1.51435602E+00 -1.89310016E-07
  8.55000000E-01  1.51435602E+00 -1.65367324E-07
  8.60000000E-01  1.51435602E+00 -1.44513220E-07
  8.65000000E-01  1.51435602E+00 -1.26345846E-07
  8.70000000E-01  1.51435602E+00 -1.10515430E-07
  8.75000000E-01  1.51435602E+00 -9.67180034E-08
  8.80000000E-01  1.51435602E+00 -8.46895017E-08
  8.85000000E-01  1.51435602E+00 -7.42002697E-08
  8.90000000E-01  1.51435602E+00 -6.50506013E-08
  8.95000000E-01  1.51435602E+00 -5.70671960E-08
  9.00000000E-01  1.51435602E+00 -5.00990200E-08
  9.05000000E-01  1.51435601E+00 -4.40148139E-08
  9.10000000E-01  1.51435601E+00 -3.87002787E-08
  9.15000000E-01  1.51435601E+00 -3.40561346E-08
  9.20000000E-01  1.51435601E+00 -2.99959709E-08
  9.25000000E-01  1.51435601E+00 -2.64444060E-08
  9.30000000E-01  1.51435601E+00 -2.33361351E-08
  9.35000000E-01  1.51435601E+00 -2.06142384E-08
  9.40000000E-01  1.51435601E+00 -1.82292448E-08
  9.45000000E-01  1.51435601E+00 -1.61380946E-08
  9.50000000E-01  1.51435601E+00 -1.43034208E-08
  9.55000000E-01  1.51435601E+00 -1.26928399E-08
  9.60000000E-01  1.51435601E+00 -1.12781201E-08
  9.65000000E-01  1.51435601E+00 -1.00346956E-08
  9.70000000E-01  1.51435601E+00 -8.94093464E-09
  9.75000000E-01  1.51435601E+00 -7.97796786E-09
  9.80000000E-01  1.51435601E+00 -7.12942395E-09
  9.85000000E-01  1.51435601E+00 -6.38098601E-09
  9.90000000E-01  1.51435601E+00 -5.72012960E-09
  9.95000000E-01  1.51435601E+00 -5.13598793E-09
  1.00000000E+00  1.51435601E+00 -4.61906086E-09
