  0.00000000E+00  0.00000000E+00 -4.89000000E+01  0.00000000E+00  1.02234384E+00  1.15658207E-01 -6.18509617E-02
  5.00000000E-03  5.11171920E-03 -4.88994217E+01  0.00000000E+00  9.39071851E-01  1.06689316E-01 -5.66607351E-02
  1.00000000E-02  9.59889848E-03 -4.88989107E+01  0.00000000E+00  8.66318474E-01  9.88442713E-02 -5.21777346E-02
  1.50000000E-02  1.37486074E-02 -4.88984361E+01  0.00000000E+00  8.02067443E-01  9.19293513E-02 -4.82535598E-02
  2.00000000E-02  1.75983170E-02 -4.88979937E+01  0.00000000E+00  7.45830664E-01  8.58801969E-02 -4.48345970E-02
  2.50000000E-02  2.11868784E-02 -4.88975794E+01  0.00000000E+00  6.96785940E-01  8.06040846E-02 -4.18586935E-02
  3.00000000E-02  2.45481963E-02 -4.88971896E+01  0.00000000E+00  6.54079585E-01  7.60082966E-02 -3.92704952E-02
  3.50000000E-02  2.77118283E-02 -4.88968211E+01  0.00000000E+00  6.16919681E-01  7.20079335E-02 -3.70198122E-02
  4.00000000E-02  3.07035270E-02 -4.88964710E+01  0.00000000E+00  5.84599154E-01  6.85276305E-02 -3.50623931E-02
  4.50000000E-02  3.35457214E-02 -4.88961371E+01  0.00000000E+00  5.56495729E-01  6.55012315E-02 -3.33596140E-02
  5.00000000E-02  3.62579415E-02 -4.88958171E+01  0.00000000E+00  5.32064926E-01  6.28709024E-02 -3.18779028E-02
  5.50000000E-02  3.88571891E-02 -4.88955094E+01  0.00000000E+00  5.10831500E-01  6.05861599E-02 -3.05881264E-02
  6.00000000E-02  4.13582631E-02 -4.88952121E+01  0.00000000E+00  4.92381111E-01  5.86029583E-02 -2.94650167E-02
  6.50000000E-02  4.37740427E-02 -4.88949241E+01  0.00000000E+00  4.76352737E-01  5.68828740E-02 -2.84866591E-02
  7.00000000E-02  4.61157354E-02 -4.88946440E+01  0.00000000E+00  4.62431932E-01  5.53923873E-02 -2.76340445E-02
  7.50000000E-02  4.83930931E-02 -4.88943707E+01  0.00000000E+00  4.50344880E-01  5.41022553E-02 -2.68906801E-02
  8.00000000E-02  5.06145998E-02 -4.88941034E+01  0.00000000E+00  4.39853205E-01  5.29869646E-02 -2.62422529E-02
  8.50000000E-02  5.27876367E-02 -4.88938413E+01  0.00000000E+00  4.30749411E-01  5.20242550E-02 -2.56763374E-02
  9.00000000E-02  5.49186242E-02 -4.88935836E+01  0.00000000E+00  4.22852910E-01  5.11947031E-02 -2.51821446E-02
  9.50000000E-02  5.70131475E-02 -4.88933297E+01  0.00000000E+00  4.16006553E-01  5.04813610E-02 -2.47503035E-02
  1.00000000E-01  5.90760644E-02 -4.88930791E+01  0.00000000E+00  4.10073600E-01  4.98694395E-02 -2.43726734E-02
  1.05000000E-01  6.11116000E-02 -4.88928312E+01  0.00000000E+00  4.04935085E-01  4.93460333E-02 -2.40421804E-02
  1.10000000E-01  6.31234292E-02 -4.88925858E+01  0.00000000E+00  4.00487509E-01  4.88998808E-02 -2.37526764E-02
  1.15000000E-01  6.51147478E-02 -4.88923424E+01  0.00000000E+00  3.96640838E-01  4.85211544E-02 -2.34988173E-02
  1.20000000E-01  6.70883353E-02 -4.88921008E+01  0.00000000E+00  3.93316756E-01  4.82012778E-02 -2.32759569E-02
  1.25000000E-01  6.90466089E-02 -4.88918606E+01  0.00000000E+00  3.90447143E-01  4.79327669E-02 -2.30800551E-02
  1.30000000E-01  7.09916705E-02 -4.88916216E+01  0.00000000E+00  3.87972750E-01  4.77090904E-02 -2.29075985E-02
  1.35000000E-01  7.29253483E-02 -4.88913836E+01  0.00000000E+00  3.85842047E-01  4.75245483E-02 -2.27555316E-02
  1.40000000E-01  7.48492318E-02 -4.88911464E+01  0.00000000E+00  3.84010218E-01  4.73741665E-02 -2.26211964E-02
  1.45000000E-01  7.67647033E-02 -4.88909099E+01  0.00000000E+00  3.82438287E-01  4.72536043E-02 -2.25022807E-02
  1.50000000E-01  7.86729649E-02 -4.88906740E+01  0.00000000E+00  3.81092359E-01  4.71590733E-02 -2.23967731E-02
  1.55000000E-01  8.05750619E-02 -4.88904384E+01  0.00000000E+00  3.79942958E-01  4.70872676E-02 -2.23029236E-02
  1.60000000E-01  8.24719032E-02 -4.88902032E+01  0.00000000E+00  3.78964451E-01  4.70353023E-02 -2.22192095E-02
  1.65000000E-01  8.43642791E-02 -4.88899681E+01  0.00000000E+00  3.78134547E-01  4.70006596E-02 -2.21443059E-02
  1.70000000E-01  8.62528771E-02 -4.88897332E+01  0.00000000E+00  3.77433862E-01  4.69811425E-02 -2.20770600E-02
  1.75000000E-01  8.81382947E-02 -4.88894983E+01  0.00000000E+00  3.76845541E-01  4.69748335E-02 -2.20164686E-02
  1.80000000E-01  9.00210516E-02 -4.88892635E+01  0.00000000E+00  3.76593104E-01  4.71883718E-02 -2.21501073E-02
  1.85000000E-01  9.19033861E-02 -4.88890270E+01  0.00000000E+00  3.76169132E-01  4.71887740E-02 -2.20854808E-02
  1.90000000E-01  9.37831718E-02 -4.88887911E+01  0.00000000E+00  3.75818415E-01  4.71964101E-02 -2.20235680E-02
  1.95000000E-01  9.56613871E-02 -4.88885551E+01  0.00000000E+00  3.75530451E-01  4.72109514E-02 -2.19649025E-02
  2.00000000E-01  9.75383194E-02 -4.88883190E+01  0.00000000E+00 -5.83893355E-01 -7.01728211E-02  3.43088526E-02
  2.05000000E-01  9.22202931E-02 -4.88889633E+01  0.00000000E+00 -5.33169698E-01 -6.39023689E-02  2.93685817E-02
  2.10000000E-01  8.96812538E-02 -4.88892671E+01  0.00000000E+00 -4.72301633E-01 -5.67555780E-02  2.70612083E-02
  2.15000000E-01  8.74719158E-02 -4.88895330E+01  0.00000000E+00 -4.13378518E-01 -4.96922671E-02  2.34906791E-02
  2.20000000E-01  8.55523310E-02 -4.88897638E+01  0.00000000E+00 -3.60190058E-01 -4.33361101E-02  2.05163810E-02
  2.25000000E-01  8.38843518E-02 -4.88899646E+01  0.00000000E+00 -3.13301676E-01 -3.77273369E-02  1.78958232E-02
  2.30000000E-01  8.24350644E-02 -4.88901392E+01  0.00000000E+00 -2.72342065E-01 -3.28225116E-02  1.56002094E-02
  2.35000000E-01  8.11757531E-02 -4.88902911E+01  0.00000000E+00 -2.36685976E-01 -2.85481312E-02  1.35942343E-02
  2.40000000E-01  8.00814634E-02 -4.88904232E+01  0.00000000E+00 -2.05687181E-01 -2.48281736E-02  1.18434134E-02
  2.45000000E-01  7.91305245E-02 -4.88905380E+01  0.00000000E+00 -1.78749640E-01 -2.15923842E-02  1.03162836E-02
  2.50000000E-01  7.83041202E-02 -4.88906379E+01  0.00000000E+00 -1.55344264E-01 -1.87782705E-02  8.98482061E-03
  2.55000000E-01  7.75859123E-02 -4.88907247E+01  0.00000000E+00 -1.35007994E-01 -1.63310261E-02  7.82430479E-03
  2.60000000E-01  7.69617130E-02 -4.88908003E+01  0.00000000E+00 -1.17337705E-01 -1.42028461E-02  6.81302730E-03
  2.65000000E-01  7.64192002E-02 -4.88908660E+01  0.00000000E+00 -1.01983131E-01 -1.23521191E-02  5.93196709E-03
  2.70000000E-01  7.59476710E-02 -4.88909231E+01  0.00000000E+00 -8.86401229E-02 -1.07426532E-02  5.16448112E-03
  2.75000000E-01  7.55378279E-02 -4.88909728E+01  0.00000000E+00 -7.70446132E-02 -9.34297861E-03  4.49602093E-03
  2.80000000E-01  7.51815936E-02 -4.88910160E+01  0.00000000E+00 -6.69673189E-02 -8.12573352E-03  3.91387813E-03
  2.85000000E-01  7.48719502E-02 -4.88910536E+01  0.00000000E+00 -5.82091384E-02 -7.06712803E-03  3.40695798E-03
  2.90000000E-01  7.46028000E-02 -4.88910863E+01  0.00000000E+00 -5.05971568E-02 -6.14647730E-03  2.96557900E-03
  2.95000000E-01  7.43688442E-02 -4.88911147E+01  0.00000000E+00 -4.39811843E-02 -5.34579574E-03  2.58129622E-03
  3.00000000E-01  7.41654782E-02 -4.88911394E+01  0.00000000E+00 -3.82307553E-02 -4.64944424E-03  2.24674567E-03
  3.05000000E-01  7.39887005E-02 -4.88911609E+01  0.00000000E+00 -3.32325275E-02 -4.04382374E-03  1.95550780E-03
  3.10000000E-01  7.38350334E-02 -4.88911796E+01  0.00000000E+00 -2.88880263E-02 -3.51710873E-03  1.70198766E-03
  3.15000000E-01  7.37014545E-02 -4.88911959E+01  0.00000000E+00 -2.51116883E-02 -3.05901577E-03  1.48130998E-03
  3.20000000E-01  7.35853369E-02 -4.88912101E+01  0.00000000E+00 -2.18291637E-02 -2.66060220E-03  1.28922733E-03
  3.25000000E-01  7.34843974E-02 -4.88912224E+01  0.00000000E+00 -1.89758434E-02 -2.31409121E-03  1.12203986E-03
  3.30000000E-01  7.33966515E-02 -4.88912331E+01  0.00000000E+00 -1.64955799E-02 -2.01271974E-03  9.76525071E-04
  3.35000000E-01  7.33203743E-02 -4.88912424E+01  0.00000000E+00 -1.43395773E-02 -1.75060623E-03  8.49876596E-04
  3.40000000E-01  7.32540664E-02 -4.88912505E+01  0.00000000E+00 -1.24654269E-02 -1.52263571E-03  7.39650679E-04
  3.45000000E-01  7.31964246E-02 -4.88912575E+01  0.00000000E+00 -1.08362703E-02 -1.32435982E-03  6.43719512E-04
  3.50000000E-01  7.31463162E-02 -4.88912636E+01  0.00000000E+00 -9.42007194E-03 -1.15190986E-03  5.60230528E-04
  3.55000000E-01  7.31027563E-02 -4.88912690E+01  0.00000000E+00 -8.18898726E-03 -1.00192131E-03  4.87570906E-04
  3.60000000E-01  7.30648891E-02 -4.88912736E+01  0.00000000E+00 -7.11881417E-03 -8.71468030E-04  4.24336622E-04
  3.65000000E-01  7.30319704E-02 -4.88912776E+01  0.00000000E+00 -6.18851601E-03 -7.58005153E-04  3.69305485E-04
  3.70000000E-01  7.30033536E-02 -4.88912811E+01  0.00000000E+00 -5.37980726E-03 -6.59319398E-04  3.21413637E-04
  3.75000000E-01  7.29784763E-02 -4.88912842E+01  0.00000000E+00 -4.67679359E-03 -5.73485849E-04  2.79735072E-04
  3.80000000E-01  7.29568499E-02 -4.88912868E+01  0.00000000E+00 -4.06565892E-03 -4.98830376E-04  2.43463810E-04
  3.85000000E-01  7.29380495E-02 -4.88912892E+01  0.00000000E+00 -3.53439362E-03 -4.33896956E-04  2.11898354E-04
  3.90000000E-01  7.29217056E-02 -4.88912912E+01  0.00000000E+00 -3.07255817E-03 -3.77419256E-04  1.84428168E-04
  3.95000000E-01  7.29074974E-02 -4.88912929E+01  0.00000000E+00 -2.67107782E-03 -3.28295910E-04  1.60521891E-04
  4.00000000E-01  7.28951458E-02 -4.88912944E+01  0.00000000E+00 -2.32206416E-03 -2.85569031E-04  1.39717083E-04
  4.05000000E-01  7.28844080E-02 -4.88912957E+01  0.00000000E+00 -2.01865992E-03 -2.48405515E-04  1.21611290E-04
  4.10000000E-01  7.28750732E-02 -4.88912969E+01  0.00000000E+00 -1.75490419E-03 -2.16080781E-04  1.05854271E-04
  4.15000000E-01  7.28669581E-02 -4.88912979E+01  0.00000000E+00 -1.52561524E-03 -1.87964635E-04  9.21412247E-05
  4.20000000E-01  7.28599032E-02 -4.88912988E+01  0.00000000E+00 -1.32628859E-03 -1.63508973E-04  8.02069033E-05
  4.25000000E-01  7.28537701E-02 -4.88912995E+01  0.00000000E+00 -1.15300854E-03 -1.42237086E-04  6.98204774E-05
  4.30000000E-01  7.28484382E-02 -4.88913002E+01  0.00000000E+00 -1.00237117E-03 -1.23734357E-04  6.07810735E-05
  4.35000000E-01  7.28438030E-02 -4.88913008E+01  0.00000000E+00 -8.71417447E-04 -1.07640176E-04  5.29138881E-05
  4.40000000E-01  7.28397733E-02 -4.88913012E+01  0.00000000E+00 -7.57575061E-04 -9.36409021E-05  4.60668044E-05
  4.45000000E-01  7.28362700E-02 -4.88913017E+01  0.00000000E+00 -6.58607893E-04 -8.14637446E-05  4.01074493E-05
  4.50000000E-01  7.28332244E-02 -4.88913021E+01  0.00000000E+00 -5.72572067E-04 -7.08714430E-05  3.49206310E-05
  4.55000000E-01  7.28305766E-02 -4.88913024E+01  0.00000000E+00 -4.97777747E-04 -6.16576380E-05  3.04061089E-05
  4.60000000E-01  7.28282747E-02 -4.88913027E+01  0.00000000E+00 -4.32755941E-04 -5.36428464E-05  2.64766539E-05
  4.65000000E-01  7.28262735E-02 -4.88913029E+01  0.00000000E+00 -3.76229632E-04 -4.66709600E-05  2.30563589E-05
  4.70000000E-01  7.28245336E-02 -4.88913031E+01  0.00000000E+00 -3.27088690E-04 -4.06062012E-05  2.00791695E-05
  4.75000000E-01  7.28230210E-02 -4.88913033E+01  0.00000000E+00 -2.84368061E-04 -3.53304745E-05  1.74876049E-05
  4.80000000E-01  7.28217060E-02 -4.88913035E+01  0.00000000E+00 -2.47228806E-04 -3.07410639E-05  1.52316452E-05
  4.85000000E-01  7.28205627E-02 -4.88913036E+01  0.00000000E+00 -2.14941617E-04 -2.67486289E-05  1.32677626E-05
  4.90000000E-01  7.28195687E-02 -4.88913038E+01  0.00000000E+00 -1.86872495E-04 -2.32754634E-05  1.15580788E-05
  4.95000000E-01  7.28187045E-02 -4.88913039E+01  0.00000000E+00 -1.62470288E-04 -2.02539793E-05  1.00696316E-05
  5.00000000E-01  7.28179532E-02 -4.88913040E+01  0.00000000E+00 -1.41255866E-04 -1.76253895E-05  8.77373629E-06
