  0.00000000E+00  0.00000000E+00 -4.89000000E+01  0.00000000E+00  3.05540791E-01  2.23426438E-01 -1.84857243E-02
  5.00000000E-03  1.52770396E-03 -4.88988829E+01  0.00000000E+00  2.80960291E-01  2.07081284E-01 -1.69042753E-02
  1.00000000E-02  2.87105416E-03 -4.88978883E+01  0.00000000E+00  2.59434177E-01  1.92637738E-01 -1.55419836E-02
  1.50000000E-02  4.11440976E-03 -4.88969612E+01  0.00000000E+00  2.40385908E-01  1.79777193E-01 -1.43542525E-02
  2.00000000E-02  5.26871863E-03 -4.88960945E+01  0.00000000E+00  2.23687993E-01  1.68442788E-01 -1.33231648E-02
  2.50000000E-02  6.34541380E-03 -4.88952806E+01  0.00000000E+00  2.09108049E-01  1.58500841E-01 -1.24276674E-02
  3.00000000E-02  7.35450419E-03 -4.88945130E+01  0.00000000E+00  1.96400548E-01  1.49803896E-01 -1.16502170E-02
  3.50000000E-02  8.30473817E-03 -4.88937857E+01  0.00000000E+00  1.85335730E-01  1.42210345E-01 -1.09750412E-02
  4.00000000E-02  9.20375478E-03 -4.88930936E+01  0.00000000E+00  1.75707284E-01  1.35590669E-01 -1.03883646E-02
  4.50000000E-02  1.00582201E-02 -4.88924322E+01  0.00000000E+00  1.67332852E-01  1.29828630E-01 -9.87825894E-03
  5.00000000E-02  1.08739483E-02 -4.88917975E+01  0.00000000E+00  1.60052313E-01  1.24820798E-01 -9.43442524E-03
  5.50000000E-02  1.16560085E-02 -4.88911859E+01  0.00000000E+00  1.53725488E-01  1.20475540E-01 -9.04797789E-03
  6.00000000E-02  1.24088189E-02 -4.88905944E+01  0.00000000E+00  1.48229847E-01  1.16711890E-01 -8.71124851E-03
  6.50000000E-02  1.31362290E-02 -4.88900202E+01  0.00000000E+00  1.43458389E-01  1.13458443E-01 -8.41761526E-03
  7.00000000E-02  1.38415923E-02 -4.88894611E+01  0.00000000E+00  1.39317733E-01  1.10652315E-01 -8.16135583E-03
  7.50000000E-02  1.45278293E-02 -4.88889148E+01  0.00000000E+00  1.35726424E-01  1.08238191E-01 -7.93752164E-03
  8.00000000E-02  1.51974832E-02 -4.88883797E+01  0.00000000E+00  1.32613442E-01  1.06167463E-01 -7.74183011E-03
  8.50000000E-02  1.58527679E-02 -4.88878540E+01  0.00000000E+00  1.29916885E-01  1.04397451E-01 -7.57057267E-03
  9.00000000E-02  1.64956110E-02 -4.88873365E+01  0.00000000E+00  1.27582813E-01  1.02890708E-01 -7.42053578E-03
  9.50000000E-02  1.71276898E-02 -4.88868258E+01  0.00000000E+00  1.25564238E-01  1.01614400E-01 -7.28893340E-03
  1.00000000E-01  1.77504646E-02 -4.88863209E+01  0.00000000E+00  1.23820236E-01  1.00539748E-01 -7.17334885E-03
  1.05000000E-01  1.83652058E-02 -4.88858209E+01  0.00000000E+00  1.22315171E-01  9.96415456E-02 -7.07168491E-03
  1.10000000E-01  1.89730190E-02 -4.88853249E+01  0.00000000E+00  1.21018018E-01  9.88977198E-02 -6.98212091E-03
  1.15000000E-01  1.95748662E-02 -4.88848323E+01  0.00000000E+00  1.19901768E-01  9.82889496E-02 -6.90307563E-03
  1.20000000E-01  2.01715844E-02 -4.88843424E+01  0.00000000E+00  1.18942915E-01  9.77983280E-02 -6.83317544E-03
  1.25000000E-01  2.07639018E-02 -4.88838546E+01  0.00000000E+00  1.18120999E-01  9.74110639E-02 -6.77122667E-03
  1.30000000E-01  2.13524520E-02 -4.88833685E+01  0.00000000E+00  1.17418217E-01  9.71142206E-02 -6.71619179E-03
  1.35000000E-01  2.19377862E-02 -4.88828837E+01  0.00000000E+00  1.16819078E-01  9.68964854E-02 -6.66716882E-03
  1.40000000E-01  2.25203837E-02 -4.88823997E+01  0.00000000E+00  1.16310102E-01  9.67479672E-02 -6.62337341E-03
  1.45000000E-01  2.31006618E-02 -4.88819164E+01  0.00000000E+00  1.15879561E-01  9.66600196E-02 -6.58412347E-03
  1.50000000E-01  2.36789832E-02 -4.88814333E+01  0.00000000E+00  1.15517255E-01  9.66250848E-02 -6.54882568E-03
  1.55000000E-01  2.42556637E-02 -4.88809503E+01  0.00000000E+00  1.15214306E-01  9.66365577E-02 -6.51696393E-03
  1.60000000E-01  2.48309779E-02 -4.88804671E+01  0.00000000E+00  1.14962993E-01  9.66886661E-02 -6.48808919E-03
  1.65000000E-01  2.54051646E-02 -4.88799835E+01  0.00000000E+00  1.14756601E-01  9.67763663E-02 -6.46181079E-03
  1.70000000E-01  2.59784316E-02 -4.88794994E+01  0.00000000E+00  1.14589286E-01  9.68952514E-02 -6.43778879E-03
  1.75000000E-01  2.65509597E-02 -4.88790146E+01  0.00000000E+00  1.14455968E-01  9.70414711E-02 -6.41572738E-03
  1.80000000E-01  2.71229063E-02 -4.88785290E+01  0.00000000E+00  1.14352225E-01  9.72116619E-02 -6.39536915E-03
  1.85000000E-01  2.76944081E-02 -4.88780425E+01  0.00000000E+00  1.14274213E-01  9.74028855E-02 -6.37649009E-03
  1.90000000E-01  2.82655841E-02 -4.88775551E+01  0.00000000E+00  1.14218589E-01  9.76125751E-02 -6.35889526E-03
  1.95000000E-01  2.88365380E-02 -4.88770665E+01  0.00000000E+00  1.14182442E-01  9.78384887E-02 -6.34241503E-03
  2.00000000E-01  2.94073598E-02 -4.88765767E+01  0.00000000E+00 -1.78416080E-01 -1.48894501E-01  1.02848375E-02
  2.05000000E-01  2.77837831E-02 -4.88779380E+01  0.00000000E+00 -1.62671524E-01 -1.34700625E-01  8.20086829E-03
  2.10000000E-01  2.70097869E-02 -4.88785760E+01  0.00000000E+00 -1.44021246E-01 -1.19395603E-01  7.87629670E-03
  2.15000000E-01  2.63363064E-02 -4.88791347E+01  0.00000000E+00 -1.25960492E-01 -1.04210726E-01  6.76878459E-03
  2.20000000E-01  2.57516558E-02 -4.88796178E+01  0.00000000E+00 -1.09686656E-01 -9.06535988E-02  5.91720157E-03
  2.25000000E-01  2.52439071E-02 -4.88800372E+01  0.00000000E+00 -9.53570566E-02 -7.87477590E-02  5.16889939E-03
  2.30000000E-01  2.48029458E-02 -4.88804012E+01  0.00000000E+00 -8.28519200E-02 -6.83797736E-02  4.51281249E-03
  2.35000000E-01  2.44199490E-02 -4.88807172E+01  0.00000000E+00 -7.19754252E-02 -5.93770823E-02  3.93834698E-03
  2.40000000E-01  2.40872632E-02 -4.88809915E+01  0.00000000E+00 -6.25267259E-02 -5.15666889E-02  3.43580137E-03
  2.45000000E-01  2.37982513E-02 -4.88812299E+01  0.00000000E+00 -5.43213253E-02 -4.47913345E-02  2.99648703E-03
  2.50000000E-01  2.35471581E-02 -4.88814369E+01  0.00000000E+00 -4.71959266E-02 -3.89128094E-02  2.61267761E-03
  2.55000000E-01  2.33289920E-02 -4.88816167E+01  0.00000000E+00 -4.10079471E-02 -3.38110841E-02  2.27753014E-03
  2.60000000E-01  2.31394222E-02 -4.88817730E+01  0.00000000E+00 -3.56335055E-02 -2.93823301E-02  1.98500113E-03
  2.65000000E-01  2.29746908E-02 -4.88819089E+01  0.00000000E+00 -3.09651483E-02 -2.55368192E-02  1.72976504E-03
  2.70000000E-01  2.28315360E-02 -4.88820270E+01  0.00000000E+00 -2.69097083E-02 -2.21969959E-02  1.50713771E-03
  2.75000000E-01  2.27071260E-02 -4.88821296E+01  0.00000000E+00 -2.33864006E-02 -1.92957902E-02  1.31300544E-03
  2.80000000E-01  2.25990023E-02 -4.88822188E+01  0.00000000E+00 -2.03251610E-02 -1.67751630E-02  1.14376024E-03
  2.85000000E-01  2.25050296E-02 -4.88822964E+01  0.00000000E+00 -1.76652079E-02 -1.45848597E-02  9.96241077E-04
  2.90000000E-01  2.24233534E-02 -4.88823638E+01  0.00000000E+00 -1.53537993E-02 -1.26813411E-02  8.67681079E-04
  2.95000000E-01  2.23523629E-02 -4.88824225E+01  0.00000000E+00 -1.33451587E-02 -1.10268674E-02  7.55660243E-04
  3.00000000E-01  2.22906587E-02 -4.88824735E+01  0.00000000E+00 -1.15995473E-02 -9.58871084E-03  6.58063355E-04
  3.05000000E-01  2.22370250E-02 -4.88825178E+01  0.00000000E+00 -1.00824614E-02 -8.33847944E-03  5.73042632E-04
  3.10000000E-01  2.21904054E-02 -4.88825564E+01  0.00000000E+00 -8.76393793E-03 -7.25153394E-03  4.98984688E-04
  3.15000000E-01  2.21498821E-02 -4.88825899E+01  0.00000000E+00 -7.61795369E-03 -6.30648551E-03  4.34481369E-04
  3.20000000E-01  2.21146573E-02 -4.88826191E+01  0.00000000E+00 -6.62190428E-03 -5.48476211E-03  3.78304082E-04
  3.25000000E-01  2.20840379E-02 -4.88826445E+01  0.00000000E+00 -5.75615308E-03 -4.77023392E-03  3.29381219E-04
  3.30000000E-01  2.20574215E-02 -4.88826665E+01  0.00000000E+00 -5.00364003E-03 -4.14888939E-03  2.86778340E-04
  3.35000000E-01  2.20342846E-02 -4.88826857E+01  0.00000000E+00 -4.34954238E-03 -3.60855501E-03  2.49680801E-04
  3.40000000E-01  2.20141721E-02 -4.88827024E+01  0.00000000E+00 -3.78098043E-03 -3.13865256E-03  2.17378532E-04
  3.45000000E-01  2.19966886E-02 -4.88827169E+01  0.00000000E+00 -3.28676212E-03 -2.72998891E-03  1.89252719E-04
  3.50000000E-01  2.19814903E-02 -4.88827296E+01  0.00000000E+00 -2.85716143E-03 -2.37457370E-03  1.64764151E-04
  3.55000000E-01  2.19682785E-02 -4.88827406E+01  0.00000000E+00 -2.48372594E-03 -2.06546134E-03  1.43443046E-04
  3.60000000E-01  2.19567935E-02 -4.88827501E+01  0.00000000E+00 -2.15910977E-03 -1.79661385E-03  1.24880152E-04
  3.65000000E-01  2.19468095E-02 -4.88827584E+01  0.00000000E+00 -1.87692850E-03 -1.56278188E-03  1.08718982E-04
  3.70000000E-01  2.19381303E-02 -4.88827657E+01  0.00000000E+00 -1.63163317E-03 -1.35940140E-03  9.46490414E-05
  3.75000000E-01  2.19305854E-02 -4.88827719E+01  0.00000000E+00 -1.41840082E-03 -1.18250400E-03  8.23999114E-05
  3.80000000E-01  2.19240264E-02 -4.88827774E+01  0.00000000E+00 -1.23303941E-03 -1.02863901E-03  7.17360919E-05
  3.85000000E-01  2.19183246E-02 -4.88827822E+01  0.00000000E+00 -1.07190522E-03 -8.94805785E-04  6.24525049E-05
  3.90000000E-01  2.19133679E-02 -4.88827863E+01  0.00000000E+00 -9.31831057E-04 -7.78394959E-04  5.43705730E-05
  3.95000000E-01  2.19090590E-02 -4.88827899E+01  0.00000000E+00 -8.10063925E-04 -6.77137313E-04  4.73348019E-05
  4.00000000E-01  2.19053131E-02 -4.88827930E+01  0.00000000E+00 -7.04210792E-04 -5.89059395E-04  4.12098021E-05
  4.05000000E-01  2.19020567E-02 -4.88827958E+01  0.00000000E+00 -6.12191520E-04 -5.12444920E-04  3.58776932E-05
  4.10000000E-01  2.18992257E-02 -4.88827981E+01  0.00000000E+00 -5.32197927E-04 -4.45801227E-04  3.12358430E-05
  4.15000000E-01  2.18967647E-02 -4.88828002E+01  0.00000000E+00 -4.62658221E-04 -3.87830115E-04  2.71948969E-05
  4.20000000E-01  2.18946253E-02 -4.88828020E+01  0.00000000E+00 -4.02206086E-04 -3.37402488E-04  2.36770624E-05
  4.25000000E-01  2.18927654E-02 -4.88828036E+01  0.00000000E+00 -3.49653809E-04 -2.93536317E-04  2.06146145E-05
  4.30000000E-01  2.18911485E-02 -4.88828049E+01  0.00000000E+00 -3.03968930E-04 -2.55377466E-04  1.79485935E-05
  4.35000000E-01  2.18897429E-02 -4.88828061E+01  0.00000000E+00 -2.64253943E-04 -2.22183031E-04  1.56276716E-05
  4.40000000E-01  2.18885209E-02 -4.88828071E+01  0.00000000E+00 -2.29728651E-04 -1.93306845E-04  1.36071655E-05
  4.45000000E-01  2.18874586E-02 -4.88828080E+01  0.00000000E+00 -1.99714832E-04 -1.68186880E-04  1.18481771E-05
  4.50000000E-01  2.18865350E-02 -4.88828088E+01  0.00000000E+00 -1.73622906E-04 -1.46334279E-04  1.03168441E-05
  4.55000000E-01  2.18857321E-02 -4.88828095E+01  0.00000000E+00 -1.50940351E-04 -1.27323834E-04  8.98368914E-06
  4.60000000E-01  2.18850341E-02 -4.88828101E+01  0.00000000E+00 -1.31221627E-04 -1.10785690E-04  7.82305157E-06
  4.65000000E-01  2.18844273E-02 -4.88828106E+01  0.00000000E+00 -1.14079424E-04 -9.63981406E-05  6.81259372E-06
  4.70000000E-01  2.18838998E-02 -4.88828110E+01  0.00000000E+00 -9.91770488E-05 -8.38813560E-05  5.93287056E-06
  4.75000000E-01  2.18834412E-02 -4.88828114E+01  0.00000000E+00 -8.62218093E-05 -7.29919308E-05  5.16695523E-06
  4.80000000E-01  2.18830424E-02 -4.88828117E+01  0.00000000E+00 -7.49592653E-05 -6.35181412E-05  4.50011295E-06
  4.85000000E-01  2.18826958E-02 -4.88828120E+01  0.00000000E+00 -6.51682274E-05 -5.52758204E-05  3.91951720E-06
  4.90000000E-01  2.18823944E-02 -4.88828123E+01  0.00000000E+00 -5.66564122E-05 -4.81047705E-05  3.41400256E-06
  4.95000000E-01  2.18821324E-02 -4.88828125E+01  0.00000000E+00 -4.92566641E-05 -4.18656423E-05  2.97384961E-06
  5.00000000E-01  2.18819047E-02 -4.88828127E+01  0.00000000E+00 -4.28236713E-05 -3.64372214E-05  2.59059766E-06
