  0.00000000E+00  0.00000000E+00 -4.89000000E+01  0.00000000E+00  8.34741954E-01  1.63562455E-01 -5.05014791E-02
  5.00000000E-03  4.17370977E-03 -4.88991822E+01  0.00000000E+00  7.67123022E-01  1.51197498E-01 -4.62268021E-02
  1.00000000E-02  7.84027755E-03 -4.88984571E+01  0.00000000E+00  7.07983671E-01  1.40330001E-01 -4.25384283E-02
  1.50000000E-02  1.12323475E-02 -4.88977826E+01  0.00000000E+00  6.55709106E-01  1.30702616E-01 -3.93159858E-02
  2.00000000E-02  1.43802066E-02 -4.88971532E+01  0.00000000E+00  6.09923725E-01  1.22250024E-01 -3.65129851E-02
  2.50000000E-02  1.73153618E-02 -4.88965631E+01  0.00000000E+00  5.69972556E-01  1.14857514E-01 -3.40755732E-02
  3.00000000E-02  2.00653467E-02 -4.88960073E+01  0.00000000E+00  5.35170227E-01  1.08405026E-01 -3.19573351E-02
  3.50000000E-02  2.26541920E-02 -4.88954814E+01  0.00000000E+00  5.04878513E-01  1.02780146E-01 -3.01163649E-02
  4.00000000E-02  2.51028553E-02 -4.88949815E+01  0.00000000E+00  4.78526137E-01  9.78816823E-02 -2.85158763E-02
  4.50000000E-02  2.74296050E-02 -4.88945044E+01  0.00000000E+00  4.55609385E-01  9.36198909E-02 -2.71238749E-02
  5.00000000E-02  2.96503601E-02 -4.88940469E+01  0.00000000E+00  4.35686832E-01  8.99156646E-02 -2.59126334E-02
  5.50000000E-02  3.17789878E-02 -4.88936066E+01  0.00000000E+00  4.18372680E-01  8.66994717E-02 -2.48581511E-02
  6.00000000E-02  3.38275659E-02 -4.88931811E+01  0.00000000E+00  4.03330194E-01  8.39102886E-02 -2.39396567E-02
  6.50000000E-02  3.58066106E-02 -4.88927686E+01  0.00000000E+00  3.90265680E-01  8.14946088E-02 -2.31391693E-02
  7.00000000E-02  3.77252777E-02 -4.88923671E+01  0.00000000E+00  3.78923110E-01  7.94055485E-02 -2.24411174E-02
  7.50000000E-02  3.95915368E-02 -4.88919753E+01  0.00000000E+00  3.69079374E-01  7.76020486E-02 -2.18320100E-02
  8.00000000E-02  4.14123244E-02 -4.88915918E+01  0.00000000E+00  3.60540105E-01  7.60481668E-02 -2.13001528E-02
  8.50000000E-02  4.31936767E-02 -4.88912155E+01  0.00000000E+00  3.53136015E-01  7.47124518E-02 -2.08354050E-02
  9.00000000E-02  4.49408466E-02 -4.88908452E+01  0.00000000E+00  3.46719693E-01  7.35673912E-02 -2.04289691E-02
  9.50000000E-02  4.66584042E-02 -4.88904803E+01  0.00000000E+00  3.41162799E-01  7.25889244E-02 -2.00732098E-02
  1.00000000E-01  4.83503260E-02 -4.88901198E+01  0.00000000E+00  3.36353617E-01  7.17560151E-02 -1.97614987E-02
  1.05000000E-01  5.00200711E-02 -4.88897631E+01  0.00000000E+00  3.32194911E-01  7.10502750E-02 -1.94880792E-02
  1.10000000E-01  5.16706489E-02 -4.88894096E+01  0.00000000E+00  3.28602062E-01  7.04556332E-02 -1.92479506E-02
  1.15000000E-01  5.33046771E-02 -4.88890588E+01  0.00000000E+00  3.25501436E-01  6.99580467E-02 -1.90367679E-02
  1.20000000E-01  5.49244327E-02 -4.88887103E+01  0.00000000E+00  3.22828964E-01  6.95452459E-02 -1.88507547E-02
  1.25000000E-01  5.65318964E-02 -4.88883636E+01  0.00000000E+00  3.20528907E-01  6.92065123E-02 -1.86866283E-02
  1.30000000E-01  5.81287907E-02 -4.88880184E+01  0.00000000E+00  3.18552769E-01  6.89324832E-02 -1.85415347E-02
  1.35000000E-01  5.97166142E-02 -4.88876744E+01  0.00000000E+00  3.16858368E-01  6.87149811E-02 -1.84129920E-02
  1.40000000E-01  6.12966701E-02 -4.88873314E+01  0.00000000E+00  3.15409007E-01  6.85468643E-02 -1.82988418E-02
  1.45000000E-01  6.28700917E-02 -4.88869891E+01  0.00000000E+00  3.14172766E-01  6.84218959E-02 -1.81972067E-02
  1.50000000E-01  6.44378649E-02 -4.88866473E+01  0.00000000E+00  3.13121884E-01  6.83346297E-02 -1.81064537E-02
  1.55000000E-01  6.60008472E-02 -4.88863058E+01  0.00000000E+00  3.12232211E-01  6.82803104E-02 -1.80251619E-02
  1.60000000E-01  6.75597840E-02 -4.88859645E+01  0.00000000E+00  3.11482746E-01  6.82547857E-02 -1.79520954E-02
  1.65000000E-01  6.91153241E-02 -4.88856233E+01  0.00000000E+00  3.10855222E-01  6.82544306E-02 -1.78861786E-02
  1.70000000E-01  7.06680314E-02 -4.88852821E+01  0.00000000E+00  3.10333753E-01  6.82760800E-02 -1.78264757E-02
  1.75000000E-01  7.22183965E-02 -4.88849406E+01  0.00000000E+00  3.09904522E-01  6.83169708E-02 -1.77721724E-02
  1.80000000E-01  7.37668460E-02 -4.88845989E+01  0.00000000E+00  3.09555514E-01  6.83746908E-02 -1.77225601E-02
  1.85000000E-01  7.53137511E-02 -4.88842569E+01  0.00000000E+00  3.09276279E-01  6.84471343E-02 -1.76770222E-02
  1.90000000E-01  7.68594344E-02 -4.88839145E+01  0.00000000E+00  3.09057729E-01  6.85324630E-02 -1.76350220E-02
  1.95000000E-01  7.84041766E-02 -4.88835716E+01  0.00000000E+00  3.08891962E-01  6.86290724E-02 -1.75960926E-02
  2.00000000E-01  7.99482220E-02 -4.88832282E+01  0.00000000E+00 -4.81466761E-01 -1.03532049E-01  2.80177264E-02
  2.05000000E-01  7.55649914E-02 -4.88841763E+01  0.00000000E+00 -4.39366974E-01 -9.39940597E-02  2.32428366E-02
  2.10000000E-01  7.34734060E-02 -4.88846224E+01  0.00000000E+00 -3.89094879E-01 -8.33916857E-02  2.18178287E-02
  2.15000000E-01  7.16536119E-02 -4.88850129E+01  0.00000000E+00 -3.40445982E-01 -7.29077555E-02  1.88585215E-02
  2.20000000E-01  7.00730042E-02 -4.88853512E+01  0.00000000E+00 -2.96563330E-01 -6.35076465E-02  1.64810394E-02
  2.25000000E-01  6.86998942E-02 -4.88856452E+01  0.00000000E+00 -2.57898307E-01 -5.52321687E-02  1.43882821E-02
  2.30000000E-01  6.75070652E-02 -4.88859007E+01  0.00000000E+00 -2.24137102E-01 -4.80098863E-02  1.25538000E-02
  2.35000000E-01  6.64707827E-02 -4.88861227E+01  0.00000000E+00 -1.94758490E-01 -4.17267727E-02  1.09489098E-02
  2.40000000E-01  6.55704368E-02 -4.88863156E+01  0.00000000E+00 -1.69225605E-01 -3.62667497E-02  9.54637750E-03
  2.45000000E-01  6.47881410E-02 -4.88864833E+01  0.00000000E+00 -1.47044179E-01 -3.15234379E-02  8.32154096E-03
  2.50000000E-01  6.41083736E-02 -4.88866291E+01  0.00000000E+00 -1.27776030E-01 -2.74027801E-02  7.25243452E-03
  2.55000000E-01  6.35176639E-02 -4.88867558E+01  0.00000000E+00 -1.11038056E-01 -2.38226883E-02  6.31963656E-03
  2.60000000E-01  6.30043185E-02 -4.88868660E+01  0.00000000E+00 -9.64970366E-02 -2.07118550E-02  5.50603960E-03
  2.65000000E-01  6.25581859E-02 -4.88869617E+01  0.00000000E+00 -8.38636602E-02 -1.80084302E-02  4.79660965E-03
  2.70000000E-01  6.21704510E-02 -4.88870450E+01  0.00000000E+00 -7.28868721E-02 -1.56587836E-02  4.17815650E-03
  2.75000000E-01  6.18334586E-02 -4.88871174E+01  0.00000000E+00 -6.33488248E-02 -1.36164057E-02  3.63912222E-03
  2.80000000E-01  6.15405596E-02 -4.88871804E+01  0.00000000E+00 -5.50604609E-02 -1.18409506E-02  3.16938935E-03
  2.85000000E-01  6.12859782E-02 -4.88872352E+01  0.00000000E+00 -4.78576801E-02 -1.02974090E-02  2.76010875E-03
  2.90000000E-01  6.10646968E-02 -4.88872828E+01  0.00000000E+00 -4.15980180E-02 -8.95539303E-03  2.40354594E-03
  2.95000000E-01  6.08723558E-02 -4.88873242E+01  0.00000000E+00 -3.61577737E-02 -7.78851908E-03  2.09294465E-03
  3.00000000E-01  6.07051676E-02 -4.88873603E+01  0.00000000E+00 -3.14295219E-02 -6.77387499E-03  1.82240598E-03
  3.05000000E-01  6.05598406E-02 -4.88873916E+01  0.00000000E+00 -2.73199594E-02 -5.89155902E-03  1.58678177E-03
  3.10000000E-01  6.04335147E-02 -4.88874188E+01  0.00000000E+00 -2.37480391E-02 -5.12428117E-03  1.38158062E-03
  3.15000000E-01  6.03237043E-02 -4.88874425E+01  0.00000000E+00 -2.06433532E-02 -4.45701808E-03  1.20288534E-03
  3.20000000E-01  6.02282493E-02 -4.88874632E+01  0.00000000E+00 -1.79447308E-02 -3.87671407E-03  1.04728039E-03
  3.25000000E-01  6.01452722E-02 -4.88874811E+01  0.00000000E+00 -1.55990225E-02 -3.37202204E-03  9.11788327E-04
  3.30000000E-01  6.00731413E-02 -4.88874967E+01  0.00000000E+00 -1.35600451E-02 -2.93307887E-03  7.93814090E-04
  3.35000000E-01  6.00104386E-02 -4.88875103E+01  0.00000000E+00 -1.17876664E-02 -2.55131050E-03  6.91096295E-04
  3.40000000E-01  5.99559312E-02 -4.88875221E+01  0.00000000E+00 -1.02470105E-02 -2.21926292E-03  6.01664596E-04
  3.45000000E-01  5.99085478E-02 -4.88875323E+01  0.00000000E+00 -8.90776812E-03 -1.93045538E-03  5.23802449E-04
  3.50000000E-01  5.98673570E-02 -4.88875413E+01  0.00000000E+00 -7.74359758E-03 -1.67925293E-03  4.56014579E-04
  3.55000000E-01  5.98315495E-02 -4.88875490E+01  0.00000000E+00 -6.73160472E-03 -1.46075586E-03  3.96998584E-04
  3.60000000E-01  5.98004214E-02 -4.88875558E+01  0.00000000E+00 -5.85189109E-03 -1.27070349E-03  3.45620145E-04
  3.65000000E-01  5.97733612E-02 -4.88875617E+01  0.00000000E+00 -5.08716150E-03 -1.10539071E-03  3.00891408E-04
  3.70000000E-01  5.97498373E-02 -4.88875668E+01  0.00000000E+00 -4.42238316E-03 -9.61595431E-04  2.61952124E-04
  3.75000000E-01  5.97293873E-02 -4.88875712E+01  0.00000000E+00 -3.84448942E-03 -8.36515503E-04  2.28053207E-04
  3.80000000E-01  5.97116096E-02 -4.88875751E+01  0.00000000E+00 -3.34212250E-03 -7.27713937E-04  1.98542402E-04
  3.85000000E-01  5.96961549E-02 -4.88875785E+01  0.00000000E+00 -2.90540977E-03 -6.33071259E-04  1.72851788E-04
  3.90000000E-01  5.96827196E-02 -4.88875814E+01  0.00000000E+00 -2.52576951E-03 -5.50744105E-04  1.50486895E-04
  3.95000000E-01  5.96710399E-02 -4.88875839E+01  0.00000000E+00 -2.19574202E-03 -4.79129219E-04  1.31017218E-04
  4.00000000E-01  5.96608862E-02 -4.88875862E+01  0.00000000E+00 -1.90884282E-03 -4.16832155E-04  1.14067951E-04
  4.05000000E-01  5.96520593E-02 -4.88875881E+01  0.00000000E+00 -1.65943514E-03 -3.62640065E-04  9.93127898E-05
  4.10000000E-01  5.96443856E-02 -4.88875898E+01  0.00000000E+00 -1.44261905E-03 -3.15498033E-04  8.64676611E-05
  4.15000000E-01  5.96377146E-02 -4.88875912E+01  0.00000000E+00 -1.25413514E-03 -2.74488501E-04  7.52852618E-05
  4.20000000E-01  5.96319151E-02 -4.88875925E+01  0.00000000E+00 -1.09028072E-03 -2.38813374E-04  6.55503027E-05
  4.25000000E-01  5.96268733E-02 -4.88875936E+01  0.00000000E+00 -9.47837071E-04 -2.07778458E-04  5.70753668E-05
  4.30000000E-01  5.96224902E-02 -4.88875946E+01  0.00000000E+00 -8.24006169E-04 -1.80779931E-04  4.96973025E-05
  4.35000000E-01  5.96186798E-02 -4.88875954E+01  0.00000000E+00 -7.16355682E-04 -1.57292572E-04  4.32740838E-05
  4.40000000E-01  5.96153671E-02 -4.88875961E+01  0.00000000E+00 -6.22771174E-04 -1.36859526E-04  3.76820752E-05
  4.45000000E-01  5.96124872E-02 -4.88875968E+01  0.00000000E+00 -5.41414546E-04 -1.19083403E-04  3.28136517E-05
  4.50000000E-01  5.96099836E-02 -4.88875973E+01  0.00000000E+00 -4.70687919E-04 -1.03618532E-04  2.85751255E-05
  4.55000000E-01  5.96078069E-02 -4.88875978E+01  0.00000000E+00 -4.09202237E-04 -9.01642335E-05  2.48849418E-05
  4.60000000E-01  5.96059146E-02 -4.88875982E+01  0.00000000E+00 -3.55749971E-04 -7.84589566E-05  2.16721075E-05
  4.65000000E-01  5.96042695E-02 -4.88875986E+01  0.00000000E+00 -3.09281396E-04 -6.82751885E-05  1.88748236E-05
  4.70000000E-01  5.96028393E-02 -4.88875989E+01  0.00000000E+00 -2.68883966E-04 -5.94150229E-05  1.64392946E-05
  4.75000000E-01  5.96015959E-02 -4.88875992E+01  0.00000000E+00 -2.33764384E-04 -5.17063058E-05  1.43186918E-05
  4.80000000E-01  5.96005148E-02 -4.88875994E+01  0.00000000E+00 -2.03233022E-04 -4.49992839E-05  1.24722512E-05
  4.85000000E-01  5.95995750E-02 -4.88875996E+01  0.00000000E+00 -1.76690367E-04 -3.91636887E-05  1.08644877E-05
  4.90000000E-01  5.95987579E-02 -4.88875998E+01  0.00000000E+00 -1.53615248E-04 -3.40862008E-05  9.46451165E-06
  4.95000000E-01  5.95980475E-02 -4.88875999E+01  0.00000000E+00 -1.33554598E-04 -2.96682440E-05  8.24543363E-06
  5.00000000E-01  5.95974299E-02 -4.88876001E+01  0.00000000E+00 -1.16114553E-04 -2.58240662E-05  7.18384606E-06
