  0.00000000E+00  0.00000000E+00 -4.89000000E+01  0.00000000E+00  5.90253782E-01  2.00320192E-01 -3.57104042E-02
  5.00000000E-03  2.95126891E-03 -4.88989984E+01  0.00000000E+00  5.42641664E-01  1.85476468E-01 -3.26678049E-02
  1.00000000E-02  5.54544693E-03 -4.88981081E+01  0.00000000E+00  5.00967095E-01  1.72386474E-01 -3.00447102E-02
  1.50000000E-02  7.94609599E-03 -4.88972789E+01  0.00000000E+00  4.64104979E-01  1.60752952E-01 -2.77561374E-02
  2.00000000E-02  1.01744656E-02 -4.88965042E+01  0.00000000E+00  4.31801840E-01  1.50514556E-01 -2.57679173E-02
  2.50000000E-02  1.22527169E-02 -4.88957773E+01  0.00000000E+00  4.03603342E-01  1.41543820E-01 -2.40403225E-02
  3.00000000E-02  1.42002374E-02 -4.88950920E+01  0.00000000E+00  3.79031194E-01  1.33702969E-01 -2.25398671E-02
  3.50000000E-02  1.60339630E-02 -4.88944431E+01  0.00000000E+00  3.57638666E-01  1.26860976E-01 -2.12364060E-02
  4.00000000E-02  1.77686750E-02 -4.88938259E+01  0.00000000E+00  3.39025110E-01  1.20898730E-01 -2.01035630E-02
  4.50000000E-02  1.94172667E-02 -4.88932363E+01  0.00000000E+00  3.22836736E-01  1.15709823E-01 -1.91184592E-02
  5.00000000E-02  2.09909794E-02 -4.88926707E+01  0.00000000E+00  3.08763127E-01  1.11199913E-01 -1.82613123E-02
  5.50000000E-02  2.24996110E-02 -4.88921260E+01  0.00000000E+00  2.96532709E-01  1.07285668E-01 -1.75150323E-02
  6.00000000E-02  2.39516985E-02 -4.88915993E+01  0.00000000E+00  2.85908232E-01  1.03893652E-01 -1.68648540E-02
  6.50000000E-02  2.53546785E-02 -4.88910883E+01  0.00000000E+00  2.76682615E-01  1.00959241E-01 -1.62980145E-02
  7.00000000E-02  2.67150275E-02 -4.88905909E+01  0.00000000E+00  2.68675212E-01  9.84256323E-02 -1.58034751E-02
  7.50000000E-02  2.80383851E-02 -4.88901051E+01  0.00000000E+00  2.61728512E-01  9.62429458E-02 -1.53716827E-02
  8.00000000E-02  2.93296609E-02 -4.88896293E+01  0.00000000E+00  2.55705222E-01  9.43674126E-02 -1.49943645E-02
  8.50000000E-02  3.05931288E-02 -4.88891622E+01  0.00000000E+00  2.50485710E-01  9.27606525E-02 -1.46643527E-02
  9.00000000E-02  3.18325086E-02 -4.88887024E+01  0.00000000E+00  2.45965763E-01  9.13890294E-02 -1.43754332E-02
  9.50000000E-02  3.30510375E-02 -4.88882489E+01  0.00000000E+00  2.42054616E-01  9.02230795E-02 -1.41222165E-02
  1.00000000E-01  3.42515327E-02 -4.88878007E+01  0.00000000E+00  2.38673234E-01  8.92370045E-02 -1.39000258E-02
  1.05000000E-01  3.54364454E-02 -4.88873570E+01  0.00000000E+00  2.35752810E-01  8.84082242E-02 -1.37048017E-02
  1.10000000E-01  3.66079084E-02 -4.88869170E+01  0.00000000E+00  2.33233445E-01  8.77169812E-02 -1.35330190E-02
  1.15000000E-01  3.77677772E-02 -4.88864801E+01  0.00000000E+00  2.31063007E-01  8.71459928E-02 -1.33816157E-02
  1.20000000E-01  3.89176662E-02 -4.88860458E+01  0.00000000E+00  2.29196126E-01  8.66801447E-02 -1.32479313E-02
  1.25000000E-01  4.00589796E-02 -4.88856136E+01  0.00000000E+00  2.27593320E-01  8.63062217E-02 -1.31296534E-02
  1.30000000E-01  4.11929392E-02 -4.88851830E+01  0.00000000E+00  2.26220236E-01  8.60126713E-02 -1.30247722E-02
  1.35000000E-01  4.23206077E-02 -4.88847537E+01  0.00000000E+00  2.25046984E-01  8.57893959E-02 -1.29315402E-02
  1.40000000E-01  4.34429094E-02 -4.88843253E+01  0.00000000E+00  2.24047561E-01  8.56275708E-02 -1.28484375E-02
  1.45000000E-01  4.45606487E-02 -4.88838975E+01  0.00000000E+00  2.23199343E-01  8.55194851E-02 -1.27741427E-02
  1.50000000E-01  4.56745249E-02 -4.88834702E+01  0.00000000E+00  2.22482652E-01  8.54584011E-02 -1.27075060E-02
  1.55000000E-01  4.67851464E-02 -4.88830431E+01  0.00000000E+00  2.21880368E-01  8.54384329E-02 -1.26475275E-02
  1.60000000E-01  4.78930425E-02 -4.88826159E+01  0.00000000E+00  2.21377601E-01  8.54544383E-02 -1.25933371E-02
  1.65000000E-01  4.89986736E-02 -4.88821886E+01  0.00000000E+00  2.20961397E-01  8.55019256E-02 -1.25441778E-02
  1.70000000E-01  5.01024401E-02 -4.88817610E+01  0.00000000E+00  2.20620492E-01  8.55769718E-02 -1.24993909E-02
  1.75000000E-01  5.12046903E-02 -4.88813329E+01  0.00000000E+00  2.20345085E-01  8.56761500E-02 -1.24584034E-02
  1.80000000E-01  5.23057272E-02 -4.88809043E+01  0.00000000E+00  2.20126655E-01  8.57964678E-02 -1.24207164E-02
  1.85000000E-01  5.34058144E-02 -4.88804750E+01  0.00000000E+00  2.19957789E-01  8.59353114E-02 -1.23858959E-02
  1.90000000E-01  5.45051812E-02 -4.88800450E+01  0.00000000E+00  2.19832039E-01  8.60903987E-02 -1.23535644E-02
  1.95000000E-01  5.56040270E-02 -4.88796141E+01  0.00000000E+00  2.19743799E-01  8.62597364E-02 -1.23233930E-02
  2.00000000E-01  5.67025254E-02 -4.88791824E+01  0.00000000E+00 -3.43035004E-01 -1.30895670E-01  1.98491908E-02
  2.05000000E-01  5.35804034E-02 -4.88803798E+01  0.00000000E+00 -3.12873154E-01 -1.18575596E-01  1.60713537E-02
  2.10000000E-01  5.20914422E-02 -4.88809419E+01  0.00000000E+00 -2.77024890E-01 -1.05135347E-01  1.53003322E-02
  2.15000000E-01  5.07959384E-02 -4.88814339E+01  0.00000000E+00 -2.42325243E-01 -9.18207954E-02  1.31775410E-02
  2.20000000E-01  4.96710613E-02 -4.88818598E+01  0.00000000E+00 -2.11045142E-01 -7.99144118E-02  1.15179887E-02
  2.25000000E-01  4.86940359E-02 -4.88822296E+01  0.00000000E+00 -1.83495303E-01 -6.94489343E-02  1.00588060E-02
  2.30000000E-01  4.78454339E-02 -4.88825506E+01  0.00000000E+00 -1.59447957E-01 -6.03280321E-02  8.77959967E-03
  2.35000000E-01  4.71083125E-02 -4.88828295E+01  0.00000000E+00 -1.38528568E-01 -5.24027502E-02  7.65994997E-03
  2.40000000E-01  4.64679682E-02 -4.88830717E+01  0.00000000E+00 -1.20352370E-01 -4.55229343E-02  6.68089816E-03
  2.45000000E-01  4.59116468E-02 -4.88832821E+01  0.00000000E+00 -1.04565620E-01 -3.95516937E-02  5.82539320E-03
  2.50000000E-01  4.54282856E-02 -4.88834649E+01  0.00000000E+00 -9.08550298E-02 -3.43684597E-02  5.07826456E-03
  2.55000000E-01  4.50082869E-02 -4.88836238E+01  0.00000000E+00 -7.89469144E-02 -2.98683385E-02  4.42608627E-03
  2.60000000E-01  4.46433226E-02 -4.88837619E+01  0.00000000E+00 -6.86033861E-02 -2.59604571E-02  3.85701408E-03
  2.65000000E-01  4.43261645E-02 -4.88838819E+01  0.00000000E+00 -5.96180273E-02 -2.25661798E-02  3.36062273E-03
  2.70000000E-01  4.40505378E-02 -4.88839863E+01  0.00000000E+00 -5.18118079E-02 -1.96174601E-02  2.92775207E-03
  2.75000000E-01  4.38109943E-02 -4.88840770E+01  0.00000000E+00 -4.50294479E-02 -1.70553922E-02  2.55036504E-03
  2.80000000E-01  4.36028029E-02 -4.88841559E+01  0.00000000E+00 -3.91362418E-02 -1.48289566E-02  2.22141822E-03
  2.85000000E-01  4.34218547E-02 -4.88842244E+01  0.00000000E+00 -3.40153060E-02 -1.28939425E-02  1.93474513E-03
  2.90000000E-01  4.32645806E-02 -4.88842841E+01  0.00000000E+00 -2.95651983E-02 -1.12120208E-02  1.68495143E-03
  2.95000000E-01  4.31278798E-02 -4.88843359E+01  0.00000000E+00 -2.56978595E-02 -9.74994817E-03  1.46732156E-03
  3.00000000E-01  4.30090589E-02 -4.88843810E+01  0.00000000E+00 -2.23368342E-02 -8.47888130E-03  1.27773577E-03
  3.05000000E-01  4.29057773E-02 -4.88844202E+01  0.00000000E+00 -1.94157310E-02 -7.37378650E-03  1.11259662E-03
  3.10000000E-01  4.28160014E-02 -4.88844544E+01  0.00000000E+00 -1.68768894E-02 -6.41293037E-03  9.68764110E-04
  3.15000000E-01  4.27379640E-02 -4.88844840E+01  0.00000000E+00 -1.46702257E-02 -5.57744006E-03  8.43498529E-04
  3.20000000E-01  4.26701296E-02 -4.88845098E+01  0.00000000E+00 -1.27522326E-02 -4.85092322E-03  7.34410161E-04
  3.25000000E-01  4.26111634E-02 -4.88845323E+01  0.00000000E+00 -1.10851124E-02 -4.21913928E-03  6.39415146E-04
  3.30000000E-01  4.25599056E-02 -4.88845518E+01  0.00000000E+00 -9.63602460E-03 -3.66971503E-03  5.56696750E-04
  3.35000000E-01  4.25153482E-02 -4.88845687E+01  0.00000000E+00 -8.37643412E-03 -3.19189815E-03  4.84671442E-04
  3.40000000E-01  4.24766150E-02 -4.88845835E+01  0.00000000E+00 -7.28154517E-03 -2.77634376E-03  4.21959203E-04
  3.45000000E-01  4.24429445E-02 -4.88845964E+01  0.00000000E+00 -6.32981010E-03 -2.41492927E-03  3.67357545E-04
  3.50000000E-01  4.24136748E-02 -4.88846075E+01  0.00000000E+00 -5.50250308E-03 -2.10059389E-03  3.19818816E-04
  3.55000000E-01  4.23882306E-02 -4.88846172E+01  0.00000000E+00 -4.78334983E-03 -1.82719927E-03  2.78430362E-04
  3.60000000E-01  4.23661117E-02 -4.88846257E+01  0.00000000E+00 -4.15820626E-03 -1.58940866E-03  2.42397214E-04
  3.65000000E-01  4.23468835E-02 -4.88846330E+01  0.00000000E+00 -3.61477917E-03 -1.38258189E-03  2.11026969E-04
  3.70000000E-01  4.23301682E-02 -4.88846394E+01  0.00000000E+00 -3.14238381E-03 -1.20268427E-03  1.83716605E-04
  3.75000000E-01  4.23156373E-02 -4.88846450E+01  0.00000000E+00 -2.73173321E-03 -1.04620740E-03  1.59940976E-04
  3.80000000E-01  4.23030052E-02 -4.88846498E+01  0.00000000E+00 -2.37475512E-03 -9.10100371E-04  1.39242781E-04
  3.85000000E-01  4.22920239E-02 -4.88846541E+01  0.00000000E+00 -2.06443306E-03 -7.91710058E-04  1.21223822E-04
  3.90000000E-01  4.22824775E-02 -4.88846577E+01  0.00000000E+00 -1.79466808E-03 -6.88729142E-04  1.05537377E-04
  3.95000000E-01  4.22741786E-02 -4.88846609E+01  0.00000000E+00 -1.56015875E-03 -5.99151001E-04  9.18815594E-05
  4.00000000E-01  4.22669641E-02 -4.88846637E+01  0.00000000E+00 -1.35629678E-03 -5.21230476E-04  7.99935273E-05
  4.05000000E-01  4.22606923E-02 -4.88846661E+01  0.00000000E+00 -1.17907641E-03 -4.53449766E-04  6.96444429E-05
  4.10000000E-01  4.22552399E-02 -4.88846682E+01  0.00000000E+00 -1.02501551E-03 -3.94488787E-04  6.06350768E-05
  4.15000000E-01  4.22505000E-02 -4.88846700E+01  0.00000000E+00 -8.91087212E-04 -3.43199396E-04  5.27919817E-05
  4.20000000E-01  4.22463794E-02 -4.88846716E+01  0.00000000E+00 -7.74660277E-04 -2.98582977E-04  4.59641584E-05
  4.25000000E-01  4.22427972E-02 -4.88846730E+01  0.00000000E+00 -6.73447426E-04 -2.59770961E-04  4.00201536E-05
  4.30000000E-01  4.22396829E-02 -4.88846742E+01  0.00000000E+00 -5.85460346E-04 -2.26007876E-04  3.48455308E-05
  4.35000000E-01  4.22369756E-02 -4.88846752E+01  0.00000000E+00 -5.08970605E-04 -1.96636617E-04  3.03406690E-05
  4.40000000E-01  4.22346220E-02 -4.88846761E+01  0.00000000E+00 -4.42475684E-04 -1.71085632E-04  2.64188456E-05
  4.45000000E-01  4.22325758E-02 -4.88846769E+01  0.00000000E+00 -3.84669435E-04 -1.48857775E-04  2.30045672E-05
  4.50000000E-01  4.22307970E-02 -4.88846776E+01  0.00000000E+00 -3.34416424E-04 -1.29520621E-04  2.00321157E-05
  4.55000000E-01  4.22292506E-02 -4.88846782E+01  0.00000000E+00 -2.90729604E-04 -1.12698033E-04  1.74442834E-05
  4.60000000E-01  4.22279061E-02 -4.88846787E+01  0.00000000E+00 -2.52750928E-04 -9.80628366E-05  1.51912709E-05
  4.65000000E-01  4.22267373E-02 -4.88846792E+01  0.00000000E+00 -2.19734487E-04 -8.53304406E-05  1.32297278E-05
  4.70000000E-01  4.22257212E-02 -4.88846796E+01  0.00000000E+00 -1.91031848E-04 -7.42532950E-05  1.15219180E-05
  4.75000000E-01  4.22248378E-02 -4.88846799E+01  0.00000000E+00 -1.66079320E-04 -6.46160681E-05  1.00349923E-05
  4.80000000E-01  4.22240698E-02 -4.88846802E+01  0.00000000E+00 -1.44386878E-04 -5.62314519E-05  8.74035594E-06
  4.85000000E-01  4.22234021E-02 -4.88846805E+01  0.00000000E+00 -1.25528530E-04 -4.89365140E-05  7.61311713E-06
  4.90000000E-01  4.22228216E-02 -4.88846807E+01  0.00000000E+00 -1.09133956E-04 -4.25895244E-05  6.63160782E-06
  4.95000000E-01  4.22223169E-02 -4.88846809E+01  0.00000000E+00 -9.48812262E-05 -3.70671959E-05  5.77696606E-06
  5.00000000E-01  4.22218781E-02 -4.88846811E+01  0.00000000E+00 -8.24904806E-05 -3.22622833E-05  5.03277254E-06
