  0.00000000E+00  0.00000000E+00 -4.89000000E+01  0.00000000E+00  1.18049769E+00  5.69982804E-06 -7.14186038E-02
  5.00000000E-03  5.90248846E-03 -4.89000000E+01  0.00000000E+00  1.08306883E+00  7.41364637E-06 -6.55519368E-02
  1.00000000E-02  1.10742604E-02 -4.88999999E+01  0.00000000E+00  9.98166786E-01  3.61891128E-05 -6.04709132E-02
  1.50000000E-02  1.58528393E-02 -4.88999997E+01  0.00000000E+00  9.23348593E-01  1.12980566E-04 -5.60013802E-02
  2.00000000E-02  2.02825367E-02 -4.88999989E+01  0.00000000E+00  8.57969104E-01  2.07601434E-04 -5.20919643E-02
  2.50000000E-02  2.44089335E-02 -4.88999976E+01  0.00000000E+00  8.01022690E-01  3.06174221E-04 -4.86816597E-02
  3.00000000E-02  2.82716810E-02 -4.88999959E+01  0.00000000E+00  7.51484024E-01  4.01936019E-04 -4.57105717E-02
  3.50000000E-02  3.19052544E-02 -4.88999936E+01  0.00000000E+00  7.08410442E-01  4.91466526E-04 -4.31237531E-02
  4.00000000E-02  3.53396227E-02 -4.88999909E+01  0.00000000E+00  6.70965135E-01  5.73116774E-04 -4.08722204E-02
  4.50000000E-02  3.86008351E-02 -4.88999879E+01  0.00000000E+00  6.38414881E-01  6.46256040E-04 -3.89128499E-02
  5.00000000E-02  4.17115338E-02 -4.88999845E+01  0.00000000E+00  6.10120414E-01  7.10864938E-04 -3.72078938E-02
  5.50000000E-02  4.46913998E-02 -4.88999807E+01  0.00000000E+00  5.85525466E-01  7.67291965E-04 -3.57244004E-02
  6.00000000E-02  4.75575397E-02 -4.88999768E+01  0.00000000E+00  5.64146336E-01  8.16098018E-04 -3.44336451E-02
  6.50000000E-02  5.03248236E-02 -4.88999726E+01  0.00000000E+00  5.45562542E-01  8.57954027E-04 -3.33106070E-02
  7.00000000E-02  5.30061768E-02 -4.88999682E+01  0.00000000E+00  5.29408586E-01  8.93573194E-04 -3.23335010E-02
  7.50000000E-02  5.56128348E-02 -4.88999636E+01  0.00000000E+00  5.15366775E-01  9.23666824E-04 -3.14833651E-02
  8.00000000E-02  5.81545642E-02 -4.88999589E+01  0.00000000E+00  5.03160966E-01  9.48916426E-04 -3.07436969E-02
  8.50000000E-02  6.06398545E-02 -4.88999541E+01  0.00000000E+00  4.92551128E-01  9.69957222E-04 -3.01001366E-02
  9.00000000E-02  6.30760855E-02 -4.88999492E+01  0.00000000E+00  4.83328620E-01  9.87369401E-04 -2.95401897E-02
  9.50000000E-02  6.54696724E-02 -4.88999442E+01  0.00000000E+00  4.75312079E-01  1.00167477E-03 -2.90529848E-02
  1.00000000E-01  6.78261914E-02 -4.88999392E+01  0.00000000E+00  4.68343858E-01  1.01333697E-03 -2.86290634E-02
  1.05000000E-01  7.01504901E-02 -4.88999341E+01  0.00000000E+00  4.62286919E-01  1.02276386E-03 -2.82601963E-02
  1.10000000E-01  7.24467824E-02 -4.88999289E+01  0.00000000E+00  4.57022140E-01  1.03031119E-03 -2.79392234E-02
  1.15000000E-01  7.47187311E-02 -4.88999238E+01  0.00000000E+00  4.52445970E-01  1.03628698E-03 -2.76599153E-02
  1.20000000E-01  7.69695206E-02 -4.88999186E+01  0.00000000E+00  4.48468397E-01  1.04095628E-03 -2.74168520E-02
  1.25000000E-01  7.92019186E-02 -4.88999134E+01  0.00000000E+00  4.45011174E-01  1.04454582E-03 -2.72053176E-02
  1.30000000E-01  8.14183314E-02 -4.88999081E+01  0.00000000E+00  4.42006281E-01  1.04724854E-03 -2.70212089E-02
  1.35000000E-01  8.36208506E-02 -4.88999029E+01  0.00000000E+00  4.39394591E-01  1.04922780E-03 -2.68609556E-02
  1.40000000E-01  8.58112943E-02 -4.88998976E+01  0.00000000E+00  4.37124704E-01  1.05062132E-03 -2.67214510E-02
  1.45000000E-01  8.79912431E-02 -4.88998924E+01  0.00000000E+00  4.35151938E-01  1.05154469E-03 -2.65999922E-02
  1.50000000E-01  9.01620709E-02 -4.88998871E+01  0.00000000E+00  4.33437454E-01  1.05209447E-03 -2.64942269E-02
  1.55000000E-01  9.23249720E-02 -4.88998819E+01  0.00000000E+00  4.32217458E-01  1.03690427E-03 -2.65991136E-02
  1.60000000E-01  9.44830093E-02 -4.88998767E+01  0.00000000E+00  4.30897899E-01  1.03779307E-03 -2.65072647E-02
  1.65000000E-01  9.66341999E-02 -4.88998715E+01  0.00000000E+00  4.29754793E-01  1.03800408E-03 -2.64174324E-02
  1.70000000E-01  9.87801161E-02 -4.88998663E+01  0.00000000E+00  4.28754314E-01  1.03834046E-03 -2.63391908E-02
  1.75000000E-01  1.00921386E-01 -4.88998611E+01  0.00000000E+00  4.27884339E-01  1.03851850E-03 -2.62704942E-02
  1.80000000E-01  1.03058633E-01 -4.88998559E+01  0.00000000E+00  4.27128376E-01  1.03855360E-03 -2.62105506E-02
  1.85000000E-01  1.05192385E-01 -4.88998508E+01  0.00000000E+00  4.26471716E-01  1.03847248E-03 -2.61583750E-02
  1.90000000E-01  1.07323102E-01 -4.88998456E+01  0.00000000E+00  4.25901442E-01  1.03830117E-03 -2.61130039E-02
  1.95000000E-01  1.09451184E-01 -4.88998404E+01  0.00000000E+00  4.25406282E-01  1.03806247E-03 -2.60735630E-02
  2.00000000E-01  1.11576977E-01 -4.88998352E+01  0.00000000E+00 -6.58472721E-01  7.32412289E-04  3.94657182E-02
  2.05000000E-01  1.05574916E-01 -4.88998323E+01  0.00000000E+00 -6.02239253E-01  5.52807022E-04  3.61713947E-02
  2.10000000E-01  1.02704303E-01 -4.88998300E+01  0.00000000E+00 -5.33844367E-01  3.52046306E-04  3.20621068E-02
  2.15000000E-01  1.00206069E-01 -4.88998287E+01  0.00000000E+00 -4.67614169E-01  2.18255270E-04  2.81245327E-02
  2.20000000E-01  9.80335735E-02 -4.88998280E+01  0.00000000E+00 -4.07720125E-01  1.14954725E-04  2.45573427E-02
  2.25000000E-01  9.61447080E-02 -4.88998276E+01  0.00000000E+00 -3.54852710E-01  4.16968744E-05  2.14040999E-02
  2.30000000E-01  9.45026129E-02 -4.88998276E+01  0.00000000E+00 -3.08619163E-01 -8.37414927E-06  1.86417629E-02
  2.35000000E-01  9.30751010E-02 -4.88998278E+01  0.00000000E+00 -2.68333566E-01 -4.12184648E-05  1.62306146E-02
  2.40000000E-01  9.18341471E-02 -4.88998281E+01  0.00000000E+00 -2.33280853E-01 -6.15557042E-05  1.41291456E-02
  2.45000000E-01  9.07553747E-02 -4.88998284E+01  0.00000000E+00 -2.02798473E-01 -7.29760261E-05  1.22987646E-02
  2.50000000E-01  8.98175883E-02 -4.88998288E+01  0.00000000E+00 -1.76296380E-01 -7.81549031E-05  1.07049800E-02
  2.55000000E-01  8.90023616E-02 -4.88998292E+01  0.00000000E+00 -1.53256817E-01 -7.90608857E-05  9.31742376E-03
  2.60000000E-01  8.82936764E-02 -4.88998296E+01  0.00000000E+00 -1.33228048E-01 -7.71279387E-05  8.10951954E-03
  2.65000000E-01  8.76776081E-02 -4.88998300E+01  0.00000000E+00 -1.15816822E-01 -7.33904208E-05  7.05806937E-03
  2.70000000E-01  8.71420520E-02 -4.88998304E+01  0.00000000E+00 -1.00681105E-01 -6.85861803E-05  6.14284777E-03
  2.75000000E-01  8.66764858E-02 -4.88998307E+01  0.00000000E+00 -8.75235088E-02 -6.32343434E-05  5.34623113E-03
  2.80000000E-01  8.62717623E-02 -4.88998310E+01  0.00000000E+00 -7.60854999E-02 -5.76936159E-05  4.65286798E-03
  2.85000000E-01  8.59199298E-02 -4.88998313E+01  0.00000000E+00 -6.61423310E-02 -5.22057875E-05  4.04938873E-03
  2.90000000E-01  8.56140761E-02 -4.88998315E+01  0.00000000E+00 -5.74986305E-02 -4.69280791E-05  3.52415143E-03
  2.95000000E-01  8.53481922E-02 -4.88998317E+01  0.00000000E+00 -4.99845628E-02 -4.19571091E-05  3.06701950E-03
  3.00000000E-01  8.51170545E-02 -4.88998319E+01  0.00000000E+00 -4.34524910E-02 -3.73465813E-05  2.66916781E-03
  3.05000000E-01  8.49161222E-02 -4.88998321E+01  0.00000000E+00 -3.77740748E-02 -3.31202805E-05  2.32291344E-03
  3.10000000E-01  8.47414479E-02 -4.88998323E+01  0.00000000E+00 -3.28377481E-02 -2.92815691E-05  2.02156818E-03
  3.15000000E-01  8.45896000E-02 -4.88998324E+01  0.00000000E+00 -2.85465266E-02 -2.58202800E-05  1.75931001E-03
  3.20000000E-01  8.44575954E-02 -4.88998325E+01  0.00000000E+00 -2.48161013E-02 -2.27176792E-05  1.53107106E-03
  3.25000000E-01  8.43428409E-02 -4.88998326E+01  0.00000000E+00 -2.15731825E-02 -1.99500000E-05  1.33244010E-03
  3.30000000E-01  8.42430823E-02 -4.88998327E+01  0.00000000E+00 -1.87540586E-02 -1.74909271E-05  1.15957751E-03
  3.35000000E-01  8.41563599E-02 -4.88998328E+01  0.00000000E+00 -1.63033450E-02 -1.53133104E-05  1.00914132E-03
  3.40000000E-01  8.40809699E-02 -4.88998329E+01  0.00000000E+00 -1.41728953E-02 -1.33903177E-05  8.78222764E-04
  3.45000000E-01  8.40154316E-02 -4.88998329E+01  0.00000000E+00 -1.23208555E-02 -1.16961824E-05  7.64290159E-04
  3.50000000E-01  8.39584574E-02 -4.88998330E+01  0.00000000E+00 -1.07108415E-02 -1.02066605E-05  6.65140074E-04
  3.55000000E-01  8.39089282E-02 -4.88998330E+01  0.00000000E+00 -9.31122404E-03 -8.89928297E-06  5.78854792E-04
  3.60000000E-01  8.38658711E-02 -4.88998331E+01  0.00000000E+00 -8.09450773E-03 -7.75346445E-06  5.03765288E-04
  3.65000000E-01  8.38284404E-02 -4.88998331E+01  0.00000000E+00 -7.03679031E-03 -6.75051465E-06  4.38418997E-04
  3.70000000E-01  8.37959007E-02 -4.88998331E+01  0.00000000E+00 -6.11729333E-03 -5.87358545E-06  3.81551753E-04
  3.75000000E-01  8.37676130E-02 -4.88998332E+01  0.00000000E+00 -5.31795377E-03 -5.10757730E-06  3.32063373E-04
  3.80000000E-01  8.37430216E-02 -4.88998332E+01  0.00000000E+00 -4.62306921E-03 -4.43902186E-06  2.88996389E-04
  3.85000000E-01  8.37216434E-02 -4.88998332E+01  0.00000000E+00 -4.01898932E-03 -3.85595285E-06  2.51517548E-04
  3.90000000E-01  8.37030587E-02 -4.88998332E+01  0.00000000E+00 -3.49384765E-03 -3.34777317E-06  2.18901698E-04
  3.95000000E-01  8.36869023E-02 -4.88998332E+01  0.00000000E+00 -3.03732853E-03 -2.90512395E-06  1.90517778E-04
  4.00000000E-01  8.36728570E-02 -4.88998333E+01  0.00000000E+00 -2.64046438E-03 -2.51975889E-06  1.65816604E-04
  4.05000000E-01  8.36606468E-02 -4.88998333E+01  0.00000000E+00 -2.29545953E-03 -2.18442622E-06  1.44320256E-04
  4.10000000E-01  8.36500320E-02 -4.88998333E+01  0.00000000E+00 -1.99553707E-03 -1.89275934E-06  1.25612830E-04
  4.15000000E-01  8.36408041E-02 -4.88998333E+01  0.00000000E+00 -1.73480572E-03 -1.63917674E-06  1.09332393E-04
  4.20000000E-01  8.36327819E-02 -4.88998333E+01  0.00000000E+00 -1.50814410E-03 -1.41879114E-06  9.51639833E-05
  4.25000000E-01  8.36258079E-02 -4.88998333E+01  0.00000000E+00 -1.31110007E-03 -1.22732762E-06  8.28335120E-05
  4.30000000E-01  8.36197450E-02 -4.88998333E+01  0.00000000E+00 -1.13980332E-03 -1.06105026E-06  7.21024632E-05
  4.35000000E-01  8.36144742E-02 -4.88998333E+01  0.00000000E+00 -9.90889318E-04 -9.16696766E-07  6.27632764E-05
  4.40000000E-01  8.36098921E-02 -4.88998333E+01  0.00000000E+00 -8.61433203E-04 -7.91420325E-07  5.46353296E-05
  4.45000000E-01  8.36059085E-02 -4.88998333E+01  0.00000000E+00 -7.48892334E-04 -6.82738173E-07  4.75614437E-05
  4.50000000E-01  8.36024454E-02 -4.88998333E+01  0.00000000E+00 -6.51056342E-04 -5.88486187E-07  4.14048399E-05
  4.55000000E-01  8.35994347E-02 -4.88998333E+01  0.00000000E+00 -5.66003705E-04 -5.06778834E-07  3.60464920E-05
  4.60000000E-01  8.35968173E-02 -4.88998333E+01  0.00000000E+00 -4.92064003E-04 -4.35973959E-07  3.13828225E-05
  4.65000000E-01  8.35945419E-02 -4.88998333E+01  0.00000000E+00 -4.27785101E-04 -3.74641880E-07  2.73236976E-05
  4.70000000E-01  8.35925636E-02 -4.88998333E+01  0.00000000E+00 -3.71904625E-04 -3.21538292E-07  2.37906820E-05
  4.75000000E-01  8.35908438E-02 -4.88998333E+01  0.00000000E+00 -3.23325165E-04 -2.75580555E-07  2.07155205E-05
  4.80000000E-01  8.35893486E-02 -4.88998333E+01  0.00000000E+00 -2.81092713E-04 -2.35826890E-07  1.80388166E-05
  4.85000000E-01  8.35880488E-02 -4.88998333E+01  0.00000000E+00 -2.44377928E-04 -2.01458270E-07  1.57088829E-05
  4.90000000E-01  8.35869187E-02 -4.88998333E+01  0.00000000E+00 -2.12459843E-04 -1.71762595E-07  1.36807400E-05
  4.95000000E-01  8.35859361E-02 -4.88998333E+01  0.00000000E+00 -1.84711701E-04 -1.46120855E-07  1.19152461E-05
  5.00000000E-01  8.35850820E-02 -4.88998333E+01  0.00000000E+00 -1.60588646E-04 -1.23995059E-07  1.03783389E-05
