# Hasimoto simple-cubic correction, a=1.0, L=5
# Q(L) = 1 - 2.8373*(a/L) + (4*pi/3)*(a/L)**3 = 0.46605032
# columns 1-6 (x,y,z,Ux,Uy,Uz) divided by Q(L); t and W unchanged
# t  x  y  z  Ux  Uy  Uz  Wx  Wy  Wz
 0.00000000E+00  0.00000000E+00  0.00000000E+00  0.00000000E+00  2.64748355E+00 -1.22525874E-03 -1.29999215E-03 -1.12104225E-05  1.00926211E-04 -5.16232419E-06
 5.00000000E-03  1.32374178E-02 -6.12629370E-06 -6.49996075E-06  2.42927078E+00 -1.10215171E-03 -1.14509399E-03 -9.90283916E-06  8.88952613E-05 -3.95922578E-06
 1.00000000E-02  2.48382397E-02 -1.13292847E-05 -1.18381853E-05  2.23946010E+00 -9.53731963E-04 -9.95502795E-04 -8.37400218E-06  7.59115219E-05 -2.70803749E-06
 1.50000000E-02  3.55610135E-02 -1.57268951E-05 -1.64417213E-05  2.07219563E+00 -8.23838638E-04 -8.65681784E-04 -7.03327579E-06  6.44733517E-05 -1.17588680E-06
 2.00000000E-02  4.55038304E-02 -1.95213550E-05 -2.04455777E-05  1.92599483E+00 -7.11166605E-04 -7.54742226E-04 -5.88156057E-06  5.46040395E-05  3.14629356E-07
 2.50000000E-02  5.47683027E-02 -2.27955079E-05 -2.39419399E-05  1.79861124E+00 -6.13763218E-04 -6.60709605E-04 -4.91264919E-06  4.61994512E-05  1.62615304E-06
 3.00000000E-02  6.34428999E-02 -2.56208155E-05 -2.70104064E-05  1.68776126E+00 -5.29715982E-04 -5.81408553E-04 -4.10319901E-06  3.90748513E-05  2.76328932E-06
 3.50000000E-02  7.16045812E-02 -2.80592775E-05 -2.97191965E-05  1.59134597E+00 -4.57274170E-04 -5.14808172E-04 -3.43193513E-06  3.30690644E-05  3.73840058E-06
 4.00000000E-02  7.93202729E-02 -3.01645437E-05 -3.21267363E-05  1.50750153E+00 -3.94894086E-04 -4.59106416E-04 -2.87908357E-06  2.80342966E-05  4.56447825E-06
 4.50000000E-02  8.66481694E-02 -3.19830639E-05 -3.42830142E-05  1.43459409E+00 -3.41230969E-04 -4.12727098E-04 -2.42656886E-06  2.38258054E-05  5.25955469E-06
 5.00000000E-02  9.36388711E-02 -3.35550611E-05 -3.62307013E-05  1.37119853E+00 -2.95116475E-04 -3.74302018E-04 -2.05862120E-06  2.03151143E-05  5.84135580E-06
 5.50000000E-02  1.00336375E-01 -3.49153571E-05 -3.80061486E-05  1.31607424E+00 -2.55536436E-04 -3.42648479E-04 -1.76166955E-06  1.73933560E-05  6.32613767E-06
 6.00000000E-02  1.06778935E-01 -3.60940892E-05 -3.96402572E-05  1.26814202E+00 -2.21611348E-04 -3.16746832E-04 -1.52406228E-06  1.49691538E-05  6.72825204E-06
 6.50000000E-02  1.12999815E-01 -3.71173333E-05 -4.11592373E-05  1.22646339E+00 -1.92578905E-04 -2.95719431E-04 -1.33583968E-06  1.29655526E-05  7.06013893E-06
 7.00000000E-02  1.19027935E-01 -3.80076466E-05 -4.25852660E-05  1.19022231E+00 -1.67778402E-04 -2.78811817E-04 -1.18854193E-06  1.13173591E-05  7.33258200E-06
 7.50000000E-02  1.24888444E-01 -3.87845373E-05 -4.39370560E-05  1.15870925E+00 -1.46637015E-04 -2.65376191E-04 -1.07501640E-06  9.96910529E-06  7.55493807E-06
 8.00000000E-02  1.30603208E-01 -3.94648690E-05 -4.52303479E-05  1.13130728E+00 -1.28657928E-04 -2.54857003E-04 -9.89233544E-07  8.87349613E-06  7.73530426E-06
 8.50000000E-02  1.36191239E-01 -4.00632108E-05 -4.64783348E-05  1.10747998E+00 -1.13410158E-04 -2.46778465E-04 -9.26121581E-07  7.99019216E-06  7.88064853E-06
 9.00000000E-02  1.41669071E-01 -4.05921424E-05 -4.76920308E-05  1.08676096E+00 -1.00519824E-04 -2.40733732E-04 -8.81425209E-07  7.28480936E-06  7.99692662E-06
 9.50000000E-02  1.47051078E-01 -4.10625156E-05 -4.88805877E-05  1.06874467E+00 -8.96626136E-05 -2.36375479E-04 -8.51587295E-07  6.72806623E-06  8.08920182E-06
 1.00000000E-01  1.52349761E-01 -4.14836856E-05 -5.00515696E-05  1.05307851E+00 -8.05572361E-05 -2.33407752E-04 -8.33646793E-07  6.29505905E-06  8.16176542E-06
 1.05000000E-01  1.57575988E-01 -4.18637083E-05 -5.12111890E-05  1.03945586E+00 -7.29597617E-05 -2.31578892E-04 -8.25148886E-07  5.96465152E-06  8.21824741E-06
 1.10000000E-01  1.62739211E-01 -4.22095134E-05 -5.23645112E-05  1.02761015E+00 -6.66586936E-05 -2.30675414E-04 -8.24066280E-07  5.71895148E-06  8.26171464E-06
 1.15000000E-01  1.67847647E-01 -4.25270542E-05 -5.35156296E-05  1.01730955E+00 -6.14706963E-05 -2.30516680E-04 -8.28731647E-07  5.54285952E-06  8.29475236E-06
 1.20000000E-01  1.72908443E-01 -4.28214377E-05 -5.46678162E-05  1.00835252E+00 -5.72369518E-05 -2.30950329E-04 -8.37779962E-07  5.42367110E-06  8.31953454E-06
 1.25000000E-01  1.77927813E-01 -4.30970382E-05 -5.58236521E-05  1.00056377E+00 -5.38198215E-05 -2.31848253E-04 -8.50095860E-07  5.35070275E-06  8.33789110E-06
 1.30000000E-01  1.82911160E-01 -4.33575944E-05 -5.69851380E-05  9.93790924E-01 -5.11001081E-05 -2.33103116E-04 -8.64774107E-07  5.31500770E-06  8.35135156E-06
 1.35000000E-01  1.87863183E-01 -4.36062956E-05 -5.81537908E-05  9.87901453E-01 -4.89746861E-05 -2.34625290E-04 -8.81082963E-07  5.30911381E-06  8.36119139E-06
 1.40000000E-01  1.92787967E-01 -4.38458556E-05 -5.93307227E-05  9.82780131E-01 -4.73543516E-05 -2.36340333E-04 -8.98435143E-07  5.32679958E-06  8.36846895E-06
 1.45000000E-01  1.97689064E-01 -4.40785766E-05 -6.05167120E-05  9.78326762E-01 -4.61619639E-05 -2.38186807E-04 -9.16364110E-07  5.36290182E-06  8.37405481E-06
 1.50000000E-01  2.02569564E-01 -4.43064054E-05 -6.17122621E-05  9.74454223E-01 -4.53308828E-05 -2.40114369E-04 -9.34503434E-07  5.41315049E-06  8.37865813E-06
 1.55000000E-01  2.07432154E-01 -4.45309820E-05 -6.29176530E-05  9.71086750E-01 -4.48035809E-05 -2.42082064E-04 -9.52570132E-07  5.47402936E-06  8.38285276E-06
 1.60000000E-01  2.12279169E-01 -4.47536818E-05 -6.41329825E-05  9.68158467E-01 -4.45304272E-05 -2.44056858E-04 -9.70349304E-07  5.54265835E-06  8.38709997E-06
 1.65000000E-01  2.17112641E-01 -4.49756510E-05 -6.53582038E-05  9.65612092E-01 -4.44686976E-05 -2.46012449E-04 -9.87680437E-07  5.61669189E-06  8.39176361E-06
 1.70000000E-01  2.21934335E-01 -4.51978401E-05 -6.65931550E-05  9.63397807E-01 -4.45815656E-05 -2.47928118E-04 -1.00444885E-06  5.69423282E-06  8.39712947E-06
 1.75000000E-01  2.26745789E-01 -4.54210301E-05 -6.78375848E-05  9.61472303E-01 -4.48374374E-05 -2.49787917E-04 -1.02057428E-06  5.77375444E-06  8.40341649E-06
 1.80000000E-01  2.31548337E-01 -4.56458569E-05 -6.90911739E-05  9.59797909E-01 -4.52092584E-05 -2.51579863E-04 -1.03600320E-06  5.85403994E-06  8.41078751E-06
 1.85000000E-01  2.36343139E-01 -4.58728328E-05 -7.03535530E-05  9.58341873E-01 -4.56738101E-05 -2.53295257E-04 -1.05071039E-06  5.93414387E-06  8.41936071E-06
 1.90000000E-01  2.41131210E-01 -4.61023632E-05 -7.16243177E-05  9.57075718E-01 -4.62113519E-05 -2.54928151E-04 -1.06468331E-06  6.01332610E-06  8.42921407E-06
 1.95000000E-01  2.45913423E-01 -4.63347639E-05 -7.29030408E-05  9.55974671E-01 -4.68050444E-05 -2.56474819E-04 -1.07792483E-06  6.09102832E-06  8.44039709E-06
 2.00000000E-01  2.50690543E-01 -4.65702734E-05 -7.41892815E-05 -1.47424767E+00  1.06192717E-03  8.58620890E-04  7.32196967E-06 -7.97876634E-05 -6.07648071E-06
 2.05000000E-01  2.37243748E-01 -3.84888070E-05 -6.71084378E-05 -1.34844756E+00  9.34060643E-04  7.77984085E-04  1.14193367E-05 -7.23725344E-05  7.73649093E-06
 2.10000000E-01  2.30816011E-01 -3.41381700E-05 -6.34201094E-05 -1.19547225E+00  8.06153159E-04  6.60445014E-04  8.76876433E-06 -6.18697577E-05 -5.28377510E-06
 2.15000000E-01  2.25221089E-01 -3.04271731E-05 -6.04117319E-05 -1.04739563E+00  6.74720277E-04  5.57744799E-04  8.45629116E-06 -5.25360897E-05 -3.71620345E-06
 2.20000000E-01  2.20354301E-01 -2.73821538E-05 -5.78797586E-05 -9.13488163E-01  5.60818446E-04  4.65270918E-04  7.22158365E-06 -4.39422515E-05 -3.80344477E-06
 2.25000000E-01  2.16121630E-01 -2.48628162E-05 -5.57845887E-05 -7.95269701E-01  4.62973956E-04  3.85437728E-04  6.02082936E-06 -3.65277187E-05 -3.73701527E-06
 2.30000000E-01  2.12440827E-01 -2.27925576E-05 -5.40569830E-05 -6.91860037E-01  3.79806945E-04  3.17265190E-04  4.95757528E-06 -3.01964871E-05 -3.57833202E-06
 2.35000000E-01  2.09240051E-01 -2.11014404E-05 -5.26410884E-05 -6.01729453E-01  3.09487657E-04  2.59336437E-04  4.04894555E-06 -2.48283318E-05 -3.37649221E-06
 2.40000000E-01  2.06456730E-01 -1.97298003E-05 -5.14892281E-05 -5.23284128E-01  2.50221902E-04  2.10244196E-04  3.28436332E-06 -2.02942771E-05 -3.15446054E-06
 2.45000000E-01  2.04036423E-01 -1.86268552E-05 -5.05607378E-05 -4.55047256E-01  2.00395010E-04  1.68721800E-04  2.64600062E-06 -1.64763991E-05 -2.92605118E-06
 2.50000000E-01  2.01931779E-01 -1.77494474E-05 -4.98209346E-05 -3.95703370E-01  1.58599158E-04  1.33667319E-04  2.11560897E-06 -1.32707359E-05 -2.69984337E-06
 2.55000000E-01  2.00101622E-01 -1.70609412E-05 -4.92402342E-05 -3.44097846E-01  1.23622618E-04  1.04133922E-04  1.67661039E-06 -1.05870185E-05 -2.48122358E-06
 2.60000000E-01  1.98510146E-01 -1.65302695E-05 -4.87933981E-05 -2.99223006E-01  9.44283423E-05  7.93114554E-05  1.31456479E-06 -8.34737979E-06 -2.27348116E-06
 2.65000000E-01  1.97126218E-01 -1.61311135E-05 -4.84588971E-05 -2.60201380E-01  7.01312184E-05  5.85074532E-05  1.01710472E-06 -6.48487212E-06 -2.07847641E-06
 2.70000000E-01  1.95922766E-01 -1.58412002E-05 -4.82183697E-05 -2.26269564E-01  4.99769845E-05  4.11299879E-05  7.73716336E-07 -4.94205340E-06 -1.89708536E-06
 2.75000000E-01  1.94876247E-01 -1.56417008E-05 -4.80561636E-05 -1.96763607E-01  3.33235558E-05  2.66728397E-05  5.75495022E-07 -3.66971427E-06 -1.72951047E-06
 2.80000000E-01  1.93966194E-01 -1.55167166E-05 -4.79589421E-05 -1.71106149E-01  1.96247979E-05  1.47028640E-05  4.14916300E-07 -2.62575651E-06 -1.57550258E-06
 2.85000000E-01  1.93174807E-01 -1.54528395E-05 -4.79153528E-05 -1.48795140E-01  8.41653591E-06  4.84927986E-06  2.85633028E-07 -1.77421360E-06 -1.43452030E-06
 2.90000000E-01  1.92486609E-01 -1.54387775E-05 -4.79157403E-05 -1.29394033E-01 -6.95460346E-07 -3.20541388E-06  1.82299611E-07 -1.08439918E-06 -1.30584416E-06
 2.95000000E-01  1.91888142E-01 -1.54650348E-05 -4.79519043E-05 -1.12523236E-01 -8.04577355E-06 -9.73314655E-06  1.00420998E-07 -5.30168284E-07 -1.18865753E-06
 3.00000000E-01  1.91367702E-01 -1.55236395E-05 -4.80168893E-05 -9.78526805E-02 -1.39181533E-05 -1.49668301E-05  3.62234916E-08 -8.92776367E-08 -1.08210322E-06
 3.05000000E-01  1.90915115E-01 -1.56079112E-05 -4.81048075E-05 -8.50953617E-02 -1.85530540E-05 -1.91059408E-05 -1.34555970E-08  2.57167801E-07 -9.85322217E-07
 3.10000000E-01  1.90521532E-01 -1.57122637E-05 -4.82106851E-05 -7.40017183E-02 -2.21540742E-05 -2.23212799E-05 -5.12618653E-08  5.25192314E-07 -8.97479206E-07
 3.15000000E-01  1.90179257E-01 -1.58320366E-05 -4.83303299E-05 -6.43547465E-02 -2.48934599E-05 -2.47590465E-05 -7.94037091E-08  7.28361660E-07 -8.17778743E-07
 3.20000000E-01  1.89881601E-01 -1.59633524E-05 -4.84602195E-05 -5.59657526E-02 -2.69168013E-05 -2.65443171E-05 -9.97206647E-08  8.78139345E-07 -7.45474876E-07
 3.25000000E-01  1.89622745E-01 -1.61029947E-05 -4.85974043E-05 -4.86706588E-02 -2.83470359E-05 -2.77840280E-05 -1.13741354E-07  9.84192896E-07 -6.79875888E-07
 3.30000000E-01  1.89397629E-01 -1.62483055E-05 -4.87394237E-05 -4.23267915E-02 -2.92878646E-05 -2.85695331E-05 -1.22732663E-07  1.05465731E-06 -6.20345746E-07
 3.35000000E-01  1.89201855E-01 -1.63970969E-05 -4.88842351E-05 -3.68100887E-02 -2.98266613E-05 -2.89787984E-05 -1.27741476E-07  1.09636158E-06 -5.66303343E-07
 3.40000000E-01  1.89031596E-01 -1.65475772E-05 -4.90301522E-05 -3.20126720E-02 -3.00369519E-05 -2.90782874E-05 -1.29630059E-07  1.11502318E-06 -5.17220331E-07
 3.45000000E-01  1.88883526E-01 -1.66982877E-05 -4.91757925E-05 -2.78407348E-02 -2.99805235E-05 -2.89245821E-05 -1.29106015E-07  1.11541505E-06 -4.72618091E-07
 3.50000000E-01  1.88754752E-01 -1.68480492E-05 -4.93200310E-05 -2.42127068E-02 -2.97092197E-05 -2.85657769E-05 -1.26747626E-07  1.10150863E-06 -4.32064230E-07
 3.55000000E-01  1.88642759E-01 -1.69959171E-05 -4.94619629E-05 -2.10576574E-02 -2.92664677E-05 -2.80426774E-05 -1.23025266E-07  1.07659642E-06 -3.95168891E-07
 3.60000000E-01  1.88545358E-01 -1.71411425E-05 -4.96008685E-05 -1.83139081E-02 -2.86885756E-05 -2.73898322E-05 -1.18319472E-07  1.04339673E-06 -3.61581044E-07
 3.65000000E-01  1.88460648E-01 -1.72831407E-05 -4.97361856E-05 -1.59278249E-02 -2.80058352E-05 -2.66364226E-05 -1.12936161E-07  1.00414325E-06 -3.30984902E-07
 3.70000000E-01  1.88386974E-01 -1.74214630E-05 -4.98674841E-05 -1.38527694E-02 -2.72434570E-05 -2.58070263E-05 -1.07119446E-07  9.60661385E-07 -3.03096508E-07
 3.75000000E-01  1.88322898E-01 -1.75557743E-05 -4.99944459E-05 -1.20481858E-02 -2.64223652E-05 -2.49222778E-05 -1.01062401E-07  9.14433442E-07 -2.77660561E-07
 3.80000000E-01  1.88267169E-01 -1.76858334E-05 -5.01168454E-05 -1.04788080E-02 -2.55598712E-05 -2.39994344E-05 -9.49160970E-08  8.66654038E-07 -2.54447486E-07
 3.85000000E-01  1.88218698E-01 -1.78114766E-05 -5.02345354E-05 -9.11396891E-03 -2.46702437E-05 -2.30528653E-05 -8.87971568E-08  8.18277250E-07 -2.33250771E-07
 3.90000000E-01  1.88176540E-01 -1.79326037E-05 -5.03474333E-05 -7.92700116E-03 -2.37651929E-05 -2.20944725E-05 -8.27940808E-08  7.70056631E-07 -2.13884546E-07
 3.95000000E-01  1.88139873E-01 -1.80491671E-05 -5.04555096E-05 -6.89471499E-03 -2.28542793E-05 -2.11340527E-05 -7.69725149E-08  7.22579131E-07 -1.96181411E-07
 4.00000000E-01  1.88107980E-01 -1.81611612E-05 -5.05587790E-05 -5.99694479E-03 -2.19452605E-05 -2.01796089E-05 -7.13796312E-08  6.76293786E-07 -1.79990464E-07
 4.05000000E-01  1.88080240E-01 -1.82686149E-05 -5.06572909E-05 -5.21615467E-03 -2.10443830E-05 -1.92376185E-05 -6.60477609E-08  6.31535974E-07 -1.65175555E-07
 4.10000000E-01  1.88056111E-01 -1.83715846E-05 -5.07511239E-05 -4.53709538E-03 -2.01566301E-05 -1.83132637E-05 -6.09974057E-08  5.88547861E-07 -1.51613736E-07
 4.15000000E-01  1.88035123E-01 -1.84701484E-05 -5.08403795E-05 -3.94650613E-03 -1.92859294E-05 -1.74106294E-05 -5.62397289E-08  5.47495617E-07 -1.39193877E-07
 4.20000000E-01  1.88016867E-01 -1.85644013E-05 -5.09251759E-05 -3.43285522E-03 -1.84353295E-05 -1.65328731E-05 -5.17786069E-08  5.08483877E-07 -1.27815440E-07
 4.25000000E-01  1.88000987E-01 -1.86544515E-05 -5.10056459E-05 -2.98611460E-03 -1.76071477E-05 -1.56823712E-05 -4.76123051E-08  4.71567849E-07 -1.17387368E-07
 4.30000000E-01  1.87987173E-01 -1.87404167E-05 -5.10819315E-05 -2.59756362E-03 -1.68030955E-05 -1.48608439E-05 -4.37348445E-08  4.36763405E-07 -1.07827109E-07
 4.35000000E-01  1.87975157E-01 -1.88224221E-05 -5.11541818E-05 -2.25961870E-03 -1.60243827E-05 -1.40694627E-05 -4.01371079E-08  4.04055492E-07 -9.90597437E-08
 4.40000000E-01  1.87964703E-01 -1.89005972E-05 -5.12225509E-05 -1.96568488E-03 -1.52718066E-05 -1.33089420E-05 -3.68077330E-08  3.73405102E-07 -9.10172242E-08
 4.45000000E-01  1.87955610E-01 -1.89750748E-05 -5.12871943E-05 -1.71002705E-03 -1.45458251E-05 -1.25796178E-05 -3.37338243E-08  3.44755031E-07 -8.36376981E-08
 4.50000000E-01  1.87947699E-01 -1.90459890E-05 -5.13482690E-05 -1.48765770E-03 -1.38466191E-05 -1.18815147E-05 -3.09015249E-08  3.18034618E-07 -7.68648949E-08
 4.55000000E-01  1.87940816E-01 -1.91134741E-05 -5.14059313E-05 -1.29423950E-03 -1.31741443E-05 -1.12144028E-05 -2.82964703E-08  2.93163625E-07 -7.06475788E-08
 4.60000000E-01  1.87934829E-01 -1.91776636E-05 -5.14603355E-05 -1.12600050E-03 -1.25281745E-05 -1.05778467E-05 -2.59041461E-08  2.70055385E-07 -6.49390565E-08
 4.65000000E-01  1.87929619E-01 -1.92386895E-05 -5.15116334E-05 -9.79660407E-04 -1.19083377E-05 -9.97124631E-06 -2.37101554E-08  2.48619344E-07 -5.96967361E-08
 4.70000000E-01  1.87925087E-01 -1.92966816E-05 -5.15599730E-05 -8.52366484E-04 -1.13141462E-05 -9.39387241E-06 -2.17004216E-08  2.28763107E-07 -5.48817389E-08
 4.75000000E-01  1.87921143E-01 -1.93517669E-05 -5.16054990E-05 -7.41637797E-04 -1.07450214E-05 -8.84489627E-06 -1.98613363E-08  2.10394041E-07 -5.04585555E-08
 4.80000000E-01  1.87917712E-01 -1.94040692E-05 -5.16483510E-05 -6.45316757E-04 -1.02003149E-05 -8.32341490E-06 -1.81798556E-08  1.93420545E-07 -4.63947326E-08
 4.85000000E-01  1.87914726E-01 -1.94537090E-05 -5.16886645E-05 -5.61526938E-04 -9.67932461E-06 -7.82847195E-06 -1.66435870E-08  1.77753068E-07 -4.26606005E-08
 4.90000000E-01  1.87912128E-01 -1.95008031E-05 -5.17265694E-05 -4.88636449E-04 -9.18130927E-06 -7.35907579E-06 -1.52408393E-08  1.63304784E-07 -3.92290094E-08
 4.95000000E-01  1.87909867E-01 -1.95454647E-05 -5.17621913E-05 -4.25226036E-04 -8.70549965E-06 -6.91421490E-06 -1.39606400E-08  1.49992140E-07 -3.60751080E-08
 5.00000000E-01  1.87907899E-01 -1.95878026E-05 -5.17956503E-05 -3.70061377E-04 -8.25110805E-06 -6.49287105E-06 -1.27927214E-08  1.37735170E-07 -3.31761318E-08
