# Hasimoto simple-cubic correction, a=1.0, L=40
# Q(L) = 1 - 2.8373*(a/L) + (4*pi/3)*(a/L)**3 = 0.92913295
# columns 1-6 (x,y,z,Ux,Uy,Uz) divided by Q(L); t and W unchanged
# t  x  y  z  Ux  Uy  Uz  Wx  Wy  Wz
 0.00000000E+00  0.00000000E+00  0.00000000E+00  0.00000000E+00  2.66330924E+00  5.39291162E-05 -4.46052672E-05  1.49494090E-08  2.93327519E-06  1.68054756E-06
 5.00000000E-03  1.33165461E-02  2.69645581E-07 -2.23026336E-07  2.44354191E+00  5.02381576E-05 -3.86350303E-05  7.74995824E-09  2.58983197E-06  1.48710663E-06
 1.00000000E-02  2.49848373E-02  5.11608973E-07 -4.01275895E-07  2.25211410E+00  3.90781944E-05 -3.01102839E-05  8.00220740E-09  2.21664650E-06  1.19619717E-06
 1.50000000E-02  3.57668383E-02  6.79100036E-07 -5.30515449E-07  2.08344423E+00  2.96400309E-05 -2.25750957E-05  1.16065898E-08  1.91512868E-06  9.45890733E-07
 2.00000000E-02  4.57623848E-02  8.03704781E-07 -6.24552958E-07  1.93603857E+00  2.18737923E-05 -1.59684330E-05  1.68296703E-08  1.66807110E-06  7.20185183E-07
 2.50000000E-02  5.50740635E-02  8.93658147E-07 -6.87878466E-07  1.80762774E+00  1.55753846E-05 -1.01986014E-05  2.18950282E-08  1.46627311E-06  5.26696740E-07
 3.00000000E-02  6.37911751E-02  9.55789051E-07 -7.24446893E-07  1.69590476E+00  1.05176367E-05 -5.17298782E-06  2.66888213E-08  1.30099305E-06  3.60347565E-07
 3.50000000E-02  7.19913914E-02  9.95732864E-07 -7.37747798E-07  1.59874917E+00  6.48946573E-06 -8.05410180E-07  3.11323175E-08  1.16570920E-06  2.18555646E-07
 4.00000000E-02  7.97422483E-02  1.01810977E-06 -7.30855905E-07  1.51427801E+00  3.30731152E-06  2.98185231E-06  3.51936548E-08  1.05504064E-06  9.86409214E-08
 4.50000000E-02  8.71024604E-02  1.02669094E-06 -7.06478487E-07  1.44084078E+00  8.15783443E-07  6.25816608E-06  3.88647356E-08  9.64579561E-07 -2.00980096E-09
 5.00000000E-02  9.41230712E-02  1.02454103E-06 -6.66996873E-07  1.37699802E+00 -1.11499637E-06  9.08521778E-06  4.21509483E-08  8.90708153E-07 -8.58641530E-08
 5.50000000E-02  1.00848454E-01  1.01413910E-06 -6.14503155E-07  1.32149680E+00 -2.59305508E-06  1.15176417E-05  4.50678059E-08  8.30458040E-07 -1.55195418E-07
 6.00000000E-02  1.07317185E-01  9.97478681E-07 -5.50833887E-07  1.27324738E+00 -3.70776304E-06  1.36038235E-05  4.76364782E-08  7.81388761E-07 -2.12059179E-07
 6.50000000E-02  1.13562799E-01  9.76153095E-07 -4.77599314E-07  1.23130225E+00 -4.53272043E-06  1.53866048E-05  4.98819095E-08  7.41490678E-07 -2.58289100E-07
 7.00000000E-02  1.19614447E-01  9.51427100E-07 -3.96209337E-07  1.19483766E+00 -5.12827043E-06  1.69038859E-05  5.18325854E-08  7.09037180E-07 -2.95505266E-07
 7.50000000E-02  1.25497474E-01  9.24296873E-07 -3.07896704E-07  1.16313751E+00 -5.54379549E-06  1.81894445E-05  5.35084456E-08  6.82597475E-07 -3.25031321E-07
 8.00000000E-02  1.31233911E-01  8.95539083E-07 -2.13735585E-07  1.13557924E+00 -5.81956490E-06  1.92728597E-05  5.48845760E-08  6.61144942E-07 -3.48301734E-07
 8.50000000E-02  1.36842911E-01  8.65751835E-07 -1.14662749E-07  1.11162167E+00 -5.98820824E-06  2.01799323E-05  5.59788689E-08  6.44151010E-07 -3.66406154E-07
 9.00000000E-02  1.42341126E-01  8.35389185E-07 -1.14954061E-08  1.09079432E+00 -6.07615347E-06  2.09338762E-05  5.68009318E-08  6.30152472E-07 -3.79720127E-07
 9.50000000E-02  1.47743030E-01  8.04788555E-07  9.50588345E-08  1.07268818E+00 -6.10410298E-06  2.15550204E-05  5.73962934E-08  6.18670242E-07 -3.89126184E-07
 1.00000000E-01  1.53061205E-01  7.74198166E-07  2.04386797E-07  1.05694772E+00 -6.08865713E-06  2.20614429E-05  5.78220858E-08  6.09439881E-07 -3.95988315E-07
 1.05000000E-01  1.58306592E-01  7.43793495E-07  3.15960068E-07  1.04326384E+00 -6.04304025E-06  2.24689274E-05  5.81029161E-08  6.02301497E-07 -4.00673626E-07
 1.10000000E-01  1.63488702E-01  7.13692337E-07  4.29323416E-07  1.03136784E+00 -5.97761317E-06  2.27912671E-05  5.82605295E-08  5.96788627E-07 -4.03404429E-07
 1.15000000E-01  1.68615801E-01  6.83967838E-07  5.44085601E-07  1.02102613E+00 -5.90033862E-06  2.30405530E-05  5.83166774E-08  5.92471061E-07 -4.04519213E-07
 1.20000000E-01  1.73695078E-01  6.54659332E-07  6.59911580E-07  1.01203563E+00 -5.81726033E-06  2.32273929E-05  5.82910397E-08  5.89065355E-07 -4.04358371E-07
 1.25000000E-01  1.78732779E-01  6.25780725E-07  7.76515645E-07  1.00421979E+00 -5.73290739E-06  2.33610721E-05  5.81999597E-08  5.86385675E-07 -4.03209684E-07
 1.30000000E-01  1.83734339E-01  5.97327070E-07  8.93655203E-07  9.97425156E-01 -5.65060333E-06  2.34497011E-05  5.80566031E-08  5.84297365E-07 -4.01309504E-07
 1.35000000E-01  1.88704478E-01  5.69279814E-07  1.01112528E-06  9.91518293E-01 -5.57270906E-06  2.35003534E-05  5.78712959E-08  5.82692442E-07 -3.98853178E-07
 1.40000000E-01  1.93647302E-01  5.41611004E-07  1.12875368E-06  9.86383214E-01 -5.50082047E-06  2.35191858E-05  5.76522054E-08  5.81480648E-07 -3.96001523E-07
 1.45000000E-01  1.98566381E-01  5.14286624E-07  1.24639669E-06  9.81919085E-01 -5.43593563E-06  2.35115470E-05  5.74060132E-08  5.80585376E-07 -3.92885761E-07
 1.50000000E-01  2.03464815E-01  4.87269158E-07  1.36393532E-06  9.78038244E-01 -5.37858991E-06  2.34820743E-05  5.71383602E-08  5.79941717E-07 -3.89611907E-07
 1.55000000E-01  2.08345305E-01  4.60519573E-07  1.48127202E-06  9.74664486E-01 -5.32896730E-06  2.34347792E-05  5.68541726E-08  5.79494685E-07 -3.86264023E-07
 1.60000000E-01  2.13210192E-01  4.33998792E-07  1.59832768E-06  9.71731556E-01 -5.28698900E-06  2.33731225E-05  5.65578404E-08  5.79198148E-07 -3.82907841E-07
 1.65000000E-01  2.18061519E-01  4.07668793E-07  1.71503915E-06  9.69181862E-01 -5.25238533E-06  2.33000820E-05  5.62532588E-08  5.79014473E-07 -3.79593715E-07
 1.70000000E-01  2.22901053E-01  3.81493375E-07  1.83135696E-06  9.66965333E-01 -5.22475316E-06  2.32182103E-05  5.59438765E-08  5.78913466E-07 -3.76359352E-07
 1.75000000E-01  2.27730338E-01  3.55438691E-07  1.94724333E-06  9.65038438E-01 -5.20360133E-06  2.31296886E-05  5.56326798E-08  5.78871309E-07 -3.73232127E-07
 1.80000000E-01  2.32550714E-01  3.29473564E-07  2.06267046E-06  9.63363339E-01 -5.18838625E-06  2.30363725E-05  5.53222279E-08  5.78869562E-07 -3.70231317E-07
 1.85000000E-01  2.37363343E-01  3.03569670E-07  2.17761904E-06  9.61907136E-01 -5.17853920E-06  2.29398341E-05  5.50146889E-08  5.78894158E-07 -3.67369890E-07
 1.90000000E-01  2.42169237E-01  2.77701592E-07  2.29207687E-06  9.60641230E-01 -5.17348723E-06  2.28413979E-05  5.47118597E-08  5.78934248E-07 -3.64655916E-07
 1.95000000E-01  2.46969279E-01  2.51846785E-07  2.40603776E-06  9.59540758E-01 -5.17266773E-06  2.27421728E-05  5.44152194E-08  5.78981798E-07 -3.62093461E-07
 2.00000000E-01  2.51764231E-01  2.25985495E-07  2.51950056E-06 -1.48499444E+00 -5.63994087E-05  6.18566355E-05 -3.99639714E-07 -2.90197838E-06 -2.23391153E-06
 2.05000000E-01  2.38227921E-01 -1.84078401E-07  2.92656990E-06 -1.35819297E+00 -4.32063083E-05  5.93444158E-05  3.69427857E-07 -1.32422617E-06 -1.45726682E-06
 2.10000000E-01  2.31753961E-01 -3.67127192E-07  3.21701143E-06 -1.20389019E+00 -3.02703605E-05  5.72661538E-05 -1.19106294E-07 -1.49330044E-06 -1.48770589E-06
 2.15000000E-01  2.26120266E-01 -4.86139125E-07  3.49814654E-06 -1.05458523E+00 -1.74963684E-05  5.44687458E-05 -6.53703349E-09 -9.63501010E-07 -1.15974248E-06
 2.20000000E-01  2.21220603E-01 -5.41685986E-07  3.76349675E-06 -9.19555689E-01 -6.80501467E-06  5.15708243E-05 -9.95660737E-09 -7.56344834E-07 -9.71557747E-07
 2.25000000E-01  2.16960398E-01 -5.48982675E-07  4.01410607E-06 -8.00362567E-01  1.92196264E-06  4.85451024E-05 -1.45933526E-08 -5.93892720E-07 -8.03211371E-07
 2.30000000E-01  2.13256568E-01 -5.17555419E-07  4.24926728E-06 -6.96120087E-01  8.88591331E-06  4.54534044E-05 -1.80184647E-08 -4.64735296E-07 -6.60611756E-07
 2.35000000E-01  2.10036573E-01 -4.55715975E-07  4.46880505E-06 -6.05283027E-01  1.43377002E-05  4.23515362E-05 -1.98861050E-08 -3.60191997E-07 -5.39416486E-07
 2.40000000E-01  2.07237252E-01 -3.70398007E-07  4.67280806E-06 -5.26240591E-01  1.85184605E-05  3.92861966E-05 -2.04582103E-08 -2.75358283E-07 -4.36960433E-07
 2.45000000E-01  2.04803655E-01 -2.67353803E-07  4.86157570E-06 -4.57500189E-01  2.16423273E-05  3.62944753E-05 -2.01034790E-08 -2.06633615E-07 -3.50749505E-07
 2.50000000E-01  2.02688005E-01 -1.51332500E-07  5.03556876E-06 -3.97732439E-01  2.38936928E-05  3.34046354E-05 -1.91468837E-08 -1.51192556E-07 -2.78558235E-07
 2.55000000E-01  2.00848761E-01 -2.62356219E-08  5.19536735E-06 -3.45770697E-01  2.54292144E-05  3.06373300E-05 -1.78380421E-08 -1.06727094E-07 -2.18410737E-07
 2.60000000E-01  1.99249812E-01  1.04749254E-07  5.34163573E-06 -3.00596990E-01  2.63810983E-05  2.80068674E-05 -1.63563660E-08 -7.13207257E-08 -1.68562245E-07
 2.65000000E-01  1.97859762E-01  2.39034455E-07  5.47509392E-06 -2.61325059E-01  2.68604694E-05  2.55223680E-05 -1.48250804E-08 -4.33728635E-08 -1.27481109E-07
 2.70000000E-01  1.96651317E-01  3.74535230E-07  5.59649451E-06 -2.27184010E-01  2.69604513E-05  2.31887720E-05 -1.33251856E-08 -2.15453785E-08 -9.38307731E-08
 2.75000000E-01  1.95600749E-01  5.09587441E-07  5.70660438E-06 -1.97503522E-01  2.67588673E-05  2.10076940E-05 -1.19070177E-08 -4.72058247E-09 -6.64515013E-08
 2.80000000E-01  1.94687433E-01  6.42877818E-07  5.80619015E-06 -1.71700814E-01  2.63205710E-05  1.89781406E-05 -1.05991812E-08  8.03346119E-09 -4.43421626E-08
 2.85000000E-01  1.93893435E-01  7.73384933E-07  5.89600697E-06 -1.49269238E-01  2.56994404E-05  1.70971066E-05 -9.41523251E-09  1.74920260E-08 -2.66427027E-08
 2.90000000E-01  1.93203168E-01  9.00329308E-07  5.97678992E-06 -1.29768336E-01  2.49400805E-05  1.53600662E-05 -8.35858478E-09  2.42984535E-08 -1.26174130E-08
 2.95000000E-01  1.92603079E-01  1.02313131E-06  6.04924765E-06 -1.12815204E-01  2.40792738E-05  1.37613774E-05 -7.42603860E-09  2.89850260E-08 -1.63949985E-09
 3.00000000E-01  1.92081385E-01  1.14137567E-06  6.11405781E-06 -9.80769633E-02  2.31472133E-05  1.22946114E-05 -6.61031417E-09  3.19908179E-08  6.82300406E-09
 3.05000000E-01  1.91627846E-01  1.25478158E-06  6.17186395E-06 -8.52642334E-02  2.21685523E-05  1.09528195E-05 -5.90182593E-09  3.36767617E-08  1.32198697E-08
 3.10000000E-01  1.91233557E-01  1.36317769E-06  6.22327357E-06 -7.41254409E-02  2.11632956E-05  9.72875010E-06 -5.28992078E-09  3.43384778E-08  1.79299676E-08
 3.15000000E-01  1.90890776E-01  1.46648102E-06  6.26885714E-06 -6.44418834E-02  2.01475555E-05  8.61502346E-06 -4.76370005E-09  3.42170388E-08  2.12713400E-08
 3.20000000E-01  1.90592776E-01  1.56467945E-06  6.30914795E-06 -5.60234327E-02  1.91341915E-05  7.60426663E-06 -4.31254996E-09  3.35080731E-08  2.35100239E-08
 3.25000000E-01  1.90333705E-01  1.65781700E-06  6.34464239E-06 -4.87048027E-02  1.81333515E-05  6.68921866E-06 -3.92648073E-09  3.23694541E-08  2.48677661E-08
 3.30000000E-01  1.90108478E-01  1.74598166E-06  6.37580086E-06 -4.23423022E-02  1.71529295E-05  5.86281048E-06 -3.59630997E-09  3.09277848E-08  2.55286532E-08
 3.35000000E-01  1.89912673E-01  1.82929525E-06  6.40304890E-06 -3.68110139E-02  1.61989519E-05  5.11822484E-06 -3.31376641E-09  2.92838425E-08  2.56449064E-08
 3.40000000E-01  1.89742445E-01  1.90790506E-06  6.42677856E-06 -3.20023414E-02  1.52759043E-05  4.44893901E-06 -3.07150125E-09  2.75171487E-08  2.53418183E-08
 3.45000000E-01  1.89594456E-01  1.98197697E-06  6.44735004E-06 -2.78218771E-02  1.43870049E-05  3.84875423E-06 -2.86307559E-09  2.56897871E-08  2.47220250E-08
 3.50000000E-01  1.89465797E-01  2.05168974E-06  6.46509334E-06 -2.41875472E-02  1.35344364E-05  3.31181373E-06 -2.68290259E-09  2.38495927E-08  2.38691508E-08
 3.55000000E-01  1.89353946E-01  2.11723050E-06  6.48031006E-06 -2.10280016E-02  1.27195391E-05  2.83261203E-06 -2.52618672E-09  2.20328242E-08  2.28509102E-08
 3.60000000E-01  1.89256704E-01  2.17879096E-06  6.49327512E-06 -1.82812119E-02  1.19429733E-05  2.40599720E-06 -2.38884279E-09  2.02663619E-08  2.17217612E-08
 3.65000000E-01  1.89172165E-01  2.23656441E-06  6.50423857E-06 -1.58932537E-02  1.12048545E-05  2.02716755E-06 -2.26742211E-09  1.85695447E-08  2.05251355E-08
 3.70000000E-01  1.89098669E-01  2.29074339E-06  6.51342733E-06 -1.38172478E-02  1.05048670E-05  1.69166403E-06 -2.15903699E-09  1.69556934E-08  1.92953403E-08
 3.75000000E-01  1.89034773E-01  2.34151775E-06  6.52104690E-06 -1.20124397E-02  9.84235726E-06  1.39535953E-06 -2.06128363E-09  1.54333453E-08  1.80591536E-08
 3.80000000E-01  1.88979222E-01  2.38907326E-06  6.52728293E-06 -1.04433996E-02  9.21641208E-06  1.13444574E-06 -1.97218260E-09  1.40072955E-08  1.68371660E-08
 3.85000000E-01  1.88930928E-01  2.43359046E-06  6.53230288E-06 -9.07932629E-03  8.62592292E-06  9.05418327E-07 -1.89011332E-09  1.26794297E-08  1.56449163E-08
 3.90000000E-01  1.88888941E-01  2.47524385E-06  6.53625740E-06 -7.89344283E-03  8.06963875E-06  7.05061151E-07 -1.81376319E-09  1.14494132E-08  1.44938244E-08
 3.95000000E-01  1.88852439E-01  2.51420133E-06  6.53928181E-06 -6.86247047E-03  7.54620943E-06  5.30429754E-07 -1.74207607E-09  1.03152400E-08  1.33919855E-08
 4.00000000E-01  1.88820704E-01  2.55062381E-06  6.54149738E-06 -5.96617182E-03  7.05422095E-06  3.78834610E-07 -1.67421401E-09  9.27368480E-09  1.23448269E-08
 4.05000000E-01  1.88793114E-01  2.58466494E-06  6.54301257E-06 -5.18695334E-03  6.59222403E-06  2.47824474E-07 -1.60951523E-09  8.32065774E-09  1.13556440E-08
 4.10000000E-01  1.88769127E-01  2.61647107E-06  6.54392416E-06 -4.50952006E-03  6.15875692E-06  1.35169958E-07 -1.54746611E-09  7.45149264E-09  1.04260581E-08
 4.15000000E-01  1.88748273E-01  2.64618118E-06  6.54431838E-06 -3.92057517E-03  5.75236365E-06  3.88475414E-08 -1.48767472E-09  6.66117067E-09  9.55637868E-09
 4.20000000E-01  1.88730142E-01  2.67392702E-06  6.54427181E-06 -3.40855898E-03  5.37160843E-06 -4.29758501E-08 -1.42984295E-09  5.94449772E-09  8.74591329E-09
 4.25000000E-01  1.88714380E-01  2.69983317E-06  6.54385237E-06 -2.96342203E-03  5.01508660E-06 -1.11957579E-07 -1.37375208E-09  5.29623903E-09  7.99321124E-09
 4.30000000E-01  1.88700675E-01  2.72401730E-06  6.54312012E-06 -2.57642769E-03  4.68143310E-06 -1.69593340E-07 -1.31924580E-09  4.71122440E-09  7.29626679E-09
 4.35000000E-01  1.88688761E-01  2.74659034E-06  6.54212807E-06 -2.23998075E-03  4.36932874E-06 -2.17230416E-07 -1.26621300E-09  4.18442379E-09  6.65268036E-09
 4.40000000E-01  1.88678402E-01  2.76765672E-06  6.54092283E-06 -1.94747817E-03  4.07750454E-06 -2.56080189E-07 -1.21458152E-09  3.71100251E-09  6.05978973E-09
 4.45000000E-01  1.88669397E-01  2.78731468E-06  6.53954531E-06 -1.69317959E-03  3.80474468E-06 -2.87229842E-07 -1.16430767E-09  3.28635945E-09  5.51477045E-09
 4.50000000E-01  1.88661566E-01  2.80565650E-06  6.53803128E-06 -1.47209453E-03  3.54988826E-06 -3.11653327E-07 -1.11536552E-09  2.90615296E-09  5.01472458E-09
 4.55000000E-01  1.88654758E-01  2.82276881E-06  6.53641195E-06 -1.27988443E-03  3.31182999E-06 -3.30221578E-07 -1.06774529E-09  2.56631061E-09  4.55673750E-09
 4.60000000E-01  1.88648840E-01  2.83873281E-06  6.53471442E-06 -1.11277754E-03  3.08952022E-06 -3.43711966E-07 -1.02144684E-09  2.26303933E-09  4.13793158E-09
 4.65000000E-01  1.88643693E-01  2.85362464E-06  6.53296214E-06 -9.67494834E-04  2.88196437E-06 -3.52817062E-07 -9.76474316E-10  1.99282236E-09  3.75550153E-09
 4.70000000E-01  1.88639219E-01  2.86751557E-06  6.53117529E-06 -8.41185608E-04  2.68822187E-06 -3.58152708E-07 -9.32836182E-10  1.75241393E-09  3.40674136E-09
 4.75000000E-01  1.88635328E-01  2.88047232E-06  6.52937119E-06 -7.31371576E-04  2.50740479E-06 -3.60265482E-07 -8.90541883E-10  1.53883133E-09  3.08906244E-09
 4.80000000E-01  1.88631947E-01  2.89255730E-06  6.52756458E-06 -6.35898192E-04  2.33867611E-06 -3.59639482E-07 -8.49598310E-10  1.34934353E-09  2.80000748E-09
 4.85000000E-01  1.88629005E-01  2.90382887E-06  6.52576794E-06 -5.52892356E-04  2.18124788E-06 -3.56702655E-07 -8.10011023E-10  1.18145728E-09  2.53725541E-09
 4.90000000E-01  1.88626449E-01  2.91434153E-06  6.52399177E-06 -4.80725652E-04  2.03437920E-06 -3.51832482E-07 -7.71783241E-10  1.03290560E-09  2.29862611E-09
 4.95000000E-01  1.88624225E-01  2.92414625E-06  6.52224479E-06 -4.17982379E-04  1.89737415E-06 -3.45361167E-07 -7.34914865E-10  9.01629107E-10  2.08208109E-09
 5.00000000E-01  1.88622292E-01  2.93329061E-06  6.52053416E-06 -3.63431765E-04  1.76957962E-06 -3.37580342E-07 -6.99399914E-10  7.85768795E-10  1.88572187E-09
