# Hasimoto simple-cubic correction, a=1.0, L=30
# Q(L) = 1 - 2.8373*(a/L) + (4*pi/3)*(a/L)**3 = 0.90557847
# columns 1-6 (x,y,z,Ux,Uy,Uz) divided by Q(L); t and W unchanged
# t  x  y  z  Ux  Uy  Uz  Wx  Wy  Wz
 0.00000000E+00  0.00000000E+00  0.00000000E+00  0.00000000E+00  2.66300645E+00  5.43472935E-05  4.96676121E-05 -2.27340377E-06 -9.60643363E-07 -6.26306055E-07
 5.00000000E-03  1.33150323E-02  2.71736468E-07  2.48338061E-07  2.44326930E+00  5.01284696E-05  4.28675196E-05 -1.99118321E-06 -8.03189224E-07 -6.24703319E-07
 1.00000000E-02  2.49820359E-02  5.11831756E-07  4.45675427E-07  2.25187774E+00  5.21740679E-05  4.29081126E-05 -1.69790559E-06 -6.07031213E-07 -6.63858264E-07
 1.50000000E-02  3.57629457E-02  7.77816092E-07  6.60317473E-07  2.08323906E+00  5.38496383E-05  4.26591311E-05 -1.44377974E-06 -4.36546576E-07 -7.03246300E-07
 2.00000000E-02  4.57575443E-02  1.05125321E-06  8.72990675E-07  1.93585993E+00  5.51450544E-05  4.20682575E-05 -1.22926043E-06 -2.96851248E-07 -7.33056602E-07
 2.50000000E-02  5.50683961E-02  1.33021702E-06  1.08185478E-06  1.80747148E+00  5.60949113E-05  4.11788518E-05 -1.05093243E-06 -1.76747994E-07 -7.54220863E-07
 3.00000000E-02  6.37847824E-02  1.61306622E-06  1.28552552E-06  1.69576734E+00  5.67433040E-05  4.00547828E-05 -9.03326724E-07 -7.59770733E-08 -7.66347428E-07
 3.50000000E-02  7.19843587E-02  1.89840373E-06  1.48298926E-06  1.59862755E+00  5.71340157E-05  3.87587779E-05 -7.81502338E-07  8.09053161E-09 -7.71024479E-07
 4.00000000E-02  7.97346471E-02  2.18505058E-06  1.67354314E-06  1.51416961E+00  5.73074476E-05  3.73456170E-05 -6.81190041E-07  7.78830931E-08 -7.69745674E-07
 4.50000000E-02  8.70943502E-02  2.47202139E-06  1.85673833E-06  1.44074340E+00  5.72998539E-05  3.58609601E-05 -5.98781391E-07  1.35552130E-07 -7.63823886E-07
 5.00000000E-02  9.41145017E-02  2.75850168E-06  2.03233148E-06  1.37690982E+00  5.71433258E-05  3.43419372E-05 -5.31252192E-07  1.82974221E-07 -7.54378099E-07
 5.50000000E-02  1.00839467E-01  3.04382699E-06  2.20024361E-06  1.32141622E+00  5.68660193E-05  3.28182136E-05 -4.76075568E-07  2.21772222E-07 -7.42346081E-07
 6.00000000E-02  1.07307814E-01  3.32746382E-06  2.36052537E-06  1.27317310E+00  5.64924613E-05  3.13130991E-05 -4.31142218E-07  2.53337592E-07 -7.28506103E-07
 6.50000000E-02  1.13553071E-01  3.60899224E-06  2.51332808E-06  1.23123315E+00  5.60438729E-05  2.98445551E-05 -3.94692456E-07  2.78856548E-07 -7.13513670E-07
 7.00000000E-02  1.19604388E-01  3.88809012E-06  2.65887949E-06  1.19477283E+00  5.55384902E-05  2.84261207E-05 -3.65275033E-07  2.99512932E-07 -6.97994648E-07
 7.50000000E-02  1.25487101E-01  4.16451912E-06  2.79746401E-06  1.16307617E+00  5.49918657E-05  2.70677247E-05 -3.41658564E-07  3.16339459E-07 -6.82675537E-07
 8.00000000E-02  1.31223240E-01  4.43811189E-06  2.92940665E-06  1.13552073E+00  5.44172319E-05  2.57761352E-05 -3.22817962E-07  3.29717266E-07 -6.68063612E-07
 8.50000000E-02  1.36831955E-01  4.70876146E-06  3.05505835E-06  1.11156545E+00  5.38258836E-05  2.45558530E-05 -3.07942066E-07  3.40127551E-07 -6.54217038E-07
 9.00000000E-02  1.42329894E-01  4.97641252E-06  3.17478691E-06  1.09073993E+00  5.32273446E-05  2.34092817E-05 -2.96333081E-07  3.47915443E-07 -6.40906230E-07
 9.50000000E-02  1.47731529E-01  5.24105288E-06  3.28896688E-06  1.07263525E+00  5.26291758E-05  2.23376063E-05 -2.87386210E-07  3.53945758E-07 -6.28045664E-07
 1.00000000E-01  1.53049444E-01  5.50270335E-06  3.39797574E-06  1.05689595E+00  5.20373989E-05  2.13402943E-05 -2.80601216E-07  3.58738070E-07 -6.15472885E-07
 1.05000000E-01  1.58294577E-01  5.76141090E-06  3.50218392E-06  1.04321296E+00  5.14571909E-05  2.04157161E-05 -2.75559725E-07  3.62430808E-07 -6.03280778E-07
 1.10000000E-01  1.63476433E-01  6.01724633E-06  3.60195106E-06  1.03131765E+00  5.08925867E-05  1.95617490E-05 -2.71918600E-07  3.65203079E-07 -5.91615580E-07
 1.15000000E-01  1.68603283E-01  6.27029775E-06  3.69762489E-06  1.02097645E+00  5.03467447E-05  1.87757528E-05 -2.69397057E-07  3.67235255E-07 -5.80544116E-07
 1.20000000E-01  1.73682313E-01  6.52066687E-06  3.78953865E-06  1.01198632E+00  4.98220413E-05  1.80547010E-05 -2.67764065E-07  3.68675127E-07 -5.70110160E-07
 1.25000000E-01  1.78719769E-01  6.76846532E-06  3.87800953E-06  1.00417075E+00  4.93201792E-05  1.73953000E-05 -2.66830994E-07  3.69641343E-07 -5.60340908E-07
 1.30000000E-01  1.83721084E-01  7.01381156E-06  3.96333753E-06  9.97376282E-01  4.88422957E-05  1.67940859E-05 -2.66444424E-07  3.70230668E-07 -5.51249651E-07
 1.35000000E-01  1.88690979E-01  7.25682833E-06  4.04580493E-06  9.91469517E-01  4.83890551E-05  1.62475073E-05 -2.66479566E-07  3.70523811E-07 -5.42835931E-07
 1.40000000E-01  1.93633559E-01  7.49764051E-06  4.12567602E-06  9.86334481E-01  4.79607309E-05  1.57519934E-05 -2.66834868E-07  3.70588542E-07 -5.35086905E-07
 1.45000000E-01  1.98552394E-01  7.73637335E-06  4.20319719E-06  9.81870349E-01  4.75572757E-05  1.53040106E-05 -2.67427931E-07  3.70480960E-07 -5.27979792E-07
 1.50000000E-01  2.03450586E-01  7.97315108E-06  4.27859730E-06  9.77989472E-01  4.71783824E-05  1.49001048E-05 -2.68192278E-07  3.70246942E-07 -5.21485083E-07
 1.55000000E-01  2.08330831E-01  8.20809577E-06  4.35208806E-06  9.74615650E-01  4.68235365E-05  1.45369326E-05 -2.69074689E-07  3.69923295E-07 -5.15568911E-07
 1.60000000E-01  2.13195475E-01  8.44132634E-06  4.42386479E-06  9.71682640E-01  4.64920607E-05  1.42112841E-05 -2.70032883E-07  3.69539524E-07 -5.10195386E-07
 1.65000000E-01  2.18046556E-01  8.67295795E-06  4.49410709E-06  9.69132851E-01  4.61831526E-05  1.39200998E-05 -2.71033541E-07  3.69119079E-07 -5.05327905E-07
 1.70000000E-01  2.22885846E-01  8.90310145E-06  4.56297962E-06  9.66916219E-01  4.58959169E-05  1.36604804E-05 -2.72050653E-07  3.68680183E-07 -5.00930245E-07
 1.75000000E-01  2.27714885E-01  9.13186294E-06  4.63063297E-06  9.64989217E-01  4.56293923E-05  1.34296937E-05 -2.73064171E-07  3.68237204E-07 -4.96967166E-07
 1.80000000E-01  2.32535013E-01  9.35934359E-06  4.69720448E-06  9.63314008E-01  4.53825740E-05  1.32251761E-05 -2.74058933E-07  3.67801025E-07 -4.93404641E-07
 1.85000000E-01  2.37347395E-01  9.58563941E-06  4.76281907E-06  9.61857695E-01  4.51544332E-05  1.30445331E-05 -2.75023710E-07  3.67379876E-07 -4.90210108E-07
 1.90000000E-01  2.42153043E-01  9.81084122E-06  4.82759013E-06  9.60591680E-01  4.49439325E-05  1.28855360E-05 -2.75950482E-07  3.66979806E-07 -4.87352592E-07
 1.95000000E-01  2.46952837E-01  1.00350346E-05  4.89162032E-06  9.59491101E-01  4.47500384E-05  1.27461172E-05 -2.76833755E-07  3.66604932E-07 -4.84802943E-07
 2.00000000E-01  2.51747540E-01  1.02583001E-05  4.95500236E-06 -1.48477462E+00 -6.02307944E-06 -3.06539055E-05  1.45231650E-06  3.07800369E-06  1.22526601E-06
 2.05000000E-01  2.38213003E-01  1.01012519E-05  4.69323276E-06 -1.35799135E+00 -6.09078409E-06 -2.91428155E-05  1.57592858E-06 -3.89893915E-07 -7.14048570E-07
 2.10000000E-01  2.31740005E-01  1.00706287E-05  4.55129641E-06 -1.20372322E+00 -6.88738106E-06 -2.68635571E-05  1.29314047E-06  1.55782913E-06  7.58487270E-07
 2.15000000E-01  2.26107059E-01  1.00342003E-05  4.42267677E-06 -1.05444516E+00 -7.42947985E-06 -2.46852143E-05  1.12010211E-06  9.34664765E-07  5.08234454E-07
 2.20000000E-01  2.21208028E-01  9.99569767E-06  4.30469656E-06 -9.19439910E-01 -8.13084174E-06 -2.27759498E-05  9.44022012E-07  7.72268493E-07  5.08233770E-07
 2.25000000E-01  2.16948342E-01  9.95329006E-06  4.19558997E-06 -8.00267515E-01 -8.88462637E-06 -2.11475265E-05  7.88100096E-07  6.42725994E-07  5.06792796E-07
 2.30000000E-01  2.13244935E-01  9.90698247E-06  4.09392340E-06 -6.96042505E-01 -9.64302657E-06 -1.97754385E-05  6.53893991E-07  5.35340770E-07  4.97265687E-07
 2.35000000E-01  2.10025285E-01  9.85687134E-06  3.99847643E-06 -6.05220076E-01 -1.03703388E-05 -1.86223429E-05  5.39842177E-07  4.45026077E-07  4.80688088E-07
 2.40000000E-01  2.07226241E-01  9.80320137E-06  3.90824745E-06 -5.26189848E-01 -1.10411253E-05 -1.76508785E-05  4.43563903E-07  3.68695522E-07  4.58723390E-07
 2.45000000E-01  2.04792867E-01  9.74631876E-06  3.82242172E-06 -4.57459595E-01 -1.16383563E-05 -1.68276033E-05  3.62636972E-07  3.04164495E-07  4.33129029E-07
 2.50000000E-01  2.02677395E-01  9.68663391E-06  3.74034189E-06 -3.97700260E-01 -1.21516754E-05 -1.61238363E-05  2.94843239E-07  2.49704626E-07  4.05398030E-07
 2.55000000E-01  2.00838292E-01  9.62459224E-06  3.66148212E-06 -3.45745471E-01 -1.25758962E-05 -1.55154658E-05  2.38227581E-07  2.03865644E-07  3.76700898E-07
 2.60000000E-01  1.99239451E-01  9.56065220E-06  3.58542572E-06 -3.00577489E-01 -1.29097450E-05 -1.49824543E-05  1.91093940E-07  1.65400771E-07  3.47915526E-07
 2.65000000E-01  1.97849484E-01  9.49526886E-06  3.51184598E-06 -2.61310256E-01 -1.31548421E-05 -1.45082948E-05  1.51982122E-07  1.33229841E-07  3.19678908E-07
 2.70000000E-01  1.96641101E-01  9.42888190E-06  3.44048991E-06 -2.27173040E-01 -1.33148857E-05 -1.40794971E-05  1.19640403E-07  1.06416417E-07  2.92437910E-07
 2.75000000E-01  1.95590579E-01  9.36190736E-06  3.37116441E-06 -1.97495667E-01 -1.33950099E-05 -1.36851305E-05  9.29989734E-08  8.41503857E-08  2.66492528E-07
 2.80000000E-01  1.94677293E-01  9.29473200E-06  3.30372468E-06 -1.71695475E-01 -1.34012817E-05 -1.33164231E-05  7.11456982E-08  6.57329843E-08  2.42030898E-07
 2.85000000E-01  1.93883317E-01  9.22770991E-06  3.23806433E-06 -1.49265914E-01 -1.33403129E-05 -1.29664154E-05  5.33045796E-08  5.05634476E-08  2.19156995E-07
 2.90000000E-01  1.93193061E-01  9.16116077E-06  3.17410727E-06 -1.29766615E-01 -1.32189634E-05 -1.26296623E-05  3.88167887E-08  3.81268807E-08  1.97912263E-07
 2.95000000E-01  1.92592976E-01  9.09536933E-06  3.11180085E-06 -1.12814742E-01 -1.30441165E-05 -1.23019764E-05  2.71241043E-08  2.79833194E-08  1.78292427E-07
 3.00000000E-01  1.92071283E-01  9.03058586E-06  3.05111018E-06 -9.80774800E-02 -1.28225144E-05 -1.19802095E-05  1.77545005E-08  1.97578868E-08  1.60260440E-07
 3.05000000E-01  1.91617738E-01  8.96702729E-06  2.99201355E-06 -8.52654963E-02 -1.25606381E-05 -1.16620652E-05  1.03096409E-08  1.31320484E-08  1.43756513E-07
 3.10000000E-01  1.91223440E-01  8.90487880E-06  2.93449859E-06 -7.41272609E-02 -1.22646247E-05 -1.13459406E-05  4.45406577E-09  7.83585710E-09  1.28705681E-07
 3.15000000E-01  1.90880649E-01  8.84429571E-06  2.87855919E-06 -6.44441063E-02 -1.19402129E-05 -1.10307917E-05 -9.41292169E-11  3.64113022E-09  1.15023598E-07
 3.20000000E-01  1.90582638E-01  8.78540567E-06  2.82419310E-06 -5.60259342E-02 -1.15927114E-05 -1.07160191E-05 -3.57132939E-09  3.55498423E-10  1.02620896E-07
 3.25000000E-01  1.90323552E-01  8.72831087E-06  2.77139994E-06 -4.87074827E-02 -1.12269831E-05 -1.04013732E-05 -6.17528664E-09 -2.18281074E-09  9.14064043E-08
 3.30000000E-01  1.90098312E-01  8.67309027E-06  2.72017969E-06 -4.23450810E-02 -1.08474435E-05 -1.00868744E-05 -8.07103273E-09 -4.10949041E-09  8.12895002E-08
 3.35000000E-01  1.89902492E-01  8.61980191E-06  2.67053157E-06 -3.68138288E-02 -1.04580687E-05 -9.77274564E-06 -9.39593117E-09 -5.53804479E-09  7.21818202E-08
 3.40000000E-01  1.89732251E-01  8.56848500E-06  2.62245316E-06 -3.20051436E-02 -1.00624100E-05 -9.45935863E-06 -1.02639904E-08 -6.56316483E-09  6.39984246E-08
 3.45000000E-01  1.89584247E-01  8.51916210E-06  2.57593983E-06 -2.78246288E-02 -9.66361363E-06 -9.14718793E-06 -1.07695443E-08 -7.26362353E-09  5.66585931E-08
 3.50000000E-01  1.89455576E-01  8.47184102E-06  2.53098432E-06 -2.41902205E-02 -9.26444456E-06 -8.83677459E-06 -1.09903812E-08 -7.70474303E-09  5.00862993E-08
 3.55000000E-01  1.89343710E-01  8.42651672E-06  2.48757648E-06 -2.10305760E-02 -8.86731125E-06 -8.52869649E-06 -1.09904075E-08 -7.94051387E-09  4.42104825E-08
 3.60000000E-01  1.89246456E-01  8.38317300E-06  2.44570319E-06 -1.82836728E-02 -8.47429240E-06 -8.22354489E-06 -1.08219090E-08 -8.01538549E-09  3.89651176E-08
 3.65000000E-01  1.89161905E-01  8.34178409E-06  2.40534834E-06 -1.58955916E-02 -8.08716340E-06 -7.92190587E-06 -1.05274637E-08 -7.96580245E-09  3.42891868E-08
 3.70000000E-01  1.89088397E-01  8.30231609E-06  2.36649291E-06 -1.38194574E-02 -7.70742304E-06 -7.62434603E-06 -1.01415641E-08 -7.82151260E-09  3.01265472E-08
 3.75000000E-01  1.89024491E-01  8.26472832E-06  2.32911508E-06 -1.20145186E-02 -7.33631921E-06 -7.33140165E-06 -9.69197671E-09 -7.60668343E-09  2.64257389E-08
 3.80000000E-01  1.88968931E-01  8.22897449E-06  2.29319044E-06 -1.04453478E-02 -6.97487373E-06 -7.04357088E-06 -9.20088875E-09 -7.34084946E-09  2.31397577E-08
 3.85000000E-01  1.88920627E-01  8.19500373E-06  2.25869216E-06 -9.08114583E-03 -6.62390576E-06 -6.76130826E-06 -8.68587922E-09 -7.03970918E-09  2.02257974E-08
 3.90000000E-01  1.88878632E-01  8.16276162E-06  2.22559128E-06 -7.89513703E-03 -6.28405378E-06 -6.48502135E-06 -8.16072307E-09 -6.71579307E-09  1.76449824E-08
 3.95000000E-01  1.88842120E-01  8.13219098E-06  2.19385689E-06 -6.86404376E-03 -5.95579614E-06 -6.21506900E-06 -7.63608162E-09 -6.37902325E-09  1.53620902E-08
 4.00000000E-01  1.88810378E-01  8.10323264E-06  2.16345642E-06 -5.96762934E-03 -5.63946995E-06 -5.95176075E-06 -7.12006470E-09 -6.03717447E-09  1.33452726E-08
 4.05000000E-01  1.88782781E-01  8.07582612E-06  2.13435589E-06 -5.18830077E-03 -5.33528857E-06 -5.69535756E-06 -6.61871408E-09 -5.69626461E-09  1.15657869E-08
 4.10000000E-01  1.88758788E-01  8.04991012E-06  2.10652010E-06 -4.51076332E-03 -5.04335746E-06 -5.44607307E-06 -6.13639484E-09 -5.36087517E-09  9.99773681E-09
 4.15000000E-01  1.88737928E-01  8.02542316E-06  2.07991296E-06 -3.92172035E-03 -4.76368885E-06 -5.20407560E-06 -5.67612348E-09 -5.03442171E-09  8.61782892E-09
 4.20000000E-01  1.88719792E-01  8.00230390E-06  2.05449757E-06 -3.40961221E-03 -4.49621478E-06 -4.96949052E-06 -5.23983679E-09 -4.71937517E-09  7.40514062E-09
 4.25000000E-01  1.88704024E-01  7.98049151E-06  2.03023658E-06 -2.96438932E-03 -4.24079908E-06 -4.74240293E-06 -4.82861607E-09 -4.41743915E-09  6.34091034E-09
 4.30000000E-01  1.88690316E-01  7.95992605E-06  2.00709229E-06 -2.57731497E-03 -3.99724807E-06 -4.52286057E-06 -4.44287767E-09 -4.12970803E-09  5.40834109E-09
 4.35000000E-01  1.88678396E-01  7.94054869E-06  1.98502683E-06 -2.24079369E-03 -3.76532018E-06 -4.31087669E-06 -4.08254252E-09 -3.85680168E-09  4.59241014E-09
 4.40000000E-01  1.88668034E-01  7.92230191E-06  1.96400242E-06 -1.94822226E-03 -3.54473457E-06 -4.10643311E-06 -3.74716007E-09 -3.59898139E-09  3.87968735E-09
 4.45000000E-01  1.88659024E-01  7.90512969E-06  1.94398136E-06 -1.69386002E-03 -3.33517863E-06 -3.90948338E-06 -3.43599320E-09 -3.35622612E-09  3.25818536E-09
 4.50000000E-01  1.88651190E-01  7.88897769E-06  1.92492631E-06 -1.47271620E-03 -3.13631452E-06 -3.71995554E-06 -3.14809791E-09 -3.12829577E-09  2.71721505E-09
 4.55000000E-01  1.88644380E-01  7.87379328E-06  1.90680036E-06 -1.28045201E-03 -2.94778510E-06 -3.53775520E-06 -2.88238285E-09 -2.91478639E-09  2.24726447E-09
 4.60000000E-01  1.88638458E-01  7.85952568E-06  1.88956708E-06 -1.11329538E-03 -2.76921892E-06 -3.36276803E-06 -2.63766729E-09 -2.71517982E-09  1.83987444E-09
 4.65000000E-01  1.88633310E-01  7.84612600E-06  1.87319071E-06 -9.67966997E-04 -2.60023469E-06 -3.19486265E-06 -2.41272134E-09 -2.52887466E-09  1.48753047E-09
 4.70000000E-01  1.88628833E-01  7.83354728E-06  1.85763616E-06 -8.41615891E-04 -2.44044506E-06 -3.03389281E-06 -2.20629720E-09 -2.35522119E-09  1.18356242E-09
 4.75000000E-01  1.88624941E-01  7.82174454E-06  1.84286911E-06 -7.31763503E-04 -2.28945990E-06 -2.87969982E-06 -2.01714944E-09 -2.19353657E-09  9.22055770E-10
 4.80000000E-01  1.88621556E-01  7.81067470E-06  1.82885610E-06 -6.36255028E-04 -2.14688908E-06 -2.73211464E-06 -1.84406142E-09 -2.04312651E-09  6.97772494E-10
 4.85000000E-01  1.88618614E-01  7.80029668E-06  1.81556449E-06 -5.53217119E-04 -2.01234485E-06 -2.59095989E-06 -1.68584842E-09 -1.90329587E-09  5.06074807E-10
 4.90000000E-01  1.88616056E-01  7.79057131E-06  1.80296258E-06 -4.81021128E-04 -1.88544398E-06 -2.45605162E-06 -1.54137704E-09 -1.77336098E-09  3.42863636E-10
 4.95000000E-01  1.88613831E-01  7.78146135E-06  1.79101959E-06 -4.18251132E-04 -1.76580946E-06 -2.32720107E-06 -1.40956475E-09 -1.65265729E-09  2.04518381E-10
 5.00000000E-01  1.88611897E-01  7.77293139E-06  1.77970571E-06 -3.63676153E-04 -1.65307228E-06 -2.20421625E-06 -1.28938876E-09 -1.54054665E-09  8.78423557E-11
