# Hasimoto simple-cubic correction, a=1.0, L=20
# Q(L) = 1 - 2.8373*(a/L) + (4*pi/3)*(a/L)**3 = 0.85865860
# columns 1-6 (x,y,z,Ux,Uy,Uz) divided by Q(L); t and W unchanged
# t  x  y  z  Ux  Uy  Uz  Wx  Wy  Wz
 0.00000000E+00  0.00000000E+00  0.00000000E+00  0.00000000E+00  2.66249226E+00 -1.90662519E-05 -7.43366497E-05 -4.97775991E-06  4.86263947E-07  1.69253086E-07
 5.00000000E-03  1.33124612E-02 -9.53312595E-08 -3.71683249E-07  2.44280415E+00 -1.04167697E-05 -6.27053852E-05 -4.31106820E-06  3.08358969E-07  2.45111454E-07
 1.00000000E-02  2.49772618E-02 -1.25791403E-07 -6.56132013E-07  2.25147293E+00 -7.93173803E-06 -5.03042499E-05 -3.53928948E-06  7.01247242E-08  3.99669598E-07
 1.50000000E-02  3.57562983E-02 -1.59237513E-07 -8.76650424E-07  2.08288639E+00 -5.27639008E-06 -3.91639461E-05 -2.88992614E-06 -9.97228578E-08  5.30625922E-07
 2.00000000E-02  4.57492640E-02 -1.78981095E-07 -1.04461940E-06  1.93555173E+00 -2.38308564E-06 -2.92131035E-05 -2.35456081E-06 -2.15011070E-07  6.34813916E-07
 2.50000000E-02  5.50586859E-02 -1.83663262E-07 -1.16580781E-06  1.80720097E+00  6.80612775E-07 -2.03610972E-05 -1.91578870E-06 -2.91198908E-07  7.20412024E-07
 3.00000000E-02  6.37738138E-02 -1.72600951E-07 -1.24548328E-06  1.69552863E+00  3.81117180E-06 -1.25138934E-05 -1.55910099E-06 -3.37992856E-07  7.87987238E-07
 3.50000000E-02  7.19722762E-02 -1.45718694E-07 -1.28843473E-06  1.59841560E+00  6.91407781E-06 -5.58108548E-06 -1.27102647E-06 -3.62884132E-07  8.40028502E-07
 4.00000000E-02  7.97215716E-02 -1.03391041E-07 -1.29900814E-06  1.51398012E+00  9.91443425E-06  5.22708617E-07 -1.03988555E-06 -3.71749386E-07  8.78942915E-07
 4.50000000E-02  8.70803835E-02 -4.63179784E-08 -1.28113511E-06  1.44057274E+00  1.27575337E-05  5.87709465E-06 -8.55741655E-07 -3.69094390E-07  9.06940802E-07
 5.00000000E-02  9.40997287E-02  2.45774385E-08 -1.23836368E-06  1.37675487E+00  1.54058952E-05  1.05561602E-05 -7.10243686E-07 -3.58356047E-07  9.25978085E-07
 5.50000000E-02  1.00823958E-01  1.08227818E-07 -1.17388521E-06  1.32127437E+00  1.78361411E-05  1.46285314E-05 -5.96410436E-07 -3.42137902E-07  9.37754711E-07
 6.00000000E-02  1.07291629E-01  2.03484138E-07 -1.09056163E-06  1.27304214E+00  2.00360722E-05  1.81574751E-05 -5.08424206E-07 -3.22400286E-07  9.43723982E-07
 6.50000000E-02  1.13536259E-01  3.09164327E-07 -9.90951891E-07  1.23111121E+00  2.20021221E-05  2.12010657E-05 -4.41448657E-07 -3.00612752E-07  9.45112755E-07
 7.00000000E-02  1.19586987E-01  4.24090063E-07 -8.77337587E-07  1.19465833E+00  2.37370788E-05  2.38123598E-05 -3.91461636E-07 -2.77916614E-07  9.43013742E-07
 7.50000000E-02  1.25469147E-01  5.47112847E-07 -7.51747552E-07  1.16296778E+00  2.52484073E-05  2.60400991E-05 -3.55179590E-07 -2.55116469E-07  9.38262194E-07
 8.00000000E-02  1.31204760E-01  6.77133205E-07 -6.15977708E-07  1.13541735E+00  2.65470610E-05  2.79282601E-05 -3.29874498E-07 -2.32689005E-07  9.31823920E-07
 8.50000000E-02  1.36812971E-01  8.13115145E-07 -4.71616005E-07  1.11146614E+00  2.76465565E-05  2.95166165E-05 -3.13270726E-07 -2.11413831E-07  9.24322671E-07
 9.00000000E-02  1.42310424E-01  9.54096666E-07 -3.20062031E-07  1.09064392E+00  2.85616444E-05  3.08412072E-05 -3.03497111E-07 -1.91146734E-07  9.15654073E-07
 9.50000000E-02  1.47711588E-01  1.09919261E-06 -1.62544518E-07  1.07254189E+00  2.93077214E-05  3.19345003E-05 -2.99006968E-07 -1.71599453E-07  9.06192068E-07
 1.00000000E-01  1.53029042E-01  1.24759640E-06 -1.38783691E-10  1.05680469E+00  2.99005457E-05  3.28254662E-05 -2.98566952E-07 -1.53251599E-07  8.96439378E-07
 1.05000000E-01  1.58273722E-01  1.39858120E-06  1.66215962E-07  1.04312338E+00  3.03556406E-05  3.35401166E-05 -3.01184601E-07 -1.36109711E-07  8.86747566E-07
 1.10000000E-01  1.63455136E-01  1.55149714E-06  3.35703171E-07  1.03122936E+00  3.06879676E-05  3.41016621E-05 -3.06064690E-07 -1.20208514E-07  8.77203079E-07
 1.15000000E-01  1.68581547E-01  1.70576779E-06  5.07615345E-07  1.02088916E+00  3.09117715E-05  3.45307694E-05 -3.12565446E-07 -1.05567073E-07  8.67892180E-07
 1.20000000E-01  1.73660143E-01  1.86088616E-06  6.81341960E-07  1.01189978E+00  3.10404764E-05  3.48458276E-05 -3.20172363E-07 -9.21675851E-08  8.58896206E-07
 1.25000000E-01  1.78697168E-01  2.01641031E-06  8.56358744E-07  1.00408475E+00  3.10866029E-05  3.50631623E-05 -3.28477091E-07 -7.99686771E-08  8.50280333E-07
 1.30000000E-01  1.83698054E-01  2.17195864E-06  1.03221789E-06  9.97290669E-01  3.10617120E-05  3.51972238E-05 -3.37159477E-07 -6.89125652E-08  8.42089055E-07
 1.35000000E-01  1.88667523E-01  2.32720497E-06  1.20853917E-06  9.91384157E-01  3.09763869E-05  3.52607598E-05 -3.45971770E-07 -5.89302934E-08  8.34348290E-07
 1.40000000E-01  1.93609677E-01  2.48187359E-06  1.38500181E-06  9.86249267E-01  3.08402405E-05  3.52649831E-05 -3.54725003E-07 -4.99470863E-08  8.27069724E-07
 1.45000000E-01  1.98528086E-01  2.63573443E-06  1.56133728E-06  9.81785201E-01  3.06619418E-05  3.52197270E-05 -3.63277673E-07 -4.18865557E-08  8.20255111E-07
 1.50000000E-01  2.03425852E-01  2.78859838E-06  1.73732278E-06  9.77904326E-01  3.04492560E-05  3.51335895E-05 -3.71526480E-07 -3.46733703E-08  8.13898757E-07
 1.55000000E-01  2.08305671E-01  2.94031295E-06  1.91277537E-06  9.74530456E-01  3.02090923E-05  3.50140657E-05 -3.79398742E-07 -2.82348670E-08  8.07989387E-07
 1.60000000E-01  2.13169889E-01  3.09075801E-06  2.08754689E-06  9.71597360E-01  2.99475588E-05  3.48676670E-05 -3.86846218E-07 -2.25018458E-08  8.02511574E-07
 1.65000000E-01  2.18020543E-01  3.23984196E-06  2.26151924E-06  9.69047460E-01  2.96700205E-05  3.47000295E-05 -3.93839946E-07 -1.74087947E-08  7.97447175E-07
 1.70000000E-01  2.22859406E-01  3.38749823E-06  2.43460029E-06  9.66830695E-01  2.93811582E-05  3.45160129E-05 -4.00366051E-07 -1.28940912E-08  7.92776368E-07
 1.75000000E-01  2.27688017E-01  3.53368185E-06  2.60672031E-06  9.64903550E-01  2.90850267E-05  3.43197901E-05 -4.06422289E-07 -8.90036446E-09  7.88477966E-07
 1.80000000E-01  2.32507718E-01  3.67836666E-06  2.77782870E-06  9.63228189E-01  2.87851121E-05  3.41149267E-05 -4.12015225E-07 -5.37488715E-09  7.84530115E-07
 1.85000000E-01  2.37319670E-01  3.82154243E-06  2.94789118E-06  9.61771722E-01  2.84843859E-05  3.39044545E-05 -4.17157993E-07 -2.26928715E-09  7.80910574E-07
 1.90000000E-01  2.42124887E-01  3.96321256E-06  3.11688727E-06  9.60505553E-01  2.81853578E-05  3.36909358E-05 -4.21868445E-07  4.60452195E-10  7.77597333E-07
 1.95000000E-01  2.46924249E-01  4.10339177E-06  3.28480816E-06  9.59404823E-01  2.78901247E-05  3.34765213E-05 -4.26167698E-07  2.85470331E-09  7.74568829E-07
 2.00000000E-01  2.51718522E-01  4.24210431E-06  3.45165473E-06 -1.48439486E+00  4.01052794E-05  9.60737171E-05  4.92257726E-06 -1.83064004E-06  1.68264956E-06
 2.05000000E-01  2.38187048E-01  4.47316860E-06  4.08851630E-06 -1.35765272E+00  4.47604684E-05  9.10630939E-05  2.71407151E-06  8.64583602E-07 -1.68200506E-07
 2.10000000E-01  2.31715640E-01  4.70860891E-06  4.53130521E-06 -1.20344202E+00  5.50888622E-05  8.29466561E-05  3.03412495E-06 -1.16677684E-07  1.77749843E-07
 2.15000000E-01  2.26083956E-01  5.00987420E-06  4.92574740E-06 -1.05421039E+00  6.18237645E-05  7.56582289E-05  2.26026996E-06  4.10402414E-07 -1.46216506E-07
 2.20000000E-01  2.21185984E-01  5.33583028E-06  5.28581747E-06 -9.19246026E-01  6.70349483E-05  6.83997941E-05  1.76433933E-06  5.42874504E-07 -2.12469384E-07
 2.25000000E-01  2.16927164E-01  5.68403299E-06  5.60967036E-06 -8.00108381E-01  7.03417908E-05  6.14991875E-05  1.35593560E-06  6.10840892E-07 -2.57582176E-07
 2.30000000E-01  2.13224467E-01  6.04400905E-06  5.89991478E-06 -6.95912630E-01  7.20152280E-05  5.50176503E-05  1.02238507E-06  6.44343986E-07 -2.80882364E-07
 2.35000000E-01  2.10005392E-01  6.40826878E-06  6.15879919E-06 -6.05114712E-01  7.23650205E-05  4.89750972E-05  7.51874928E-07  6.54127785E-07 -2.92840096E-07
 2.40000000E-01  2.07206815E-01  6.77096835E-06  6.38856828E-06 -5.26104943E-01  7.16773204E-05  4.33740258E-05  5.34039479E-07  6.47676316E-07 -2.96735638E-07
 2.45000000E-01  2.04773814E-01  7.12763571E-06  6.59143574E-06 -4.57391718E-01  7.01974673E-05  3.82078390E-05  3.59974491E-07  6.29942187E-07 -2.94775884E-07
 2.50000000E-01  2.02658638E-01  7.47492342E-06  6.76955947E-06 -3.97646510E-01  6.81289625E-05  3.34642600E-05  2.22115603E-07  6.04483516E-07 -2.88526759E-07
 2.55000000E-01  2.00819768E-01  7.81039697E-06  6.92502182E-06 -3.45703408E-01  6.56376747E-05  2.91271282E-05  1.14077098E-07  5.73942570E-07 -2.79170986E-07
 2.60000000E-01  1.99221110E-01  8.13235712E-06  7.05981463E-06 -3.00545058E-01  6.28572535E-05  2.51775874E-05  3.04909627E-08  5.40306754E-07 -2.67627598E-07
 2.65000000E-01  1.97831280E-01  8.43969233E-06  7.17582872E-06 -2.61285729E-01  5.98943602E-05  2.15949788E-05 -3.31395864E-08  5.05071794E-07 -2.54617413E-07
 2.70000000E-01  1.96623000E-01  8.73175691E-06  7.27484709E-06 -2.27154973E-01  5.68332981E-05  1.83575474E-05 -8.05695091E-08  4.69355293E-07 -2.40705545E-07
 2.75000000E-01  1.95572551E-01  9.00827074E-06  7.35854125E-06 -1.97482851E-01  5.37399726E-05  1.54430066E-05 -1.14924539E-07  4.33981312E-07 -2.26332631E-07
 2.80000000E-01  1.94659318E-01  9.26923729E-06  7.42846993E-06 -1.71686899E-01  5.06652262E-05  1.28289872E-05 -1.38798360E-07  3.99545385E-07 -2.11839085E-07
 2.85000000E-01  1.93865374E-01  9.51487655E-06  7.48607981E-06 -1.49260738E-01  4.76476256E-05  1.04933890E-05 -1.54336003E-07  3.66465350E-07 -1.97484505E-07
 2.90000000E-01  1.93175135E-01  9.74557067E-06  7.53270776E-06 -1.29764139E-01  4.47157826E-05  8.41465249E-06 -1.63305152E-07  3.35021455E-07 -1.83463375E-07
 2.95000000E-01  1.92575056E-01  9.96181999E-06  7.56958419E-06 -1.12814390E-01  4.18902781E-05  6.57196313E-06 -1.67156911E-07  3.05387981E-07 -1.69917900E-07
 3.00000000E-01  1.92053359E-01  1.01642076E-05  7.59783728E-06 -9.80787743E-02  3.91852551E-05  4.94539928E-06 -1.67077443E-07  2.77658343E-07 -1.56948472E-07
 3.05000000E-01  1.91599804E-01  1.03533713E-05  7.61849786E-06 -8.52680448E-02  3.66097320E-05  3.51603520E-06 -1.64031742E-07  2.51864834E-07 -1.44622226E-07
 3.10000000E-01  1.91205490E-01  1.05299812E-05  7.63250463E-06 -7.41307428E-02  3.41686840E-05  2.26600592E-06 -1.58800589E-07  2.27994230E-07 -1.32980162E-07
 3.15000000E-01  1.90862680E-01  1.06947220E-05  7.64070959E-06 -6.44482601E-02  3.18639283E-05  1.17854249E-06 -1.52011711E-07  2.05999956E-07 -1.22043093E-07
 3.20000000E-01  1.90564645E-01  1.08482797E-05  7.64388365E-06 -5.60305484E-02  2.96948639E-05  2.37986468E-07 -1.44166796E-07  1.85811638E-07 -1.11815683E-07
 3.25000000E-01  1.90305536E-01  1.09913314E-05  7.64272218E-06 -4.87123873E-02  2.76590553E-05 -5.70217818E-07 -1.35663791E-07  1.67343431E-07 -1.02289058E-07
 3.30000000E-01  1.90080270E-01  1.11245371E-05  7.63785058E-06 -4.23501404E-02  2.57526928E-05 -1.25954906E-06 -1.26814499E-07  1.50499500E-07 -9.34452804E-08
 3.35000000E-01  1.89884425E-01  1.12485347E-05  7.62982951E-06 -3.68189360E-02  2.39709834E-05 -1.84244182E-06 -1.17860306E-07  1.35178113E-07 -8.52601184E-08
 3.40000000E-01  1.89714158E-01  1.13639353E-05  7.61916007E-06 -3.20102153E-02  2.23084674E-05 -2.33033170E-06 -1.08985196E-07  1.21274812E-07 -7.77050278E-08
 3.45000000E-01  1.89566128E-01  1.14713214E-05  7.60628868E-06 -2.78296011E-02  2.07592452E-05 -2.73368474E-06 -1.00325839E-07  1.08686078E-07 -7.07492995E-08
 3.50000000E-01  1.89437432E-01  1.15712446E-05  7.59161188E-06 -2.41950454E-02  1.93171848E-05 -3.06205862E-06 -9.19828648E-08  9.73106244E-08 -6.43585218E-08
 3.55000000E-01  1.89325544E-01  1.16642254E-05  7.57548065E-06 -2.10352185E-02  1.79760785E-05 -3.32416700E-06 -8.40267424E-08  8.70501134E-08 -5.84976486E-08
 3.60000000E-01  1.89228266E-01  1.17507530E-05  7.55820454E-06 -1.82881085E-02  1.67297507E-05 -3.52792616E-06 -7.65037473E-08  7.78105145E-08 -5.31318499E-08
 3.65000000E-01  1.89143694E-01  1.18312859E-05  7.54005551E-06 -1.58998047E-02  1.55721435E-05 -3.68050704E-06 -6.94411406E-08  6.95028252E-08 -4.82269065E-08
 3.70000000E-01  1.89070165E-01  1.19062526E-05  7.52127153E-06 -1.38234385E-02  1.44973812E-05 -3.78838818E-06 -6.28513967E-08  6.20434423E-08 -4.37495532E-08
 3.75000000E-01  1.89006240E-01  1.19760525E-05  7.50205989E-06 -1.20182642E-02  1.34998161E-05 -3.85740736E-06 -5.67356298E-08  5.53543385E-08 -3.96677416E-08
 3.80000000E-01  1.88950661E-01  1.20410578E-05  7.48260030E-06 -1.04488583E-02  1.25740600E-05 -3.89281149E-06 -5.10863667E-08  4.93630868E-08 -3.59508478E-08
 3.85000000E-01  1.88902341E-01  1.21016136E-05  7.46304773E-06 -9.08442486E-03  1.17150028E-05 -3.89930428E-06 -4.58897827E-08  4.40027708E-08 -3.25698089E-08
 3.90000000E-01  1.88860330E-01  1.21580411E-05  7.44353498E-06 -7.89819079E-03  1.09178239E-05 -3.88109159E-06 -4.11274989E-08  3.92118194E-08 -2.94972075E-08
 3.95000000E-01  1.88823804E-01  1.22106372E-05  7.42417506E-06 -6.86688022E-03  1.01779946E-05 -3.84192421E-06 -3.67780183E-08  3.49337902E-08 -2.67073048E-08
 4.00000000E-01  1.88792048E-01  1.22596776E-05  7.40506335E-06 -5.97025775E-03  9.49127627E-06 -3.78513815E-06 -3.28178599E-08  3.11170953E-08 -2.41760542E-08
 4.05000000E-01  1.88764438E-01  1.23054172E-05  7.38627962E-06 -5.19073122E-03  8.85371400E-06 -3.71369266E-06 -2.92224159E-08  2.77146560E-08 -2.18811157E-08
 4.10000000E-01  1.88740433E-01  1.23480919E-05  7.36788977E-06 -4.51300646E-03  8.26162730E-06 -3.63020490E-06 -2.59666350E-08  2.46835946E-08 -1.98018072E-08
 4.15000000E-01  1.88719562E-01  1.23879197E-05  7.34994748E-06 -3.92378704E-03  7.71159804E-06 -3.53698184E-06 -2.30256231E-08  2.19850346E-08 -1.79189428E-08
 4.20000000E-01  1.88701417E-01  1.24251027E-05  7.33249561E-06 -3.41151336E-03  7.20045807E-06 -3.43605050E-06 -2.03750765E-08  1.95838482E-08 -1.62147731E-08
 4.25000000E-01  1.88685640E-01  1.24598271E-05  7.31556770E-06 -2.96613573E-03  6.72527586E-06 -3.32918569E-06 -1.79915558E-08  1.74483772E-08 -1.46729474E-08
 4.30000000E-01  1.88671922E-01  1.24922656E-05  7.29918893E-06 -2.57891715E-03  6.28334239E-06 -3.21793584E-06 -1.58526557E-08  1.55501274E-08 -1.32784461E-08
 4.35000000E-01  1.88659996E-01  1.25225774E-05  7.28337737E-06 -2.24226185E-03  5.87215681E-06 -3.10364652E-06 -1.39371201E-08  1.38634823E-08 -1.20174955E-08
 4.40000000E-01  1.88649627E-01  1.25509102E-05  7.26814487E-06 -1.94956616E-03  5.48941263E-06 -2.98748183E-06 -1.22249291E-08  1.23654347E-08 -1.08774836E-08
 4.45000000E-01  1.88640610E-01  1.25774005E-05  7.25349786E-06 -1.69508897E-03  5.13298416E-06 -2.87044362E-06 -1.06973364E-08  1.10353524E-08 -9.84686879E-09
 4.50000000E-01  1.88632771E-01  1.26021743E-05  7.23943825E-06 -1.47383905E-03  4.80091365E-06 -2.75338948E-06 -9.33688682E-09  9.85476726E-09 -8.91511698E-09
 4.55000000E-01  1.88625955E-01  1.26253487E-05  7.22596394E-06 -1.28147708E-03  4.49139900E-06 -2.63704900E-06 -8.12743859E-09  8.80717771E-09 -8.07270424E-09
 4.60000000E-01  1.88620028E-01  1.26470319E-05  7.21306954E-06 -1.11423048E-03  4.20278211E-06 -2.52203907E-06 -7.05420737E-09  7.87780716E-09 -7.31118202E-09
 4.65000000E-01  1.88614875E-01  1.26673243E-05  7.20074687E-06 -9.68819441E-04  3.93353727E-06 -2.40887621E-06 -6.10367595E-09  7.05338582E-09 -6.62301835E-09
 4.70000000E-01  1.88610394E-01  1.26863189E-05  7.18898540E-06 -8.42392505E-04  3.68226029E-06 -2.29798769E-06 -5.26343514E-09  6.32203107E-09 -6.00134847E-09
 4.75000000E-01  1.88606499E-01  1.27041020E-05  7.17777268E-06 -7.32470630E-04  3.44765882E-06 -2.18972234E-06 -4.52210827E-09  5.67316388E-09 -5.43987001E-09
 4.80000000E-01  1.88603111E-01  1.27207538E-05  7.16709473E-06 -6.36898552E-04  3.22854340E-06 -2.08436064E-06 -3.86931945E-09  5.09736520E-09 -4.93281138E-09
 4.85000000E-01  1.88600166E-01  1.27363487E-05  7.15693633E-06 -5.53802486E-04  3.02381926E-06 -1.98212391E-06 -3.29563645E-09  4.58625316E-09 -4.47488306E-09
 4.90000000E-01  1.88597605E-01  1.27509560E-05  7.14728130E-06 -4.81553369E-04  2.83247873E-06 -1.88318204E-06 -2.79249982E-09  4.13239386E-09 -4.06126688E-09
 4.95000000E-01  1.88595377E-01  1.27646400E-05  7.13811275E-06 -4.18734883E-04  2.65359423E-06 -1.78766047E-06 -2.35216526E-09  3.72919959E-09 -3.68760330E-09
 5.00000000E-01  1.88593440E-01  1.27774608E-05  7.12941325E-06 -3.64115682E-04  2.48631169E-06 -1.69564623E-06 -1.96764435E-09  3.37083104E-09 -3.34995948E-09
